
Randomized with seed 18595

Minigun::Pipeline
  #add_stage
    adds a consumer stage
    handles stage routing with :to option
    adds multiple processor stages
    adds a producer stage (FAILED - 1)
  #initialize
    uses default config for missing options
    creates a pipeline with a name
    initializes a DAG for stage routing
    initializes empty stages
    accepts configuration options
  #run
[DAG BUILD] BEFORE handle_multiple_producers: edges=
[DAG BUILD] AFTER handle_multiple_producers: edges=
[DAG BUILD] AFTER fill_sequential_gaps: edges=source->sink | sink->
    executes a simple pipeline (FAILED - 2)
[DAG BUILD] BEFORE handle_multiple_producers: edges=
[DAG BUILD] AFTER handle_multiple_producers: edges=
[DAG BUILD] AFTER fill_sequential_gaps: edges=source->sink | sink->
    executes hooks in order (FAILED - 3)
[DAG BUILD] BEFORE handle_multiple_producers: edges=
[DAG BUILD] AFTER handle_multiple_producers: edges=
[DAG BUILD] AFTER fill_sequential_gaps: edges=source->double | double->sink | sink->
    processes items through processors (FAILED - 4)
  unified execution
[DAG BUILD] BEFORE handle_multiple_producers: edges=processor_pipeline->sink | source->processor_pipeline | sink->
[DAG BUILD] AFTER handle_multiple_producers: edges=processor_pipeline->sink | source->processor_pipeline | sink->
[DAG BUILD] AFTER fill_sequential_gaps: edges=processor_pipeline->sink | source->processor_pipeline | sink->
    executes PipelineStages as processors (FAILED - 5)
[DAG BUILD] BEFORE handle_multiple_producers: edges=sink-> | source_pipeline->sink
[DAG BUILD] AFTER handle_multiple_producers: edges=sink-> | source_pipeline->sink
[DAG BUILD] AFTER fill_sequential_gaps: edges=sink-> | source_pipeline->sink
[DAG BUILD] BEFORE handle_multiple_producers: edges=
[DAG BUILD] AFTER handle_multiple_producers: edges=
[DAG BUILD] AFTER fill_sequential_gaps: edges=gen->double | double->
bundle : #<Thread:0x000001bb74a93c98 C:/workspace/minigun/lib/minigun/pipeline.rb:345 run> terminated with exception 
(report_on_exception is true):
At C:\Users\John\AppData\Local\Temp\ps-script-1295994b-5374-456c-b731-c050fc995276.ps1:85 char:26
+ ... kspace\minigun; bundle exec rspec --format documentation 2>&1 | tee t ...
+                     ~~~~~~~~~~~~~~~~~~~~~~~~~~~~~~~~~~~~~~~~~~~~~
    + CategoryInfo          : NotSpecified: (#<Thread:0x0000...ption is true)::String) [], RemoteException
    + FullyQualifiedErrorId : NativeCommandError
 
C:/workspace/minigun/lib/minigun/pipeline.rb:371:in 'block in Minigun::Pipeline#start_producer_thread': PipelineStage 
producers not yet compatible with queue-based DSL (NotImplementedError)
    executes PipelineStages as producers (FAILED - 6)
[DAG BUILD] BEFORE handle_multiple_producers: edges=sink-> | pipeline_a->sink | pipeline_b->sink
[DAG BUILD] AFTER handle_multiple_producers: edges=sink-> | pipeline_a->sink | pipeline_b->sink
[DAG BUILD] AFTER fill_sequential_gaps: edges=sink-> | pipeline_a->sink | pipeline_b->sink
[DAG BUILD] BEFORE handle_multiple_producers: edges=
[DAG BUILD] AFTER handle_multiple_producers: edges=
[DAG BUILD] BEFORE handle_multiple_producers: edges=[DAG BUILD] AFTER fill_sequential_gaps: edges=gen->double | double->

[DAG BUILD] AFTER handle_multiple_producers: edges=
[DAG BUILD] AFTER fill_sequential_gaps: edges=gen->triple | triple->
#<Thread:0x000001bb74a309e0 C:/workspace/minigun/lib/minigun/pipeline.rb:345 run> terminated with exception 
(report_on_exception is true):
C:/workspace/minigun/lib/minigun/pipeline.rb:371:in 'block in Minigun::Pipeline#start_producer_thread': PipelineStage 
producers not yet compatible with queue-based DSL (NotImplementedError)
    handles multiple PipelineStage producers with different outputs (FAILED - 7)
  #add_hook
    adds before_run hooks
    adds multiple hooks of the same type
  #find_all_producers
    does not include PipelineStages with upstream (FAILED - 8)
    finds both AtomicStage and PipelineStage producers (FAILED - 9)
    finds AtomicStage producers (FAILED - 10)
    finds PipelineStages with no upstream as producers
  #handle_multiple_producers_routing!
[DAG BUILD] BEFORE handle_multiple_producers: edges=process_a-> | source_a->process_a
[DAG BUILD] AFTER handle_multiple_producers: edges=process_a-> | source_a->process_a
[DAG BUILD] AFTER fill_sequential_gaps: edges=process_a->source_b | source_a->process_a | source_b->process_b | process_b->
I, [2025-10-27T13:41:24.284954 #8588]  INFO -- : [Pipeline:pb] Finished in 0.0s
I, [2025-10-27T13:41:24.287588 #8588]  INFO -- : [Pipeline:test_pipeline][Producer:pipeline_b] Done
#<Thread:0x000001bb74a30878 C:/workspace/minigun/lib/minigun/pipeline.rb:345 run> terminated with exception 
(report_on_exception is true):
C:/workspace/minigun/lib/minigun/pipeline.rb:371:in 'block in Minigun::Pipeline#start_producer_thread': PipelineStage 
producers not yet compatible with queue-based DSL (NotImplementedError)
I, [2025-10-27T13:41:24.287526 #8588]  INFO -- : [Pipeline:test_pipeline] DAG: source_a -> process_a -> source_b -> process_b
    does not connect producers that already have explicit routing
[DAG BUILD] BEFORE handle_multiple_producers: edges=
[DAG BUILD] AFTER handle_multiple_producers: edges=
[DAG BUILD] AFTER fill_sequential_gaps: edges=source_a->process_a | process_a->source_b | source_b->process_b | process_b->source_c | source_c->sink | sink->
I, [2025-10-27T13:41:24.287695 #8588]  INFO -- : [Pipeline:test_pipeline][Worker:sink] Done
I, [2025-10-27T13:41:24.287947 #8588]  INFO -- : [Pipeline:test_pipeline] DAG: source_a -> process_a -> source_b -> process_b -> source_c -> sink
    connects multiple producers to different stages, not all to first
[DAG BUILD] BEFORE handle_multiple_producers: edges=
[DAG BUILD] AFTER handle_multiple_producers: edges=
[DAG BUILD] AFTER fill_sequential_gaps: edges=source_a->sink | sink->source_b | source_b->
I, [2025-10-27T13:41:24.294895 #8588]  INFO -- : [Pipeline:test_pipeline] DAG: source_a -> sink -> source_b
    handles producers at the end with no following stage
[DAG BUILD] BEFORE handle_multiple_producers: edges=
[DAG BUILD] AFTER handle_multiple_producers: edges=
[DAG BUILD] AFTER fill_sequential_gaps: edges=source_a->process_a | process_a->source_b | source_b->process_b | process_b->
I, [2025-10-27T13:41:24.300415 #8588]  INFO -- : [Pipeline:test_pipeline] DAG: source_a -> process_a -> source_b -> process_b
    connects each producer to its next sequential non-producer
[DAG BUILD] BEFORE handle_multiple_producers: edges=
[DAG BUILD] AFTER handle_multiple_producers: edges=
[DAG BUILD] AFTER fill_sequential_gaps: edges=source->sink | sink->
I, [2025-10-27T13:41:24.300583 #8588]  INFO -- : [Pipeline:test_pipeline] DAG: source -> sink
    connects single producer to next stage
[DAG BUILD] BEFORE handle_multiple_producers: edges=
[DAG BUILD] AFTER handle_multiple_producers: edges=
[DAG BUILD] AFTER fill_sequential_gaps: edges=atomic_source->process_atomic | process_atomic->pipeline_source | pipeline_source->sink | sink->
I, [2025-10-27T13:41:24.300729 #8588]  INFO -- : [Pipeline:test_pipeline] DAG: atomic_source -> process_atomic -> pipeline_source -> sink
    handles mixed AtomicStage and PipelineStage producers

Minigun::Runner
  #initialize
    generates unique job_ids
    assigns task and context
    creates a runner with job_id
    sets up signal handlers
  cleanup
    restores signal handlers on unsupported signals
  signal handling
    handles INT signal gracefully
    restores original signal handlers after cleanup
  #run
    logs configuration
    sets job_id on pipeline
    logs job finished
    returns the pipeline result
    executes the pipeline
    logs job started
    logs runtime
    with pipeline stats
      logs overall throughput
      logs pipeline statistics
      logs bottleneck information
    with after_run hooks
      executes after_run hooks
    with errors
      cleans up even when pipeline fails
    with before_run hooks
      executes before_run hooks
  platform compatibility
    creates runner without errors on current platform

Minigun::Execution::StageWorker
  logging
#<Thread:0x000001bb74d17960 C:/workspace/minigun/lib/minigun/execution/stage_worker.rb:29 run> terminated with 
exception (report_on_exception is true):
C:/Users/John/.local/share/gem/ruby/3.4.0/gems/rspec-support-3.13.6/lib/rspec/support.rb:110:in 'block in 
<module:Support>': #<Double "stage"> received unexpected message :stage_with_loop? with (no args) 
(RSpec::Mocks::MockExpectationError)
	from C:/Users/John/.local/share/gem/ruby/3.4.0/gems/rspec-support-3.13.6/lib/rspec/support.rb:119:in 
'RSpec::Support.notify_failure'
	from C:/Users/John/.local/share/gem/ruby/3.4.0/gems/rspec-mocks-3.13.5/lib/rspec/mocks/error_generator.rb:348:in 
'RSpec::Mocks::ErrorGenerator#notify'
	from C:/Users/John/.local/share/gem/ruby/3.4.0/gems/rspec-mocks-3.13.5/lib/rspec/mocks/error_generator.rb:332:in 
'RSpec::Mocks::ErrorGenerator#__raise'
	from C:/Users/John/.local/share/gem/ruby/3.4.0/gems/rspec-mocks-3.13.5/lib/rspec/mocks/error_generator.rb:50:in 
'RSpec::Mocks::ErrorGenerator#raise_unexpected_message_error'
	from C:/Users/John/.local/share/gem/ruby/3.4.0/gems/rspec-mocks-3.13.5/lib/rspec/mocks/proxy.rb:229:in 
'RSpec::Mocks::Proxy#raise_unexpected_message_error'
	from C:/Users/John/.local/share/gem/ruby/3.4.0/gems/rspec-mocks-3.13.5/lib/rspec/mocks/test_double.rb:104:in 
'RSpec::Mocks::TestDouble#method_missing'
	from C:/workspace/minigun/lib/minigun/execution/stage_worker.rb:139:in 
'Minigun::Execution::StageWorker#run_processor_loop'
	from C:/workspace/minigun/lib/minigun/execution/stage_worker.rb:74:in 
'Minigun::Execution::StageWorker#run_worker_loop'
	from C:/workspace/minigun/lib/minigun/execution/stage_worker.rb:29:in 'block in Minigun::Execution::StageWorker#start'
    logs when done (FAILED - 11)
    logs when starting
  executor creation
    with thread execution context
      creates a thread pool executor
    with inline execution context
      creates an inline executor
    with process execution context
      creates a process pool executor
  #initialize
    retrieves context from pipeline
    retrieves hooks from pipeline
    creates a stage worker
    retrieves stats from pipeline
    creates an executor for the stage
  #join
    waits for worker thread to complete
    handles nil thread gracefully
  error handling
#<Thread:0x000001bb74b12bd8 C:/workspace/minigun/lib/minigun/execution/stage_worker.rb:29 run> terminated with 
exception (report_on_exception is true):
C:/Users/John/.local/share/gem/ruby/3.4.0/gems/rspec-mocks-3.13.5/lib/rspec/mocks/message_expectation.rb:188:in 'block 
in RSpec::Mocks::MessageExpectation#and_raise': Test error (StandardError)
	from C:/Users/John/.local/share/gem/ruby/3.4.0/gems/rspec-mocks-3.13.5/lib/rspec/mocks/message_expectation.rb:797:in 
'block in RSpec::Mocks::Implementation#call'
	from C:/Users/John/.local/share/gem/ruby/3.4.0/gems/rspec-mocks-3.13.5/lib/rspec/mocks/message_expectation.rb:796:in 
'Array#map'
	from C:/Users/John/.local/share/gem/ruby/3.4.0/gems/rspec-mocks-3.13.5/lib/rspec/mocks/message_expectation.rb:796:in 
'RSpec::Mocks::Implementation#call'
	from C:/Users/John/.local/share/gem/ruby/3.4.0/gems/rspec-mocks-3.13.5/lib/rspec/mocks/message_expectation.rb:654:in 
'RSpec::Mocks::MessageExpectation::ImplementationDetails#invoke_incrementing_actual_calls_by'
	from C:/Users/John/.local/share/gem/ruby/3.4.0/gems/rspec-mocks-3.13.5/lib/rspec/mocks/message_expectation.rb:482:in 
'RSpec::Mocks::MessageExpectation::ImplementationDetails#invoke'
	from C:/Users/John/.local/share/gem/ruby/3.4.0/gems/rspec-mocks-3.13.5/lib/rspec/mocks/proxy.rb:206:in 
'RSpec::Mocks::Proxy#message_received'
	from C:/Users/John/.local/share/gem/ruby/3.4.0/gems/rspec-mocks-3.13.5/lib/rspec/mocks/method_double.rb:98:in 
'RSpec::Mocks::MethodDouble#proxy_method_invoked'
	from C:/Users/John/.local/share/gem/ruby/3.4.0/gems/rspec-mocks-3.13.5/lib/rspec/mocks/verifying_proxy.rb:161:in 
'RSpec::Mocks::VerifyingMethodDouble#proxy_method_invoked'
	from C:/Users/John/.local/share/gem/ruby/3.4.0/gems/rspec-mocks-3.13.5/lib/rspec/mocks/method_double.rb:74:in 'block 
(2 levels) in define_proxy_method'
	from C:/workspace/minigun/lib/minigun/execution/stage_worker.rb:43:in 
'Minigun::Execution::StageWorker#run_worker_loop'
	from C:/workspace/minigun/lib/minigun/execution/stage_worker.rb:29:in 'block in Minigun::Execution::StageWorker#start'
    shuts down executor even on error
  router stage
    routes items without executing
  #start
#<Thread:0x000001bb74bf2a80 C:/workspace/minigun/lib/minigun/execution/stage_worker.rb:29 run> terminated with 
exception (report_on_exception is true):
C:/Users/John/.local/share/gem/ruby/3.4.0/gems/rspec-support-3.13.6/lib/rspec/support.rb:110:in 'block in 
<module:Support>': #<Double "stage"> received unexpected message :stage_with_loop? with (no args) 
(RSpec::Mocks::MockExpectationError)
	from C:/Users/John/.local/share/gem/ruby/3.4.0/gems/rspec-support-3.13.6/lib/rspec/support.rb:119:in 
'RSpec::Support.notify_failure'
	from C:/Users/John/.local/share/gem/ruby/3.4.0/gems/rspec-mocks-3.13.5/lib/rspec/mocks/error_generator.rb:348:in 
'RSpec::Mocks::ErrorGenerator#notify'
	from C:/Users/John/.local/share/gem/ruby/3.4.0/gems/rspec-mocks-3.13.5/lib/rspec/mocks/error_generator.rb:332:in 
'RSpec::Mocks::ErrorGenerator#__raise'
	from C:/Users/John/.local/share/gem/ruby/3.4.0/gems/rspec-mocks-3.13.5/lib/rspec/mocks/error_generator.rb:50:in 
'RSpec::Mocks::ErrorGenerator#raise_unexpected_message_error'
	from C:/Users/John/.local/share/gem/ruby/3.4.0/gems/rspec-mocks-3.13.5/lib/rspec/mocks/proxy.rb:229:in 
'RSpec::Mocks::Proxy#raise_unexpected_message_error'
	from C:/Users/John/.local/share/gem/ruby/3.4.0/gems/rspec-mocks-3.13.5/lib/rspec/mocks/test_double.rb:104:in 
'RSpec::Mocks::TestDouble#method_missing'
	from C:/workspace/minigun/lib/minigun/execution/stage_worker.rb:139:in 
'Minigun::Execution::StageWorker#run_processor_loop'
	from C:/workspace/minigun/lib/minigun/execution/stage_worker.rb:74:in 
'Minigun::Execution::StageWorker#run_worker_loop'
	from C:/workspace/minigun/lib/minigun/execution/stage_worker.rb:29:in 'block in Minigun::Execution::StageWorker#start'
    starts a worker thread (FAILED - 12)
  disconnected stage handling
    sends END signals to downstream if disconnected
    exits early if no input queue

Mixed Pipeline and Stage Routing
  pipeline to stage routing
I, [2025-10-27T13:41:24.365076 #8588]  INFO -- : [Job:2db712ad]  started
I, [2025-10-27T13:41:24.365150 #8588]  INFO -- : [Job:2db712ad] Configuration: max_processes=2, max_threads=5
I, [2025-10-27T13:41:24.365200 #8588]  INFO -- : [Job:2db712ad][Pipeline:default] Starting
[DAG BUILD] BEFORE handle_multiple_producers: edges=process-> | source->process
[DAG BUILD] AFTER handle_multiple_producers: edges=process-> | source->process
[DAG BUILD] AFTER fill_sequential_gaps: edges=process->collect | source->process | collect->
I, [2025-10-27T13:41:24.365292 #8588]  INFO -- : [Job:2db712ad][Pipeline:default] DAG: source -> process -> collect
I, [2025-10-27T13:41:24.365455 #8588]  INFO -- : [Pipeline:default][Producer:source] Starting (nested pipeline)
I, [2025-10-27T13:41:24.365577 #8588]  INFO -- : [Job:2db712ad][Pipeline:source] Starting
[DAG BUILD] BEFORE handle_multiple_producers: edges=
[DAG BUILD] AFTER handle_multiple_producers: edges=gen->forward | forward->
[DAG BUILD] AFTER fill_sequential_gaps: edges=gen->forward | forward->
I, [2025-10-27T13:41:24.365503 #8588]  INFO -- : [Pipeline:default][Worker:process] Starting
I, [2025-10-27T13:41:24.365632 #8588]  INFO -- : [Pipeline:default][Worker:collect] Starting
I, [2025-10-27T13:41:24.365754 #8588]  INFO -- : [Job:2db712ad][Pipeline:source] DAG: gen -> forward
I, [2025-10-27T13:41:24.365945 #8588]  INFO -- : [Pipeline:source][Producer:gen] Starting 
E, [2025-10-27T13:41:24.366069 #8588] ERROR -- : [Pipeline:source][Producer:gen] Error: undefined method 'emit' for an instance of #<Class:0x000001bb74a67440>
I, [2025-10-27T13:41:24.366109 #8588]  INFO -- : [Pipeline:source][Producer:gen] Done
I, [2025-10-27T13:41:24.365992 #8588]  INFO -- : [Pipeline:source][Worker:forward] Starting
I, [2025-10-27T13:41:24.366193 #8588]  INFO -- : [Pipeline:source][Worker:forward] Done
I, [2025-10-27T13:41:24.366263 #8588]  INFO -- : [Job:2db712ad][Pipeline:source] Finished in 0.0s
I, [2025-10-27T13:41:24.366324 #8588]  INFO -- : [Pipeline:default][Producer:source] Done
#<Thread:0x000001bb74b5bf40 C:/workspace/minigun/lib/minigun/pipeline.rb:345 run> terminated with exception 
(report_on_exception is true):
C:/workspace/minigun/lib/minigun/pipeline.rb:371:in 'block in Minigun::Pipeline#start_producer_thread': PipelineStage 
producers not yet compatible with queue-based DSL (NotImplementedError)
I, [2025-10-27T13:41:24.366402 #8588]  INFO -- : [Pipeline:default][Worker:process] Done
    1-to-1: single pipeline routes to single stage (FAILED - 13)I, [2025-10-27T13:41:24.366555 #8588]  INFO -- : [Pipeline:default][Worker:collect] Done

I, [2025-10-27T13:41:24.366775 #8588]  INFO -- : [Job:53d1f8b8]  started
I, [2025-10-27T13:41:24.366825 #8588]  INFO -- : [Job:53d1f8b8] Configuration: max_processes=2, max_threads=5
I, [2025-10-27T13:41:24.366869 #8588]  INFO -- : [Job:53d1f8b8][Pipeline:default] Starting
[DAG BUILD] BEFORE handle_multiple_producers: edges=stage_a-> | source->stage_a,stage_b | stage_b->
[DAG BUILD] AFTER handle_multiple_producers: edges=stage_a-> | source->stage_a,stage_b | stage_b->
[DAG BUILD] AFTER fill_sequential_gaps: edges=stage_a-> | source->stage_a,stage_b | stage_b->collect | collect->
I, [2025-10-27T13:41:24.366952 #8588]  INFO -- : [Job:53d1f8b8][Pipeline:default] DAG: source -> stage_b -> collect -> stage_a
I, [2025-10-27T13:41:24.367011 #8588]  INFO -- : [Pipeline:default] Inserting RouterStage 'source_router' (broadcast) for fan-out: source -> stage_a, stage_b
I, [2025-10-27T13:41:24.367194 #8588]  INFO -- : [Pipeline:default][Producer:source] Starting (nested pipeline)
I, [2025-10-27T13:41:24.367293 #8588]  INFO -- : [Job:53d1f8b8][Pipeline:source] Starting
[DAG BUILD] BEFORE handle_multiple_producers: edges=
[DAG BUILD] AFTER handle_multiple_producers: edges=gen->forward | forward->
[DAG BUILD] AFTER fill_sequential_gaps: edges=gen->forward | forward->
I, [2025-10-27T13:41:24.367461 #8588]  INFO -- : [Pipeline:default][Worker:source_router] Starting
I, [2025-10-27T13:41:24.367236 #8588]  INFO -- : [Pipeline:default][Worker:collect] Starting
I, [2025-10-27T13:41:24.367405 #8588]  INFO -- : [Pipeline:default][Worker:stage_a] Starting
I, [2025-10-27T13:41:24.367333 #8588]  INFO -- : [Pipeline:default][Worker:stage_b] Starting
I, [2025-10-27T13:41:24.367551 #8588]  INFO -- : [Job:53d1f8b8][Pipeline:source] DAG: gen -> forward
I, [2025-10-27T13:41:24.367789 #8588]  INFO -- : [Pipeline:source][Producer:gen] Starting 
E, [2025-10-27T13:41:24.367874 #8588] ERROR -- : [Pipeline:source][Producer:gen] Error: undefined method 'emit' for an instance of #<Class:0x000001bb74a0e570>
I, [2025-10-27T13:41:24.367907 #8588]  INFO -- : [Pipeline:source][Producer:gen] Done
I, [2025-10-27T13:41:24.367826 #8588]  INFO -- : [Pipeline:source][Worker:forward] Starting
I, [2025-10-27T13:41:24.368037 #8588]  INFO -- : [Pipeline:source][Worker:forward] Done
I, [2025-10-27T13:41:24.368107 #8588]  INFO -- : [Job:53d1f8b8][Pipeline:source] Finished in 0.0s
I, [2025-10-27T13:41:24.368146 #8588]  INFO -- : [Pipeline:default][Producer:source] Done
#<Thread:0x000001bb74b54d08 C:/workspace/minigun/lib/minigun/pipeline.rb:345 run> terminated with exception 
(report_on_exception is true):
C:/workspace/minigun/lib/minigun/pipeline.rb:371:in 'block in Minigun::Pipeline#start_producer_thread': PipelineStage 
producers not yet compatible with queue-based DSL (NotImplementedError)
I, [2025-10-27T13:41:24.368219 #8588]  INFO -- : [Pipeline:default][Worker:source_router] Done
    1-to-many: single pipeline routes to multiple stages (FAILED - 14)I, [2025-10-27T13:41:24.368429 #8588]  INFO -- : [Pipeline:default][Worker:collect] Done

I, [2025-10-27T13:41:24.368779 #8588]  INFO -- : [Job:b6a94e6c]  started
I, [2025-10-27T13:41:24.368895 #8588]  INFO -- : [Job:b6a94e6c] Configuration: max_processes=2, max_threads=5
I, [2025-10-27T13:41:24.368952 #8588]  INFO -- : [Job:b6a94e6c][Pipeline:default] Starting
[DAG BUILD] BEFORE handle_multiple_producers: edges=stage_x-> | source_a->stage_x,stage_y | stage_y-> | source_b->stage_x,stage_y
[DAG BUILD] AFTER handle_multiple_producers: edges=stage_x-> | source_a->stage_x,stage_y | stage_y-> | source_b->stage_x,stage_y
[DAG BUILD] AFTER fill_sequential_gaps: edges=stage_x-> | source_a->stage_x,stage_y | stage_y->collect | source_b->stage_x,stage_y | collect->
I, [2025-10-27T13:41:24.368334 #8588]  INFO -- : [Pipeline:default][Worker:stage_a] Done
I, [2025-10-27T13:41:24.368380 #8588]  INFO -- : [Pipeline:default][Worker:stage_b] Done
I, [2025-10-27T13:41:24.369182 #8588]  INFO -- : [Job:b6a94e6c][Pipeline:default] DAG: source_b -> source_a -> stage_y -> collect -> stage_x
I, [2025-10-27T13:41:24.369368 #8588]  INFO -- : [Pipeline:default] Inserting RouterStage 'source_a_router' (broadcast) for fan-out: source_a -> stage_x, stage_y
I, [2025-10-27T13:41:24.369446 #8588]  INFO -- : [Pipeline:default] Inserting RouterStage 'source_b_router' (broadcast) for fan-out: source_b -> stage_x, stage_y
I, [2025-10-27T13:41:24.373463 #8588]  INFO -- : [Pipeline:default][Producer:source_a] Starting (nested pipeline)
I, [2025-10-27T13:41:24.373796 #8588]  INFO -- : [Job:b6a94e6c][Pipeline:source_a] Starting
[DAG BUILD] BEFORE handle_multiple_producers: edges=
[DAG BUILD] AFTER handle_multiple_producers: edges=gen->fwd | fwd->
[DAG BUILD] AFTER fill_sequential_gaps: edges=gen->fwd | fwd->
I, [2025-10-27T13:41:24.373581 #8588]  INFO -- : [Pipeline:default][Worker:stage_x] Starting
I, [2025-10-27T13:41:24.373629 #8588]  INFO -- : [Pipeline:default][Worker:stage_y] Starting
I, [2025-10-27T13:41:24.373672 #8588]  INFO -- : [Pipeline:default][Worker:collect] Starting
I, [2025-10-27T13:41:24.373709 #8588]  INFO -- : [Pipeline:default][Worker:source_a_router] Starting
I, [2025-10-27T13:41:24.373752 #8588]  INFO -- : [Pipeline:default][Worker:source_b_router] Starting
I, [2025-10-27T13:41:24.373535 #8588]  INFO -- : [Pipeline:default][Producer:source_b] Starting (nested pipeline)
I, [2025-10-27T13:41:24.374156 #8588]  INFO -- : [Job:b6a94e6c][Pipeline:source_b] Starting
[DAG BUILD] BEFORE handle_multiple_producers: edges=
[DAG BUILD] AFTER handle_multiple_producers: edges=gen->fwd | fwd->
[DAG BUILD] AFTER fill_sequential_gaps: edges=gen->fwd | fwd->
I, [2025-10-27T13:41:24.373935 #8588]  INFO -- : [Job:b6a94e6c][Pipeline:source_a] DAG: gen -> fwd
I, [2025-10-27T13:41:24.374264 #8588]  INFO -- : [Job:b6a94e6c][Pipeline:source_b] DAG: gen -> fwd
I, [2025-10-27T13:41:24.374536 #8588]  INFO -- : [Pipeline:source_a][Producer:gen] Starting 
E, [2025-10-27T13:41:24.374735 #8588] ERROR -- : [Pipeline:source_a][Producer:gen] Error: undefined method 'emit' for an instance of #<Class:0x000001bb749b94d0>
I, [2025-10-27T13:41:24.374827 #8588]  INFO -- : [Pipeline:source_a][Producer:gen] Done
I, [2025-10-27T13:41:24.374774 #8588]  INFO -- : [Pipeline:source_b][Worker:fwd] Starting
I, [2025-10-27T13:41:24.374604 #8588]  INFO -- : [Pipeline:source_a][Worker:fwd] Starting
I, [2025-10-27T13:41:24.374970 #8588]  INFO -- : [Pipeline:source_a][Worker:fwd] Done
I, [2025-10-27T13:41:24.374664 #8588]  INFO -- : [Pipeline:source_b][Producer:gen] Starting 
E, [2025-10-27T13:41:24.375116 #8588] ERROR -- : [Pipeline:source_b][Producer:gen] Error: undefined method 'emit' for an instance of #<Class:0x000001bb749b94d0>
I, [2025-10-27T13:41:24.375154 #8588]  INFO -- : [Pipeline:source_b][Producer:gen] Done
I, [2025-10-27T13:41:24.375048 #8588]  INFO -- : [Job:b6a94e6c][Pipeline:source_a] Finished in 0.0s
I, [2025-10-27T13:41:24.375336 #8588]  INFO -- : [Pipeline:default][Producer:source_a] Done
#<Thread:0x000001bb74abc800 C:/workspace/minigun/lib/minigun/pipeline.rb:345 run> terminated with exception 
(report_on_exception is true):
C:/workspace/minigun/lib/minigun/pipeline.rb:371:in 'block in Minigun::Pipeline#start_producer_thread': PipelineStage 
producers not yet compatible with queue-based DSL (NotImplementedError)
I, [2025-10-27T13:41:24.375259 #8588]  INFO -- : [Pipeline:source_b][Worker:fwd] Done
    many-to-many: multiple pipelines route to multiple stages (FAILED - 15)I, [2025-10-27T13:41:24.375437 #8588]  INFO -- : [Pipeline:default][Worker:source_a_router] Done

I, [2025-10-27T13:41:24.375675 #8588]  INFO -- : [Job:b6a94e6c][Pipeline:source_b] Finished in 0.0s
I, [2025-10-27T13:41:24.376048 #8588]  INFO -- : [Pipeline:default][Producer:source_b] Done
#<Thread:0x000001bb74abc6e8 C:/workspace/minigun/lib/minigun/pipeline.rb:345 run> terminated with exception 
(report_on_exception is true):
C:/workspace/minigun/lib/minigun/pipeline.rb:371:in 'block in Minigun::Pipeline#start_producer_thread': PipelineStage 
producers not yet compatible with queue-based DSL (NotImplementedError)
I, [2025-10-27T13:41:24.375955 #8588]  INFO -- : [Job:ca90b1a8]  started
I, [2025-10-27T13:41:24.376212 #8588]  INFO -- : [Job:ca90b1a8] Configuration: max_processes=2, max_threads=5
I, [2025-10-27T13:41:24.376379 #8588]  INFO -- : [Job:ca90b1a8][Pipeline:default] Starting
[DAG BUILD] BEFORE handle_multiple_producers: edges=merge_stage-> | source_a->merge_stage | source_b->merge_stage
[DAG BUILD] AFTER handle_multiple_producers: edges=merge_stage-> | source_a->merge_stage | source_b->merge_stage
[DAG BUILD] AFTER fill_sequential_gaps: edges=merge_stage->collect | source_a->merge_stage | source_b->merge_stage | collect->
I, [2025-10-27T13:41:24.376337 #8588]  INFO -- : [Pipeline:default][Worker:stage_y] Done
I, [2025-10-27T13:41:24.376162 #8588]  INFO -- : [Pipeline:default][Worker:source_b_router] Done
I, [2025-10-27T13:41:24.376415 #8588]  INFO -- : [Pipeline:default][Worker:collect] Done
I, [2025-10-27T13:41:24.376280 #8588]  INFO -- : [Pipeline:default][Worker:stage_x] Done
I, [2025-10-27T13:41:24.376560 #8588]  INFO -- : [Job:ca90b1a8][Pipeline:default] DAG: source_b -> source_a -> merge_stage -> collect
I, [2025-10-27T13:41:24.376818 #8588]  INFO -- : [Pipeline:default][Producer:source_a] Starting (nested pipeline)
I, [2025-10-27T13:41:24.376939 #8588]  INFO -- : [Job:ca90b1a8][Pipeline:source_a] Starting
[DAG BUILD] BEFORE handle_multiple_producers: edges=
[DAG BUILD] AFTER handle_multiple_producers: edges=gen->fwd | fwd->
[DAG BUILD] AFTER fill_sequential_gaps: edges=gen->fwd | fwd->
I, [2025-10-27T13:41:24.376998 #8588]  INFO -- : [Pipeline:default][Worker:merge_stage] Starting
I, [2025-10-27T13:41:24.376876 #8588]  INFO -- : [Pipeline:default][Producer:source_b] Starting (nested pipeline)
I, [2025-10-27T13:41:24.377307 #8588]  INFO -- : [Job:ca90b1a8][Pipeline:source_b] Starting
[DAG BUILD] BEFORE handle_multiple_producers: edges=
[DAG BUILD] AFTER handle_multiple_producers: edges=gen->fwd | fwd->
[DAG BUILD] AFTER fill_sequential_gaps: edges=gen->fwd | fwd->
I, [2025-10-27T13:41:24.377196 #8588]  INFO -- : [Job:ca90b1a8][Pipeline:source_a] DAG: gen -> fwd
I, [2025-10-27T13:41:24.377051 #8588]  INFO -- : [Pipeline:default][Worker:collect] Starting
I, [2025-10-27T13:41:24.377609 #8588]  INFO -- : [Pipeline:source_a][Producer:gen] Starting 
E, [2025-10-27T13:41:24.377725 #8588] ERROR -- : [Pipeline:source_a][Producer:gen] Error: undefined method 'emit' for an instance of #<Class:0x000001bb74d8a3c0>
I, [2025-10-27T13:41:24.377763 #8588]  INFO -- : [Pipeline:source_a][Producer:gen] Done
I, [2025-10-27T13:41:24.377439 #8588]  INFO -- : [Job:ca90b1a8][Pipeline:source_b] DAG: gen -> fwd
I, [2025-10-27T13:41:24.377665 #8588]  INFO -- : [Pipeline:source_a][Worker:fwd] Starting
I, [2025-10-27T13:41:24.377965 #8588]  INFO -- : [Pipeline:source_a][Worker:fwd] Done
I, [2025-10-27T13:41:24.378026 #8588]  INFO -- : [Pipeline:source_b][Producer:gen] Starting 
E, [2025-10-27T13:41:24.378201 #8588] ERROR -- : [Pipeline:source_b][Producer:gen] Error: undefined method 'emit' for an instance of #<Class:0x000001bb74d8a3c0>
I, [2025-10-27T13:41:24.378234 #8588]  INFO -- : [Pipeline:source_b][Producer:gen] Done
I, [2025-10-27T13:41:24.378062 #8588]  INFO -- : [Pipeline:source_b][Worker:fwd] Starting
I, [2025-10-27T13:41:24.378334 #8588]  INFO -- : [Pipeline:source_b][Worker:fwd] Done
I, [2025-10-27T13:41:24.378121 #8588]  INFO -- : [Job:ca90b1a8][Pipeline:source_a] Finished in 0.0s
I, [2025-10-27T13:41:24.378462 #8588]  INFO -- : [Pipeline:default][Producer:source_a] Done
#<Thread:0x000001bb741272b8 C:/workspace/minigun/lib/minigun/pipeline.rb:345 run> terminated with exception 
(report_on_exception is true):
C:/workspace/minigun/lib/minigun/pipeline.rb:371:in 'block in Minigun::Pipeline#start_producer_thread': PipelineStage 
producers not yet compatible with queue-based DSL (NotImplementedError)
I, [2025-10-27T13:41:24.378406 #8588]  INFO -- : [Job:ca90b1a8][Pipeline:source_b] Finished in 0.0s
    many-to-1: multiple pipelines route to single stage (FAILED - 16)I, [2025-10-27T13:41:24.378669 #8588]  INFO -- : [Pipeline:default][Producer:source_b] Done
#<Thread:0x000001bb741261d8 C:/workspace/minigun/lib/minigun/pipeline.rb:345 run> terminated with exception 
(report_on_exception is true):
C:/workspace/minigun/lib/minigun/pipeline.rb:371:in 'block in Minigun::Pipeline#start_producer_thread': PipelineStage 
producers not yet compatible with queue-based DSL (NotImplementedError)

  stage from pipeline routing
I, [2025-10-27T13:41:24.378787 #8588]  INFO -- : [Pipeline:default][Worker:merge_stage] Done
I, [2025-10-27T13:41:24.378902 #8588]  INFO -- : [Pipeline:default][Worker:collect] Done
I, [2025-10-27T13:41:24.379453 #8588]  INFO -- : [Job:11e12949]  started
I, [2025-10-27T13:41:24.379575 #8588]  INFO -- : [Job:11e12949] Configuration: max_processes=2, max_threads=5
I, [2025-10-27T13:41:24.379624 #8588]  INFO -- : [Job:11e12949][Pipeline:default] Starting
[DAG BUILD] BEFORE handle_multiple_producers: edges=stage_x-> | source_a->stage_x,stage_y | source_b->stage_x,stage_y | stage_y->
[DAG BUILD] AFTER handle_multiple_producers: edges=stage_x-> | source_a->stage_x,stage_y | source_b->stage_x,stage_y | stage_y->
[DAG BUILD] AFTER fill_sequential_gaps: edges=stage_x-> | source_a->stage_x,stage_y | source_b->stage_x,stage_y | stage_y->collect | collect->
I, [2025-10-27T13:41:24.379726 #8588]  INFO -- : [Job:11e12949][Pipeline:default] DAG: source_b -> source_a -> stage_y -> collect -> stage_x
I, [2025-10-27T13:41:24.379790 #8588]  INFO -- : [Pipeline:default] Inserting RouterStage 'source_a_router' (broadcast) for fan-out: source_a -> stage_x, stage_y
I, [2025-10-27T13:41:24.379824 #8588]  INFO -- : [Pipeline:default] Inserting RouterStage 'source_b_router' (broadcast) for fan-out: source_b -> stage_x, stage_y
I, [2025-10-27T13:41:24.380090 #8588]  INFO -- : [Pipeline:default][Producer:source_a] Starting (nested pipeline)
I, [2025-10-27T13:41:24.380290 #8588]  INFO -- : [Job:11e12949][Pipeline:source_a] Starting
[DAG BUILD] BEFORE handle_multiple_producers: edges=
[DAG BUILD] AFTER handle_multiple_producers: edges=gen->fwd | fwd->
[DAG BUILD] AFTER fill_sequential_gaps: edges=gen->fwd | fwd->
I, [2025-10-27T13:41:24.380197 #8588]  INFO -- : [Pipeline:default][Worker:stage_x] Starting
I, [2025-10-27T13:41:24.380252 #8588]  INFO -- : [Pipeline:default][Worker:collect] Starting
I, [2025-10-27T13:41:24.380315 #8588]  INFO -- : [Pipeline:default][Worker:stage_y] Starting
I, [2025-10-27T13:41:24.380346 #8588]  INFO -- : [Pipeline:default][Worker:source_a_router] Starting
I, [2025-10-27T13:41:24.380369 #8588]  INFO -- : [Pipeline:default][Worker:source_b_router] Starting
I, [2025-10-27T13:41:24.380145 #8588]  INFO -- : [Pipeline:default][Producer:source_b] Starting (nested pipeline)
I, [2025-10-27T13:41:24.380635 #8588]  INFO -- : [Job:11e12949][Pipeline:source_b] Starting
[DAG BUILD] BEFORE handle_multiple_producers: edges=
[DAG BUILD] AFTER handle_multiple_producers: edges=gen->fwd | fwd->
[DAG BUILD] AFTER fill_sequential_gaps: edges=gen->fwd | fwd->
I, [2025-10-27T13:41:24.380463 #8588]  INFO -- : [Job:11e12949][Pipeline:source_a] DAG: gen -> fwd
I, [2025-10-27T13:41:24.380755 #8588]  INFO -- : [Job:11e12949][Pipeline:source_b] DAG: gen -> fwd
I, [2025-10-27T13:41:24.380987 #8588]  INFO -- : [Pipeline:source_a][Producer:gen] Starting 
E, [2025-10-27T13:41:24.381207 #8588] ERROR -- : [Pipeline:source_a][Producer:gen] Error: undefined method 'emit' for an instance of #<Class:0x000001bb74d80a00>
I, [2025-10-27T13:41:24.381251 #8588]  INFO -- : [Pipeline:source_a][Producer:gen] Done
I, [2025-10-27T13:41:24.381148 #8588]  INFO -- : [Pipeline:source_b][Worker:fwd] Starting
I, [2025-10-27T13:41:24.381056 #8588]  INFO -- : [Pipeline:source_a][Worker:fwd] Starting
I, [2025-10-27T13:41:24.381382 #8588]  INFO -- : [Pipeline:source_a][Worker:fwd] Done
I, [2025-10-27T13:41:24.381107 #8588]  INFO -- : [Pipeline:source_b][Producer:gen] Starting 
E, [2025-10-27T13:41:24.381487 #8588] ERROR -- : [Pipeline:source_b][Producer:gen] Error: undefined method 'emit' for an instance of #<Class:0x000001bb74d80a00>
I, [2025-10-27T13:41:24.381536 #8588]  INFO -- : [Pipeline:source_b][Producer:gen] Done
I, [2025-10-27T13:41:24.381430 #8588]  INFO -- : [Job:11e12949][Pipeline:source_a] Finished in 0.0s
I, [2025-10-27T13:41:24.381641 #8588]  INFO -- : [Pipeline:default][Producer:source_a] Done
#<Thread:0x000001bb7487c810 C:/workspace/minigun/lib/minigun/pipeline.rb:345 run> terminated with exception 
(report_on_exception is true):
C:/workspace/minigun/lib/minigun/pipeline.rb:371:in 'block in Minigun::Pipeline#start_producer_thread': PipelineStage 
producers not yet compatible with queue-based DSL (NotImplementedError)
I, [2025-10-27T13:41:24.381596 #8588]  INFO -- : [Pipeline:source_b][Worker:fwd] Done
    many-to-many: multiple stages receive from multiple pipelines (FAILED - 17)
I, [2025-10-27T13:41:24.381879 #8588]  INFO -- : [Job:11e12949][Pipeline:source_b] Finished in 0.0s
I, [2025-10-27T13:41:24.382145 #8588]  INFO -- : [Pipeline:default][Producer:source_b] Done
#<Thread:0x000001bb7487c5e0 C:/workspace/minigun/lib/minigun/pipeline.rb:345 run> terminated with exception 
(report_on_exception is true):
C:/workspace/minigun/lib/minigun/pipeline.rb:371:in 'block in Minigun::Pipeline#start_producer_thread': PipelineStage 
producers not yet compatible with queue-based DSL (NotImplementedError)
I, [2025-10-27T13:41:24.382079 #8588]  INFO -- : [Job:65cdf8ad]  started
I, [2025-10-27T13:41:24.382318 #8588]  INFO -- : [Job:65cdf8ad] Configuration: max_processes=2, max_threads=5
I, [2025-10-27T13:41:24.382449 #8588]  INFO -- : [Job:65cdf8ad][Pipeline:default] Starting
[DAG BUILD] BEFORE handle_multiple_producers: edges=stage_a-> | source->stage_a,stage_b | stage_b->
[DAG BUILD] AFTER handle_multiple_producers: edges=stage_a-> | source->stage_a,stage_b | stage_b->
[DAG BUILD] AFTER fill_sequential_gaps: edges=stage_a-> | source->stage_a,stage_b | stage_b->collect | collect->
I, [2025-10-27T13:41:24.382366 #8588]  INFO -- : [Pipeline:default][Worker:stage_x] Done
I, [2025-10-27T13:41:24.382405 #8588]  INFO -- : [Pipeline:default][Worker:stage_y] Done
I, [2025-10-27T13:41:24.381726 #8588]  INFO -- : [Pipeline:default][Worker:source_a_router] Done
I, [2025-10-27T13:41:24.382494 #8588]  INFO -- : [Pipeline:default][Worker:collect] Done
I, [2025-10-27T13:41:24.382268 #8588]  INFO -- : [Pipeline:default][Worker:source_b_router] Done
I, [2025-10-27T13:41:24.382616 #8588]  INFO -- : [Job:65cdf8ad][Pipeline:default] DAG: source -> stage_b -> collect -> stage_a
I, [2025-10-27T13:41:24.382754 #8588]  INFO -- : [Pipeline:default] Inserting RouterStage 'source_router' (broadcast) for fan-out: source -> stage_a, stage_b
I, [2025-10-27T13:41:24.382950 #8588]  INFO -- : [Pipeline:default][Producer:source] Starting (nested pipeline)
I, [2025-10-27T13:41:24.383043 #8588]  INFO -- : [Job:65cdf8ad][Pipeline:source] Starting
[DAG BUILD] BEFORE handle_multiple_producers: edges=
[DAG BUILD] AFTER handle_multiple_producers: edges=gen->forward | forward->
[DAG BUILD] AFTER fill_sequential_gaps: edges=gen->forward | forward->
I, [2025-10-27T13:41:24.383241 #8588]  INFO -- : [Pipeline:default][Worker:source_router] Starting
I, [2025-10-27T13:41:24.382993 #8588]  INFO -- : [Pipeline:default][Worker:stage_a] Starting
I, [2025-10-27T13:41:24.383134 #8588]  INFO -- : [Pipeline:default][Worker:collect] Starting
I, [2025-10-27T13:41:24.383082 #8588]  INFO -- : [Pipeline:default][Worker:stage_b] Starting
I, [2025-10-27T13:41:24.383357 #8588]  INFO -- : [Job:65cdf8ad][Pipeline:source] DAG: gen -> forward
I, [2025-10-27T13:41:24.383631 #8588]  INFO -- : [Pipeline:source][Producer:gen] Starting 
E, [2025-10-27T13:41:24.383759 #8588] ERROR -- : [Pipeline:source][Producer:gen] Error: undefined method 'emit' for an instance of #<Class:0x000001bb74d358c0>
I, [2025-10-27T13:41:24.383797 #8588]  INFO -- : [Pipeline:source][Producer:gen] Done
I, [2025-10-27T13:41:24.383688 #8588]  INFO -- : [Pipeline:source][Worker:forward] Starting
I, [2025-10-27T13:41:24.383893 #8588]  INFO -- : [Pipeline:source][Worker:forward] Done
I, [2025-10-27T13:41:24.383945 #8588]  INFO -- : [Job:65cdf8ad][Pipeline:source] Finished in 0.0s
I, [2025-10-27T13:41:24.384001 #8588]  INFO -- : [Pipeline:default][Producer:source] Done
#<Thread:0x000001bb746a18d8 C:/workspace/minigun/lib/minigun/pipeline.rb:345 run> terminated with exception 
(report_on_exception is true):
C:/workspace/minigun/lib/minigun/pipeline.rb:371:in 'block in Minigun::Pipeline#start_producer_thread': PipelineStage 
producers not yet compatible with queue-based DSL (NotImplementedError)
I, [2025-10-27T13:41:24.384096 #8588]  INFO -- : [Pipeline:default][Worker:source_router] Done
    many-to-1: multiple stages receive from single pipeline (FAILED - 18)I, [2025-10-27T13:41:24.384335 #8588]  INFO -- : [Pipeline:default][Worker:collect] Done

I, [2025-10-27T13:41:24.384283 #8588]  INFO -- : [Pipeline:default][Worker:stage_b] Done
I, [2025-10-27T13:41:24.384224 #8588]  INFO -- : [Pipeline:default][Worker:stage_a] Done
I, [2025-10-27T13:41:24.384568 #8588]  INFO -- : [Job:523f35ae]  started
I, [2025-10-27T13:41:24.384665 #8588]  INFO -- : [Job:523f35ae] Configuration: max_processes=2, max_threads=5
I, [2025-10-27T13:41:24.384711 #8588]  INFO -- : [Job:523f35ae][Pipeline:default] Starting
[DAG BUILD] BEFORE handle_multiple_producers: edges=transform-> | source->transform
[DAG BUILD] AFTER handle_multiple_producers: edges=transform-> | source->transform
[DAG BUILD] AFTER fill_sequential_gaps: edges=transform->collect | source->transform | collect->
I, [2025-10-27T13:41:24.384783 #8588]  INFO -- : [Job:523f35ae][Pipeline:default] DAG: source -> transform -> collect
I, [2025-10-27T13:41:24.385336 #8588]  INFO -- : [Pipeline:default][Producer:source] Starting (nested pipeline)
I, [2025-10-27T13:41:24.385482 #8588]  INFO -- : [Job:523f35ae][Pipeline:source] Starting
[DAG BUILD] BEFORE handle_multiple_producers: edges=
[DAG BUILD] AFTER handle_multiple_producers: edges=gen->forward | forward->
[DAG BUILD] AFTER fill_sequential_gaps: edges=gen->forward | forward->
I, [2025-10-27T13:41:24.385433 #8588]  INFO -- : [Pipeline:default][Worker:collect] Starting
I, [2025-10-27T13:41:24.385396 #8588]  INFO -- : [Pipeline:default][Worker:transform] Starting
I, [2025-10-27T13:41:24.385598 #8588]  INFO -- : [Job:523f35ae][Pipeline:source] DAG: gen -> forward
I, [2025-10-27T13:41:24.385809 #8588]  INFO -- : [Pipeline:source][Producer:gen] Starting 
E, [2025-10-27T13:41:24.385910 #8588] ERROR -- : [Pipeline:source][Producer:gen] Error: undefined method 'emit' for an instance of #<Class:0x000001bb74c3b5f0>
I, [2025-10-27T13:41:24.385956 #8588]  INFO -- : [Pipeline:source][Producer:gen] Done
I, [2025-10-27T13:41:24.385847 #8588]  INFO -- : [Pipeline:source][Worker:forward] Starting
I, [2025-10-27T13:41:24.386050 #8588]  INFO -- : [Pipeline:source][Worker:forward] Done
I, [2025-10-27T13:41:24.386109 #8588]  INFO -- : [Job:523f35ae][Pipeline:source] Finished in 0.0s
I, [2025-10-27T13:41:24.386158 #8588]  INFO -- : [Pipeline:default][Producer:source] Done
#<Thread:0x000001bb74a96bc8 C:/workspace/minigun/lib/minigun/pipeline.rb:345 run> terminated with exception 
(report_on_exception is true):
C:/workspace/minigun/lib/minigun/pipeline.rb:371:in 'block in Minigun::Pipeline#start_producer_thread': PipelineStage 
producers not yet compatible with queue-based DSL (NotImplementedError)
I, [2025-10-27T13:41:24.386238 #8588]  INFO -- : [Pipeline:default][Worker:transform] Done
    1-to-1: single stage receives from single pipeline (FAILED - 19)
I, [2025-10-27T13:41:24.386354 #8588]  INFO -- : [Pipeline:default][Worker:collect] Done
I, [2025-10-27T13:41:24.386661 #8588]  INFO -- : [Job:7b97e7c0]  started
I, [2025-10-27T13:41:24.386742 #8588]  INFO -- : [Job:7b97e7c0] Configuration: max_processes=2, max_threads=5
I, [2025-10-27T13:41:24.386773 #8588]  INFO -- : [Job:7b97e7c0][Pipeline:default] Starting
[DAG BUILD] BEFORE handle_multiple_producers: edges=merge-> | source_a->merge | source_b->merge
[DAG BUILD] AFTER handle_multiple_producers: edges=merge-> | source_a->merge | source_b->merge
[DAG BUILD] AFTER fill_sequential_gaps: edges=merge->collect | source_a->merge | source_b->merge | collect->
I, [2025-10-27T13:41:24.386847 #8588]  INFO -- : [Job:7b97e7c0][Pipeline:default] DAG: source_b -> source_a -> merge -> collect
I, [2025-10-27T13:41:24.387006 #8588]  INFO -- : [Pipeline:default][Producer:source_a] Starting (nested pipeline)
#<Thread:0x000001bb74d1ea30 C:/workspace/minigun/lib/minigun/pipeline.rb:345 run> terminated with exception 
(report_on_exception is true):
C:/workspace/minigun/lib/minigun/pipeline.rb:371:in 'block in Minigun::Pipeline#start_producer_thread': PipelineStage 
producers not yet compatible with queue-based DSL (NotImplementedError)
#<Thread:0x000001bb74d1eb20 C:/workspace/minigun/lib/minigun/pipeline.rb:345 run> terminated with exception 
(report_on_exception is true):
C:/workspace/minigun/lib/minigun/pipeline.rb:371:in 'block in Minigun::Pipeline#start_producer_thread': PipelineStage 
producers not yet compatible with queue-based DSL (NotImplementedError)
I, [2025-10-27T13:41:24.387101 #8588]  INFO -- : [Job:7b97e7c0][Pipeline:source_a] Starting
[DAG BUILD] BEFORE handle_multiple_producers: edges=
[DAG BUILD] AFTER handle_multiple_producers: edges=gen->fwd | fwd->
[DAG BUILD] AFTER fill_sequential_gaps: edges=gen->fwd | fwd->
I, [2025-10-27T13:41:24.387144 #8588]  INFO -- : [Pipeline:default][Worker:merge] Starting
I, [2025-10-27T13:41:24.387051 #8588]  INFO -- : [Pipeline:default][Producer:source_b] Starting (nested pipeline)
I, [2025-10-27T13:41:24.387376 #8588]  INFO -- : [Job:7b97e7c0][Pipeline:source_b] Starting
[DAG BUILD] BEFORE handle_multiple_producers: edges=
[DAG BUILD] AFTER handle_multiple_producers: edges=gen->fwd | fwd->
[DAG BUILD] AFTER fill_sequential_gaps: edges=gen->fwd | fwd->
I, [2025-10-27T13:41:24.387297 #8588]  INFO -- : [Job:7b97e7c0][Pipeline:source_a] DAG: gen -> fwd
I, [2025-10-27T13:41:24.387196 #8588]  INFO -- : [Pipeline:default][Worker:collect] Starting
I, [2025-10-27T13:41:24.387458 #8588]  INFO -- : [Job:7b97e7c0][Pipeline:source_b] DAG: gen -> fwd
I, [2025-10-27T13:41:24.387704 #8588]  INFO -- : [Pipeline:source_a][Worker:fwd] Starting
I, [2025-10-27T13:41:24.387793 #8588]  INFO -- : [Pipeline:source_b][Worker:fwd] Starting
I, [2025-10-27T13:41:24.387749 #8588]  INFO -- : [Pipeline:source_b][Producer:gen] Starting 
E, [2025-10-27T13:41:24.387877 #8588] ERROR -- : [Pipeline:source_b][Producer:gen] Error: undefined method 'emit' for an instance of #<Class:0x000001bb74c333f0>
I, [2025-10-27T13:41:24.387918 #8588]  INFO -- : [Pipeline:source_b][Producer:gen] Done
I, [2025-10-27T13:41:24.387604 #8588]  INFO -- : [Pipeline:source_a][Producer:gen] Starting 
E, [2025-10-27T13:41:24.388053 #8588] ERROR -- : [Pipeline:source_a][Producer:gen] Error: undefined method 'emit' for an instance of #<Class:0x000001bb74c333f0>
I, [2025-10-27T13:41:24.388090 #8588]  INFO -- : [Pipeline:source_a][Producer:gen] Done
I, [2025-10-27T13:41:24.387994 #8588]  INFO -- : [Pipeline:source_b][Worker:fwd] Done
I, [2025-10-27T13:41:24.388145 #8588]  INFO -- : [Pipeline:source_a][Worker:fwd] Done
I, [2025-10-27T13:41:24.388211 #8588]  INFO -- : [Job:7b97e7c0][Pipeline:source_b] Finished in 0.0s
I, [2025-10-27T13:41:24.388304 #8588]  INFO -- : [Pipeline:default][Producer:source_b] Done
I, [2025-10-27T13:41:24.388257 #8588]  INFO -- : [Job:7b97e7c0][Pipeline:source_a] Finished in 0.0s
I, [2025-10-27T13:41:24.388413 #8588]  INFO -- : [Pipeline:default][Producer:source_a] Done
I, [2025-10-27T13:41:24.388489 #8588]  INFO -- : [Pipeline:default][Worker:merge] Done
    1-to-many: single stage receives from multiple pipelines (FAILED - 20)
  pipeline from stage routing
I, [2025-10-27T13:41:24.388604 #8588]  INFO -- : [Pipeline:default][Worker:collect] Done
I, [2025-10-27T13:41:24.388957 #8588]  INFO -- : [Job:bf206560]  started
I, [2025-10-27T13:41:24.389019 #8588]  INFO -- : [Job:bf206560] Configuration: max_processes=2, max_threads=5
I, [2025-10-27T13:41:24.389043 #8588]  INFO -- : [Job:bf206560][Pipeline:default] Starting
[DAG BUILD] BEFORE handle_multiple_producers: edges=receiver_a-> | broadcaster->receiver_a,receiver_b | receiver_b->
[DAG BUILD] AFTER handle_multiple_producers: edges=receiver_a-> | broadcaster->receiver_a,receiver_b | receiver_b-> | source->broadcaster
[DAG BUILD] AFTER fill_sequential_gaps: edges=receiver_a-> | broadcaster->receiver_a,receiver_b | receiver_b-> | source->broadcaster
I, [2025-10-27T13:41:24.389126 #8588]  INFO -- : [Job:bf206560][Pipeline:default] DAG: source -> broadcaster -> receiver_b -> receiver_a
I, [2025-10-27T13:41:24.389165 #8588]  INFO -- : [Pipeline:default] Inserting RouterStage 'broadcaster_router' (broadcast) for fan-out: broadcaster -> receiver_a, receiver_b
I, [2025-10-27T13:41:24.389308 #8588]  INFO -- : [Pipeline:default][Producer:source] Starting 
E, [2025-10-27T13:41:24.389400 #8588] ERROR -- : [Pipeline:default][Producer:source] Error: undefined method 'emit' for an instance of #<Class:0x000001bb74af1410>
I, [2025-10-27T13:41:24.389517 #8588]  INFO -- : [Pipeline:default][Producer:source] Done
I, [2025-10-27T13:41:24.389350 #8588]  INFO -- : [Pipeline:default][Worker:receiver_a] Starting
I, [2025-10-27T13:41:24.389468 #8588]  INFO -- : [Pipeline:default][Worker:broadcaster] Starting
I, [2025-10-27T13:41:24.400565 #8588]  INFO -- : [Pipeline:default][Worker:broadcaster] Done
I, [2025-10-27T13:41:24.389437 #8588]  INFO -- : [Pipeline:default][Worker:receiver_b] Starting
I, [2025-10-27T13:41:24.389491 #8588]  INFO -- : [Pipeline:default][Worker:broadcaster_router] Starting
I, [2025-10-27T13:41:24.400728 #8588]  INFO -- : [Pipeline:default][Worker:broadcaster_router] Done
I, [2025-10-27T13:41:24.400792 #8588]  INFO -- : [Pipeline:default][Worker:receiver_b] Done
I, [2025-10-27T13:41:24.400853 #8588]  INFO -- : [Pipeline:default][Worker:receiver_a] Done
I, [2025-10-27T13:41:24.401008 #8588]  INFO -- : [Job:bf206560][Pipeline:default] Finished in 0.01s
I, [2025-10-27T13:41:24.401120 #8588]  INFO -- : [Job:bf206560]  finished
I, [2025-10-27T13:41:24.401164 #8588]  INFO -- : [Job:bf206560] Runtime: 0.01s
I, [2025-10-27T13:41:24.401232 #8588]  INFO -- : [Job:bf206560] Pipeline 'default': 0 produced, 0 consumed, 0.0 items/s
I, [2025-10-27T13:41:24.401273 #8588]  INFO -- : [Job:bf206560] Bottleneck: source (0.0 items/s)
I, [2025-10-27T13:41:24.401301 #8588]  INFO -- : [Job:bf206560] Total: 0 items, 0.0 items/min
    many-to-1: multiple pipelines receive from single stage (FAILED - 21)
I, [2025-10-27T13:41:24.401784 #8588]  INFO -- : [Job:7cbcb048]  started
I, [2025-10-27T13:41:24.401838 #8588]  INFO -- : [Job:7cbcb048] Configuration: max_processes=2, max_threads=5
I, [2025-10-27T13:41:24.401873 #8588]  INFO -- : [Job:7cbcb048][Pipeline:default] Starting
[DAG BUILD] BEFORE handle_multiple_producers: edges=receiver-> | stage_a->receiver | stage_b->receiver
[DAG BUILD] AFTER handle_multiple_producers: edges=receiver-> | stage_a->receiver | stage_b->receiver | source_a->stage_a | source_b->stage_b
[DAG BUILD] AFTER fill_sequential_gaps: edges=receiver-> | stage_a->receiver | stage_b->receiver | source_a->stage_a | source_b->stage_b
I, [2025-10-27T13:41:24.401988 #8588]  INFO -- : [Job:7cbcb048][Pipeline:default] DAG: source_b -> source_a -> stage_b -> stage_a -> receiver
I, [2025-10-27T13:41:24.402754 #8588]  INFO -- : [Pipeline:default][Producer:source_a] Starting 
E, [2025-10-27T13:41:24.402998 #8588] ERROR -- : [Pipeline:default][Producer:source_a] Error: undefined method 'emit' for an instance of #<Class:0x000001bb74a62e40>
I, [2025-10-27T13:41:24.403044 #8588]  INFO -- : [Pipeline:default][Producer:source_a] Done
I, [2025-10-27T13:41:24.402915 #8588]  INFO -- : [Pipeline:default][Worker:receiver] Starting
I, [2025-10-27T13:41:24.402947 #8588]  INFO -- : [Pipeline:default][Worker:stage_b] Starting
I, [2025-10-27T13:41:24.402812 #8588]  INFO -- : [Pipeline:default][Producer:source_b] Starting 
E, [2025-10-27T13:41:24.403694 #8588] ERROR -- : [Pipeline:default][Producer:source_b] Error: undefined method 'emit' for an instance of #<Class:0x000001bb74a62e40>
I, [2025-10-27T13:41:24.403743 #8588]  INFO -- : [Pipeline:default][Producer:source_b] Done
I, [2025-10-27T13:41:24.402869 #8588]  INFO -- : [Pipeline:default][Worker:stage_a] Starting
I, [2025-10-27T13:41:24.403917 #8588]  INFO -- : [Pipeline:default][Worker:stage_a] Done
I, [2025-10-27T13:41:24.403969 #8588]  INFO -- : [Pipeline:default][Worker:receiver] Done
I, [2025-10-27T13:41:24.403837 #8588]  INFO -- : [Pipeline:default][Worker:stage_b] Done
I, [2025-10-27T13:41:24.404083 #8588]  INFO -- : [Job:7cbcb048][Pipeline:default] Finished in 0.0s
I, [2025-10-27T13:41:24.404163 #8588]  INFO -- : [Job:7cbcb048]  finished
I, [2025-10-27T13:41:24.404201 #8588]  INFO -- : [Job:7cbcb048] Runtime: 0.0s
I, [2025-10-27T13:41:24.404252 #8588]  INFO -- : [Job:7cbcb048] Pipeline 'default': 0 produced, 0 consumed, 0.0 items/s
I, [2025-10-27T13:41:24.404287 #8588]  INFO -- : [Job:7cbcb048] Bottleneck: source_a (0.0 items/s)
I, [2025-10-27T13:41:24.404310 #8588]  INFO -- : [Job:7cbcb048] Total: 0 items, 0.0 items/min
    1-to-many: single pipeline receives from multiple stages (FAILED - 22)
I, [2025-10-27T13:41:24.405133 #8588]  INFO -- : [Job:68bfd728]  started
I, [2025-10-27T13:41:24.405189 #8588]  INFO -- : [Job:68bfd728] Configuration: max_processes=2, max_threads=5
I, [2025-10-27T13:41:24.405235 #8588]  INFO -- : [Job:68bfd728][Pipeline:default] Starting
[DAG BUILD] BEFORE handle_multiple_producers: edges=receiver-> | transform->receiver
[DAG BUILD] AFTER handle_multiple_producers: edges=receiver-> | transform->receiver | source->transform
[DAG BUILD] AFTER fill_sequential_gaps: edges=receiver-> | transform->receiver | source->transform
I, [2025-10-27T13:41:24.406059 #8588]  INFO -- : [Job:68bfd728][Pipeline:default] DAG: source -> transform -> receiver
I, [2025-10-27T13:41:24.406220 #8588]  INFO -- : [Pipeline:default][Producer:source] Starting 
E, [2025-10-27T13:41:24.406329 #8588] ERROR -- : [Pipeline:default][Producer:source] Error: undefined method 'emit' for an instance of #<Class:0x000001bb74a060f0>
I, [2025-10-27T13:41:24.406426 #8588]  INFO -- : [Pipeline:default][Producer:source] Done
I, [2025-10-27T13:41:24.406267 #8588]  INFO -- : [Pipeline:default][Worker:receiver] Starting
I, [2025-10-27T13:41:24.406381 #8588]  INFO -- : [Pipeline:default][Worker:transform] Starting
I, [2025-10-27T13:41:24.406551 #8588]  INFO -- : [Pipeline:default][Worker:transform] Done
I, [2025-10-27T13:41:24.406593 #8588]  INFO -- : [Pipeline:default][Worker:receiver] Done
I, [2025-10-27T13:41:24.406647 #8588]  INFO -- : [Job:68bfd728][Pipeline:default] Finished in 0.0s
I, [2025-10-27T13:41:24.406697 #8588]  INFO -- : [Job:68bfd728]  finished
I, [2025-10-27T13:41:24.406725 #8588]  INFO -- : [Job:68bfd728] Runtime: 0.0s
I, [2025-10-27T13:41:24.406753 #8588]  INFO -- : [Job:68bfd728] Pipeline 'default': 0 produced, 0 consumed, 0.0 items/s
I, [2025-10-27T13:41:24.406773 #8588]  INFO -- : [Job:68bfd728] Bottleneck: source (0.0 items/s)
I, [2025-10-27T13:41:24.406793 #8588]  INFO -- : [Job:68bfd728] Total: 0 items, 0.0 items/min
    1-to-1: single pipeline receives from single stage (FAILED - 23)
I, [2025-10-27T13:41:24.407981 #8588]  INFO -- : [Job:7a137462]  started
I, [2025-10-27T13:41:24.408029 #8588]  INFO -- : [Job:7a137462] Configuration: max_processes=2, max_threads=5
I, [2025-10-27T13:41:24.408071 #8588]  INFO -- : [Job:7a137462][Pipeline:default] Starting
[DAG BUILD] BEFORE handle_multiple_producers: edges=pipe_x-> | stage_a->pipe_x,pipe_y | stage_b->pipe_x,pipe_y | pipe_y->
[DAG BUILD] AFTER handle_multiple_producers: edges=pipe_x-> | stage_a->pipe_x,pipe_y | stage_b->pipe_x,pipe_y | pipe_y-> | source_a->stage_a | source_b->stage_b
[DAG BUILD] AFTER fill_sequential_gaps: edges=pipe_x-> | stage_a->pipe_x,pipe_y | stage_b->pipe_x,pipe_y | pipe_y-> | source_a->stage_a | source_b->stage_b
I, [2025-10-27T13:41:24.408165 #8588]  INFO -- : [Job:7a137462][Pipeline:default] DAG: source_b -> source_a -> stage_b -> stage_a -> pipe_y -> pipe_x
I, [2025-10-27T13:41:24.408197 #8588]  INFO -- : [Pipeline:default] Inserting RouterStage 'stage_a_router' (broadcast) for fan-out: stage_a -> pipe_x, pipe_y
I, [2025-10-27T13:41:24.408219 #8588]  INFO -- : [Pipeline:default] Inserting RouterStage 'stage_b_router' (broadcast) for fan-out: stage_b -> pipe_x, pipe_y
I, [2025-10-27T13:41:24.408897 #8588]  INFO -- : [Pipeline:default][Producer:source_a] Starting 
E, [2025-10-27T13:41:24.409100 #8588] ERROR -- : [Pipeline:default][Producer:source_a] Error: undefined method 'emit' for an instance of #<Class:0x000001bb749b0830>
I, [2025-10-27T13:41:24.409262 #8588]  INFO -- : [Pipeline:default][Producer:source_a] Done
I, [2025-10-27T13:41:24.409130 #8588]  INFO -- : [Pipeline:default][Worker:pipe_x] Starting
I, [2025-10-27T13:41:24.409170 #8588]  INFO -- : [Pipeline:default][Worker:stage_b] Starting
I, [2025-10-27T13:41:24.408979 #8588]  INFO -- : [Pipeline:default][Producer:source_b] Starting 
E, [2025-10-27T13:41:24.409516 #8588] ERROR -- : [Pipeline:default][Producer:source_b] Error: undefined method 'emit' for an instance of #<Class:0x000001bb749b0830>
I, [2025-10-27T13:41:24.409555 #8588]  INFO -- : [Pipeline:default][Producer:source_b] Done
I, [2025-10-27T13:41:24.409349 #8588]  INFO -- : [Pipeline:default][Worker:stage_b_router] Starting
I, [2025-10-27T13:41:24.409714 #8588]  INFO -- : [Pipeline:default][Worker:stage_b_router] Done
I, [2025-10-27T13:41:24.409221 #8588]  INFO -- : [Pipeline:default][Worker:stage_a_router] Starting
I, [2025-10-27T13:41:24.409311 #8588]  INFO -- : [Pipeline:default][Worker:stage_a] Starting
I, [2025-10-27T13:41:24.409864 #8588]  INFO -- : [Pipeline:default][Worker:stage_a] Done
I, [2025-10-27T13:41:24.409969 #8588]  INFO -- : [Pipeline:default][Worker:pipe_x] Done
I, [2025-10-27T13:41:24.409649 #8588]  INFO -- : [Pipeline:default][Worker:stage_b] Done
I, [2025-10-27T13:41:24.409910 #8588]  INFO -- : [Pipeline:default][Worker:stage_a_router] Done
I, [2025-10-27T13:41:24.409052 #8588]  INFO -- : [Pipeline:default][Worker:pipe_y] Starting
I, [2025-10-27T13:41:24.410112 #8588]  INFO -- : [Pipeline:default][Worker:pipe_y] Done
I, [2025-10-27T13:41:24.410156 #8588]  INFO -- : [Job:7a137462][Pipeline:default] Finished in 0.0s
I, [2025-10-27T13:41:24.410204 #8588]  INFO -- : [Job:7a137462]  finished
I, [2025-10-27T13:41:24.410238 #8588]  INFO -- : [Job:7a137462] Runtime: 0.0s
I, [2025-10-27T13:41:24.410265 #8588]  INFO -- : [Job:7a137462] Pipeline 'default': 0 produced, 0 consumed, 0.0 items/s
I, [2025-10-27T13:41:24.410288 #8588]  INFO -- : [Job:7a137462] Bottleneck: source_a (0.0 items/s)
I, [2025-10-27T13:41:24.410310 #8588]  INFO -- : [Job:7a137462] Total: 0 items, 0.0 items/min
    many-to-many: multiple pipelines receive from multiple stages (FAILED - 24)
  stage to pipeline routing
I, [2025-10-27T13:41:24.413757 #8588]  INFO -- : [Job:9fd5897e]  started
I, [2025-10-27T13:41:24.413816 #8588]  INFO -- : [Job:9fd5897e] Configuration: max_processes=2, max_threads=5
I, [2025-10-27T13:41:24.413864 #8588]  INFO -- : [Job:9fd5897e][Pipeline:default] Starting
[DAG BUILD] BEFORE handle_multiple_producers: edges=receiver-> | stage_a->receiver | stage_b->receiver
[DAG BUILD] AFTER handle_multiple_producers: edges=receiver-> | stage_a->receiver | stage_b->receiver | source_a->stage_a | source_b->stage_b
[DAG BUILD] AFTER fill_sequential_gaps: edges=receiver-> | stage_a->receiver | stage_b->receiver | source_a->stage_a | source_b->stage_b
I, [2025-10-27T13:41:24.413964 #8588]  INFO -- : [Job:9fd5897e][Pipeline:default] DAG: source_b -> stage_b -> source_a -> stage_a -> receiver
I, [2025-10-27T13:41:24.414148 #8588]  INFO -- : [Pipeline:default][Producer:source_a] Starting 
E, [2025-10-27T13:41:24.414261 #8588] ERROR -- : [Pipeline:default][Producer:source_a] Error: undefined method 'emit' for an instance of #<Class:0x000001bb74518ac0>
I, [2025-10-27T13:41:24.414430 #8588]  INFO -- : [Pipeline:default][Producer:source_a] Done
I, [2025-10-27T13:41:24.414196 #8588]  INFO -- : [Pipeline:default][Producer:source_b] Starting 
E, [2025-10-27T13:41:24.415074 #8588] ERROR -- : [Pipeline:default][Producer:source_b] Error: undefined method 'emit' for an instance of #<Class:0x000001bb74518ac0>
I, [2025-10-27T13:41:24.415121 #8588]  INFO -- : [Pipeline:default][Producer:source_b] Done
I, [2025-10-27T13:41:24.414306 #8588]  INFO -- : [Pipeline:default][Worker:receiver] Starting
I, [2025-10-27T13:41:24.414357 #8588]  INFO -- : [Pipeline:default][Worker:stage_a] Starting
I, [2025-10-27T13:41:24.415675 #8588]  INFO -- : [Pipeline:default][Worker:stage_a] Done
I, [2025-10-27T13:41:24.414387 #8588]  INFO -- : [Pipeline:default][Worker:stage_b] Starting
I, [2025-10-27T13:41:24.415769 #8588]  INFO -- : [Pipeline:default][Worker:stage_b] Done
I, [2025-10-27T13:41:24.415817 #8588]  INFO -- : [Pipeline:default][Worker:receiver] Done
I, [2025-10-27T13:41:24.415896 #8588]  INFO -- : [Job:9fd5897e][Pipeline:default] Finished in 0.0s
I, [2025-10-27T13:41:24.415954 #8588]  INFO -- : [Job:9fd5897e]  finished
I, [2025-10-27T13:41:24.415986 #8588]  INFO -- : [Job:9fd5897e] Runtime: 0.0s
I, [2025-10-27T13:41:24.416011 #8588]  INFO -- : [Job:9fd5897e] Pipeline 'default': 0 produced, 0 consumed, 0.0 items/s
I, [2025-10-27T13:41:24.416058 #8588]  INFO -- : [Job:9fd5897e] Bottleneck: source_a (0.0 items/s)
I, [2025-10-27T13:41:24.416095 #8588]  INFO -- : [Job:9fd5897e] Total: 0 items, 0.0 items/min
    many-to-1: multiple stages route to single pipeline (FAILED - 25)
I, [2025-10-27T13:41:24.416718 #8588]  INFO -- : [Job:012f296a]  started
I, [2025-10-27T13:41:24.416773 #8588]  INFO -- : [Job:012f296a] Configuration: max_processes=2, max_threads=5
I, [2025-10-27T13:41:24.416819 #8588]  INFO -- : [Job:012f296a][Pipeline:default] Starting
[DAG BUILD] BEFORE handle_multiple_producers: edges=receiver-> | transform->receiver
[DAG BUILD] AFTER handle_multiple_producers: edges=receiver-> | transform->receiver | source->transform
[DAG BUILD] AFTER fill_sequential_gaps: edges=receiver-> | transform->receiver | source->transform
I, [2025-10-27T13:41:24.416911 #8588]  INFO -- : [Job:012f296a][Pipeline:default] DAG: source -> transform -> receiver
I, [2025-10-27T13:41:24.417459 #8588]  INFO -- : [Pipeline:default][Producer:source] Starting 
E, [2025-10-27T13:41:24.417578 #8588] ERROR -- : [Pipeline:default][Producer:source] Error: undefined method 'emit' for an instance of #<Class:0x000001bb7442b9a0>
I, [2025-10-27T13:41:24.417672 #8588]  INFO -- : [Pipeline:default][Producer:source] Done
I, [2025-10-27T13:41:24.417511 #8588]  INFO -- : [Pipeline:default][Worker:receiver] Starting
I, [2025-10-27T13:41:24.417615 #8588]  INFO -- : [Pipeline:default][Worker:transform] Starting
I, [2025-10-27T13:41:24.417808 #8588]  INFO -- : [Pipeline:default][Worker:transform] Done
I, [2025-10-27T13:41:24.417853 #8588]  INFO -- : [Pipeline:default][Worker:receiver] Done
I, [2025-10-27T13:41:24.417910 #8588]  INFO -- : [Job:012f296a][Pipeline:default] Finished in 0.0s
I, [2025-10-27T13:41:24.417943 #8588]  INFO -- : [Job:012f296a]  finished
I, [2025-10-27T13:41:24.417987 #8588]  INFO -- : [Job:012f296a] Runtime: 0.0s
I, [2025-10-27T13:41:24.418022 #8588]  INFO -- : [Job:012f296a] Pipeline 'default': 0 produced, 0 consumed, 0.0 items/s
I, [2025-10-27T13:41:24.418064 #8588]  INFO -- : [Job:012f296a] Bottleneck: source (0.0 items/s)
I, [2025-10-27T13:41:24.418101 #8588]  INFO -- : [Job:012f296a] Total: 0 items, 0.0 items/min
    1-to-1: single stage routes to single pipeline (FAILED - 26)
I, [2025-10-27T13:41:24.419115 #8588]  INFO -- : [Job:5e28acc7]  started
I, [2025-10-27T13:41:24.419180 #8588]  INFO -- : [Job:5e28acc7] Configuration: max_processes=2, max_threads=5
I, [2025-10-27T13:41:24.419224 #8588]  INFO -- : [Job:5e28acc7][Pipeline:default] Starting
[DAG BUILD] BEFORE handle_multiple_producers: edges=pipe_x-> | stage_a->pipe_x,pipe_y | pipe_y-> | stage_b->pipe_x,pipe_y
[DAG BUILD] AFTER handle_multiple_producers: edges=pipe_x-> | stage_a->pipe_x,pipe_y | pipe_y-> | stage_b->pipe_x,pipe_y | source_a->stage_a | source_b->stage_b
[DAG BUILD] AFTER fill_sequential_gaps: edges=pipe_x-> | stage_a->pipe_x,pipe_y | pipe_y-> | stage_b->pipe_x,pipe_y | source_a->stage_a | source_b->stage_b
I, [2025-10-27T13:41:24.419323 #8588]  INFO -- : [Job:5e28acc7][Pipeline:default] DAG: source_b -> stage_b -> source_a -> stage_a -> pipe_y -> pipe_x
I, [2025-10-27T13:41:24.419356 #8588]  INFO -- : [Pipeline:default] Inserting RouterStage 'stage_a_router' (broadcast) for fan-out: stage_a -> pipe_x, pipe_y
I, [2025-10-27T13:41:24.419378 #8588]  INFO -- : [Pipeline:default] Inserting RouterStage 'stage_b_router' (broadcast) for fan-out: stage_b -> pipe_x, pipe_y
I, [2025-10-27T13:41:24.419573 #8588]  INFO -- : [Pipeline:default][Producer:source_a] Starting 
E, [2025-10-27T13:41:24.419765 #8588] ERROR -- : [Pipeline:default][Producer:source_a] Error: undefined method 'emit' for an instance of #<Class:0x000001bb743cf830>
I, [2025-10-27T13:41:24.419927 #8588]  INFO -- : [Pipeline:default][Producer:source_a] Done
I, [2025-10-27T13:41:24.419695 #8588]  INFO -- : [Pipeline:default][Worker:stage_a] Starting
I, [2025-10-27T13:41:24.420395 #8588]  INFO -- : [Pipeline:default][Worker:stage_a] Done
I, [2025-10-27T13:41:24.419794 #8588]  INFO -- : [Pipeline:default][Worker:stage_b] Starting
I, [2025-10-27T13:41:24.419828 #8588]  INFO -- : [Pipeline:default][Worker:stage_a_router] Starting
I, [2025-10-27T13:41:24.420490 #8588]  INFO -- : [Pipeline:default][Worker:stage_a_router] Done
I, [2025-10-27T13:41:24.419612 #8588]  INFO -- : [Pipeline:default][Worker:pipe_x] Starting
I, [2025-10-27T13:41:24.419655 #8588]  INFO -- : [Pipeline:default][Worker:pipe_y] Starting
I, [2025-10-27T13:41:24.419724 #8588]  INFO -- : [Pipeline:default][Producer:source_b] Starting 
E, [2025-10-27T13:41:24.421056 #8588] ERROR -- : [Pipeline:default][Producer:source_b] Error: undefined method 'emit' for an instance of #<Class:0x000001bb743cf830>
I, [2025-10-27T13:41:24.421084 #8588]  INFO -- : [Pipeline:default][Producer:source_b] Done
I, [2025-10-27T13:41:24.419852 #8588]  INFO -- : [Pipeline:default][Worker:stage_b_router] Starting
I, [2025-10-27T13:41:24.421240 #8588]  INFO -- : [Pipeline:default][Worker:stage_b_router] Done
I, [2025-10-27T13:41:24.421166 #8588]  INFO -- : [Pipeline:default][Worker:stage_b] Done
I, [2025-10-27T13:41:24.421290 #8588]  INFO -- : [Pipeline:default][Worker:pipe_x] Done
I, [2025-10-27T13:41:24.421330 #8588]  INFO -- : [Pipeline:default][Worker:pipe_y] Done
I, [2025-10-27T13:41:24.421422 #8588]  INFO -- : [Job:5e28acc7][Pipeline:default] Finished in 0.0s
I, [2025-10-27T13:41:24.421479 #8588]  INFO -- : [Job:5e28acc7]  finished
I, [2025-10-27T13:41:24.421508 #8588]  INFO -- : [Job:5e28acc7] Runtime: 0.0s
I, [2025-10-27T13:41:24.421557 #8588]  INFO -- : [Job:5e28acc7] Pipeline 'default': 0 produced, 0 consumed, 0.0 items/s
I, [2025-10-27T13:41:24.421597 #8588]  INFO -- : [Job:5e28acc7] Bottleneck: source_a (0.0 items/s)
I, [2025-10-27T13:41:24.421640 #8588]  INFO -- : [Job:5e28acc7] Total: 0 items, 0.0 items/min
    many-to-many: multiple stages route to multiple pipelines (FAILED - 27)
I, [2025-10-27T13:41:24.423318 #8588]  INFO -- : [Job:afd0caee]  started
I, [2025-10-27T13:41:24.423386 #8588]  INFO -- : [Job:afd0caee] Configuration: max_processes=2, max_threads=5
I, [2025-10-27T13:41:24.423429 #8588]  INFO -- : [Job:afd0caee][Pipeline:default] Starting
[DAG BUILD] BEFORE handle_multiple_producers: edges=pipe_a-> | split->pipe_a,pipe_b | pipe_b->
[DAG BUILD] AFTER handle_multiple_producers: edges=pipe_a-> | split->pipe_a,pipe_b | pipe_b-> | source->split
[DAG BUILD] AFTER fill_sequential_gaps: edges=pipe_a-> | split->pipe_a,pipe_b | pipe_b-> | source->split
I, [2025-10-27T13:41:24.423516 #8588]  INFO -- : [Job:afd0caee][Pipeline:default] DAG: source -> split -> pipe_b -> pipe_a
I, [2025-10-27T13:41:24.423559 #8588]  INFO -- : [Pipeline:default] Inserting RouterStage 'split_router' (broadcast) for fan-out: split -> pipe_a, pipe_b
I, [2025-10-27T13:41:24.426610 #8588]  INFO -- : [Pipeline:default][Producer:source] Starting 
E, [2025-10-27T13:41:24.426773 #8588] ERROR -- : [Pipeline:default][Producer:source] Error: undefined method 'emit' for an instance of #<Class:0x000001bb74303168>
I, [2025-10-27T13:41:24.426843 #8588]  INFO -- : [Pipeline:default][Producer:source] Done
I, [2025-10-27T13:41:24.426733 #8588]  INFO -- : [Pipeline:default][Worker:split_router] Starting
I, [2025-10-27T13:41:24.426799 #8588]  INFO -- : [Pipeline:default][Worker:split] Starting
I, [2025-10-27T13:41:24.426954 #8588]  INFO -- : [Pipeline:default][Worker:split] Done
I, [2025-10-27T13:41:24.426701 #8588]  INFO -- : [Pipeline:default][Worker:pipe_b] Starting
I, [2025-10-27T13:41:24.427053 #8588]  INFO -- : [Pipeline:default][Worker:pipe_b] Done
I, [2025-10-27T13:41:24.426997 #8588]  INFO -- : [Pipeline:default][Worker:split_router] Done
I, [2025-10-27T13:41:24.426666 #8588]  INFO -- : [Pipeline:default][Worker:pipe_a] Starting
I, [2025-10-27T13:41:24.427134 #8588]  INFO -- : [Pipeline:default][Worker:pipe_a] Done
I, [2025-10-27T13:41:24.427184 #8588]  INFO -- : [Job:afd0caee][Pipeline:default] Finished in 0.0s
I, [2025-10-27T13:41:24.427239 #8588]  INFO -- : [Job:afd0caee]  finished
I, [2025-10-27T13:41:24.427271 #8588]  INFO -- : [Job:afd0caee] Runtime: 0.0s
I, [2025-10-27T13:41:24.427321 #8588]  INFO -- : [Job:afd0caee] Pipeline 'default': 0 produced, 0 consumed, 0.0 items/s
I, [2025-10-27T13:41:24.427354 #8588]  INFO -- : [Job:afd0caee] Bottleneck: source (0.0 items/s)
I, [2025-10-27T13:41:24.427384 #8588]  INFO -- : [Job:afd0caee] Total: 0 items, 0.0 items/min
    1-to-many: single stage routes to multiple pipelines (FAILED - 28)

emit_to_stage
  batching with emit_to_stage
I, [2025-10-27T13:41:24.427779 #8588]  INFO -- : [Job:5f54e401]  started
I, [2025-10-27T13:41:24.427827 #8588]  INFO -- : [Job:5f54e401] Configuration: max_processes=2, max_threads=5
I, [2025-10-27T13:41:24.427860 #8588]  INFO -- : [Job:5f54e401][Pipeline:default] Starting
[DAG BUILD] BEFORE handle_multiple_producers: edges=
[DAG BUILD] AFTER handle_multiple_producers: edges=gen->type_batcher | type_batcher->
[DAG BUILD] AFTER fill_sequential_gaps: edges=gen->type_batcher | type_batcher->A_handler | A_handler->B_handler | B_handler->
I, [2025-10-27T13:41:24.427951 #8588]  INFO -- : [Job:5f54e401][Pipeline:default] DAG: gen -> type_batcher -> A_handler -> B_handler
I, [2025-10-27T13:41:24.428075 #8588]  INFO -- : [Pipeline:default][Producer:gen] Starting 
E, [2025-10-27T13:41:24.428185 #8588] ERROR -- : [Pipeline:default][Producer:gen] Error: undefined method 'emit' for an instance of #<Class:0x000001bb74d8bfe0>
I, [2025-10-27T13:41:24.428292 #8588]  INFO -- : [Pipeline:default][Producer:gen] Done
I, [2025-10-27T13:41:24.428125 #8588]  INFO -- : [Pipeline:default][Worker:type_batcher] Starting
E, [2025-10-27T13:41:24.428392 #8588] ERROR -- : [Pipeline:default][Stage:type_batcher] Error: undefined method '[]' for an instance of Minigun::InputQueue
E, [2025-10-27T13:41:24.428438 #8588] ERROR -- : C:/workspace/minigun/spec/unit/emit_to_stage_spec.rb:566:in 'block (6 levels) in <top (required)>'
C:/workspace/minigun/lib/minigun/stage.rb:112:in 'BasicObject#instance_exec'
C:/workspace/minigun/lib/minigun/stage.rb:112:in 'Minigun::AtomicStage#execute'
C:/workspace/minigun/lib/minigun/execution/executor.rb:62:in 'Minigun::Execution::Executor#run_stage_logic'
C:/workspace/minigun/lib/minigun/execution/executor.rb:71:in 'Minigun::Execution::InlineExecutor#execute_with_strategy'
C:/workspace/minigun/lib/minigun/execution/executor.rb:31:in 'Minigun::Execution::Executor#execute_stage_item'
C:/workspace/minigun/lib/minigun/execution/stage_worker.rb:214:in 'Minigun::Execution::StageWorker#execute_stage_with_queues'
C:/workspace/minigun/lib/minigun/execution/stage_worker.rb:140:in 'Minigun::Execution::StageWorker#run_processor_loop'
C:/workspace/minigun/lib/minigun/execution/stage_worker.rb:74:in 'Minigun::Execution::StageWorker#run_worker_loop'
C:/workspace/minigun/lib/minigun/execution/stage_worker.rb:29:in 'block in Minigun::Execution::StageWorker#start'
I, [2025-10-27T13:41:24.428496 #8588]  INFO -- : [Pipeline:default][Worker:type_batcher] Done
I, [2025-10-27T13:41:24.428217 #8588]  INFO -- : [Pipeline:default][Worker:A_handler] Starting
I, [2025-10-27T13:41:24.428581 #8588]  INFO -- : [Pipeline:default][Worker:A_handler] Done
I, [2025-10-27T13:41:24.428251 #8588]  INFO -- : [Pipeline:default][Worker:B_handler] Starting
I, [2025-10-27T13:41:24.428656 #8588]  INFO -- : [Pipeline:default][Worker:B_handler] Done
I, [2025-10-27T13:41:24.428710 #8588]  INFO -- : [Job:5f54e401][Pipeline:default] Finished in 0.0s
I, [2025-10-27T13:41:24.428764 #8588]  INFO -- : [Job:5f54e401]  finished
I, [2025-10-27T13:41:24.428809 #8588]  INFO -- : [Job:5f54e401] Runtime: 0.0s
I, [2025-10-27T13:41:24.428846 #8588]  INFO -- : [Job:5f54e401] Pipeline 'default': 0 produced, 0 consumed, 0.0 items/s
I, [2025-10-27T13:41:24.428871 #8588]  INFO -- : [Job:5f54e401] Bottleneck: gen (0.0 items/s)
I, [2025-10-27T13:41:24.428893 #8588]  INFO -- : [Job:5f54e401] Total: 0 items, 0.0 items/min
    supports custom batching with dynamic routing (FAILED - 29)
  complex routing patterns
I, [2025-10-27T13:41:24.429140 #8588]  INFO -- : [Job:2861cf59]  started
I, [2025-10-27T13:41:24.429185 #8588]  INFO -- : [Job:2861cf59] Configuration: max_processes=2, max_threads=5
I, [2025-10-27T13:41:24.429228 #8588]  INFO -- : [Job:2861cf59][Pipeline:default] Starting
[DAG BUILD] BEFORE handle_multiple_producers: edges=
[DAG BUILD] AFTER handle_multiple_producers: edges=gen->category_router | category_router->
[DAG BUILD] AFTER fill_sequential_gaps: edges=gen->category_router | category_router->email_type_router | email_type_router->email_transactional | email_transactional->email_marketing | email_marketing->sms_handler | sms_handler->
I, [2025-10-27T13:41:24.429318 #8588]  INFO -- : [Job:2861cf59][Pipeline:default] DAG: gen -> category_router -> email_type_router -> email_transactional -> email_marketing -> sms_handler
I, [2025-10-27T13:41:24.429476 #8588]  INFO -- : [Pipeline:default][Producer:gen] Starting 
E, [2025-10-27T13:41:24.429626 #8588] ERROR -- : [Pipeline:default][Producer:gen] Error: undefined method 'emit' for an instance of #<Class:0x000001bb74d862c0>
I, [2025-10-27T13:41:24.429796 #8588]  INFO -- : [Pipeline:default][Producer:gen] Done
I, [2025-10-27T13:41:24.429670 #8588]  INFO -- : [Pipeline:default][Worker:category_router] Starting
E, [2025-10-27T13:41:24.429905 #8588] ERROR -- : [Pipeline:default][Stage:category_router] Error: undefined method '[]' for an instance of Minigun::InputQueue
E, [2025-10-27T13:41:24.429961 #8588] ERROR -- : C:/workspace/minigun/spec/unit/emit_to_stage_spec.rb:505:in 'block (6 levels) in <top (required)>'
C:/workspace/minigun/lib/minigun/stage.rb:112:in 'BasicObject#instance_exec'
C:/workspace/minigun/lib/minigun/stage.rb:112:in 'Minigun::AtomicStage#execute'
C:/workspace/minigun/lib/minigun/execution/executor.rb:62:in 'Minigun::Execution::Executor#run_stage_logic'
C:/workspace/minigun/lib/minigun/execution/executor.rb:71:in 'Minigun::Execution::InlineExecutor#execute_with_strategy'
C:/workspace/minigun/lib/minigun/execution/executor.rb:31:in 'Minigun::Execution::Executor#execute_stage_item'
C:/workspace/minigun/lib/minigun/execution/stage_worker.rb:214:in 'Minigun::Execution::StageWorker#execute_stage_with_queues'
C:/workspace/minigun/lib/minigun/execution/stage_worker.rb:140:in 'Minigun::Execution::StageWorker#run_processor_loop'
C:/workspace/minigun/lib/minigun/execution/stage_worker.rb:74:in 'Minigun::Execution::StageWorker#run_worker_loop'
C:/workspace/minigun/lib/minigun/execution/stage_worker.rb:29:in 'block in Minigun::Execution::StageWorker#start'
I, [2025-10-27T13:41:24.430012 #8588]  INFO -- : [Pipeline:default][Worker:category_router] Done
I, [2025-10-27T13:41:24.429561 #8588]  INFO -- : [Pipeline:default][Worker:sms_handler] Starting
I, [2025-10-27T13:41:24.429710 #8588]  INFO -- : [Pipeline:default][Worker:email_marketing] Starting
I, [2025-10-27T13:41:24.429513 #8588]  INFO -- : [Pipeline:default][Worker:email_transactional] Starting
I, [2025-10-27T13:41:24.429757 #8588]  INFO -- : [Pipeline:default][Worker:email_type_router] Starting
E, [2025-10-27T13:41:24.430232 #8588] ERROR -- : [Pipeline:default][Stage:email_type_router] Error: undefined method '[]' for an instance of Minigun::InputQueue
E, [2025-10-27T13:41:24.430272 #8588] ERROR -- : C:/workspace/minigun/spec/unit/emit_to_stage_spec.rb:513:in 'block (6 levels) in <top (required)>'
C:/workspace/minigun/lib/minigun/stage.rb:112:in 'BasicObject#instance_exec'
C:/workspace/minigun/lib/minigun/stage.rb:112:in 'Minigun::AtomicStage#execute'
C:/workspace/minigun/lib/minigun/execution/executor.rb:62:in 'Minigun::Execution::Executor#run_stage_logic'
C:/workspace/minigun/lib/minigun/execution/executor.rb:71:in 'Minigun::Execution::InlineExecutor#execute_with_strategy'
C:/workspace/minigun/lib/minigun/execution/executor.rb:31:in 'Minigun::Execution::Executor#execute_stage_item'
C:/workspace/minigun/lib/minigun/execution/stage_worker.rb:214:in 'Minigun::Execution::StageWorker#execute_stage_with_queues'
C:/workspace/minigun/lib/minigun/execution/stage_worker.rb:140:in 'Minigun::Execution::StageWorker#run_processor_loop'
C:/workspace/minigun/lib/minigun/execution/stage_worker.rb:74:in 'Minigun::Execution::StageWorker#run_worker_loop'
C:/workspace/minigun/lib/minigun/execution/stage_worker.rb:29:in 'block in Minigun::Execution::StageWorker#start'
I, [2025-10-27T13:41:24.430310 #8588]  INFO -- : [Pipeline:default][Worker:email_type_router] Done
I, [2025-10-27T13:41:24.430419 #8588]  INFO -- : [Pipeline:default][Worker:email_marketing] Done
I, [2025-10-27T13:41:24.430347 #8588]  INFO -- : [Pipeline:default][Worker:email_transactional] Done
I, [2025-10-27T13:41:24.430477 #8588]  INFO -- : [Pipeline:default][Worker:sms_handler] Done
I, [2025-10-27T13:41:24.430556 #8588]  INFO -- : [Job:2861cf59][Pipeline:default] Finished in 0.0s
I, [2025-10-27T13:41:24.430593 #8588]  INFO -- : [Job:2861cf59]  finished
I, [2025-10-27T13:41:24.430616 #8588]  INFO -- : [Job:2861cf59] Runtime: 0.0s
I, [2025-10-27T13:41:24.430639 #8588]  INFO -- : [Job:2861cf59] Pipeline 'default': 0 produced, 0 consumed, 0.0 items/s
I, [2025-10-27T13:41:24.430661 #8588]  INFO -- : [Job:2861cf59] Bottleneck: gen (0.0 items/s)
I, [2025-10-27T13:41:24.430705 #8588]  INFO -- : [Job:2861cf59] Total: 0 items, 0.0 items/min
    supports multi-level routing (FAILED - 30)
I, [2025-10-27T13:41:24.430903 #8588]  INFO -- : [Job:eea2fe64]  started
I, [2025-10-27T13:41:24.430961 #8588]  INFO -- : [Job:eea2fe64] Configuration: max_processes=2, max_threads=5
I, [2025-10-27T13:41:24.431009 #8588]  INFO -- : [Job:eea2fe64][Pipeline:default] Starting
[DAG BUILD] BEFORE handle_multiple_producers: edges=
[DAG BUILD] AFTER handle_multiple_producers: edges=gen->priority_router | priority_router->
[DAG BUILD] AFTER fill_sequential_gaps: edges=gen->priority_router | priority_router->high_priority_handler | high_priority_handler->medium_priority_handler | medium_priority_handler->low_priority_handler | low_priority_handler->default_handler | default_handler->
I, [2025-10-27T13:41:24.431098 #8588]  INFO -- : [Job:eea2fe64][Pipeline:default] DAG: gen -> priority_router -> high_priority_handler -> medium_priority_handler -> low_priority_handler -> default_handler
I, [2025-10-27T13:41:24.431271 #8588]  INFO -- : [Pipeline:default][Producer:gen] Starting 
E, [2025-10-27T13:41:24.431415 #8588] ERROR -- : [Pipeline:default][Producer:gen] Error: undefined method 'emit' for an instance of #<Class:0x000001bb74d3e560>
I, [2025-10-27T13:41:24.431560 #8588]  INFO -- : [Pipeline:default][Producer:gen] Done
I, [2025-10-27T13:41:24.431449 #8588]  INFO -- : [Pipeline:default][Worker:medium_priority_handler] Starting
I, [2025-10-27T13:41:24.431483 #8588]  INFO -- : [Pipeline:default][Worker:high_priority_handler] Starting
I, [2025-10-27T13:41:24.431319 #8588]  INFO -- : [Pipeline:default][Worker:priority_router] Starting
E, [2025-10-27T13:41:24.431723 #8588] ERROR -- : [Pipeline:default][Stage:priority_router] Error: undefined method '[]' for an instance of Minigun::InputQueue
E, [2025-10-27T13:41:24.431770 #8588] ERROR -- : C:/workspace/minigun/spec/unit/emit_to_stage_spec.rb:391:in 'block (6 levels) in <top (required)>'
C:/workspace/minigun/lib/minigun/stage.rb:112:in 'BasicObject#instance_exec'
C:/workspace/minigun/lib/minigun/stage.rb:112:in 'Minigun::AtomicStage#execute'
C:/workspace/minigun/lib/minigun/execution/executor.rb:62:in 'Minigun::Execution::Executor#run_stage_logic'
C:/workspace/minigun/lib/minigun/execution/executor.rb:71:in 'Minigun::Execution::InlineExecutor#execute_with_strategy'
C:/workspace/minigun/lib/minigun/execution/executor.rb:31:in 'Minigun::Execution::Executor#execute_stage_item'
C:/workspace/minigun/lib/minigun/execution/stage_worker.rb:214:in 'Minigun::Execution::StageWorker#execute_stage_with_queues'
C:/workspace/minigun/lib/minigun/execution/stage_worker.rb:140:in 'Minigun::Execution::StageWorker#run_processor_loop'
C:/workspace/minigun/lib/minigun/execution/stage_worker.rb:74:in 'Minigun::Execution::StageWorker#run_worker_loop'
C:/workspace/minigun/lib/minigun/execution/stage_worker.rb:29:in 'block in Minigun::Execution::StageWorker#start'
I, [2025-10-27T13:41:24.431829 #8588]  INFO -- : [Pipeline:default][Worker:priority_router] Done
I, [2025-10-27T13:41:24.431938 #8588]  INFO -- : [Pipeline:default][Worker:medium_priority_handler] Done
I, [2025-10-27T13:41:24.431529 #8588]  INFO -- : [Pipeline:default][Worker:default_handler] Starting
I, [2025-10-27T13:41:24.431880 #8588]  INFO -- : [Pipeline:default][Worker:high_priority_handler] Done
I, [2025-10-27T13:41:24.431363 #8588]  INFO -- : [Pipeline:default][Worker:low_priority_handler] Starting
I, [2025-10-27T13:41:24.432098 #8588]  INFO -- : [Pipeline:default][Worker:low_priority_handler] Done
I, [2025-10-27T13:41:24.432149 #8588]  INFO -- : [Pipeline:default][Worker:default_handler] Done
I, [2025-10-27T13:41:24.432222 #8588]  INFO -- : [Job:eea2fe64][Pipeline:default] Finished in 0.0s
I, [2025-10-27T13:41:24.432262 #8588]  INFO -- : [Job:eea2fe64]  finished
I, [2025-10-27T13:41:24.432300 #8588]  INFO -- : [Job:eea2fe64] Runtime: 0.0s
I, [2025-10-27T13:41:24.432341 #8588]  INFO -- : [Job:eea2fe64] Pipeline 'default': 0 produced, 0 consumed, 0.0 items/s
I, [2025-10-27T13:41:24.432364 #8588]  INFO -- : [Job:eea2fe64] Bottleneck: gen (0.0 items/s)
I, [2025-10-27T13:41:24.432380 #8588]  INFO -- : [Job:eea2fe64] Total: 0 items, 0.0 items/min
    supports conditional routing logic (FAILED - 31)
I, [2025-10-27T13:41:24.432558 #8588]  INFO -- : [Job:0ef28a46]  started
I, [2025-10-27T13:41:24.432613 #8588]  INFO -- : [Job:0ef28a46] Configuration: max_processes=2, max_threads=5
I, [2025-10-27T13:41:24.432656 #8588]  INFO -- : [Job:0ef28a46][Pipeline:default] Starting
[DAG BUILD] BEFORE handle_multiple_producers: edges=
[DAG BUILD] AFTER handle_multiple_producers: edges=gen->load_balancer | load_balancer->
[DAG BUILD] AFTER fill_sequential_gaps: edges=gen->load_balancer | load_balancer->worker_0 | worker_0->worker_1 | worker_1->worker_2 | worker_2->
I, [2025-10-27T13:41:24.432751 #8588]  INFO -- : [Job:0ef28a46][Pipeline:default] DAG: gen -> load_balancer -> worker_0 -> worker_1 -> worker_2
I, [2025-10-27T13:41:24.432900 #8588]  INFO -- : [Pipeline:default][Producer:gen] Starting 
E, [2025-10-27T13:41:24.432998 #8588] ERROR -- : [Pipeline:default][Producer:gen] Error: undefined method 'emit' for an instance of #<Class:0x000001bb74d36720>
I, [2025-10-27T13:41:24.433122 #8588]  INFO -- : [Pipeline:default][Producer:gen] Done
I, [2025-10-27T13:41:24.432940 #8588]  INFO -- : [Pipeline:default][Worker:load_balancer] Starting
E, [2025-10-27T13:41:24.433259 #8588] ERROR -- : [Pipeline:default][Stage:load_balancer] Error: undefined method 'emit_to_stage' for an instance of #<Class:0x000001bb74d36720>
E, [2025-10-27T13:41:24.433316 #8588] ERROR -- : C:/workspace/minigun/spec/unit/emit_to_stage_spec.rb:454:in 'block (6 levels) in <top (required)>'
C:/workspace/minigun/lib/minigun/stage.rb:112:in 'BasicObject#instance_exec'
C:/workspace/minigun/lib/minigun/stage.rb:112:in 'Minigun::AtomicStage#execute'
C:/workspace/minigun/lib/minigun/execution/executor.rb:62:in 'Minigun::Execution::Executor#run_stage_logic'
C:/workspace/minigun/lib/minigun/execution/executor.rb:71:in 'Minigun::Execution::InlineExecutor#execute_with_strategy'
C:/workspace/minigun/lib/minigun/execution/executor.rb:31:in 'Minigun::Execution::Executor#execute_stage_item'
C:/workspace/minigun/lib/minigun/execution/stage_worker.rb:214:in 'Minigun::Execution::StageWorker#execute_stage_with_queues'
C:/workspace/minigun/lib/minigun/execution/stage_worker.rb:140:in 'Minigun::Execution::StageWorker#run_processor_loop'
C:/workspace/minigun/lib/minigun/execution/stage_worker.rb:74:in 'Minigun::Execution::StageWorker#run_worker_loop'
C:/workspace/minigun/lib/minigun/execution/stage_worker.rb:29:in 'block in Minigun::Execution::StageWorker#start'
I, [2025-10-27T13:41:24.433374 #8588]  INFO -- : [Pipeline:default][Worker:load_balancer] Done
I, [2025-10-27T13:41:24.433092 #8588]  INFO -- : [Pipeline:default][Worker:worker_1] Starting
I, [2025-10-27T13:41:24.433147 #8588]  INFO -- : [Pipeline:default][Worker:worker_2] Starting
I, [2025-10-27T13:41:24.433046 #8588]  INFO -- : [Pipeline:default][Worker:worker_0] Starting
I, [2025-10-27T13:41:24.433557 #8588]  INFO -- : [Pipeline:default][Worker:worker_0] Done
I, [2025-10-27T13:41:24.433663 #8588]  INFO -- : [Pipeline:default][Worker:worker_2] Done
I, [2025-10-27T13:41:24.433612 #8588]  INFO -- : [Pipeline:default][Worker:worker_1] Done
I, [2025-10-27T13:41:24.433740 #8588]  INFO -- : [Job:0ef28a46][Pipeline:default] Finished in 0.0s
I, [2025-10-27T13:41:24.433794 #8588]  INFO -- : [Job:0ef28a46]  finished
I, [2025-10-27T13:41:24.433834 #8588]  INFO -- : [Job:0ef28a46] Runtime: 0.0s
I, [2025-10-27T13:41:24.433885 #8588]  INFO -- : [Job:0ef28a46] Pipeline 'default': 0 produced, 0 consumed, 0.0 items/s
I, [2025-10-27T13:41:24.433940 #8588]  INFO -- : [Job:0ef28a46] Bottleneck: gen (0.0 items/s)
I, [2025-10-27T13:41:24.433985 #8588]  INFO -- : [Job:0ef28a46] Total: 0 items, 0.0 items/min
    supports load balancing pattern (FAILED - 32)
  execution context integration
I, [2025-10-27T13:41:24.435004 #8588]  INFO -- : [Job:3e2457c3]  started
I, [2025-10-27T13:41:24.435041 #8588]  INFO -- : [Job:3e2457c3] Configuration: max_processes=2, max_threads=5
I, [2025-10-27T13:41:24.435064 #8588]  INFO -- : [Job:3e2457c3][Pipeline:default] Starting
[DAG BUILD] BEFORE handle_multiple_producers: edges=
[DAG BUILD] AFTER handle_multiple_producers: edges=gen->router | router->
[DAG BUILD] AFTER fill_sequential_gaps: edges=gen->router | router->light_processor | light_processor->heavy_processor | heavy_processor->
I, [2025-10-27T13:41:24.435152 #8588]  INFO -- : [Job:3e2457c3][Pipeline:default] DAG: gen -> router -> light_processor -> heavy_processor
I, [2025-10-27T13:41:24.435300 #8588]  INFO -- : [Pipeline:default][Producer:gen] Starting 
E, [2025-10-27T13:41:24.435400 #8588] ERROR -- : [Pipeline:default][Producer:gen] Error: undefined method 'emit' for an instance of #<Class:0x000001bb74c3d3f0>
I, [2025-10-27T13:41:24.435488 #8588]  INFO -- : [Pipeline:default][Producer:gen] Done
I, [2025-10-27T13:41:24.435340 #8588]  INFO -- : [Pipeline:default][Worker:router] Starting
E, [2025-10-27T13:41:24.435592 #8588] ERROR -- : [Pipeline:default][Stage:router] Error: undefined method '[]' for an instance of Minigun::InputQueue
E, [2025-10-27T13:41:24.435637 #8588] ERROR -- : C:/workspace/minigun/spec/unit/emit_to_stage_spec.rb:319:in 'block (6 levels) in <top (required)>'
C:/workspace/minigun/lib/minigun/stage.rb:112:in 'BasicObject#instance_exec'
C:/workspace/minigun/lib/minigun/stage.rb:112:in 'Minigun::AtomicStage#execute'
C:/workspace/minigun/lib/minigun/execution/executor.rb:62:in 'Minigun::Execution::Executor#run_stage_logic'
C:/workspace/minigun/lib/minigun/execution/executor.rb:71:in 'Minigun::Execution::InlineExecutor#execute_with_strategy'
C:/workspace/minigun/lib/minigun/execution/executor.rb:31:in 'Minigun::Execution::Executor#execute_stage_item'
C:/workspace/minigun/lib/minigun/execution/stage_worker.rb:214:in 'Minigun::Execution::StageWorker#execute_stage_with_queues'
C:/workspace/minigun/lib/minigun/execution/stage_worker.rb:140:in 'Minigun::Execution::StageWorker#run_processor_loop'
C:/workspace/minigun/lib/minigun/execution/stage_worker.rb:74:in 'Minigun::Execution::StageWorker#run_worker_loop'
C:/workspace/minigun/lib/minigun/execution/stage_worker.rb:29:in 'block in Minigun::Execution::StageWorker#start'
I, [2025-10-27T13:41:24.435692 #8588]  INFO -- : [Pipeline:default][Worker:router] Done
I, [2025-10-27T13:41:24.435431 #8588]  INFO -- : [Pipeline:default][Worker:heavy_processor] Starting
I, [2025-10-27T13:41:24.435460 #8588]  INFO -- : [Pipeline:default][Worker:light_processor] Starting
I, [2025-10-27T13:41:24.435795 #8588]  INFO -- : [Pipeline:default][Worker:light_processor] Done
I, [2025-10-27T13:41:24.435843 #8588]  INFO -- : [Pipeline:default][Worker:heavy_processor] Done
I, [2025-10-27T13:41:24.435928 #8588]  INFO -- : [Job:3e2457c3][Pipeline:default] Finished in 0.0s
I, [2025-10-27T13:41:24.436140 #8588]  INFO -- : [Job:3e2457c3]  finished
I, [2025-10-27T13:41:24.436182 #8588]  INFO -- : [Job:3e2457c3] Runtime: 0.0s
I, [2025-10-27T13:41:24.436233 #8588]  INFO -- : [Job:3e2457c3] Pipeline 'default': 0 produced, 0 consumed, 0.0 items/s
I, [2025-10-27T13:41:24.436267 #8588]  INFO -- : [Job:3e2457c3] Bottleneck: gen (0.0 items/s)
I, [2025-10-27T13:41:24.436312 #8588]  INFO -- : [Job:3e2457c3] Total: 0 items, 0.0 items/min
    works across different execution contexts with forked processes (FAILED - 33)
I, [2025-10-27T13:41:24.436745 #8588]  INFO -- : [Job:f46b05ad]  started
I, [2025-10-27T13:41:24.436799 #8588]  INFO -- : [Job:f46b05ad] Configuration: max_processes=2, max_threads=5
I, [2025-10-27T13:41:24.436847 #8588]  INFO -- : [Job:f46b05ad][Pipeline:default] Starting
[DAG BUILD] BEFORE handle_multiple_producers: edges=
[DAG BUILD] AFTER handle_multiple_producers: edges=gen->router | router->
[DAG BUILD] AFTER fill_sequential_gaps: edges=gen->router | router->even_processor | even_processor->odd_processor | odd_processor->
I, [2025-10-27T13:41:24.436917 #8588]  INFO -- : [Job:f46b05ad][Pipeline:default] DAG: gen -> router -> even_processor -> odd_processor
I, [2025-10-27T13:41:24.437629 #8588]  INFO -- : [Pipeline:default][Producer:gen] Starting 
E, [2025-10-27T13:41:24.437808 #8588] ERROR -- : [Pipeline:default][Producer:gen] Error: undefined method 'emit' for an instance of #<Class:0x000001bb74c35a10>
I, [2025-10-27T13:41:24.437849 #8588]  INFO -- : [Pipeline:default][Producer:gen] Done
I, [2025-10-27T13:41:24.437752 #8588]  INFO -- : [Pipeline:default][Worker:odd_processor] Starting
I, [2025-10-27T13:41:24.437683 #8588]  INFO -- : [Pipeline:default][Worker:router] Starting
E, [2025-10-27T13:41:24.437983 #8588] ERROR -- : [Pipeline:default][Stage:router] Error: undefined method 'even?' for an instance of Minigun::InputQueue
E, [2025-10-27T13:41:24.438035 #8588] ERROR -- : C:/workspace/minigun/spec/unit/emit_to_stage_spec.rb:219:in 'block (6 levels) in <top (required)>'
C:/workspace/minigun/lib/minigun/stage.rb:112:in 'BasicObject#instance_exec'
C:/workspace/minigun/lib/minigun/stage.rb:112:in 'Minigun::AtomicStage#execute'
C:/workspace/minigun/lib/minigun/execution/executor.rb:62:in 'Minigun::Execution::Executor#run_stage_logic'
C:/workspace/minigun/lib/minigun/execution/executor.rb:71:in 'Minigun::Execution::InlineExecutor#execute_with_strategy'
C:/workspace/minigun/lib/minigun/execution/executor.rb:31:in 'Minigun::Execution::Executor#execute_stage_item'
C:/workspace/minigun/lib/minigun/execution/stage_worker.rb:214:in 'Minigun::Execution::StageWorker#execute_stage_with_queues'
C:/workspace/minigun/lib/minigun/execution/stage_worker.rb:140:in 'Minigun::Execution::StageWorker#run_processor_loop'
C:/workspace/minigun/lib/minigun/execution/stage_worker.rb:74:in 'Minigun::Execution::StageWorker#run_worker_loop'
C:/workspace/minigun/lib/minigun/execution/stage_worker.rb:29:in 'block in Minigun::Execution::StageWorker#start'
I, [2025-10-27T13:41:24.438076 #8588]  INFO -- : [Pipeline:default][Worker:router] Done
I, [2025-10-27T13:41:24.437715 #8588]  INFO -- : [Pipeline:default][Worker:even_processor] Starting
I, [2025-10-27T13:41:24.438157 #8588]  INFO -- : [Pipeline:default][Worker:even_processor] Done
I, [2025-10-27T13:41:24.438197 #8588]  INFO -- : [Pipeline:default][Worker:odd_processor] Done
I, [2025-10-27T13:41:24.438296 #8588]  INFO -- : [Job:f46b05ad][Pipeline:default] Finished in 0.0s
I, [2025-10-27T13:41:24.438345 #8588]  INFO -- : [Job:f46b05ad]  finished
I, [2025-10-27T13:41:24.438389 #8588]  INFO -- : [Job:f46b05ad] Runtime: 0.0s
I, [2025-10-27T13:41:24.438423 #8588]  INFO -- : [Job:f46b05ad] Pipeline 'default': 0 produced, 0 consumed, 0.0 items/s
I, [2025-10-27T13:41:24.438470 #8588]  INFO -- : [Job:f46b05ad] Bottleneck: gen (0.0 items/s)
I, [2025-10-27T13:41:24.438505 #8588]  INFO -- : [Job:f46b05ad] Total: 0 items, 0.0 items/min
    works with threaded consumers (FAILED - 34)
I, [2025-10-27T13:41:24.438725 #8588]  INFO -- : [Job:f2adc973]  started
I, [2025-10-27T13:41:24.438779 #8588]  INFO -- : [Job:f2adc973] Configuration: max_processes=2, max_threads=5
I, [2025-10-27T13:41:24.438825 #8588]  INFO -- : [Job:f2adc973][Pipeline:default] Starting
[DAG BUILD] BEFORE handle_multiple_producers: edges=
[DAG BUILD] AFTER handle_multiple_producers: edges=gen->router | router->
[DAG BUILD] AFTER fill_sequential_gaps: edges=gen->router | router->light_processor | light_processor->heavy_processor | heavy_processor->
I, [2025-10-27T13:41:24.438917 #8588]  INFO -- : [Job:f2adc973][Pipeline:default] DAG: gen -> router -> light_processor -> heavy_processor
I, [2025-10-27T13:41:24.439066 #8588]  INFO -- : [Pipeline:default][Producer:gen] Starting 
E, [2025-10-27T13:41:24.439167 #8588] ERROR -- : [Pipeline:default][Producer:gen] Error: undefined method 'emit' for an instance of #<Class:0x000001bb74d8b4a0>
I, [2025-10-27T13:41:24.439264 #8588]  INFO -- : [Pipeline:default][Producer:gen] Done
I, [2025-10-27T13:41:24.439103 #8588]  INFO -- : [Pipeline:default][Worker:router] Starting
E, [2025-10-27T13:41:24.439362 #8588] ERROR -- : [Pipeline:default][Stage:router] Error: undefined method '[]' for an instance of Minigun::InputQueue
E, [2025-10-27T13:41:24.439406 #8588] ERROR -- : C:/workspace/minigun/spec/unit/emit_to_stage_spec.rb:267:in 'block (6 levels) in <top (required)>'
C:/workspace/minigun/lib/minigun/stage.rb:112:in 'BasicObject#instance_exec'
C:/workspace/minigun/lib/minigun/stage.rb:112:in 'Minigun::AtomicStage#execute'
C:/workspace/minigun/lib/minigun/execution/executor.rb:62:in 'Minigun::Execution::Executor#run_stage_logic'
C:/workspace/minigun/lib/minigun/execution/executor.rb:71:in 'Minigun::Execution::InlineExecutor#execute_with_strategy'
C:/workspace/minigun/lib/minigun/execution/executor.rb:31:in 'Minigun::Execution::Executor#execute_stage_item'
C:/workspace/minigun/lib/minigun/execution/stage_worker.rb:214:in 'Minigun::Execution::StageWorker#execute_stage_with_queues'
C:/workspace/minigun/lib/minigun/execution/stage_worker.rb:140:in 'Minigun::Execution::StageWorker#run_processor_loop'
C:/workspace/minigun/lib/minigun/execution/stage_worker.rb:74:in 'Minigun::Execution::StageWorker#run_worker_loop'
C:/workspace/minigun/lib/minigun/execution/stage_worker.rb:29:in 'block in Minigun::Execution::StageWorker#start'
I, [2025-10-27T13:41:24.439438 #8588]  INFO -- : [Pipeline:default][Worker:router] Done
I, [2025-10-27T13:41:24.439206 #8588]  INFO -- : [Pipeline:default][Worker:light_processor] Starting
I, [2025-10-27T13:41:24.439510 #8588]  INFO -- : [Pipeline:default][Worker:light_processor] Done
I, [2025-10-27T13:41:24.439237 #8588]  INFO -- : [Pipeline:default][Worker:heavy_processor] Starting
I, [2025-10-27T13:41:24.439593 #8588]  INFO -- : [Pipeline:default][Worker:heavy_processor] Done
I, [2025-10-27T13:41:24.439659 #8588]  INFO -- : [Job:f2adc973][Pipeline:default] Finished in 0.0s
I, [2025-10-27T13:41:24.439706 #8588]  INFO -- : [Job:f2adc973]  finished
I, [2025-10-27T13:41:24.439724 #8588]  INFO -- : [Job:f2adc973] Runtime: 0.0s
I, [2025-10-27T13:41:24.439747 #8588]  INFO -- : [Job:f2adc973] Pipeline 'default': 0 produced, 0 consumed, 0.0 items/s
I, [2025-10-27T13:41:24.439783 #8588]  INFO -- : [Job:f2adc973] Bottleneck: gen (0.0 items/s)
I, [2025-10-27T13:41:24.439826 #8588]  INFO -- : [Job:f2adc973] Total: 0 items, 0.0 items/min
    works across different execution contexts (FAILED - 35)
  AtomicStage#execute_with_emit
    returns array with both plain items and targeted items (FAILED - 36)
    returns plain items when only emit is used (FAILED - 37)
    returns hash with target when emit_to_stage is used (FAILED - 38)
  basic functionality
I, [2025-10-27T13:41:24.440705 #8588]  INFO -- : [Job:0c581681]  started
I, [2025-10-27T13:41:24.440773 #8588]  INFO -- : [Job:0c581681] Configuration: max_processes=2, max_threads=5
I, [2025-10-27T13:41:24.440824 #8588]  INFO -- : [Job:0c581681][Pipeline:default] Starting
[DAG BUILD] BEFORE handle_multiple_producers: edges=
[DAG BUILD] AFTER handle_multiple_producers: edges=gen->router | router->
[DAG BUILD] AFTER fill_sequential_gaps: edges=gen->router | router->normal | normal->special | special->
I, [2025-10-27T13:41:24.440904 #8588]  INFO -- : [Job:0c581681][Pipeline:default] DAG: gen -> router -> normal -> special
I, [2025-10-27T13:41:24.441066 #8588]  INFO -- : [Pipeline:default][Producer:gen] Starting 
E, [2025-10-27T13:41:24.441309 #8588] ERROR -- : [Pipeline:default][Producer:gen] Error: undefined method 'emit' for an instance of #<Class:0x000001bb74d832a0>
I, [2025-10-27T13:41:24.441495 #8588]  INFO -- : [Pipeline:default][Producer:gen] Done
I, [2025-10-27T13:41:24.441436 #8588]  INFO -- : [Pipeline:default][Worker:special] Starting
I, [2025-10-27T13:41:24.441168 #8588]  INFO -- : [Pipeline:default][Worker:router] Starting
E, [2025-10-27T13:41:24.441664 #8588] ERROR -- : [Pipeline:default][Stage:router] Error: undefined method '*' for an instance of Minigun::InputQueue
E, [2025-10-27T13:41:24.441712 #8588] ERROR -- : C:/workspace/minigun/spec/unit/emit_to_stage_spec.rb:69:in 'block (6 levels) in <top (required)>'
C:/workspace/minigun/lib/minigun/stage.rb:112:in 'BasicObject#instance_exec'
C:/workspace/minigun/lib/minigun/stage.rb:112:in 'Minigun::AtomicStage#execute'
C:/workspace/minigun/lib/minigun/execution/executor.rb:62:in 'Minigun::Execution::Executor#run_stage_logic'
C:/workspace/minigun/lib/minigun/execution/executor.rb:71:in 'Minigun::Execution::InlineExecutor#execute_with_strategy'
C:/workspace/minigun/lib/minigun/execution/executor.rb:31:in 'Minigun::Execution::Executor#execute_stage_item'
C:/workspace/minigun/lib/minigun/execution/stage_worker.rb:214:in 'Minigun::Execution::StageWorker#execute_stage_with_queues'
C:/workspace/minigun/lib/minigun/execution/stage_worker.rb:140:in 'Minigun::Execution::StageWorker#run_processor_loop'
C:/workspace/minigun/lib/minigun/execution/stage_worker.rb:74:in 'Minigun::Execution::StageWorker#run_worker_loop'
C:/workspace/minigun/lib/minigun/execution/stage_worker.rb:29:in 'block in Minigun::Execution::StageWorker#start'
I, [2025-10-27T13:41:24.441771 #8588]  INFO -- : [Pipeline:default][Worker:router] Done
I, [2025-10-27T13:41:24.441382 #8588]  INFO -- : [Pipeline:default][Worker:normal] Starting
I, [2025-10-27T13:41:24.441910 #8588]  INFO -- : [Pipeline:default][Worker:normal] Done
I, [2025-10-27T13:41:24.441980 #8588]  INFO -- : [Pipeline:default][Worker:special] Done
I, [2025-10-27T13:41:24.442064 #8588]  INFO -- : [Job:0c581681][Pipeline:default] Finished in 0.0s
I, [2025-10-27T13:41:24.442118 #8588]  INFO -- : [Job:0c581681]  finished
I, [2025-10-27T13:41:24.442147 #8588]  INFO -- : [Job:0c581681] Runtime: 0.0s
I, [2025-10-27T13:41:24.442179 #8588]  INFO -- : [Job:0c581681] Pipeline 'default': 0 produced, 0 consumed, 0.0 items/s
I, [2025-10-27T13:41:24.442204 #8588]  INFO -- : [Job:0c581681] Bottleneck: gen (0.0 items/s)
I, [2025-10-27T13:41:24.442245 #8588]  INFO -- : [Job:0c581681] Total: 0 items, 0.0 items/min
    allows mixing emit and emit_to_stage in same stage (FAILED - 39)
I, [2025-10-27T13:41:24.442459 #8588]  INFO -- : [Job:23d425a9]  started
I, [2025-10-27T13:41:24.442509 #8588]  INFO -- : [Job:23d425a9] Configuration: max_processes=2, max_threads=5
I, [2025-10-27T13:41:24.442556 #8588]  INFO -- : [Job:23d425a9][Pipeline:default] Starting
[DAG BUILD] BEFORE handle_multiple_producers: edges=
[DAG BUILD] AFTER handle_multiple_producers: edges=gen->splitter | splitter->
[DAG BUILD] AFTER fill_sequential_gaps: edges=gen->splitter | splitter->consumer_a | consumer_a->consumer_b | consumer_b->consumer_c | consumer_c->
I, [2025-10-27T13:41:24.442638 #8588]  INFO -- : [Job:23d425a9][Pipeline:default] DAG: gen -> splitter -> consumer_a -> consumer_b -> consumer_c
I, [2025-10-27T13:41:24.442800 #8588]  INFO -- : [Pipeline:default][Producer:gen] Starting 
E, [2025-10-27T13:41:24.442924 #8588] ERROR -- : [Pipeline:default][Producer:gen] Error: undefined method 'emit' for an instance of #<Class:0x000001bb74d3d700>
I, [2025-10-27T13:41:24.443106 #8588]  INFO -- : [Pipeline:default][Producer:gen] Done
I, [2025-10-27T13:41:24.442850 #8588]  INFO -- : [Pipeline:default][Worker:consumer_a] Starting
I, [2025-10-27T13:41:24.443020 #8588]  INFO -- : [Pipeline:default][Worker:splitter] Starting
E, [2025-10-27T13:41:24.443239 #8588] ERROR -- : [Pipeline:default][Stage:splitter] Error: undefined method '[]' for an instance of Minigun::InputQueue
E, [2025-10-27T13:41:24.443282 #8588] ERROR -- : C:/workspace/minigun/spec/unit/emit_to_stage_spec.rb:107:in 'block (6 levels) in <top (required)>'
C:/workspace/minigun/lib/minigun/stage.rb:112:in 'BasicObject#instance_exec'
C:/workspace/minigun/lib/minigun/stage.rb:112:in 'Minigun::AtomicStage#execute'
C:/workspace/minigun/lib/minigun/execution/executor.rb:62:in 'Minigun::Execution::Executor#run_stage_logic'
C:/workspace/minigun/lib/minigun/execution/executor.rb:71:in 'Minigun::Execution::InlineExecutor#execute_with_strategy'
C:/workspace/minigun/lib/minigun/execution/executor.rb:31:in 'Minigun::Execution::Executor#execute_stage_item'
C:/workspace/minigun/lib/minigun/execution/stage_worker.rb:214:in 'Minigun::Execution::StageWorker#execute_stage_with_queues'
C:/workspace/minigun/lib/minigun/execution/stage_worker.rb:140:in 'Minigun::Execution::StageWorker#run_processor_loop'
C:/workspace/minigun/lib/minigun/execution/stage_worker.rb:74:in 'Minigun::Execution::StageWorker#run_worker_loop'
C:/workspace/minigun/lib/minigun/execution/stage_worker.rb:29:in 'block in Minigun::Execution::StageWorker#start'
I, [2025-10-27T13:41:24.443337 #8588]  INFO -- : [Pipeline:default][Worker:splitter] Done
I, [2025-10-27T13:41:24.442976 #8588]  INFO -- : [Pipeline:default][Worker:consumer_b] Starting
I, [2025-10-27T13:41:24.443451 #8588]  INFO -- : [Pipeline:default][Worker:consumer_b] Done
I, [2025-10-27T13:41:24.443382 #8588]  INFO -- : [Pipeline:default][Worker:consumer_a] Done
I, [2025-10-27T13:41:24.443066 #8588]  INFO -- : [Pipeline:default][Worker:consumer_c] Starting
I, [2025-10-27T13:41:24.443572 #8588]  INFO -- : [Pipeline:default][Worker:consumer_c] Done
I, [2025-10-27T13:41:24.443621 #8588]  INFO -- : [Job:23d425a9][Pipeline:default] Finished in 0.0s
I, [2025-10-27T13:41:24.443673 #8588]  INFO -- : [Job:23d425a9]  finished
I, [2025-10-27T13:41:24.443701 #8588]  INFO -- : [Job:23d425a9] Runtime: 0.0s
I, [2025-10-27T13:41:24.443746 #8588]  INFO -- : [Job:23d425a9] Pipeline 'default': 0 produced, 0 consumed, 0.0 items/s
I, [2025-10-27T13:41:24.443782 #8588]  INFO -- : [Job:23d425a9] Bottleneck: gen (0.0 items/s)
I, [2025-10-27T13:41:24.443822 #8588]  INFO -- : [Job:23d425a9] Total: 0 items, 0.0 items/min
    can emit_to_stage multiple times in single stage (FAILED - 40)
I, [2025-10-27T13:41:24.444025 #8588]  INFO -- : [Job:65e22e9b]  started
I, [2025-10-27T13:41:24.444074 #8588]  INFO -- : [Job:65e22e9b] Configuration: max_processes=2, max_threads=5
I, [2025-10-27T13:41:24.444121 #8588]  INFO -- : [Job:65e22e9b][Pipeline:default] Starting
[DAG BUILD] BEFORE handle_multiple_producers: edges=
[DAG BUILD] AFTER handle_multiple_producers: edges=gen->router | router->
[DAG BUILD] AFTER fill_sequential_gaps: edges=gen->router | router->fast | fast->slow | slow->
I, [2025-10-27T13:41:24.444351 #8588]  INFO -- : [Job:65e22e9b][Pipeline:default] DAG: gen -> router -> fast -> slow
I, [2025-10-27T13:41:24.444504 #8588]  INFO -- : [Pipeline:default][Producer:gen] Starting 
E, [2025-10-27T13:41:24.444625 #8588] ERROR -- : [Pipeline:default][Producer:gen] Error: undefined method 'emit' for an instance of #<Class:0x000001bb74d36040>
I, [2025-10-27T13:41:24.444753 #8588]  INFO -- : [Pipeline:default][Producer:gen] Done
I, [2025-10-27T13:41:24.444559 #8588]  INFO -- : [Pipeline:default][Worker:router] Starting
E, [2025-10-27T13:41:24.444867 #8588] ERROR -- : [Pipeline:default][Stage:router] Error: undefined method '[]' for an instance of Minigun::InputQueue
E, [2025-10-27T13:41:24.444931 #8588] ERROR -- : C:/workspace/minigun/spec/unit/emit_to_stage_spec.rb:27:in 'block (6 levels) in <top (required)>'
C:/workspace/minigun/lib/minigun/stage.rb:112:in 'BasicObject#instance_exec'
C:/workspace/minigun/lib/minigun/stage.rb:112:in 'Minigun::AtomicStage#execute'
C:/workspace/minigun/lib/minigun/execution/executor.rb:62:in 'Minigun::Execution::Executor#run_stage_logic'
C:/workspace/minigun/lib/minigun/execution/executor.rb:71:in 'Minigun::Execution::InlineExecutor#execute_with_strategy'
C:/workspace/minigun/lib/minigun/execution/executor.rb:31:in 'Minigun::Execution::Executor#execute_stage_item'
C:/workspace/minigun/lib/minigun/execution/stage_worker.rb:214:in 'Minigun::Execution::StageWorker#execute_stage_with_queues'
C:/workspace/minigun/lib/minigun/execution/stage_worker.rb:140:in 'Minigun::Execution::StageWorker#run_processor_loop'
C:/workspace/minigun/lib/minigun/execution/stage_worker.rb:74:in 'Minigun::Execution::StageWorker#run_worker_loop'
C:/workspace/minigun/lib/minigun/execution/stage_worker.rb:29:in 'block in Minigun::Execution::StageWorker#start'
I, [2025-10-27T13:41:24.444969 #8588]  INFO -- : [Pipeline:default][Worker:router] Done
I, [2025-10-27T13:41:24.444668 #8588]  INFO -- : [Pipeline:default][Worker:fast] Starting
I, [2025-10-27T13:41:24.445066 #8588]  INFO -- : [Pipeline:default][Worker:fast] Done
I, [2025-10-27T13:41:24.444716 #8588]  INFO -- : [Pipeline:default][Worker:slow] Starting
I, [2025-10-27T13:41:24.445141 #8588]  INFO -- : [Pipeline:default][Worker:slow] Done
I, [2025-10-27T13:41:24.445188 #8588]  INFO -- : [Job:65e22e9b][Pipeline:default] Finished in 0.0s
I, [2025-10-27T13:41:24.445235 #8588]  INFO -- : [Job:65e22e9b]  finished
I, [2025-10-27T13:41:24.445265 #8588]  INFO -- : [Job:65e22e9b] Runtime: 0.0s
I, [2025-10-27T13:41:24.445307 #8588]  INFO -- : [Job:65e22e9b] Pipeline 'default': 0 produced, 0 consumed, 0.0 items/s
I, [2025-10-27T13:41:24.445333 #8588]  INFO -- : [Job:65e22e9b] Bottleneck: gen (0.0 items/s)
I, [2025-10-27T13:41:24.445374 #8588]  INFO -- : [Job:65e22e9b] Total: 0 items, 0.0 items/min
    routes items to explicitly named stage (FAILED - 41)
  error handling
I, [2025-10-27T13:41:24.445617 #8588]  INFO -- : [Job:83dffbc8]  started
I, [2025-10-27T13:41:24.445662 #8588]  INFO -- : [Job:83dffbc8] Configuration: max_processes=2, max_threads=5
I, [2025-10-27T13:41:24.445689 #8588]  INFO -- : [Job:83dffbc8][Pipeline:default] Starting
[DAG BUILD] BEFORE handle_multiple_producers: edges=
[DAG BUILD] AFTER handle_multiple_producers: edges=gen->router | router->
[DAG BUILD] AFTER fill_sequential_gaps: edges=gen->router | router->valid | valid->
I, [2025-10-27T13:41:24.445777 #8588]  INFO -- : [Job:83dffbc8][Pipeline:default] DAG: gen -> router -> valid
I, [2025-10-27T13:41:24.445912 #8588]  INFO -- : [Pipeline:default][Producer:gen] Starting 
E, [2025-10-27T13:41:24.446022 #8588] ERROR -- : [Pipeline:default][Producer:gen] Error: undefined method 'emit' for an instance of #<Class:0x000001bb74c3e250>
I, [2025-10-27T13:41:24.446095 #8588]  INFO -- : [Pipeline:default][Producer:gen] Done
I, [2025-10-27T13:41:24.445963 #8588]  INFO -- : [Pipeline:default][Worker:router] Starting
E, [2025-10-27T13:41:24.446189 #8588] ERROR -- : [Pipeline:default][Stage:router] Error: undefined method 'emit_to_stage' for an instance of #<Class:0x000001bb74c3e250>
E, [2025-10-27T13:41:24.446229 #8588] ERROR -- : C:/workspace/minigun/spec/unit/emit_to_stage_spec.rb:182:in 'block (6 levels) in <top (required)>'
C:/workspace/minigun/lib/minigun/stage.rb:112:in 'BasicObject#instance_exec'
C:/workspace/minigun/lib/minigun/stage.rb:112:in 'Minigun::AtomicStage#execute'
C:/workspace/minigun/lib/minigun/execution/executor.rb:62:in 'Minigun::Execution::Executor#run_stage_logic'
C:/workspace/minigun/lib/minigun/execution/executor.rb:71:in 'Minigun::Execution::InlineExecutor#execute_with_strategy'
C:/workspace/minigun/lib/minigun/execution/executor.rb:31:in 'Minigun::Execution::Executor#execute_stage_item'
C:/workspace/minigun/lib/minigun/execution/stage_worker.rb:214:in 'Minigun::Execution::StageWorker#execute_stage_with_queues'
C:/workspace/minigun/lib/minigun/execution/stage_worker.rb:140:in 'Minigun::Execution::StageWorker#run_processor_loop'
C:/workspace/minigun/lib/minigun/execution/stage_worker.rb:74:in 'Minigun::Execution::StageWorker#run_worker_loop'
C:/workspace/minigun/lib/minigun/execution/stage_worker.rb:29:in 'block in Minigun::Execution::StageWorker#start'
I, [2025-10-27T13:41:24.446268 #8588]  INFO -- : [Pipeline:default][Worker:router] Done
I, [2025-10-27T13:41:24.446060 #8588]  INFO -- : [Pipeline:default][Worker:valid] Starting
I, [2025-10-27T13:41:24.446345 #8588]  INFO -- : [Pipeline:default][Worker:valid] Done
I, [2025-10-27T13:41:24.446389 #8588]  INFO -- : [Job:83dffbc8][Pipeline:default] Finished in 0.0s
I, [2025-10-27T13:41:24.446444 #8588]  INFO -- : [Job:83dffbc8]  finished
I, [2025-10-27T13:41:24.446474 #8588]  INFO -- : [Job:83dffbc8] Runtime: 0.0s
I, [2025-10-27T13:41:24.446500 #8588]  INFO -- : [Job:83dffbc8] Pipeline 'default': 0 produced, 0 consumed, 0.0 items/s
I, [2025-10-27T13:41:24.446535 #8588]  INFO -- : [Job:83dffbc8] Bottleneck: gen (0.0 items/s)
I, [2025-10-27T13:41:24.446576 #8588]  INFO -- : [Job:83dffbc8] Total: 0 items, 0.0 items/min
    continues processing after routing to invalid stage (FAILED - 42)
I, [2025-10-27T13:41:24.446784 #8588]  INFO -- : [Job:e575126e]  started
I, [2025-10-27T13:41:24.446839 #8588]  INFO -- : [Job:e575126e] Configuration: max_processes=2, max_threads=5
I, [2025-10-27T13:41:24.446885 #8588]  INFO -- : [Job:e575126e][Pipeline:default] Starting
[DAG BUILD] BEFORE handle_multiple_producers: edges=
[DAG BUILD] AFTER handle_multiple_producers: edges=gen->router | router->
[DAG BUILD] AFTER fill_sequential_gaps: edges=gen->router | router->actual_stage | actual_stage->
I, [2025-10-27T13:41:24.446969 #8588]  INFO -- : [Job:e575126e][Pipeline:default] DAG: gen -> router -> actual_stage
I, [2025-10-27T13:41:24.447106 #8588]  INFO -- : [Pipeline:default][Producer:gen] Starting 
E, [2025-10-27T13:41:24.447220 #8588] ERROR -- : [Pipeline:default][Producer:gen] Error: undefined method 'emit' for an instance of #<Class:0x000001bb74c37a90>
I, [2025-10-27T13:41:24.447287 #8588]  INFO -- : [Pipeline:default][Producer:gen] Done
I, [2025-10-27T13:41:24.447166 #8588]  INFO -- : [Pipeline:default][Worker:router] Starting
E, [2025-10-27T13:41:24.447380 #8588] ERROR -- : [Pipeline:default][Stage:router] Error: undefined method 'emit_to_stage' for an instance of #<Class:0x000001bb74c37a90>
E, [2025-10-27T13:41:24.447426 #8588] ERROR -- : C:/workspace/minigun/spec/unit/emit_to_stage_spec.rb:147:in 'block (6 levels) in <top (required)>'
C:/workspace/minigun/lib/minigun/stage.rb:112:in 'BasicObject#instance_exec'
C:/workspace/minigun/lib/minigun/stage.rb:112:in 'Minigun::AtomicStage#execute'
C:/workspace/minigun/lib/minigun/execution/executor.rb:62:in 'Minigun::Execution::Executor#run_stage_logic'
C:/workspace/minigun/lib/minigun/execution/executor.rb:71:in 'Minigun::Execution::InlineExecutor#execute_with_strategy'
C:/workspace/minigun/lib/minigun/execution/executor.rb:31:in 'Minigun::Execution::Executor#execute_stage_item'
C:/workspace/minigun/lib/minigun/execution/stage_worker.rb:214:in 'Minigun::Execution::StageWorker#execute_stage_with_queues'
C:/workspace/minigun/lib/minigun/execution/stage_worker.rb:140:in 'Minigun::Execution::StageWorker#run_processor_loop'
C:/workspace/minigun/lib/minigun/execution/stage_worker.rb:74:in 'Minigun::Execution::StageWorker#run_worker_loop'
C:/workspace/minigun/lib/minigun/execution/stage_worker.rb:29:in 'block in Minigun::Execution::StageWorker#start'
I, [2025-10-27T13:41:24.447464 #8588]  INFO -- : [Pipeline:default][Worker:router] Done
I, [2025-10-27T13:41:24.447251 #8588]  INFO -- : [Pipeline:default][Worker:actual_stage] Starting
I, [2025-10-27T13:41:24.447539 #8588]  INFO -- : [Pipeline:default][Worker:actual_stage] Done
I, [2025-10-27T13:41:24.447583 #8588]  INFO -- : [Job:e575126e][Pipeline:default] Finished in 0.0s
I, [2025-10-27T13:41:24.447630 #8588]  INFO -- : [Job:e575126e]  finished
I, [2025-10-27T13:41:24.447670 #8588]  INFO -- : [Job:e575126e] Runtime: 0.0s
I, [2025-10-27T13:41:24.447706 #8588]  INFO -- : [Job:e575126e] Pipeline 'default': 0 produced, 0 consumed, 0.0 items/s
I, [2025-10-27T13:41:24.447729 #8588]  INFO -- : [Job:e575126e] Bottleneck: gen (0.0 items/s)
I, [2025-10-27T13:41:24.447748 #8588]  INFO -- : [Job:e575126e] Total: 0 items, 0.0 items/min
    logs error when target stage does not exist

Minigun::DSL
  pipeline do wrapper requirement
    requires pipeline do for all stages (mixing not allowed)
    OLD TEST - WITHOUT pipeline block raises error
[DAG BUILD] BEFORE handle_multiple_producers: edges=
[DAG BUILD] AFTER handle_multiple_producers: edges=source->sink | sink->
[DAG BUILD] AFTER fill_sequential_gaps: edges=source->sink | sink->
E, [2025-10-27T13:41:24.449123 #8588] ERROR -- : [Pipeline:default][Producer:source] Error: undefined method 'emit' for an instance of #<Class:0x000001bb74af7630>
    works correctly with pipeline block (FAILED - 43)
    raises error when defining stages without pipeline block wrapper
    requires pipeline do for complex routing
    requires pipeline do for all stage types
  class methods
I, [2025-10-27T13:41:24.450271 #8588]  INFO -- : [Job:60cdb808]  started
I, [2025-10-27T13:41:24.450319 #8588]  INFO -- : [Job:60cdb808] Configuration: max_processes=2, max_threads=5
I, [2025-10-27T13:41:24.450365 #8588]  INFO -- : [Job:60cdb808][Pipeline:default] Starting
[DAG BUILD] BEFORE handle_multiple_producers: edges=
[DAG BUILD] AFTER handle_multiple_producers: edges=
[DAG BUILD] AFTER fill_sequential_gaps: edges=
I, [2025-10-27T13:41:24.450421 #8588]  INFO -- : [Job:60cdb808][Pipeline:default] DAG: 
I, [2025-10-27T13:41:24.450452 #8588]  INFO -- : [Job:60cdb808][Pipeline:default] Finished in 0.0s
I, [2025-10-27T13:41:24.450495 #8588]  INFO -- : [Job:60cdb808]  finished
I, [2025-10-27T13:41:24.450531 #8588]  INFO -- : [Job:60cdb808] Runtime: 0.0s
I, [2025-10-27T13:41:24.450573 #8588]  INFO -- : [Job:60cdb808] Pipeline 'default': 0 produced, 0 consumed, 0.0 items/s
I, [2025-10-27T13:41:24.450618 #8588]  INFO -- : [Job:60cdb808] Total: 0 items, 0.0 items/min
    allows defining before_run hook inside pipeline do
    provides max_threads configuration
    provides max_processes configuration
    raises error when defining a consumer without pipeline do
I, [2025-10-27T13:41:24.451206 #8588]  INFO -- : [Job:a3e0e2c6]  started
I, [2025-10-27T13:41:24.451257 #8588]  INFO -- : [Job:a3e0e2c6] Configuration: max_processes=2, max_threads=5
I, [2025-10-27T13:41:24.451280 #8588]  INFO -- : [Job:a3e0e2c6][Pipeline:default] Starting
[DAG BUILD] BEFORE handle_multiple_producers: edges=
[DAG BUILD] AFTER handle_multiple_producers: edges=
[DAG BUILD] AFTER fill_sequential_gaps: edges=
I, [2025-10-27T13:41:24.451312 #8588]  INFO -- : [Job:a3e0e2c6][Pipeline:default] DAG: 
I, [2025-10-27T13:41:24.451339 #8588]  INFO -- : [Job:a3e0e2c6][Pipeline:default] Finished in 0.0s
I, [2025-10-27T13:41:24.451360 #8588]  INFO -- : [Job:a3e0e2c6]  finished
I, [2025-10-27T13:41:24.451378 #8588]  INFO -- : [Job:a3e0e2c6] Runtime: 0.0s
I, [2025-10-27T13:41:24.451420 #8588]  INFO -- : [Job:a3e0e2c6] Pipeline 'default': 0 produced, 0 consumed, 0.0 items/s
I, [2025-10-27T13:41:24.451464 #8588]  INFO -- : [Job:a3e0e2c6] Total: 0 items, 0.0 items/min
    allows defining before_fork hook inside pipeline do
I, [2025-10-27T13:41:24.451621 #8588]  INFO -- : [Job:882420b7]  started
I, [2025-10-27T13:41:24.451670 #8588]  INFO -- : [Job:882420b7] Configuration: max_processes=2, max_threads=5
I, [2025-10-27T13:41:24.451705 #8588]  INFO -- : [Job:882420b7][Pipeline:default] Starting
[DAG BUILD] BEFORE handle_multiple_producers: edges=
[DAG BUILD] AFTER handle_multiple_producers: edges=
[DAG BUILD] AFTER fill_sequential_gaps: edges=
I, [2025-10-27T13:41:24.451757 #8588]  INFO -- : [Job:882420b7][Pipeline:default] DAG: 
I, [2025-10-27T13:41:24.451805 #8588]  INFO -- : [Job:882420b7][Pipeline:default] Finished in 0.0s
I, [2025-10-27T13:41:24.451833 #8588]  INFO -- : [Job:882420b7]  finished
I, [2025-10-27T13:41:24.451859 #8588]  INFO -- : [Job:882420b7] Runtime: 0.0s
I, [2025-10-27T13:41:24.451906 #8588]  INFO -- : [Job:882420b7] Pipeline 'default': 0 produced, 0 consumed, 0.0 items/s
I, [2025-10-27T13:41:24.451935 #8588]  INFO -- : [Job:882420b7] Total: 0 items, 0.0 items/min
    allows defining after_fork hook inside pipeline do
    provides max_retries configuration
    raises error when defining processors without pipeline do
I, [2025-10-27T13:41:24.452337 #8588]  INFO -- : [Job:5b5dbf06]  started
I, [2025-10-27T13:41:24.452392 #8588]  INFO -- : [Job:5b5dbf06] Configuration: max_processes=2, max_threads=5
I, [2025-10-27T13:41:24.452423 #8588]  INFO -- : [Job:5b5dbf06][Pipeline:default] Starting
[DAG BUILD] BEFORE handle_multiple_producers: edges=
[DAG BUILD] AFTER handle_multiple_producers: edges=
[DAG BUILD] AFTER fill_sequential_gaps: edges=
I, [2025-10-27T13:41:24.452475 #8588]  INFO -- : [Job:5b5dbf06][Pipeline:default] DAG: 
I, [2025-10-27T13:41:24.452514 #8588]  INFO -- : [Job:5b5dbf06][Pipeline:default] Finished in 0.0s
I, [2025-10-27T13:41:24.452557 #8588]  INFO -- : [Job:5b5dbf06]  finished
I, [2025-10-27T13:41:24.452576 #8588]  INFO -- : [Job:5b5dbf06] Runtime: 0.0s
I, [2025-10-27T13:41:24.452620 #8588]  INFO -- : [Job:5b5dbf06] Pipeline 'default': 0 produced, 0 consumed, 0.0 items/s
I, [2025-10-27T13:41:24.452658 #8588]  INFO -- : [Job:5b5dbf06] Total: 0 items, 0.0 items/min
    allows defining after_run hook inside pipeline do
I, [2025-10-27T13:41:24.452805 #8588]  INFO -- : [Job:59062c5a]  started
I, [2025-10-27T13:41:24.452846 #8588]  INFO -- : [Job:59062c5a] Configuration: max_processes=2, max_threads=5
I, [2025-10-27T13:41:24.452873 #8588]  INFO -- : [Job:59062c5a][Pipeline:default] Starting
[DAG BUILD] BEFORE handle_multiple_producers: edges=
[DAG BUILD] AFTER handle_multiple_producers: edges=grouped_producer->grouped_consumer | grouped_consumer->
[DAG BUILD] AFTER fill_sequential_gaps: edges=grouped_producer->grouped_consumer | grouped_consumer->
I, [2025-10-27T13:41:24.452934 #8588]  INFO -- : [Job:59062c5a][Pipeline:default] DAG: grouped_producer -> grouped_consumer
I, [2025-10-27T13:41:24.453049 #8588]  INFO -- : [Pipeline:default][Producer:grouped_producer] Starting 
I, [2025-10-27T13:41:24.453126 #8588]  INFO -- : [Pipeline:default][Producer:grouped_producer] Done
I, [2025-10-27T13:41:24.453087 #8588]  INFO -- : [Pipeline:default][Worker:grouped_consumer] Starting
I, [2025-10-27T13:41:24.453214 #8588]  INFO -- : [Pipeline:default][Worker:grouped_consumer] Done
I, [2025-10-27T13:41:24.453261 #8588]  INFO -- : [Job:59062c5a][Pipeline:default] Finished in 0.0s
I, [2025-10-27T13:41:24.453312 #8588]  INFO -- : [Job:59062c5a]  finished
I, [2025-10-27T13:41:24.453342 #8588]  INFO -- : [Job:59062c5a] Runtime: 0.0s
I, [2025-10-27T13:41:24.453386 #8588]  INFO -- : [Job:59062c5a] Pipeline 'default': 0 produced, 0 consumed, 0.0 items/s
I, [2025-10-27T13:41:24.453433 #8588]  INFO -- : [Job:59062c5a] Bottleneck: grouped_producer (0.0 items/s)
I, [2025-10-27T13:41:24.453478 #8588]  INFO -- : [Job:59062c5a] Total: 0 items, 0.0 items/min
    allows defining pipeline block for grouping
    raises error when defining a producer without pipeline do
    raises error when defining an accumulator without pipeline do
  instance methods
    provides run method
    provides go_brrr! alias
  full pipeline definition
I, [2025-10-27T13:41:24.466576 #8588]  INFO -- : [Job:fe3c4fcf]  started
I, [2025-10-27T13:41:24.466637 #8588]  INFO -- : [Job:fe3c4fcf] Configuration: max_processes=2, max_threads=3
I, [2025-10-27T13:41:24.466678 #8588]  INFO -- : [Job:fe3c4fcf][Pipeline:default] Starting
[DAG BUILD] BEFORE handle_multiple_producers: edges=
[DAG BUILD] AFTER handle_multiple_producers: edges=generate->double | double->
[DAG BUILD] AFTER fill_sequential_gaps: edges=generate->double | double->collect | collect->
I, [2025-10-27T13:41:24.467231 #8588]  INFO -- : [Job:fe3c4fcf][Pipeline:default] DAG: generate -> double -> collect
I, [2025-10-27T13:41:24.467387 #8588]  INFO -- : [Pipeline:default][Producer:generate] Starting 
E, [2025-10-27T13:41:24.467476 #8588] ERROR -- : [Pipeline:default][Producer:generate] Error: undefined method 'emit' for an instance of #<Class:0x000001bb7453fbe8>
I, [2025-10-27T13:41:24.467558 #8588]  INFO -- : [Pipeline:default][Producer:generate] Done
I, [2025-10-27T13:41:24.467422 #8588]  INFO -- : [Pipeline:default][Worker:double] Starting
I, [2025-10-27T13:41:24.467910 #8588]  INFO -- : [Pipeline:default][Worker:double] Done
I, [2025-10-27T13:41:24.467515 #8588]  INFO -- : [Pipeline:default][Worker:collect] Starting
I, [2025-10-27T13:41:24.467998 #8588]  INFO -- : [Pipeline:default][Worker:collect] Done
I, [2025-10-27T13:41:24.468042 #8588]  INFO -- : [Job:fe3c4fcf][Pipeline:default] Finished in 0.0s
I, [2025-10-27T13:41:24.468125 #8588]  INFO -- : [Job:fe3c4fcf]  finished
I, [2025-10-27T13:41:24.468166 #8588]  INFO -- : [Job:fe3c4fcf] Runtime: 0.0s
I, [2025-10-27T13:41:24.468213 #8588]  INFO -- : [Job:fe3c4fcf] Pipeline 'default': 0 produced, 0 consumed, 0.0 items/s
I, [2025-10-27T13:41:24.468262 #8588]  INFO -- : [Job:fe3c4fcf] Bottleneck: generate (0.0 items/s)
I, [2025-10-27T13:41:24.468309 #8588]  INFO -- : [Job:fe3c4fcf] Total: 0 items, 0.0 items/min
    correctly configures all components

Examples Integration
  17_database_connection_hooks.rb
I, [2025-10-27T13:41:24.480696 #8588]  INFO -- : [Job:10e7a974] DatabaseConnectionExample started
I, [2025-10-27T13:41:24.480739 #8588]  INFO -- : [Job:10e7a974] Configuration: max_processes=2, max_threads=5
I, [2025-10-27T13:41:24.480791 #8588]  INFO -- : [Job:10e7a974][Pipeline:default] Starting
[DAG BUILD] BEFORE handle_multiple_producers: edges=
[DAG BUILD] AFTER handle_multiple_producers: edges=fetch_user_ids->batch | batch->
[DAG BUILD] AFTER fill_sequential_gaps: edges=fetch_user_ids->batch | batch->process_users | process_users->
I, [2025-10-27T13:41:24.480877 #8588]  INFO -- : [Job:10e7a974][Pipeline:default] DAG: fetch_user_ids -> batch -> process_users
I, [2025-10-27T13:41:24.481074 #8588]  INFO -- : [Pipeline:default][Producer:fetch_user_ids] Starting 
I, [2025-10-27T13:41:24.481202 #8588]  INFO -- : [Pipeline:default][Producer:fetch_user_ids] Done
I, [2025-10-27T13:41:24.481238 #8588]  INFO -- : [Pipeline:default][Worker:process_users] Starting
I, [2025-10-27T13:41:24.481131 #8588]  INFO -- : [Pipeline:default][Worker:batch] Starting
I, [2025-10-27T13:41:24.481419 #8588]  INFO -- : [Pipeline:default][Worker:batch] Done
[Minigun] Process forking not available, falling back to inline
[Minigun] Process forking not available, falling back to inline
I, [2025-10-27T13:41:24.485214 #8588]  INFO -- : [Pipeline:default][Worker:process_users] Done
I, [2025-10-27T13:41:24.485272 #8588]  INFO -- : [Job:10e7a974][Pipeline:default] Finished in 0.0s
I, [2025-10-27T13:41:24.491769 #8588]  INFO -- : [Job:10e7a974] DatabaseConnectionExample finished
I, [2025-10-27T13:41:24.491822 #8588]  INFO -- : [Job:10e7a974] Runtime: 0.01s
I, [2025-10-27T13:41:24.491891 #8588]  INFO -- : [Job:10e7a974] Pipeline 'default': 0 produced, 2 consumed, 0.0 items/s
I, [2025-10-27T13:41:24.491934 #8588]  INFO -- : [Job:10e7a974] Bottleneck: fetch_user_ids (0.0 items/s)
I, [2025-10-27T13:41:24.491993 #8588]  INFO -- : [Job:10e7a974] Total: 0 items, 0.0 items/min
    demonstrates database connection management with fork hooks
  20_error_handling_hooks.rb
I, [2025-10-27T13:41:24.499972 #8588]  INFO -- : [Job:f90c790a] ErrorHandlingExample started
I, [2025-10-27T13:41:24.500014 #8588]  INFO -- : [Job:f90c790a] Configuration: max_processes=2, max_threads=5
I, [2025-10-27T13:41:24.500066 #8588]  INFO -- : [Job:f90c790a][Pipeline:default] Starting
[DAG BUILD] BEFORE handle_multiple_producers: edges=
[DAG BUILD] AFTER handle_multiple_producers: edges=generate_data->validate | validate->
[DAG BUILD] AFTER fill_sequential_gaps: edges=generate_data->validate | validate->transform | transform->batch | batch->save_results | save_results->
I, [2025-10-27T13:41:24.500166 #8588]  INFO -- : [Job:f90c790a][Pipeline:default] DAG: generate_data -> validate -> transform -> batch -> save_results
I, [2025-10-27T13:41:24.500543 #8588]  INFO -- : [Pipeline:default][Producer:generate_data] Starting 
I, [2025-10-27T13:41:24.500789 #8588]  INFO -- : [Pipeline:default][Producer:generate_data] Done
I, [2025-10-27T13:41:24.500653 #8588]  INFO -- : [Pipeline:default][Worker:transform] Starting
I, [2025-10-27T13:41:24.500690 #8588]  INFO -- : [Pipeline:default][Worker:batch] Starting
I, [2025-10-27T13:41:24.500731 #8588]  INFO -- : [Pipeline:default][Worker:save_results] Starting
I, [2025-10-27T13:41:24.500600 #8588]  INFO -- : [Pipeline:default][Worker:validate] Starting
Validation completed in 0.0s
Validation completed in 0.0s
Validation completed in 0.0s
Validation completed in 0.0s
Validation completed in 0.0s
Validation completed in 0.0s
Validation completed in 0.0s
Validation completed in 0.0s
Validation completed in 0.0s
Validation completed in 0.0s
Validation completed in 0.0s
Validation completed in 0.0s
[Minigun] Process forking not available, falling back to inline
Validation completed in 0.0s
Validation completed in 0.0s
Validation completed in 0.0s
Validation completed in 0.0s
Validation completed in 0.0s
Validation completed in 0.0s
Validation completed in 0.0s
Validation completed in 0.0s
I, [2025-10-27T13:41:24.502168 #8588]  INFO -- : [Pipeline:default][Worker:validate] Done
I, [2025-10-27T13:41:24.502344 #8588]  INFO -- : [Pipeline:default][Worker:batch] Done
I, [2025-10-27T13:41:24.502249 #8588]  INFO -- : [Pipeline:default][Worker:transform] Done
[Minigun] Process forking not available, falling back to inline
I, [2025-10-27T13:41:24.510097 #8588]  INFO -- : [Pipeline:default][Worker:save_results] Done
I, [2025-10-27T13:41:24.510171 #8588]  INFO -- : [Job:f90c790a][Pipeline:default] Finished in 0.01s

ΓÜá∩╕Å  2 errors occurred during processing

ΓÜá∩╕Å  2 errors occurred during processing
I, [2025-10-27T13:41:24.514196 #8588]  INFO -- : [Job:f90c790a] ErrorHandlingExample finished
I, [2025-10-27T13:41:24.514234 #8588]  INFO -- : [Job:f90c790a] Runtime: 0.01s
I, [2025-10-27T13:41:24.514264 #8588]  INFO -- : [Job:f90c790a] Pipeline 'default': 0 produced, 2 consumed, 0.0 items/s
I, [2025-10-27T13:41:24.514294 #8588]  INFO -- : [Job:f90c790a] Bottleneck: generate_data (0.0 items/s)
I, [2025-10-27T13:41:24.514319 #8588]  INFO -- : [Job:f90c790a] Total: 0 items, 0.0 items/min
    demonstrates error handling and recovery patterns
  28_context_pool.rb
    demonstrates context pool resource management
  11_hooks_example.rb
I, [2025-10-27T13:41:26.022567 #8588]  INFO -- : [Job:d1451b74] HooksExample started
I, [2025-10-27T13:41:26.022625 #8588]  INFO -- : [Job:d1451b74] Configuration: max_processes=2, max_threads=5
[Hook] before_run - Setting up resources...
I, [2025-10-27T13:41:26.022694 #8588]  INFO -- : [Job:d1451b74][Pipeline:default] Starting
[DAG BUILD] BEFORE handle_multiple_producers: edges=
[DAG BUILD] AFTER handle_multiple_producers: edges=generate->transform | transform->
[DAG BUILD] AFTER fill_sequential_gaps: edges=generate->transform | transform->collect | collect->
I, [2025-10-27T13:41:26.022817 #8588]  INFO -- : [Job:d1451b74][Pipeline:default] DAG: generate -> transform -> collect
[Hook] before_run - Setting up resources...
I, [2025-10-27T13:41:26.023032 #8588]  INFO -- : [Pipeline:default][Producer:generate] Starting 
[Producer] Generating 5 items...
I, [2025-10-27T13:41:26.023084 #8588]  INFO -- : [Pipeline:default][Worker:transform] Starting
[Processor] Processing item 1
I, [2025-10-27T13:41:26.023168 #8588]  INFO -- : [Pipeline:default][Worker:collect] Starting
I, [2025-10-27T13:41:26.023208 #8588]  INFO -- : [Pipeline:default][Producer:generate] Done
[Processor] Processing item 2
[Consumer] Collecting result: 10
[Processor] Processing item 3
[Consumer] Collecting result: 20
[Processor] Processing item 4
[Consumer] Collecting result: 30
[Processor] Processing item 5
[Consumer] Collecting result: 40
I, [2025-10-27T13:41:26.326493 #8588]  INFO -- : [Pipeline:default][Worker:transform] Done
[Consumer] Collecting result: 50
I, [2025-10-27T13:41:26.326852 #8588]  INFO -- : [Pipeline:default][Worker:collect] Done
I, [2025-10-27T13:41:26.326999 #8588]  INFO -- : [Job:d1451b74][Pipeline:default] Finished in 0.3s
[Hook] after_run - Cleaning up resources...
[Hook] Pipeline completed in 0.304s
[Hook] after_run - Cleaning up resources...
[Hook] Pipeline completed in 0.304s
I, [2025-10-27T13:41:26.327171 #8588]  INFO -- : [Job:d1451b74] HooksExample finished
I, [2025-10-27T13:41:26.327218 #8588]  INFO -- : [Job:d1451b74] Runtime: 0.3s
I, [2025-10-27T13:41:26.327331 #8588]  INFO -- : [Job:d1451b74] Pipeline 'default': 0 produced, 5 consumed, 0.0 items/s
I, [2025-10-27T13:41:26.327416 #8588]  INFO -- : [Job:d1451b74] Bottleneck: generate (0.0 items/s)
I, [2025-10-27T13:41:26.327480 #8588]  INFO -- : [Job:d1451b74] Total: 0 items, 0.0 items/min
    executes lifecycle hooks
  12_database_publisher.rb
I, [2025-10-27T13:41:26.329069 #8588]  INFO -- : [Job:be5963f1] DatabasePublisher started
I, [2025-10-27T13:41:26.329117 #8588]  INFO -- : [Job:be5963f1] Configuration: max_processes=2, max_threads=5
[Lifecycle] Starting database publisher...
[Lifecycle] Target model: Customer
I, [2025-10-27T13:41:26.329183 #8588]  INFO -- : [Job:be5963f1][Pipeline:default] Starting
[DAG BUILD] BEFORE handle_multiple_producers: edges=
[DAG BUILD] AFTER handle_multiple_producers: edges=fetch_customers->enrich_data | enrich_data->
[DAG BUILD] AFTER fill_sequential_gaps: edges=fetch_customers->enrich_data | enrich_data->publish | publish->
I, [2025-10-27T13:41:26.329300 #8588]  INFO -- : [Job:be5963f1][Pipeline:default] DAG: fetch_customers -> enrich_data -> publish
[Lifecycle] Starting database publisher...
[Lifecycle] Target model: Customer
I, [2025-10-27T13:41:26.329526 #8588]  INFO -- : [Pipeline:default][Producer:fetch_customers] Starting 
[Producer] Fetching customers from Customer...
[Model] Fetching customers in batches of 1000...
[Producer] Finished fetching customers
I, [2025-10-27T13:41:26.329604 #8588]  INFO -- : [Pipeline:default][Worker:enrich_data] Starting
E, [2025-10-27T13:41:26.329982 #8588] ERROR -- : [Pipeline:default][Stage:enrich_data] Error: undefined method 'merge' for an instance of Array
E, [2025-10-27T13:41:26.330027 #8588] ERROR -- : C:/workspace/minigun/examples/12_database_publisher.rb:58:in 'DatabasePublisher#enrich_customer_data'
C:/workspace/minigun/examples/12_database_publisher.rb:108:in 'block (2 levels) in <class:DatabasePublisher>'
C:/workspace/minigun/lib/minigun/stage.rb:109:in 'BasicObject#instance_exec'
C:/workspace/minigun/lib/minigun/stage.rb:109:in 'Minigun::AtomicStage#execute'
C:/workspace/minigun/lib/minigun/execution/executor.rb:62:in 'Minigun::Execution::Executor#run_stage_logic'
C:/workspace/minigun/lib/minigun/execution/executor.rb:71:in 'Minigun::Execution::InlineExecutor#execute_with_strategy'
C:/workspace/minigun/lib/minigun/execution/executor.rb:31:in 'Minigun::Execution::Executor#execute_stage_item'
C:/workspace/minigun/lib/minigun/execution/stage_worker.rb:201:in 'Minigun::Execution::StageWorker#execute_stage_item'
C:/workspace/minigun/lib/minigun/execution/stage_worker.rb:162:in 'block in Minigun::Execution::StageWorker#run_processor_loop'
<internal:kernel>:168:in 'Kernel#loop'
C:/workspace/minigun/lib/minigun/execution/stage_worker.rb:149:in 'Minigun::Execution::StageWorker#run_processor_loop'
C:/workspace/minigun/lib/minigun/execution/stage_worker.rb:74:in 'Minigun::Execution::StageWorker#run_worker_loop'
C:/workspace/minigun/lib/minigun/execution/stage_worker.rb:29:in 'block in Minigun::Execution::StageWorker#start'
E, [2025-10-27T13:41:26.330117 #8588] ERROR -- : [Pipeline:default][Stage:enrich_data] Error: undefined method 'merge' for an instance of Array
E, [2025-10-27T13:41:26.330178 #8588] ERROR -- : C:/workspace/minigun/examples/12_database_publisher.rb:58:in 'DatabasePublisher#enrich_customer_data'
C:/workspace/minigun/examples/12_database_publisher.rb:108:in 'block (2 levels) in <class:DatabasePublisher>'
C:/workspace/minigun/lib/minigun/stage.rb:109:in 'BasicObject#instance_exec'
C:/workspace/minigun/lib/minigun/stage.rb:109:in 'Minigun::AtomicStage#execute'
C:/workspace/minigun/lib/minigun/execution/executor.rb:62:in 'Minigun::Execution::Executor#run_stage_logic'
C:/workspace/minigun/lib/minigun/execution/executor.rb:71:in 'Minigun::Execution::InlineExecutor#execute_with_strategy'
C:/workspace/minigun/lib/minigun/execution/executor.rb:31:in 'Minigun::Execution::Executor#execute_stage_item'
C:/workspace/minigun/lib/minigun/execution/stage_worker.rb:201:in 'Minigun::Execution::StageWorker#execute_stage_item'
C:/workspace/minigun/lib/minigun/execution/stage_worker.rb:162:in 'block in Minigun::Execution::StageWorker#run_processor_loop'
<internal:kernel>:168:in 'Kernel#loop'
C:/workspace/minigun/lib/minigun/execution/stage_worker.rb:149:in 'Minigun::Execution::StageWorker#run_processor_loop'
C:/workspace/minigun/lib/minigun/execution/stage_worker.rb:74:in 'Minigun::Execution::StageWorker#run_worker_loop'
C:/workspace/minigun/lib/minigun/execution/stage_worker.rb:29:in 'block in Minigun::Execution::StageWorker#start'
E, [2025-10-27T13:41:26.330226 #8588] ERROR -- : [Pipeline:default][Stage:enrich_data] Error: undefined method 'merge' for an instance of Array
E, [2025-10-27T13:41:26.330265 #8588] ERROR -- : C:/workspace/minigun/examples/12_database_publisher.rb:58:in 'DatabasePublisher#enrich_customer_data'
C:/workspace/minigun/examples/12_database_publisher.rb:108:in 'block (2 levels) in <class:DatabasePublisher>'
C:/workspace/minigun/lib/minigun/stage.rb:109:in 'BasicObject#instance_exec'
C:/workspace/minigun/lib/minigun/stage.rb:109:in 'Minigun::AtomicStage#execute'
C:/workspace/minigun/lib/minigun/execution/executor.rb:62:in 'Minigun::Execution::Executor#run_stage_logic'
C:/workspace/minigun/lib/minigun/execution/executor.rb:71:in 'Minigun::Execution::InlineExecutor#execute_with_strategy'
C:/workspace/minigun/lib/minigun/execution/executor.rb:31:in 'Minigun::Execution::Executor#execute_stage_item'
C:/workspace/minigun/lib/minigun/execution/stage_worker.rb:201:in 'Minigun::Execution::StageWorker#execute_stage_item'
C:/workspace/minigun/lib/minigun/execution/stage_worker.rb:162:in 'block in Minigun::Execution::StageWorker#run_processor_loop'
<internal:kernel>:168:in 'Kernel#loop'
C:/workspace/minigun/lib/minigun/execution/stage_worker.rb:149:in 'Minigun::Execution::StageWorker#run_processor_loop'
C:/workspace/minigun/lib/minigun/execution/stage_worker.rb:74:in 'Minigun::Execution::StageWorker#run_worker_loop'
C:/workspace/minigun/lib/minigun/execution/stage_worker.rb:29:in 'block in Minigun::Execution::StageWorker#start'
E, [2025-10-27T13:41:26.330297 #8588] ERROR -- : [Pipeline:default][Stage:enrich_data] Error: undefined method 'merge' for an instance of Array
E, [2025-10-27T13:41:26.330330 #8588] ERROR -- : C:/workspace/minigun/examples/12_database_publisher.rb:58:in 'DatabasePublisher#enrich_customer_data'
C:/workspace/minigun/examples/12_database_publisher.rb:108:in 'block (2 levels) in <class:DatabasePublisher>'
C:/workspace/minigun/lib/minigun/stage.rb:109:in 'BasicObject#instance_exec'
C:/workspace/minigun/lib/minigun/stage.rb:109:in 'Minigun::AtomicStage#execute'
C:/workspace/minigun/lib/minigun/execution/executor.rb:62:in 'Minigun::Execution::Executor#run_stage_logic'
C:/workspace/minigun/lib/minigun/execution/executor.rb:71:in 'Minigun::Execution::InlineExecutor#execute_with_strategy'
C:/workspace/minigun/lib/minigun/execution/executor.rb:31:in 'Minigun::Execution::Executor#execute_stage_item'
C:/workspace/minigun/lib/minigun/execution/stage_worker.rb:201:in 'Minigun::Execution::StageWorker#execute_stage_item'
C:/workspace/minigun/lib/minigun/execution/stage_worker.rb:162:in 'block in Minigun::Execution::StageWorker#run_processor_loop'
<internal:kernel>:168:in 'Kernel#loop'
C:/workspace/minigun/lib/minigun/execution/stage_worker.rb:149:in 'Minigun::Execution::StageWorker#run_processor_loop'
C:/workspace/minigun/lib/minigun/execution/stage_worker.rb:74:in 'Minigun::Execution::StageWorker#run_worker_loop'
C:/workspace/minigun/lib/minigun/execution/stage_worker.rb:29:in 'block in Minigun::Execution::StageWorker#start'
E, [2025-10-27T13:41:26.330370 #8588] ERROR -- : [Pipeline:default][Stage:enrich_data] Error: undefined method 'merge' for an instance of Array
E, [2025-10-27T13:41:26.330407 #8588] ERROR -- : C:/workspace/minigun/examples/12_database_publisher.rb:58:in 'DatabasePublisher#enrich_customer_data'
C:/workspace/minigun/examples/12_database_publisher.rb:108:in 'block (2 levels) in <class:DatabasePublisher>'
C:/workspace/minigun/lib/minigun/stage.rb:109:in 'BasicObject#instance_exec'
C:/workspace/minigun/lib/minigun/stage.rb:109:in 'Minigun::AtomicStage#execute'
C:/workspace/minigun/lib/minigun/execution/executor.rb:62:in 'Minigun::Execution::Executor#run_stage_logic'
C:/workspace/minigun/lib/minigun/execution/executor.rb:71:in 'Minigun::Execution::InlineExecutor#execute_with_strategy'
C:/workspace/minigun/lib/minigun/execution/executor.rb:31:in 'Minigun::Execution::Executor#execute_stage_item'
C:/workspace/minigun/lib/minigun/execution/stage_worker.rb:201:in 'Minigun::Execution::StageWorker#execute_stage_item'
C:/workspace/minigun/lib/minigun/execution/stage_worker.rb:162:in 'block in Minigun::Execution::StageWorker#run_processor_loop'
<internal:kernel>:168:in 'Kernel#loop'
C:/workspace/minigun/lib/minigun/execution/stage_worker.rb:149:in 'Minigun::Execution::StageWorker#run_processor_loop'
C:/workspace/minigun/lib/minigun/execution/stage_worker.rb:74:in 'Minigun::Execution::StageWorker#run_worker_loop'
C:/workspace/minigun/lib/minigun/execution/stage_worker.rb:29:in 'block in Minigun::Execution::StageWorker#start'
E, [2025-10-27T13:41:26.330444 #8588] ERROR -- : [Pipeline:default][Stage:enrich_data] Error: undefined method 'merge' for an instance of Array
E, [2025-10-27T13:41:26.330479 #8588] ERROR -- : C:/workspace/minigun/examples/12_database_publisher.rb:58:in 'DatabasePublisher#enrich_customer_data'
C:/workspace/minigun/examples/12_database_publisher.rb:108:in 'block (2 levels) in <class:DatabasePublisher>'
C:/workspace/minigun/lib/minigun/stage.rb:109:in 'BasicObject#instance_exec'
C:/workspace/minigun/lib/minigun/stage.rb:109:in 'Minigun::AtomicStage#execute'
C:/workspace/minigun/lib/minigun/execution/executor.rb:62:in 'Minigun::Execution::Executor#run_stage_logic'
C:/workspace/minigun/lib/minigun/execution/executor.rb:71:in 'Minigun::Execution::InlineExecutor#execute_with_strategy'
C:/workspace/minigun/lib/minigun/execution/executor.rb:31:in 'Minigun::Execution::Executor#execute_stage_item'
C:/workspace/minigun/lib/minigun/execution/stage_worker.rb:201:in 'Minigun::Execution::StageWorker#execute_stage_item'
C:/workspace/minigun/lib/minigun/execution/stage_worker.rb:162:in 'block in Minigun::Execution::StageWorker#run_processor_loop'
<internal:kernel>:168:in 'Kernel#loop'
C:/workspace/minigun/lib/minigun/execution/stage_worker.rb:149:in 'Minigun::Execution::StageWorker#run_processor_loop'
C:/workspace/minigun/lib/minigun/execution/stage_worker.rb:74:in 'Minigun::Execution::StageWorker#run_worker_loop'
C:/workspace/minigun/lib/minigun/execution/stage_worker.rb:29:in 'block in Minigun::Execution::StageWorker#start'
E, [2025-10-27T13:41:26.330512 #8588] ERROR -- : [Pipeline:default][Stage:enrich_data] Error: undefined method 'merge' for an instance of Array
E, [2025-10-27T13:41:26.330543 #8588] ERROR -- : C:/workspace/minigun/examples/12_database_publisher.rb:58:in 'DatabasePublisher#enrich_customer_data'
C:/workspace/minigun/examples/12_database_publisher.rb:108:in 'block (2 levels) in <class:DatabasePublisher>'
C:/workspace/minigun/lib/minigun/stage.rb:109:in 'BasicObject#instance_exec'
C:/workspace/minigun/lib/minigun/stage.rb:109:in 'Minigun::AtomicStage#execute'
C:/workspace/minigun/lib/minigun/execution/executor.rb:62:in 'Minigun::Execution::Executor#run_stage_logic'
C:/workspace/minigun/lib/minigun/execution/executor.rb:71:in 'Minigun::Execution::InlineExecutor#execute_with_strategy'
C:/workspace/minigun/lib/minigun/execution/executor.rb:31:in 'Minigun::Execution::Executor#execute_stage_item'
C:/workspace/minigun/lib/minigun/execution/stage_worker.rb:201:in 'Minigun::Execution::StageWorker#execute_stage_item'
C:/workspace/minigun/lib/minigun/execution/stage_worker.rb:162:in 'block in Minigun::Execution::StageWorker#run_processor_loop'
<internal:kernel>:168:in 'Kernel#loop'
C:/workspace/minigun/lib/minigun/execution/stage_worker.rb:149:in 'Minigun::Execution::StageWorker#run_processor_loop'
C:/workspace/minigun/lib/minigun/execution/stage_worker.rb:74:in 'Minigun::Execution::StageWorker#run_worker_loop'
C:/workspace/minigun/lib/minigun/execution/stage_worker.rb:29:in 'block in Minigun::Execution::StageWorker#start'
E, [2025-10-27T13:41:26.330576 #8588] ERROR -- : [Pipeline:default][Stage:enrich_data] Error: undefined method 'merge' for an instance of Array
E, [2025-10-27T13:41:26.330612 #8588] ERROR -- : C:/workspace/minigun/examples/12_database_publisher.rb:58:in 'DatabasePublisher#enrich_customer_data'
C:/workspace/minigun/examples/12_database_publisher.rb:108:in 'block (2 levels) in <class:DatabasePublisher>'
C:/workspace/minigun/lib/minigun/stage.rb:109:in 'BasicObject#instance_exec'
C:/workspace/minigun/lib/minigun/stage.rb:109:in 'Minigun::AtomicStage#execute'
C:/workspace/minigun/lib/minigun/execution/executor.rb:62:in 'Minigun::Execution::Executor#run_stage_logic'
C:/workspace/minigun/lib/minigun/execution/executor.rb:71:in 'Minigun::Execution::InlineExecutor#execute_with_strategy'
C:/workspace/minigun/lib/minigun/execution/executor.rb:31:in 'Minigun::Execution::Executor#execute_stage_item'
C:/workspace/minigun/lib/minigun/execution/stage_worker.rb:201:in 'Minigun::Execution::StageWorker#execute_stage_item'
C:/workspace/minigun/lib/minigun/execution/stage_worker.rb:162:in 'block in Minigun::Execution::StageWorker#run_processor_loop'
<internal:kernel>:168:in 'Kernel#loop'
C:/workspace/minigun/lib/minigun/execution/stage_worker.rb:149:in 'Minigun::Execution::StageWorker#run_processor_loop'
C:/workspace/minigun/lib/minigun/execution/stage_worker.rb:74:in 'Minigun::Execution::StageWorker#run_worker_loop'
C:/workspace/minigun/lib/minigun/execution/stage_worker.rb:29:in 'block in Minigun::Execution::StageWorker#start'
E, [2025-10-27T13:41:26.330640 #8588] ERROR -- : [Pipeline:default][Stage:enrich_data] Error: undefined method 'merge' for an instance of Array
E, [2025-10-27T13:41:26.330676 #8588] ERROR -- : C:/workspace/minigun/examples/12_database_publisher.rb:58:in 'DatabasePublisher#enrich_customer_data'
C:/workspace/minigun/examples/12_database_publisher.rb:108:in 'block (2 levels) in <class:DatabasePublisher>'
C:/workspace/minigun/lib/minigun/stage.rb:109:in 'BasicObject#instance_exec'
C:/workspace/minigun/lib/minigun/stage.rb:109:in 'Minigun::AtomicStage#execute'
C:/workspace/minigun/lib/minigun/execution/executor.rb:62:in 'Minigun::Execution::Executor#run_stage_logic'
C:/workspace/minigun/lib/minigun/execution/executor.rb:71:in 'Minigun::Execution::InlineExecutor#execute_with_strategy'
C:/workspace/minigun/lib/minigun/execution/executor.rb:31:in 'Minigun::Execution::Executor#execute_stage_item'
C:/workspace/minigun/lib/minigun/execution/stage_worker.rb:201:in 'Minigun::Execution::StageWorker#execute_stage_item'
C:/workspace/minigun/lib/minigun/execution/stage_worker.rb:162:in 'block in Minigun::Execution::StageWorker#run_processor_loop'
<internal:kernel>:168:in 'Kernel#loop'
C:/workspace/minigun/lib/minigun/execution/stage_worker.rb:149:in 'Minigun::Execution::StageWorker#run_processor_loop'
C:/workspace/minigun/lib/minigun/execution/stage_worker.rb:74:in 'Minigun::Execution::StageWorker#run_worker_loop'
C:/workspace/minigun/lib/minigun/execution/stage_worker.rb:29:in 'block in Minigun::Execution::StageWorker#start'
E, [2025-10-27T13:41:26.330701 #8588] ERROR -- : [Pipeline:default][Stage:enrich_data] Error: undefined method 'merge' for an instance of Array
E, [2025-10-27T13:41:26.330732 #8588] ERROR -- : C:/workspace/minigun/examples/12_database_publisher.rb:58:in 'DatabasePublisher#enrich_customer_data'
C:/workspace/minigun/examples/12_database_publisher.rb:108:in 'block (2 levels) in <class:DatabasePublisher>'
C:/workspace/minigun/lib/minigun/stage.rb:109:in 'BasicObject#instance_exec'
C:/workspace/minigun/lib/minigun/stage.rb:109:in 'Minigun::AtomicStage#execute'
C:/workspace/minigun/lib/minigun/execution/executor.rb:62:in 'Minigun::Execution::Executor#run_stage_logic'
C:/workspace/minigun/lib/minigun/execution/executor.rb:71:in 'Minigun::Execution::InlineExecutor#execute_with_strategy'
C:/workspace/minigun/lib/minigun/execution/executor.rb:31:in 'Minigun::Execution::Executor#execute_stage_item'
C:/workspace/minigun/lib/minigun/execution/stage_worker.rb:201:in 'Minigun::Execution::StageWorker#execute_stage_item'
C:/workspace/minigun/lib/minigun/execution/stage_worker.rb:162:in 'block in Minigun::Execution::StageWorker#run_processor_loop'
<internal:kernel>:168:in 'Kernel#loop'
C:/workspace/minigun/lib/minigun/execution/stage_worker.rb:149:in 'Minigun::Execution::StageWorker#run_processor_loop'
C:/workspace/minigun/lib/minigun/execution/stage_worker.rb:74:in 'Minigun::Execution::StageWorker#run_worker_loop'
C:/workspace/minigun/lib/minigun/execution/stage_worker.rb:29:in 'block in Minigun::Execution::StageWorker#start'
E, [2025-10-27T13:41:26.330763 #8588] ERROR -- : [Pipeline:default][Stage:enrich_data] Error: undefined method 'merge' for an instance of Array
E, [2025-10-27T13:41:26.330789 #8588] ERROR -- : C:/workspace/minigun/examples/12_database_publisher.rb:58:in 'DatabasePublisher#enrich_customer_data'
C:/workspace/minigun/examples/12_database_publisher.rb:108:in 'block (2 levels) in <class:DatabasePublisher>'
C:/workspace/minigun/lib/minigun/stage.rb:109:in 'BasicObject#instance_exec'
C:/workspace/minigun/lib/minigun/stage.rb:109:in 'Minigun::AtomicStage#execute'
C:/workspace/minigun/lib/minigun/execution/executor.rb:62:in 'Minigun::Execution::Executor#run_stage_logic'
C:/workspace/minigun/lib/minigun/execution/executor.rb:71:in 'Minigun::Execution::InlineExecutor#execute_with_strategy'
C:/workspace/minigun/lib/minigun/execution/executor.rb:31:in 'Minigun::Execution::Executor#execute_stage_item'
C:/workspace/minigun/lib/minigun/execution/stage_worker.rb:201:in 'Minigun::Execution::StageWorker#execute_stage_item'
C:/workspace/minigun/lib/minigun/execution/stage_worker.rb:162:in 'block in Minigun::Execution::StageWorker#run_processor_loop'
<internal:kernel>:168:in 'Kernel#loop'
C:/workspace/minigun/lib/minigun/execution/stage_worker.rb:149:in 'Minigun::Execution::StageWorker#run_processor_loop'
C:/workspace/minigun/lib/minigun/execution/stage_worker.rb:74:in 'Minigun::Execution::StageWorker#run_worker_loop'
C:/workspace/minigun/lib/minigun/execution/stage_worker.rb:29:in 'block in Minigun::Execution::StageWorker#start'
E, [2025-10-27T13:41:26.330824 #8588] ERROR -- : [Pipeline:default][Stage:enrich_data] Error: undefined method 'merge' for an instance of Array
E, [2025-10-27T13:41:26.330864 #8588] ERROR -- : C:/workspace/minigun/examples/12_database_publisher.rb:58:in 'DatabasePublisher#enrich_customer_data'
C:/workspace/minigun/examples/12_database_publisher.rb:108:in 'block (2 levels) in <class:DatabasePublisher>'
C:/workspace/minigun/lib/minigun/stage.rb:109:in 'BasicObject#instance_exec'
C:/workspace/minigun/lib/minigun/stage.rb:109:in 'Minigun::AtomicStage#execute'
C:/workspace/minigun/lib/minigun/execution/executor.rb:62:in 'Minigun::Execution::Executor#run_stage_logic'
C:/workspace/minigun/lib/minigun/execution/executor.rb:71:in 'Minigun::Execution::InlineExecutor#execute_with_strategy'
C:/workspace/minigun/lib/minigun/execution/executor.rb:31:in 'Minigun::Execution::Executor#execute_stage_item'
C:/workspace/minigun/lib/minigun/execution/stage_worker.rb:201:in 'Minigun::Execution::StageWorker#execute_stage_item'
C:/workspace/minigun/lib/minigun/execution/stage_worker.rb:162:in 'block in Minigun::Execution::StageWorker#run_processor_loop'
<internal:kernel>:168:in 'Kernel#loop'
C:/workspace/minigun/lib/minigun/execution/stage_worker.rb:149:in 'Minigun::Execution::StageWorker#run_processor_loop'
C:/workspace/minigun/lib/minigun/execution/stage_worker.rb:74:in 'Minigun::Execution::StageWorker#run_worker_loop'
C:/workspace/minigun/lib/minigun/execution/stage_worker.rb:29:in 'block in Minigun::Execution::StageWorker#start'
E, [2025-10-27T13:41:26.330889 #8588] ERROR -- : [Pipeline:default][Stage:enrich_data] Error: undefined method 'merge' for an instance of Array
E, [2025-10-27T13:41:26.330924 #8588] ERROR -- : C:/workspace/minigun/examples/12_database_publisher.rb:58:in 'DatabasePublisher#enrich_customer_data'
C:/workspace/minigun/examples/12_database_publisher.rb:108:in 'block (2 levels) in <class:DatabasePublisher>'
C:/workspace/minigun/lib/minigun/stage.rb:109:in 'BasicObject#instance_exec'
C:/workspace/minigun/lib/minigun/stage.rb:109:in 'Minigun::AtomicStage#execute'
C:/workspace/minigun/lib/minigun/execution/executor.rb:62:in 'Minigun::Execution::Executor#run_stage_logic'
C:/workspace/minigun/lib/minigun/execution/executor.rb:71:in 'Minigun::Execution::InlineExecutor#execute_with_strategy'
C:/workspace/minigun/lib/minigun/execution/executor.rb:31:in 'Minigun::Execution::Executor#execute_stage_item'
C:/workspace/minigun/lib/minigun/execution/stage_worker.rb:201:in 'Minigun::Execution::StageWorker#execute_stage_item'
C:/workspace/minigun/lib/minigun/execution/stage_worker.rb:162:in 'block in Minigun::Execution::StageWorker#run_processor_loop'
<internal:kernel>:168:in 'Kernel#loop'
C:/workspace/minigun/lib/minigun/execution/stage_worker.rb:149:in 'Minigun::Execution::StageWorker#run_processor_loop'
C:/workspace/minigun/lib/minigun/execution/stage_worker.rb:74:in 'Minigun::Execution::StageWorker#run_worker_loop'
C:/workspace/minigun/lib/minigun/execution/stage_worker.rb:29:in 'block in Minigun::Execution::StageWorker#start'
E, [2025-10-27T13:41:26.330957 #8588] ERROR -- : [Pipeline:default][Stage:enrich_data] Error: undefined method 'merge' for an instance of Array
E, [2025-10-27T13:41:26.331004 #8588] ERROR -- : C:/workspace/minigun/examples/12_database_publisher.rb:58:in 'DatabasePublisher#enrich_customer_data'
C:/workspace/minigun/examples/12_database_publisher.rb:108:in 'block (2 levels) in <class:DatabasePublisher>'
C:/workspace/minigun/lib/minigun/stage.rb:109:in 'BasicObject#instance_exec'
C:/workspace/minigun/lib/minigun/stage.rb:109:in 'Minigun::AtomicStage#execute'
C:/workspace/minigun/lib/minigun/execution/executor.rb:62:in 'Minigun::Execution::Executor#run_stage_logic'
C:/workspace/minigun/lib/minigun/execution/executor.rb:71:in 'Minigun::Execution::InlineExecutor#execute_with_strategy'
C:/workspace/minigun/lib/minigun/execution/executor.rb:31:in 'Minigun::Execution::Executor#execute_stage_item'
C:/workspace/minigun/lib/minigun/execution/stage_worker.rb:201:in 'Minigun::Execution::StageWorker#execute_stage_item'
C:/workspace/minigun/lib/minigun/execution/stage_worker.rb:162:in 'block in Minigun::Execution::StageWorker#run_processor_loop'
<internal:kernel>:168:in 'Kernel#loop'
C:/workspace/minigun/lib/minigun/execution/stage_worker.rb:149:in 'Minigun::Execution::StageWorker#run_processor_loop'
C:/workspace/minigun/lib/minigun/execution/stage_worker.rb:74:in 'Minigun::Execution::StageWorker#run_worker_loop'
C:/workspace/minigun/lib/minigun/execution/stage_worker.rb:29:in 'block in Minigun::Execution::StageWorker#start'
E, [2025-10-27T13:41:26.331386 #8588] ERROR -- : [Pipeline:default][Stage:enrich_data] Error: undefined method 'merge' for an instance of Array
E, [2025-10-27T13:41:26.331439 #8588] ERROR -- : C:/workspace/minigun/examples/12_database_publisher.rb:58:in 'DatabasePublisher#enrich_customer_data'
C:/workspace/minigun/examples/12_database_publisher.rb:108:in 'block (2 levels) in <class:DatabasePublisher>'
C:/workspace/minigun/lib/minigun/stage.rb:109:in 'BasicObject#instance_exec'
C:/workspace/minigun/lib/minigun/stage.rb:109:in 'Minigun::AtomicStage#execute'
C:/workspace/minigun/lib/minigun/execution/executor.rb:62:in 'Minigun::Execution::Executor#run_stage_logic'
C:/workspace/minigun/lib/minigun/execution/executor.rb:71:in 'Minigun::Execution::InlineExecutor#execute_with_strategy'
C:/workspace/minigun/lib/minigun/execution/executor.rb:31:in 'Minigun::Execution::Executor#execute_stage_item'
C:/workspace/minigun/lib/minigun/execution/stage_worker.rb:201:in 'Minigun::Execution::StageWorker#execute_stage_item'
C:/workspace/minigun/lib/minigun/execution/stage_worker.rb:162:in 'block in Minigun::Execution::StageWorker#run_processor_loop'
<internal:kernel>:168:in 'Kernel#loop'
C:/workspace/minigun/lib/minigun/execution/stage_worker.rb:149:in 'Minigun::Execution::StageWorker#run_processor_loop'
C:/workspace/minigun/lib/minigun/execution/stage_worker.rb:74:in 'Minigun::Execution::StageWorker#run_worker_loop'
C:/workspace/minigun/lib/minigun/execution/stage_worker.rb:29:in 'block in Minigun::Execution::StageWorker#start'
E, [2025-10-27T13:41:26.331486 #8588] ERROR -- : [Pipeline:default][Stage:enrich_data] Error: undefined method 'merge' for an instance of Array
E, [2025-10-27T13:41:26.331540 #8588] ERROR -- : C:/workspace/minigun/examples/12_database_publisher.rb:58:in 'DatabasePublisher#enrich_customer_data'
C:/workspace/minigun/examples/12_database_publisher.rb:108:in 'block (2 levels) in <class:DatabasePublisher>'
C:/workspace/minigun/lib/minigun/stage.rb:109:in 'BasicObject#instance_exec'
C:/workspace/minigun/lib/minigun/stage.rb:109:in 'Minigun::AtomicStage#execute'
C:/workspace/minigun/lib/minigun/execution/executor.rb:62:in 'Minigun::Execution::Executor#run_stage_logic'
C:/workspace/minigun/lib/minigun/execution/executor.rb:71:in 'Minigun::Execution::InlineExecutor#execute_with_strategy'
C:/workspace/minigun/lib/minigun/execution/executor.rb:31:in 'Minigun::Execution::Executor#execute_stage_item'
C:/workspace/minigun/lib/minigun/execution/stage_worker.rb:201:in 'Minigun::Execution::StageWorker#execute_stage_item'
C:/workspace/minigun/lib/minigun/execution/stage_worker.rb:162:in 'block in Minigun::Execution::StageWorker#run_processor_loop'
<internal:kernel>:168:in 'Kernel#loop'
C:/workspace/minigun/lib/minigun/execution/stage_worker.rb:149:in 'Minigun::Execution::StageWorker#run_processor_loop'
C:/workspace/minigun/lib/minigun/execution/stage_worker.rb:74:in 'Minigun::Execution::StageWorker#run_worker_loop'
C:/workspace/minigun/lib/minigun/execution/stage_worker.rb:29:in 'block in Minigun::Execution::StageWorker#start'
E, [2025-10-27T13:41:26.331592 #8588] ERROR -- : [Pipeline:default][Stage:enrich_data] Error: undefined method 'merge' for an instance of Array
E, [2025-10-27T13:41:26.331629 #8588] ERROR -- : C:/workspace/minigun/examples/12_database_publisher.rb:58:in 'DatabasePublisher#enrich_customer_data'
C:/workspace/minigun/examples/12_database_publisher.rb:108:in 'block (2 levels) in <class:DatabasePublisher>'
C:/workspace/minigun/lib/minigun/stage.rb:109:in 'BasicObject#instance_exec'
C:/workspace/minigun/lib/minigun/stage.rb:109:in 'Minigun::AtomicStage#execute'
C:/workspace/minigun/lib/minigun/execution/executor.rb:62:in 'Minigun::Execution::Executor#run_stage_logic'
C:/workspace/minigun/lib/minigun/execution/executor.rb:71:in 'Minigun::Execution::InlineExecutor#execute_with_strategy'
C:/workspace/minigun/lib/minigun/execution/executor.rb:31:in 'Minigun::Execution::Executor#execute_stage_item'
C:/workspace/minigun/lib/minigun/execution/stage_worker.rb:201:in 'Minigun::Execution::StageWorker#execute_stage_item'
C:/workspace/minigun/lib/minigun/execution/stage_worker.rb:162:in 'block in Minigun::Execution::StageWorker#run_processor_loop'
<internal:kernel>:168:in 'Kernel#loop'
C:/workspace/minigun/lib/minigun/execution/stage_worker.rb:149:in 'Minigun::Execution::StageWorker#run_processor_loop'
C:/workspace/minigun/lib/minigun/execution/stage_worker.rb:74:in 'Minigun::Execution::StageWorker#run_worker_loop'
C:/workspace/minigun/lib/minigun/execution/stage_worker.rb:29:in 'block in Minigun::Execution::StageWorker#start'
E, [2025-10-27T13:41:26.332885 #8588] ERROR -- : [Pipeline:default][Stage:enrich_data] Error: undefined method 'merge' for an instance of Array
E, [2025-10-27T13:41:26.332939 #8588] ERROR -- : C:/workspace/minigun/examples/12_database_publisher.rb:58:in 'DatabasePublisher#enrich_customer_data'
C:/workspace/minigun/examples/12_database_publisher.rb:108:in 'block (2 levels) in <class:DatabasePublisher>'
C:/workspace/minigun/lib/minigun/stage.rb:109:in 'BasicObject#instance_exec'
C:/workspace/minigun/lib/minigun/stage.rb:109:in 'Minigun::AtomicStage#execute'
C:/workspace/minigun/lib/minigun/execution/executor.rb:62:in 'Minigun::Execution::Executor#run_stage_logic'
C:/workspace/minigun/lib/minigun/execution/executor.rb:71:in 'Minigun::Execution::InlineExecutor#execute_with_strategy'
C:/workspace/minigun/lib/minigun/execution/executor.rb:31:in 'Minigun::Execution::Executor#execute_stage_item'
C:/workspace/minigun/lib/minigun/execution/stage_worker.rb:201:in 'Minigun::Execution::StageWorker#execute_stage_item'
C:/workspace/minigun/lib/minigun/execution/stage_worker.rb:162:in 'block in Minigun::Execution::StageWorker#run_processor_loop'
<internal:kernel>:168:in 'Kernel#loop'
C:/workspace/minigun/lib/minigun/execution/stage_worker.rb:149:in 'Minigun::Execution::StageWorker#run_processor_loop'
C:/workspace/minigun/lib/minigun/execution/stage_worker.rb:74:in 'Minigun::Execution::StageWorker#run_worker_loop'
C:/workspace/minigun/lib/minigun/execution/stage_worker.rb:29:in 'block in Minigun::Execution::StageWorker#start'
E, [2025-10-27T13:41:26.332985 #8588] ERROR -- : [Pipeline:default][Stage:enrich_data] Error: undefined method 'merge' for an instance of Array
E, [2025-10-27T13:41:26.333025 #8588] ERROR -- : C:/workspace/minigun/examples/12_database_publisher.rb:58:in 'DatabasePublisher#enrich_customer_data'
C:/workspace/minigun/examples/12_database_publisher.rb:108:in 'block (2 levels) in <class:DatabasePublisher>'
C:/workspace/minigun/lib/minigun/stage.rb:109:in 'BasicObject#instance_exec'
C:/workspace/minigun/lib/minigun/stage.rb:109:in 'Minigun::AtomicStage#execute'
C:/workspace/minigun/lib/minigun/execution/executor.rb:62:in 'Minigun::Execution::Executor#run_stage_logic'
C:/workspace/minigun/lib/minigun/execution/executor.rb:71:in 'Minigun::Execution::InlineExecutor#execute_with_strategy'
C:/workspace/minigun/lib/minigun/execution/executor.rb:31:in 'Minigun::Execution::Executor#execute_stage_item'
C:/workspace/minigun/lib/minigun/execution/stage_worker.rb:201:in 'Minigun::Execution::StageWorker#execute_stage_item'
C:/workspace/minigun/lib/minigun/execution/stage_worker.rb:162:in 'block in Minigun::Execution::StageWorker#run_processor_loop'
<internal:kernel>:168:in 'Kernel#loop'
C:/workspace/minigun/lib/minigun/execution/stage_worker.rb:149:in 'Minigun::Execution::StageWorker#run_processor_loop'
C:/workspace/minigun/lib/minigun/execution/stage_worker.rb:74:in 'Minigun::Execution::StageWorker#run_worker_loop'
C:/workspace/minigun/lib/minigun/execution/stage_worker.rb:29:in 'block in Minigun::Execution::StageWorker#start'
E, [2025-10-27T13:41:26.334314 #8588] ERROR -- : [Pipeline:default][Stage:enrich_data] Error: undefined method 'merge' for an instance of Array
E, [2025-10-27T13:41:26.334374 #8588] ERROR -- : C:/workspace/minigun/examples/12_database_publisher.rb:58:in 'DatabasePublisher#enrich_customer_data'
C:/workspace/minigun/examples/12_database_publisher.rb:108:in 'block (2 levels) in <class:DatabasePublisher>'
C:/workspace/minigun/lib/minigun/stage.rb:109:in 'BasicObject#instance_exec'
C:/workspace/minigun/lib/minigun/stage.rb:109:in 'Minigun::AtomicStage#execute'
C:/workspace/minigun/lib/minigun/execution/executor.rb:62:in 'Minigun::Execution::Executor#run_stage_logic'
C:/workspace/minigun/lib/minigun/execution/executor.rb:71:in 'Minigun::Execution::InlineExecutor#execute_with_strategy'
C:/workspace/minigun/lib/minigun/execution/executor.rb:31:in 'Minigun::Execution::Executor#execute_stage_item'
C:/workspace/minigun/lib/minigun/execution/stage_worker.rb:201:in 'Minigun::Execution::StageWorker#execute_stage_item'
C:/workspace/minigun/lib/minigun/execution/stage_worker.rb:162:in 'block in Minigun::Execution::StageWorker#run_processor_loop'
<internal:kernel>:168:in 'Kernel#loop'
C:/workspace/minigun/lib/minigun/execution/stage_worker.rb:149:in 'Minigun::Execution::StageWorker#run_processor_loop'
C:/workspace/minigun/lib/minigun/execution/stage_worker.rb:74:in 'Minigun::Execution::StageWorker#run_worker_loop'
C:/workspace/minigun/lib/minigun/execution/stage_worker.rb:29:in 'block in Minigun::Execution::StageWorker#start'
I, [2025-10-27T13:41:26.329643 #8588]  INFO -- : [Pipeline:default][Worker:publish] Starting
I, [2025-10-27T13:41:26.329857 #8588]  INFO -- : [Pipeline:default][Producer:fetch_customers] Done
I, [2025-10-27T13:41:26.334497 #8588]  INFO -- : [Pipeline:default][Worker:enrich_data] Done
I, [2025-10-27T13:41:26.334565 #8588]  INFO -- : [Pipeline:default][Worker:publish] Done
I, [2025-10-27T13:41:26.334641 #8588]  INFO -- : [Job:be5963f1][Pipeline:default] Finished in 0.01s
[Lifecycle] Publishing complete!
[Lifecycle] Duration: 0.01s
[Lifecycle] Published 0 records
[Lifecycle] Average: 0.0 records/sec
[Lifecycle] Publishing complete!
[Lifecycle] Duration: 0.01s
[Lifecycle] Published 0 records
[Lifecycle] Average: 0.0 records/sec
I, [2025-10-27T13:41:26.334729 #8588]  INFO -- : [Job:be5963f1] DatabasePublisher finished
I, [2025-10-27T13:41:26.334777 #8588]  INFO -- : [Job:be5963f1] Runtime: 0.01s
I, [2025-10-27T13:41:26.334819 #8588]  INFO -- : [Job:be5963f1] Pipeline 'default': 0 produced, 0 consumed, 0.0 items/s
I, [2025-10-27T13:41:26.334850 #8588]  INFO -- : [Job:be5963f1] Bottleneck: fetch_customers (0.0 items/s)
I, [2025-10-27T13:41:26.334877 #8588]  INFO -- : [Job:be5963f1] Total: 0 items, 0.0 items/min
    publishes database records (FAILED - 44)
  39_load_balancer.rb
I, [2025-10-27T13:41:26.336153 #8588]  INFO -- : [Job:e83b51d9] LoadBalancerExample started
I, [2025-10-27T13:41:26.336207 #8588]  INFO -- : [Job:e83b51d9] Configuration: max_processes=2, max_threads=5
I, [2025-10-27T13:41:26.336241 #8588]  INFO -- : [Job:e83b51d9][Pipeline:default] Starting
[DAG BUILD] BEFORE handle_multiple_producers: edges=
[DAG BUILD] AFTER handle_multiple_producers: edges=request_generator->router | router->
[DAG BUILD] AFTER fill_sequential_gaps: edges=request_generator->router | router->process_request | process_request->response_collector | response_collector->
I, [2025-10-27T13:41:26.336339 #8588]  INFO -- : [Job:e83b51d9][Pipeline:default] DAG: request_generator -> router -> process_request -> response_collector
I, [2025-10-27T13:41:26.336538 #8588]  INFO -- : [Pipeline:default][Producer:request_generator] Starting 

============================================================
LOAD BALANCER: Generating HTTP Requests
============================================================
Generated request 1: DELETE /api/products
Generated request 2: POST /health
Generated request 3: GET /api/users
Generated request 4: PUT /api/products
Generated request 5: POST /health
Generated request 6: POST /api/users
Generated request 7: GET /api/orders
Generated request 8: GET /api/orders
Generated request 9: PUT /api/orders
Generated request 10: DELETE /api/products
Generated request 11: PUT /api/products
Generated request 12: GET /api/users
Generated request 13: GET /api/orders
Generated request 14: POST /api/products
Generated request 15: DELETE /api/products
I, [2025-10-27T13:41:26.336748 #8588]  INFO -- : [Pipeline:default][Worker:response_collector] Starting
I, [2025-10-27T13:41:26.336679 #8588]  INFO -- : [Pipeline:default][Worker:process_request] Starting
I, [2025-10-27T13:41:26.336617 #8588]  INFO -- : [Pipeline:default][Worker:router] Starting
ΓåÆ Routing request 1 to server 0
ΓåÆ Routing request 2 to server 1
ΓåÆ Routing request 3 to server 2
ΓåÆ Routing request 4 to server 0
ΓåÆ Routing request 5 to server 1
ΓåÆ Routing request 6 to server 2
ΓåÆ Routing request 7 to server 0
ΓåÆ Routing request 8 to server 1
ΓåÆ Routing request 9 to server 2
ΓåÆ Routing request 10 to server 0
ΓåÆ Routing request 11 to server 1
ΓåÆ Routing request 12 to server 2
ΓåÆ Routing request 13 to server 0
ΓåÆ Routing request 14 to server 1
ΓåÆ Routing request 15 to server 2
I, [2025-10-27T13:41:26.337008 #8588]  INFO -- : [Pipeline:default][Producer:request_generator] Done
I, [2025-10-27T13:41:26.337665 #8588]  INFO -- : [Pipeline:default][Worker:router] Done
  Server-0 processed request 1 (200) in 0.01s
Γ£ô Response received from Server-0: request 1 [200]
  Server-1 processed request 2 (200) in 0.015s
Γ£ô Response received from Server-1: request 2 [200]
  Server-2 processed request 3 (200) in 0.02s
Γ£ô Response received from Server-2: request 3 [200]
  Server-0 processed request 4 (200) in 0.01s
Γ£ô Response received from Server-0: request 4 [200]
  Server-1 processed request 5 (500) in 0.015s
Γ£ù Response received from Server-1: request 5 [500]
  Server-2 processed request 6 (200) in 0.02s
Γ£ô Response received from Server-2: request 6 [200]
  Server-0 processed request 7 (200) in 0.01s
Γ£ô Response received from Server-0: request 7 [200]
  Server-1 processed request 8 (200) in 0.015s
Γ£ô Response received from Server-1: request 8 [200]
  Server-2 processed request 9 (200) in 0.02s
Γ£ô Response received from Server-2: request 9 [200]
  Server-0 processed request 10 (200) in 0.01s
Γ£ô Response received from Server-0: request 10 [200]
  Server-1 processed request 11 (200) in 0.015s
Γ£ô Response received from Server-1: request 11 [200]
  Server-2 processed request 12 (200) in 0.02s
Γ£ô Response received from Server-2: request 12 [200]
  Server-0 processed request 13 (200) in 0.01s
Γ£ô Response received from Server-0: request 13 [200]
  Server-1 processed request 14 (200) in 0.015s
Γ£ô Response received from Server-1: request 14 [200]
  Server-2 processed request 15 (500) in 0.02s
Γ£ù Response received from Server-2: request 15 [500]
I, [2025-10-27T13:41:26.653641 #8588]  INFO -- : [Pipeline:default][Worker:process_request] Done
I, [2025-10-27T13:41:26.653750 #8588]  INFO -- : [Pipeline:default][Worker:response_collector] Done
I, [2025-10-27T13:41:26.653911 #8588]  INFO -- : [Job:e83b51d9][Pipeline:default] Finished in 0.32s

============================================================
LOAD BALANCER STATISTICS
============================================================
Server-0: 5 requests, avg time: 0.01s
Server-1: 5 requests, avg time: 0.015s
Server-2: 5 requests, avg time: 0.02s

Load balancing complete!
============================================================

============================================================
LOAD BALANCER STATISTICS
============================================================
Server-0: 5 requests, avg time: 0.01s
Server-1: 5 requests, avg time: 0.015s
Server-2: 5 requests, avg time: 0.02s

Load balancing complete!
============================================================
I, [2025-10-27T13:41:26.654071 #8588]  INFO -- : [Job:e83b51d9] LoadBalancerExample finished
I, [2025-10-27T13:41:26.654098 #8588]  INFO -- : [Job:e83b51d9] Runtime: 0.32s
I, [2025-10-27T13:41:26.654132 #8588]  INFO -- : [Job:e83b51d9] Pipeline 'default': 0 produced, 15 consumed, 0.0 items/s
I, [2025-10-27T13:41:26.654165 #8588]  INFO -- : [Job:e83b51d9] Bottleneck: request_generator (0.0 items/s)
I, [2025-10-27T13:41:26.654192 #8588]  INFO -- : [Job:e83b51d9] Total: 0 items, 0.0 items/min
    demonstrates load balancing pattern
  13_configuration.rb
I, [2025-10-27T13:41:26.655637 #8588]  INFO -- : [Job:ff9bb229] ConfigurationExample started
I, [2025-10-27T13:41:26.655695 #8588]  INFO -- : [Job:ff9bb229] Configuration: max_processes=4, max_threads=10
I, [2025-10-27T13:41:26.655735 #8588]  INFO -- : [Job:ff9bb229][Pipeline:default] Starting
[DAG BUILD] BEFORE handle_multiple_producers: edges=
[DAG BUILD] AFTER handle_multiple_producers: edges=generate->validate | validate->
[DAG BUILD] AFTER fill_sequential_gaps: edges=generate->validate | validate->transform | transform->collect | collect->
I, [2025-10-27T13:41:26.655866 #8588]  INFO -- : [Job:ff9bb229][Pipeline:default] DAG: generate -> validate -> transform -> collect
I, [2025-10-27T13:41:26.656085 #8588]  INFO -- : [Pipeline:default][Producer:generate] Starting 
[Producer] Generating 20 items...
I, [2025-10-27T13:41:26.656193 #8588]  INFO -- : [Pipeline:default][Worker:transform] Starting
I, [2025-10-27T13:41:26.656136 #8588]  INFO -- : [Pipeline:default][Worker:validate] Starting
[Processor] Skipping invalid item: 7
[Processor] Transformed 1 -> 2[Processor] Skipping invalid item: 14

[Processor] Transformed 2 -> 4
[Processor] Transformed 3 -> 6
[Processor] Transformed 4 -> 8
[Processor] Transformed 5 -> 10
[Processor] Transformed 6 -> 12
[Processor] Transformed 8 -> 16
[Processor] Transformed 9 -> 18
[Processor] Transformed 10 -> 20
[Processor] Transformed 11 -> 22
[Processor] Transformed 12 -> 24
[Processor] Transformed 13 -> 26
[Processor] Transformed 15 -> 30
[Processor] Transformed 16 -> 32
[Processor] Transformed 17 -> 34
[Processor] Transformed 18 -> 36
[Processor] Transformed 19 -> 38
[Processor] Transformed 20 -> 40
I, [2025-10-27T13:41:26.656225 #8588]  INFO -- : [Pipeline:default][Worker:collect] Starting
[Consumer] Collected: 2
[Consumer] Collected: 4
[Consumer] Collected: 6
[Consumer] Collected: 8
[Consumer] Collected: 10
[Consumer] Collected: 12
[Consumer] Collected: 16
[Consumer] Collected: 18
[Consumer] Collected: 20
[Consumer] Collected: 22
[Consumer] Collected: 24
[Consumer] Collected: 26
[Consumer] Collected: 30
[Consumer] Collected: 32
[Consumer] Collected: 34
[Consumer] Collected: 36
[Consumer] Collected: 38
[Consumer] Collected: 40
I, [2025-10-27T13:41:26.656261 #8588]  INFO -- : [Pipeline:default][Producer:generate] Done
I, [2025-10-27T13:41:26.656979 #8588]  INFO -- : [Pipeline:default][Worker:validate] Done
I, [2025-10-27T13:41:26.657114 #8588]  INFO -- : [Pipeline:default][Worker:collect] Done
I, [2025-10-27T13:41:26.657049 #8588]  INFO -- : [Pipeline:default][Worker:transform] Done
I, [2025-10-27T13:41:26.657200 #8588]  INFO -- : [Job:ff9bb229][Pipeline:default] Finished in 0.0s
I, [2025-10-27T13:41:26.657263 #8588]  INFO -- : [Job:ff9bb229] ConfigurationExample finished
I, [2025-10-27T13:41:26.657315 #8588]  INFO -- : [Job:ff9bb229] Runtime: 0.0s
I, [2025-10-27T13:41:26.657367 #8588]  INFO -- : [Job:ff9bb229] Pipeline 'default': 0 produced, 18 consumed, 0.0 items/s
I, [2025-10-27T13:41:26.657398 #8588]  INFO -- : [Job:ff9bb229] Bottleneck: generate (0.0 items/s)
I, [2025-10-27T13:41:26.657424 #8588]  INFO -- : [Job:ff9bb229] Total: 0 items, 0.0 items/min
    demonstrates configuration options
  02_diamond_pattern.rb
I, [2025-10-27T13:41:26.658437 #8588]  INFO -- : [Job:b4b10bf4] DiamondPipeline started
I, [2025-10-27T13:41:26.658482 #8588]  INFO -- : [Job:b4b10bf4] Configuration: max_processes=2, max_threads=3
I, [2025-10-27T13:41:26.658510 #8588]  INFO -- : [Job:b4b10bf4][Pipeline:default] Starting
[DAG BUILD] BEFORE handle_multiple_producers: edges=path_a->merge | source->path_a,path_b | path_b->merge | merge->
[DAG BUILD] AFTER handle_multiple_producers: edges=path_a->merge | source->path_a,path_b | path_b->merge | merge->
[DAG BUILD] AFTER fill_sequential_gaps: edges=path_a->merge | source->path_a,path_b | path_b->merge | merge->
I, [2025-10-27T13:41:26.658588 #8588]  INFO -- : [Job:b4b10bf4][Pipeline:default] DAG: source -> path_b -> path_a -> merge
I, [2025-10-27T13:41:26.658650 #8588]  INFO -- : [Pipeline:default] Inserting RouterStage 'source_router' (broadcast) for fan-out: source -> path_a, path_b
I, [2025-10-27T13:41:26.658836 #8588]  INFO -- : [Pipeline:default][Producer:source] Starting 
I, [2025-10-27T13:41:26.658958 #8588]  INFO -- : [Pipeline:default][Producer:source] Done
I, [2025-10-27T13:41:26.658915 #8588]  INFO -- : [Pipeline:default][Worker:path_b] Starting
I, [2025-10-27T13:41:26.658991 #8588]  INFO -- : [Pipeline:default][Worker:merge] Starting
I, [2025-10-27T13:41:26.659024 #8588]  INFO -- : [Pipeline:default][Worker:source_router] Starting
I, [2025-10-27T13:41:26.659193 #8588]  INFO -- : [Pipeline:default][Worker:source_router] Done
I, [2025-10-27T13:41:26.658875 #8588]  INFO -- : [Pipeline:default][Worker:path_a] Starting
I, [2025-10-27T13:41:26.659425 #8588]  INFO -- : [Pipeline:default][Worker:path_a] Done
I, [2025-10-27T13:41:26.659265 #8588]  INFO -- : [Pipeline:default][Worker:path_b] Done
I, [2025-10-27T13:41:26.659503 #8588]  INFO -- : [Pipeline:default][Worker:merge] Done
I, [2025-10-27T13:41:26.659601 #8588]  INFO -- : [Job:b4b10bf4][Pipeline:default] Finished in 0.0s
I, [2025-10-27T13:41:26.659678 #8588]  INFO -- : [Job:b4b10bf4] DiamondPipeline finished
I, [2025-10-27T13:41:26.659711 #8588]  INFO -- : [Job:b4b10bf4] Runtime: 0.0s
I, [2025-10-27T13:41:26.659770 #8588]  INFO -- : [Job:b4b10bf4] Pipeline 'default': 0 produced, 10 consumed, 0.0 items/s
I, [2025-10-27T13:41:26.659810 #8588]  INFO -- : [Job:b4b10bf4] Bottleneck: source (0.0 items/s)
I, [2025-10-27T13:41:26.659861 #8588]  INFO -- : [Job:b4b10bf4] Total: 0 items, 0.0 items/min
    routes through diamond-shaped pattern
  00_quick_start.rb
I, [2025-10-27T13:41:26.660846 #8588]  INFO -- : [Job:24aae846] QuickStartExample started
I, [2025-10-27T13:41:26.660892 #8588]  INFO -- : [Job:24aae846] Configuration: max_processes=2, max_threads=5
I, [2025-10-27T13:41:26.660948 #8588]  INFO -- : [Job:24aae846][Pipeline:default] Starting
[DAG BUILD] BEFORE handle_multiple_producers: edges=
[DAG BUILD] AFTER handle_multiple_producers: edges=generate->transform | transform->
[DAG BUILD] AFTER fill_sequential_gaps: edges=generate->transform | transform->collect | collect->
I, [2025-10-27T13:41:26.661039 #8588]  INFO -- : [Job:24aae846][Pipeline:default] DAG: generate -> transform -> collect
I, [2025-10-27T13:41:26.661227 #8588]  INFO -- : [Pipeline:default][Producer:generate] Starting 
I, [2025-10-27T13:41:26.661318 #8588]  INFO -- : [Pipeline:default][Producer:generate] Done
I, [2025-10-27T13:41:26.661356 #8588]  INFO -- : [Pipeline:default][Worker:collect] Starting
I, [2025-10-27T13:41:26.661267 #8588]  INFO -- : [Pipeline:default][Worker:transform] Starting
I, [2025-10-27T13:41:26.661514 #8588]  INFO -- : [Pipeline:default][Worker:transform] Done
I, [2025-10-27T13:41:26.661602 #8588]  INFO -- : [Pipeline:default][Worker:collect] Done
I, [2025-10-27T13:41:26.661668 #8588]  INFO -- : [Job:24aae846][Pipeline:default] Finished in 0.0s
I, [2025-10-27T13:41:26.661734 #8588]  INFO -- : [Job:24aae846] QuickStartExample finished
I, [2025-10-27T13:41:26.661772 #8588]  INFO -- : [Job:24aae846] Runtime: 0.0s
I, [2025-10-27T13:41:26.661819 #8588]  INFO -- : [Job:24aae846] Pipeline 'default': 0 produced, 10 consumed, 0.0 items/s
I, [2025-10-27T13:41:26.661857 #8588]  INFO -- : [Job:24aae846] Bottleneck: generate (0.0 items/s)
I, [2025-10-27T13:41:26.661910 #8588]  INFO -- : [Job:24aae846] Total: 0 items, 0.0 items/min
    runs simple producer-processor-consumer pipeline
  08_nested_pipeline_simple.rb
I, [2025-10-27T13:41:26.662764 #8588]  INFO -- : [Job:607b7eb6] NestedPipelineExample started
I, [2025-10-27T13:41:26.662819 #8588]  INFO -- : [Job:607b7eb6] Configuration: max_processes=2, max_threads=5
I, [2025-10-27T13:41:26.662858 #8588]  INFO -- : [Job:607b7eb6][Pipeline:default] Starting
[DAG BUILD] BEFORE handle_multiple_producers: edges=
[DAG BUILD] AFTER handle_multiple_producers: edges=start->transform_sub | transform_sub->
[DAG BUILD] AFTER fill_sequential_gaps: edges=start->transform_sub | transform_sub->collect | collect->
I, [2025-10-27T13:41:26.662946 #8588]  INFO -- : [Job:607b7eb6][Pipeline:default] DAG: start -> transform_sub -> collect
I, [2025-10-27T13:41:26.663096 #8588]  INFO -- : [Pipeline:default][Producer:start] Starting 
[Main] Generating numbers 1-5
I, [2025-10-27T13:41:26.663197 #8588]  INFO -- : [Pipeline:default][Worker:collect] Starting
I, [2025-10-27T13:41:26.663140 #8588]  INFO -- : [Pipeline:default][Worker:transform_sub] Starting
[SubPipeline] 1 * 2 = 2
I, [2025-10-27T13:41:26.663242 #8588]  INFO -- : [Pipeline:default][Producer:start] Done
E, [2025-10-27T13:41:26.663379 #8588] ERROR -- : [Pipeline:default][Stage:transform_sub] Error: undefined method '<<' for nil
E, [2025-10-27T13:41:26.663479 #8588] ERROR -- : C:/workspace/minigun/examples/08_nested_pipeline_simple.rb:31:in 'block (3 levels) in <class:NestedPipelineExample>'
C:/workspace/minigun/lib/minigun/stage.rb:109:in 'BasicObject#instance_exec'
C:/workspace/minigun/lib/minigun/stage.rb:109:in 'Minigun::AtomicStage#execute'
C:/workspace/minigun/lib/minigun/stage.rb:240:in 'block (2 levels) in Minigun::PipelineStage#execute'
C:/workspace/minigun/lib/minigun/stage.rb:238:in 'Array#each'
C:/workspace/minigun/lib/minigun/stage.rb:238:in 'block in Minigun::PipelineStage#execute'
C:/workspace/minigun/lib/minigun/stage.rb:231:in 'Hash#each_value'
C:/workspace/minigun/lib/minigun/stage.rb:231:in 'Minigun::PipelineStage#execute'
C:/workspace/minigun/lib/minigun/execution/executor.rb:62:in 'Minigun::Execution::Executor#run_stage_logic'
C:/workspace/minigun/lib/minigun/execution/executor.rb:71:in 'Minigun::Execution::InlineExecutor#execute_with_strategy'
C:/workspace/minigun/lib/minigun/execution/executor.rb:31:in 'Minigun::Execution::Executor#execute_stage_item'
C:/workspace/minigun/lib/minigun/execution/stage_worker.rb:201:in 'Minigun::Execution::StageWorker#execute_stage_item'
C:/workspace/minigun/lib/minigun/execution/stage_worker.rb:162:in 'block in Minigun::Execution::StageWorker#run_processor_loop'
<internal:kernel>:168:in 'Kernel#loop'
C:/workspace/minigun/lib/minigun/execution/stage_worker.rb:149:in 'Minigun::Execution::StageWorker#run_processor_loop'
C:/workspace/minigun/lib/minigun/execution/stage_worker.rb:74:in 'Minigun::Execution::StageWorker#run_worker_loop'
C:/workspace/minigun/lib/minigun/execution/stage_worker.rb:29:in 'block in Minigun::Execution::StageWorker#start'
[SubPipeline] 2 * 2 = 4
E, [2025-10-27T13:41:26.663542 #8588] ERROR -- : [Pipeline:default][Stage:transform_sub] Error: undefined method '<<' for nil
E, [2025-10-27T13:41:26.663581 #8588] ERROR -- : C:/workspace/minigun/examples/08_nested_pipeline_simple.rb:31:in 'block (3 levels) in <class:NestedPipelineExample>'
C:/workspace/minigun/lib/minigun/stage.rb:109:in 'BasicObject#instance_exec'
C:/workspace/minigun/lib/minigun/stage.rb:109:in 'Minigun::AtomicStage#execute'
C:/workspace/minigun/lib/minigun/stage.rb:240:in 'block (2 levels) in Minigun::PipelineStage#execute'
C:/workspace/minigun/lib/minigun/stage.rb:238:in 'Array#each'
C:/workspace/minigun/lib/minigun/stage.rb:238:in 'block in Minigun::PipelineStage#execute'
C:/workspace/minigun/lib/minigun/stage.rb:231:in 'Hash#each_value'
C:/workspace/minigun/lib/minigun/stage.rb:231:in 'Minigun::PipelineStage#execute'
C:/workspace/minigun/lib/minigun/execution/executor.rb:62:in 'Minigun::Execution::Executor#run_stage_logic'
C:/workspace/minigun/lib/minigun/execution/executor.rb:71:in 'Minigun::Execution::InlineExecutor#execute_with_strategy'
C:/workspace/minigun/lib/minigun/execution/executor.rb:31:in 'Minigun::Execution::Executor#execute_stage_item'
C:/workspace/minigun/lib/minigun/execution/stage_worker.rb:201:in 'Minigun::Execution::StageWorker#execute_stage_item'
C:/workspace/minigun/lib/minigun/execution/stage_worker.rb:162:in 'block in Minigun::Execution::StageWorker#run_processor_loop'
<internal:kernel>:168:in 'Kernel#loop'
C:/workspace/minigun/lib/minigun/execution/stage_worker.rb:149:in 'Minigun::Execution::StageWorker#run_processor_loop'
C:/workspace/minigun/lib/minigun/execution/stage_worker.rb:74:in 'Minigun::Execution::StageWorker#run_worker_loop'
C:/workspace/minigun/lib/minigun/execution/stage_worker.rb:29:in 'block in Minigun::Execution::StageWorker#start'
[SubPipeline] 3 * 2 = 6
E, [2025-10-27T13:41:26.663617 #8588] ERROR -- : [Pipeline:default][Stage:transform_sub] Error: undefined method '<<' for nil
E, [2025-10-27T13:41:26.663645 #8588] ERROR -- : C:/workspace/minigun/examples/08_nested_pipeline_simple.rb:31:in 'block (3 levels) in <class:NestedPipelineExample>'
C:/workspace/minigun/lib/minigun/stage.rb:109:in 'BasicObject#instance_exec'
C:/workspace/minigun/lib/minigun/stage.rb:109:in 'Minigun::AtomicStage#execute'
C:/workspace/minigun/lib/minigun/stage.rb:240:in 'block (2 levels) in Minigun::PipelineStage#execute'
C:/workspace/minigun/lib/minigun/stage.rb:238:in 'Array#each'
C:/workspace/minigun/lib/minigun/stage.rb:238:in 'block in Minigun::PipelineStage#execute'
C:/workspace/minigun/lib/minigun/stage.rb:231:in 'Hash#each_value'
C:/workspace/minigun/lib/minigun/stage.rb:231:in 'Minigun::PipelineStage#execute'
C:/workspace/minigun/lib/minigun/execution/executor.rb:62:in 'Minigun::Execution::Executor#run_stage_logic'
C:/workspace/minigun/lib/minigun/execution/executor.rb:71:in 'Minigun::Execution::InlineExecutor#execute_with_strategy'
C:/workspace/minigun/lib/minigun/execution/executor.rb:31:in 'Minigun::Execution::Executor#execute_stage_item'
C:/workspace/minigun/lib/minigun/execution/stage_worker.rb:201:in 'Minigun::Execution::StageWorker#execute_stage_item'
C:/workspace/minigun/lib/minigun/execution/stage_worker.rb:162:in 'block in Minigun::Execution::StageWorker#run_processor_loop'
<internal:kernel>:168:in 'Kernel#loop'
C:/workspace/minigun/lib/minigun/execution/stage_worker.rb:149:in 'Minigun::Execution::StageWorker#run_processor_loop'
C:/workspace/minigun/lib/minigun/execution/stage_worker.rb:74:in 'Minigun::Execution::StageWorker#run_worker_loop'
C:/workspace/minigun/lib/minigun/execution/stage_worker.rb:29:in 'block in Minigun::Execution::StageWorker#start'
[SubPipeline] 4 * 2 = 8
E, [2025-10-27T13:41:26.663676 #8588] ERROR -- : [Pipeline:default][Stage:transform_sub] Error: undefined method '<<' for nil
E, [2025-10-27T13:41:26.663701 #8588] ERROR -- : C:/workspace/minigun/examples/08_nested_pipeline_simple.rb:31:in 'block (3 levels) in <class:NestedPipelineExample>'
C:/workspace/minigun/lib/minigun/stage.rb:109:in 'BasicObject#instance_exec'
C:/workspace/minigun/lib/minigun/stage.rb:109:in 'Minigun::AtomicStage#execute'
C:/workspace/minigun/lib/minigun/stage.rb:240:in 'block (2 levels) in Minigun::PipelineStage#execute'
C:/workspace/minigun/lib/minigun/stage.rb:238:in 'Array#each'
C:/workspace/minigun/lib/minigun/stage.rb:238:in 'block in Minigun::PipelineStage#execute'
C:/workspace/minigun/lib/minigun/stage.rb:231:in 'Hash#each_value'
C:/workspace/minigun/lib/minigun/stage.rb:231:in 'Minigun::PipelineStage#execute'
C:/workspace/minigun/lib/minigun/execution/executor.rb:62:in 'Minigun::Execution::Executor#run_stage_logic'
C:/workspace/minigun/lib/minigun/execution/executor.rb:71:in 'Minigun::Execution::InlineExecutor#execute_with_strategy'
C:/workspace/minigun/lib/minigun/execution/executor.rb:31:in 'Minigun::Execution::Executor#execute_stage_item'
C:/workspace/minigun/lib/minigun/execution/stage_worker.rb:201:in 'Minigun::Execution::StageWorker#execute_stage_item'
C:/workspace/minigun/lib/minigun/execution/stage_worker.rb:162:in 'block in Minigun::Execution::StageWorker#run_processor_loop'
<internal:kernel>:168:in 'Kernel#loop'
C:/workspace/minigun/lib/minigun/execution/stage_worker.rb:149:in 'Minigun::Execution::StageWorker#run_processor_loop'
C:/workspace/minigun/lib/minigun/execution/stage_worker.rb:74:in 'Minigun::Execution::StageWorker#run_worker_loop'
C:/workspace/minigun/lib/minigun/execution/stage_worker.rb:29:in 'block in Minigun::Execution::StageWorker#start'
[SubPipeline] 5 * 2 = 10
E, [2025-10-27T13:41:26.663732 #8588] ERROR -- : [Pipeline:default][Stage:transform_sub] Error: undefined method '<<' for nil
E, [2025-10-27T13:41:26.663790 #8588] ERROR -- : C:/workspace/minigun/examples/08_nested_pipeline_simple.rb:31:in 'block (3 levels) in <class:NestedPipelineExample>'
C:/workspace/minigun/lib/minigun/stage.rb:109:in 'BasicObject#instance_exec'
C:/workspace/minigun/lib/minigun/stage.rb:109:in 'Minigun::AtomicStage#execute'
C:/workspace/minigun/lib/minigun/stage.rb:240:in 'block (2 levels) in Minigun::PipelineStage#execute'
C:/workspace/minigun/lib/minigun/stage.rb:238:in 'Array#each'
C:/workspace/minigun/lib/minigun/stage.rb:238:in 'block in Minigun::PipelineStage#execute'
C:/workspace/minigun/lib/minigun/stage.rb:231:in 'Hash#each_value'
C:/workspace/minigun/lib/minigun/stage.rb:231:in 'Minigun::PipelineStage#execute'
C:/workspace/minigun/lib/minigun/execution/executor.rb:62:in 'Minigun::Execution::Executor#run_stage_logic'
C:/workspace/minigun/lib/minigun/execution/executor.rb:71:in 'Minigun::Execution::InlineExecutor#execute_with_strategy'
C:/workspace/minigun/lib/minigun/execution/executor.rb:31:in 'Minigun::Execution::Executor#execute_stage_item'
C:/workspace/minigun/lib/minigun/execution/stage_worker.rb:201:in 'Minigun::Execution::StageWorker#execute_stage_item'
C:/workspace/minigun/lib/minigun/execution/stage_worker.rb:162:in 'block in Minigun::Execution::StageWorker#run_processor_loop'
<internal:kernel>:168:in 'Kernel#loop'
C:/workspace/minigun/lib/minigun/execution/stage_worker.rb:149:in 'Minigun::Execution::StageWorker#run_processor_loop'
C:/workspace/minigun/lib/minigun/execution/stage_worker.rb:74:in 'Minigun::Execution::StageWorker#run_worker_loop'
C:/workspace/minigun/lib/minigun/execution/stage_worker.rb:29:in 'block in Minigun::Execution::StageWorker#start'
I, [2025-10-27T13:41:26.663842 #8588]  INFO -- : [Pipeline:default][Worker:transform_sub] Done
I, [2025-10-27T13:41:26.663892 #8588]  INFO -- : [Pipeline:default][Worker:collect] Done
I, [2025-10-27T13:41:26.663968 #8588]  INFO -- : [Job:607b7eb6][Pipeline:default] Finished in 0.0s
I, [2025-10-27T13:41:26.664020 #8588]  INFO -- : [Job:607b7eb6] NestedPipelineExample finished
I, [2025-10-27T13:41:26.664065 #8588]  INFO -- : [Job:607b7eb6] Runtime: 0.0s
I, [2025-10-27T13:41:26.664125 #8588]  INFO -- : [Job:607b7eb6] Pipeline 'default': 0 produced, 0 consumed, 0.0 items/s
I, [2025-10-27T13:41:26.664164 #8588]  INFO -- : [Job:607b7eb6] Bottleneck: start (0.0 items/s)
I, [2025-10-27T13:41:26.664188 #8588]  INFO -- : [Job:607b7eb6] Total: 0 items, 0.0 items/min
    processes items through nested pipeline (FAILED - 45)
I, [2025-10-27T13:41:26.664864 #8588]  INFO -- : [Job:c48c9a06] NestedPipelineExample started
I, [2025-10-27T13:41:26.664928 #8588]  INFO -- : [Job:c48c9a06] Configuration: max_processes=2, max_threads=5
I, [2025-10-27T13:41:26.664981 #8588]  INFO -- : [Job:c48c9a06][Pipeline:default] Starting
[DAG BUILD] BEFORE handle_multiple_producers: edges=
[DAG BUILD] AFTER handle_multiple_producers: edges=start->transform_sub | transform_sub->
[DAG BUILD] AFTER fill_sequential_gaps: edges=start->transform_sub | transform_sub->collect | collect->
I, [2025-10-27T13:41:26.665068 #8588]  INFO -- : [Job:c48c9a06][Pipeline:default] DAG: start -> transform_sub -> collect
I, [2025-10-27T13:41:26.665225 #8588]  INFO -- : [Pipeline:default][Producer:start] Starting 
[Main] Generating numbers 1-5
I, [2025-10-27T13:41:26.665347 #8588]  INFO -- : [Pipeline:default][Worker:collect] Starting
I, [2025-10-27T13:41:26.665274 #8588]  INFO -- : [Pipeline:default][Worker:transform_sub] Starting
[SubPipeline] 1 * 2 = 2
I, [2025-10-27T13:41:26.665401 #8588]  INFO -- : [Pipeline:default][Producer:start] Done
E, [2025-10-27T13:41:26.665552 #8588] ERROR -- : [Pipeline:default][Stage:transform_sub] Error: undefined method '<<' for nil
E, [2025-10-27T13:41:26.665662 #8588] ERROR -- : C:/workspace/minigun/examples/08_nested_pipeline_simple.rb:31:in 'block (3 levels) in <class:NestedPipelineExample>'
C:/workspace/minigun/lib/minigun/stage.rb:109:in 'BasicObject#instance_exec'
C:/workspace/minigun/lib/minigun/stage.rb:109:in 'Minigun::AtomicStage#execute'
C:/workspace/minigun/lib/minigun/stage.rb:240:in 'block (2 levels) in Minigun::PipelineStage#execute'
C:/workspace/minigun/lib/minigun/stage.rb:238:in 'Array#each'
C:/workspace/minigun/lib/minigun/stage.rb:238:in 'block in Minigun::PipelineStage#execute'
C:/workspace/minigun/lib/minigun/stage.rb:231:in 'Hash#each_value'
C:/workspace/minigun/lib/minigun/stage.rb:231:in 'Minigun::PipelineStage#execute'
C:/workspace/minigun/lib/minigun/execution/executor.rb:62:in 'Minigun::Execution::Executor#run_stage_logic'
C:/workspace/minigun/lib/minigun/execution/executor.rb:71:in 'Minigun::Execution::InlineExecutor#execute_with_strategy'
C:/workspace/minigun/lib/minigun/execution/executor.rb:31:in 'Minigun::Execution::Executor#execute_stage_item'
C:/workspace/minigun/lib/minigun/execution/stage_worker.rb:201:in 'Minigun::Execution::StageWorker#execute_stage_item'
C:/workspace/minigun/lib/minigun/execution/stage_worker.rb:162:in 'block in Minigun::Execution::StageWorker#run_processor_loop'
<internal:kernel>:168:in 'Kernel#loop'
C:/workspace/minigun/lib/minigun/execution/stage_worker.rb:149:in 'Minigun::Execution::StageWorker#run_processor_loop'
C:/workspace/minigun/lib/minigun/execution/stage_worker.rb:74:in 'Minigun::Execution::StageWorker#run_worker_loop'
C:/workspace/minigun/lib/minigun/execution/stage_worker.rb:29:in 'block in Minigun::Execution::StageWorker#start'
[SubPipeline] 2 * 2 = 4
E, [2025-10-27T13:41:26.665726 #8588] ERROR -- : [Pipeline:default][Stage:transform_sub] Error: undefined method '<<' for nil
E, [2025-10-27T13:41:26.665776 #8588] ERROR -- : C:/workspace/minigun/examples/08_nested_pipeline_simple.rb:31:in 'block (3 levels) in <class:NestedPipelineExample>'
C:/workspace/minigun/lib/minigun/stage.rb:109:in 'BasicObject#instance_exec'
C:/workspace/minigun/lib/minigun/stage.rb:109:in 'Minigun::AtomicStage#execute'
C:/workspace/minigun/lib/minigun/stage.rb:240:in 'block (2 levels) in Minigun::PipelineStage#execute'
C:/workspace/minigun/lib/minigun/stage.rb:238:in 'Array#each'
C:/workspace/minigun/lib/minigun/stage.rb:238:in 'block in Minigun::PipelineStage#execute'
C:/workspace/minigun/lib/minigun/stage.rb:231:in 'Hash#each_value'
C:/workspace/minigun/lib/minigun/stage.rb:231:in 'Minigun::PipelineStage#execute'
C:/workspace/minigun/lib/minigun/execution/executor.rb:62:in 'Minigun::Execution::Executor#run_stage_logic'
C:/workspace/minigun/lib/minigun/execution/executor.rb:71:in 'Minigun::Execution::InlineExecutor#execute_with_strategy'
C:/workspace/minigun/lib/minigun/execution/executor.rb:31:in 'Minigun::Execution::Executor#execute_stage_item'
C:/workspace/minigun/lib/minigun/execution/stage_worker.rb:201:in 'Minigun::Execution::StageWorker#execute_stage_item'
C:/workspace/minigun/lib/minigun/execution/stage_worker.rb:162:in 'block in Minigun::Execution::StageWorker#run_processor_loop'
<internal:kernel>:168:in 'Kernel#loop'
C:/workspace/minigun/lib/minigun/execution/stage_worker.rb:149:in 'Minigun::Execution::StageWorker#run_processor_loop'
C:/workspace/minigun/lib/minigun/execution/stage_worker.rb:74:in 'Minigun::Execution::StageWorker#run_worker_loop'
C:/workspace/minigun/lib/minigun/execution/stage_worker.rb:29:in 'block in Minigun::Execution::StageWorker#start'
[SubPipeline] 3 * 2 = 6
E, [2025-10-27T13:41:26.665849 #8588] ERROR -- : [Pipeline:default][Stage:transform_sub] Error: undefined method '<<' for nil
E, [2025-10-27T13:41:26.665897 #8588] ERROR -- : C:/workspace/minigun/examples/08_nested_pipeline_simple.rb:31:in 'block (3 levels) in <class:NestedPipelineExample>'
C:/workspace/minigun/lib/minigun/stage.rb:109:in 'BasicObject#instance_exec'
C:/workspace/minigun/lib/minigun/stage.rb:109:in 'Minigun::AtomicStage#execute'
C:/workspace/minigun/lib/minigun/stage.rb:240:in 'block (2 levels) in Minigun::PipelineStage#execute'
C:/workspace/minigun/lib/minigun/stage.rb:238:in 'Array#each'
C:/workspace/minigun/lib/minigun/stage.rb:238:in 'block in Minigun::PipelineStage#execute'
C:/workspace/minigun/lib/minigun/stage.rb:231:in 'Hash#each_value'
C:/workspace/minigun/lib/minigun/stage.rb:231:in 'Minigun::PipelineStage#execute'
C:/workspace/minigun/lib/minigun/execution/executor.rb:62:in 'Minigun::Execution::Executor#run_stage_logic'
C:/workspace/minigun/lib/minigun/execution/executor.rb:71:in 'Minigun::Execution::InlineExecutor#execute_with_strategy'
C:/workspace/minigun/lib/minigun/execution/executor.rb:31:in 'Minigun::Execution::Executor#execute_stage_item'
C:/workspace/minigun/lib/minigun/execution/stage_worker.rb:201:in 'Minigun::Execution::StageWorker#execute_stage_item'
C:/workspace/minigun/lib/minigun/execution/stage_worker.rb:162:in 'block in Minigun::Execution::StageWorker#run_processor_loop'
<internal:kernel>:168:in 'Kernel#loop'
C:/workspace/minigun/lib/minigun/execution/stage_worker.rb:149:in 'Minigun::Execution::StageWorker#run_processor_loop'
C:/workspace/minigun/lib/minigun/execution/stage_worker.rb:74:in 'Minigun::Execution::StageWorker#run_worker_loop'
C:/workspace/minigun/lib/minigun/execution/stage_worker.rb:29:in 'block in Minigun::Execution::StageWorker#start'
[SubPipeline] 4 * 2 = 8
E, [2025-10-27T13:41:26.665961 #8588] ERROR -- : [Pipeline:default][Stage:transform_sub] Error: undefined method '<<' for nil
E, [2025-10-27T13:41:26.666000 #8588] ERROR -- : C:/workspace/minigun/examples/08_nested_pipeline_simple.rb:31:in 'block (3 levels) in <class:NestedPipelineExample>'
C:/workspace/minigun/lib/minigun/stage.rb:109:in 'BasicObject#instance_exec'
C:/workspace/minigun/lib/minigun/stage.rb:109:in 'Minigun::AtomicStage#execute'
C:/workspace/minigun/lib/minigun/stage.rb:240:in 'block (2 levels) in Minigun::PipelineStage#execute'
C:/workspace/minigun/lib/minigun/stage.rb:238:in 'Array#each'
C:/workspace/minigun/lib/minigun/stage.rb:238:in 'block in Minigun::PipelineStage#execute'
C:/workspace/minigun/lib/minigun/stage.rb:231:in 'Hash#each_value'
C:/workspace/minigun/lib/minigun/stage.rb:231:in 'Minigun::PipelineStage#execute'
C:/workspace/minigun/lib/minigun/execution/executor.rb:62:in 'Minigun::Execution::Executor#run_stage_logic'
C:/workspace/minigun/lib/minigun/execution/executor.rb:71:in 'Minigun::Execution::InlineExecutor#execute_with_strategy'
C:/workspace/minigun/lib/minigun/execution/executor.rb:31:in 'Minigun::Execution::Executor#execute_stage_item'
C:/workspace/minigun/lib/minigun/execution/stage_worker.rb:201:in 'Minigun::Execution::StageWorker#execute_stage_item'
C:/workspace/minigun/lib/minigun/execution/stage_worker.rb:162:in 'block in Minigun::Execution::StageWorker#run_processor_loop'
<internal:kernel>:168:in 'Kernel#loop'
C:/workspace/minigun/lib/minigun/execution/stage_worker.rb:149:in 'Minigun::Execution::StageWorker#run_processor_loop'
C:/workspace/minigun/lib/minigun/execution/stage_worker.rb:74:in 'Minigun::Execution::StageWorker#run_worker_loop'
C:/workspace/minigun/lib/minigun/execution/stage_worker.rb:29:in 'block in Minigun::Execution::StageWorker#start'
[SubPipeline] 5 * 2 = 10
E, [2025-10-27T13:41:26.666033 #8588] ERROR -- : [Pipeline:default][Stage:transform_sub] Error: undefined method '<<' for nil
E, [2025-10-27T13:41:26.666062 #8588] ERROR -- : C:/workspace/minigun/examples/08_nested_pipeline_simple.rb:31:in 'block (3 levels) in <class:NestedPipelineExample>'
C:/workspace/minigun/lib/minigun/stage.rb:109:in 'BasicObject#instance_exec'
C:/workspace/minigun/lib/minigun/stage.rb:109:in 'Minigun::AtomicStage#execute'
C:/workspace/minigun/lib/minigun/stage.rb:240:in 'block (2 levels) in Minigun::PipelineStage#execute'
C:/workspace/minigun/lib/minigun/stage.rb:238:in 'Array#each'
C:/workspace/minigun/lib/minigun/stage.rb:238:in 'block in Minigun::PipelineStage#execute'
C:/workspace/minigun/lib/minigun/stage.rb:231:in 'Hash#each_value'
C:/workspace/minigun/lib/minigun/stage.rb:231:in 'Minigun::PipelineStage#execute'
C:/workspace/minigun/lib/minigun/execution/executor.rb:62:in 'Minigun::Execution::Executor#run_stage_logic'
C:/workspace/minigun/lib/minigun/execution/executor.rb:71:in 'Minigun::Execution::InlineExecutor#execute_with_strategy'
C:/workspace/minigun/lib/minigun/execution/executor.rb:31:in 'Minigun::Execution::Executor#execute_stage_item'
C:/workspace/minigun/lib/minigun/execution/stage_worker.rb:201:in 'Minigun::Execution::StageWorker#execute_stage_item'
C:/workspace/minigun/lib/minigun/execution/stage_worker.rb:162:in 'block in Minigun::Execution::StageWorker#run_processor_loop'
<internal:kernel>:168:in 'Kernel#loop'
C:/workspace/minigun/lib/minigun/execution/stage_worker.rb:149:in 'Minigun::Execution::StageWorker#run_processor_loop'
C:/workspace/minigun/lib/minigun/execution/stage_worker.rb:74:in 'Minigun::Execution::StageWorker#run_worker_loop'
C:/workspace/minigun/lib/minigun/execution/stage_worker.rb:29:in 'block in Minigun::Execution::StageWorker#start'
I, [2025-10-27T13:41:26.666111 #8588]  INFO -- : [Pipeline:default][Worker:transform_sub] Done
I, [2025-10-27T13:41:26.666147 #8588]  INFO -- : [Pipeline:default][Worker:collect] Done
I, [2025-10-27T13:41:26.666229 #8588]  INFO -- : [Job:c48c9a06][Pipeline:default] Finished in 0.0s
I, [2025-10-27T13:41:26.666293 #8588]  INFO -- : [Job:c48c9a06] NestedPipelineExample finished
I, [2025-10-27T13:41:26.666328 #8588]  INFO -- : [Job:c48c9a06] Runtime: 0.0s
I, [2025-10-27T13:41:26.666355 #8588]  INFO -- : [Job:c48c9a06] Pipeline 'default': 0 produced, 0 consumed, 0.0 items/s
I, [2025-10-27T13:41:26.666405 #8588]  INFO -- : [Job:c48c9a06] Bottleneck: start (0.0 items/s)
I, [2025-10-27T13:41:26.666442 #8588]  INFO -- : [Job:c48c9a06] Total: 0 items, 0.0 items/min
    loads and runs without errors (FAILED - 46)
  44_custom_batching.rb
I, [2025-10-27T13:41:26.667745 #8588]  INFO -- : [Job:481c5485] AdvancedCustomBatchingExample started
I, [2025-10-27T13:41:26.667789 #8588]  INFO -- : [Job:481c5485] Configuration: max_processes=2, max_threads=5
I, [2025-10-27T13:41:26.667820 #8588]  INFO -- : [Job:481c5485][Pipeline:default] Starting
[DAG BUILD] BEFORE handle_multiple_producers: edges=
[DAG BUILD] AFTER handle_multiple_producers: edges=generate_messages->smart_batcher | smart_batcher->
[DAG BUILD] AFTER fill_sequential_gaps: edges=generate_messages->smart_batcher | smart_batcher->send_batch | send_batch->
I, [2025-10-27T13:41:26.667924 #8588]  INFO -- : [Job:481c5485][Pipeline:default] DAG: generate_messages -> smart_batcher -> send_batch
I, [2025-10-27T13:41:26.669423 #8588]  INFO -- : [Pipeline:default][Producer:generate_messages] Starting 

============================================================
ADVANCED CUSTOM BATCHING: Priority + Type Routing
============================================================
≡ƒô▒ Generated sms message (high): 1
≡ƒöö Generated push message (low): 2
≡ƒô▒ Generated sms message (urgent): 3
≡ƒôº Generated email message (high): 4
≡ƒô▒ Generated sms message (normal): 5
≡ƒôº Generated email message (urgent): 6
≡ƒôº Generated email message (urgent): 7
≡ƒôº Generated email message (normal): 8
≡ƒöö Generated push message (low): 9
≡ƒôº Generated email message (high): 10
≡ƒöö Generated push message (low): 11
≡ƒô▒ Generated sms message (normal): 12
≡ƒôº Generated email message (high): 13
≡ƒôº Generated email message (low): 14
≡ƒôº Generated email message (urgent): 15
≡ƒô▒ Generated sms message (normal): 16
≡ƒôº Generated email message (normal): 17
≡ƒöö Generated push message (urgent): 18
≡ƒôº Generated email message (high): 19
≡ƒô▒ Generated sms message (high): 20
I, [2025-10-27T13:41:26.669545 #8588]  INFO -- : [Pipeline:default][Worker:smart_batcher] Starting
E, [2025-10-27T13:41:26.669999 #8588] ERROR -- : [Pipeline:default][Stage:smart_batcher] Error: undefined method '[]' for an instance of Minigun::InputQueue
E, [2025-10-27T13:41:26.670052 #8588] ERROR -- : C:/workspace/minigun/examples/44_custom_batching.rb:210:in 'block (2 levels) in <class:AdvancedCustomBatchingExample>'
C:/workspace/minigun/lib/minigun/stage.rb:112:in 'BasicObject#instance_exec'
C:/workspace/minigun/lib/minigun/stage.rb:112:in 'Minigun::AtomicStage#execute'
C:/workspace/minigun/lib/minigun/execution/executor.rb:62:in 'Minigun::Execution::Executor#run_stage_logic'
C:/workspace/minigun/lib/minigun/execution/executor.rb:71:in 'Minigun::Execution::InlineExecutor#execute_with_strategy'
C:/workspace/minigun/lib/minigun/execution/executor.rb:31:in 'Minigun::Execution::Executor#execute_stage_item'
C:/workspace/minigun/lib/minigun/execution/stage_worker.rb:214:in 'Minigun::Execution::StageWorker#execute_stage_with_queues'
C:/workspace/minigun/lib/minigun/execution/stage_worker.rb:140:in 'Minigun::Execution::StageWorker#run_processor_loop'
C:/workspace/minigun/lib/minigun/execution/stage_worker.rb:74:in 'Minigun::Execution::StageWorker#run_worker_loop'
C:/workspace/minigun/lib/minigun/execution/stage_worker.rb:29:in 'block in Minigun::Execution::StageWorker#start'
I, [2025-10-27T13:41:26.670118 #8588]  INFO -- : [Pipeline:default][Worker:smart_batcher] Done
I, [2025-10-27T13:41:26.669911 #8588]  INFO -- : [Pipeline:default][Producer:generate_messages] Done
I, [2025-10-27T13:41:26.669618 #8588]  INFO -- : [Pipeline:default][Worker:send_batch] Starting
I, [2025-10-27T13:41:26.670263 #8588]  INFO -- : [Pipeline:default][Worker:send_batch] Done
I, [2025-10-27T13:41:26.670308 #8588]  INFO -- : [Job:481c5485][Pipeline:default] Finished in 0.0s

============================================================
ADVANCED BATCHING STATISTICS
============================================================
Batches sent: 0
Messages sent: 0
Message types: 

Advanced batching complete!
============================================================

============================================================
ADVANCED BATCHING STATISTICS
============================================================
Batches sent: 0
Messages sent: 0
Message types: 

Advanced batching complete!
============================================================
I, [2025-10-27T13:41:26.670412 #8588]  INFO -- : [Job:481c5485] AdvancedCustomBatchingExample finished
I, [2025-10-27T13:41:26.670458 #8588]  INFO -- : [Job:481c5485] Runtime: 0.0s
I, [2025-10-27T13:41:26.670498 #8588]  INFO -- : [Job:481c5485] Pipeline 'default': 0 produced, 0 consumed, 0.0 items/s
I, [2025-10-27T13:41:26.670530 #8588]  INFO -- : [Job:481c5485] Bottleneck: generate_messages (0.0 items/s)
I, [2025-10-27T13:41:26.670579 #8588]  INFO -- : [Job:481c5485] Total: 0 items, 0.0 items/min
    demonstrates advanced multi-dimensional batching (FAILED - 47)
I, [2025-10-27T13:41:26.671623 #8588]  INFO -- : [Job:87738f77] CustomBatchingExample started
I, [2025-10-27T13:41:26.671691 #8588]  INFO -- : [Job:87738f77] Configuration: max_processes=2, max_threads=5
I, [2025-10-27T13:41:26.671741 #8588]  INFO -- : [Job:87738f77][Pipeline:default] Starting
[DAG BUILD] BEFORE handle_multiple_producers: edges=
[DAG BUILD] AFTER handle_multiple_producers: edges=generate_emails->email_batcher | email_batcher->
[DAG BUILD] AFTER fill_sequential_gaps: edges=generate_emails->email_batcher | email_batcher->transactional_sender | transactional_sender->newsletter_sender | newsletter_sender->promotional_sender | promotional_sender->notification_sender | notification_sender->
I, [2025-10-27T13:41:26.671854 #8588]  INFO -- : [Job:87738f77][Pipeline:default] DAG: generate_emails -> email_batcher -> transactional_sender -> newsletter_sender -> promotional_sender -> notification_sender
I, [2025-10-27T13:41:26.672055 #8588]  INFO -- : [Pipeline:default][Producer:generate_emails] Starting 

============================================================
CUSTOM BATCHING: Generating Emails
============================================================
≡ƒôº Generated newsletter email 1: Weekly Update
≡ƒôº Generated transactional email 2: Order Confirmation
≡ƒôº Generated newsletter email 3: Weekly Update
≡ƒôº Generated promotional email 4: Special Offer
≡ƒôº Generated transactional email 5: Password Reset
≡ƒôº Generated newsletter email 6: Weekly Update
≡ƒôº Generated promotional email 7: Flash Sale
≡ƒôº Generated transactional email 8: Shipping Notification
≡ƒôº Generated newsletter email 9: Weekly Update
≡ƒôº Generated promotional email 10: New Arrivals
≡ƒôº Generated notification email 11: Account Alert
≡ƒôº Generated notification email 12: Security Notice
I, [2025-10-27T13:41:26.672222 #8588]  INFO -- : [Pipeline:default][Worker:newsletter_sender] Starting
I, [2025-10-27T13:41:26.672156 #8588]  INFO -- : [Pipeline:default][Worker:email_batcher] Starting
E, [2025-10-27T13:41:26.672605 #8588] ERROR -- : [Pipeline:default][Stage:email_batcher] Error: undefined method '[]' for an instance of Minigun::InputQueue
E, [2025-10-27T13:41:26.672660 #8588] ERROR -- : C:/workspace/minigun/examples/44_custom_batching.rb:57:in 'block (2 levels) in <class:CustomBatchingExample>'
C:/workspace/minigun/lib/minigun/stage.rb:112:in 'BasicObject#instance_exec'
C:/workspace/minigun/lib/minigun/stage.rb:112:in 'Minigun::AtomicStage#execute'
C:/workspace/minigun/lib/minigun/execution/executor.rb:62:in 'Minigun::Execution::Executor#run_stage_logic'
C:/workspace/minigun/lib/minigun/execution/executor.rb:71:in 'Minigun::Execution::InlineExecutor#execute_with_strategy'
C:/workspace/minigun/lib/minigun/execution/executor.rb:31:in 'Minigun::Execution::Executor#execute_stage_item'
C:/workspace/minigun/lib/minigun/execution/stage_worker.rb:214:in 'Minigun::Execution::StageWorker#execute_stage_with_queues'
C:/workspace/minigun/lib/minigun/execution/stage_worker.rb:140:in 'Minigun::Execution::StageWorker#run_processor_loop'
C:/workspace/minigun/lib/minigun/execution/stage_worker.rb:74:in 'Minigun::Execution::StageWorker#run_worker_loop'
C:/workspace/minigun/lib/minigun/execution/stage_worker.rb:29:in 'block in Minigun::Execution::StageWorker#start'
I, [2025-10-27T13:41:26.672703 #8588]  INFO -- : [Pipeline:default][Worker:email_batcher] Done
I, [2025-10-27T13:41:26.672480 #8588]  INFO -- : [Pipeline:default][Producer:generate_emails] Done
I, [2025-10-27T13:41:26.672270 #8588]  INFO -- : [Pipeline:default][Worker:promotional_sender] Starting
I, [2025-10-27T13:41:26.672108 #8588]  INFO -- : [Pipeline:default][Worker:transactional_sender] Starting
I, [2025-10-27T13:41:26.672888 #8588]  INFO -- : [Pipeline:default][Worker:transactional_sender] Done
I, [2025-10-27T13:41:26.673002 #8588]  INFO -- : [Pipeline:default][Worker:promotional_sender] Done
I, [2025-10-27T13:41:26.672940 #8588]  INFO -- : [Pipeline:default][Worker:newsletter_sender] Done
I, [2025-10-27T13:41:26.672341 #8588]  INFO -- : [Pipeline:default][Worker:notification_sender] Starting
I, [2025-10-27T13:41:26.673128 #8588]  INFO -- : [Pipeline:default][Worker:notification_sender] Done
I, [2025-10-27T13:41:26.673194 #8588]  INFO -- : [Job:87738f77][Pipeline:default] Finished in 0.0s

============================================================
CUSTOM BATCHING STATISTICS
============================================================

Total emails sent: 0

Custom batching complete!
============================================================

============================================================
CUSTOM BATCHING STATISTICS
============================================================

Total emails sent: 0

Custom batching complete!
============================================================
I, [2025-10-27T13:41:26.673287 #8588]  INFO -- : [Job:87738f77] CustomBatchingExample finished
I, [2025-10-27T13:41:26.673316 #8588]  INFO -- : [Job:87738f77] Runtime: 0.0s
I, [2025-10-27T13:41:26.673367 #8588]  INFO -- : [Job:87738f77] Pipeline 'default': 0 produced, 0 consumed, 0.0 items/s
I, [2025-10-27T13:41:26.673404 #8588]  INFO -- : [Job:87738f77] Bottleneck: generate_emails (0.0 items/s)
I, [2025-10-27T13:41:26.673428 #8588]  INFO -- : [Job:87738f77] Total: 0 items, 0.0 items/min
    demonstrates custom batching with type-based routing (FAILED - 48)
  07_multi_pipeline_data_processing.rb
I, [2025-10-27T13:41:26.674351 #8588]  INFO -- : [Job:559b960b] DataProcessingPipeline started
I, [2025-10-27T13:41:26.674393 #8588]  INFO -- : [Job:559b960b] Configuration: max_processes=2, max_threads=5
I, [2025-10-27T13:41:26.674417 #8588]  INFO -- : [Job:559b960b][Pipeline:default] Starting
[DAG BUILD] BEFORE handle_multiple_producers: edges=validate->process_fast,process_slow | ingest->validate | process_fast-> | process_slow->
[DAG BUILD] AFTER handle_multiple_producers: edges=validate->process_fast,process_slow | ingest->validate | process_fast-> | process_slow->
[DAG BUILD] AFTER fill_sequential_gaps: edges=validate->process_fast,process_slow | ingest->validate | process_fast-> | process_slow->
I, [2025-10-27T13:41:26.674483 #8588]  INFO -- : [Job:559b960b][Pipeline:default] DAG: ingest -> validate -> process_slow -> process_fast
I, [2025-10-27T13:41:26.674538 #8588]  INFO -- : [Pipeline:default] Inserting RouterStage 'validate_router' (broadcast) for fan-out: validate -> process_fast, process_slow
I, [2025-10-27T13:41:26.674735 #8588]  INFO -- : [Pipeline:default][Producer:ingest] Starting (nested pipeline)
I, [2025-10-27T13:41:26.674894 #8588]  INFO -- : [Job:559b960b][Pipeline:ingest] Starting
[DAG BUILD] BEFORE handle_multiple_producers: edges=
[DAG BUILD] AFTER handle_multiple_producers: edges=receive_data->track | track->
[DAG BUILD] AFTER fill_sequential_gaps: edges=receive_data->track | track->
I, [2025-10-27T13:41:26.674847 #8588]  INFO -- : [Pipeline:default][Worker:validate_router] Starting
I, [2025-10-27T13:41:26.674941 #8588]  INFO -- : [Pipeline:default][Worker:process_slow] Starting
I, [2025-10-27T13:41:26.674988 #8588]  INFO -- : [Pipeline:default][Worker:validate] Starting
I, [2025-10-27T13:41:26.674806 #8588]  INFO -- : [Pipeline:default][Worker:process_fast] Starting
I, [2025-10-27T13:41:26.675182 #8588]  INFO -- : [Job:559b960b][Pipeline:ingest] DAG: receive_data -> track
Starting data processing pipeline...
I, [2025-10-27T13:41:26.675470 #8588]  INFO -- : [Pipeline:ingest][Producer:receive_data] Starting 
[Ingest] Receiving data...
I, [2025-10-27T13:41:26.675505 #8588]  INFO -- : [Pipeline:ingest][Worker:track] Starting
E, [2025-10-27T13:41:26.675645 #8588] ERROR -- : [Pipeline:ingest][Stage:track] Error: undefined local variable or method 'output' for an instance of DataProcessingPipeline
E, [2025-10-27T13:41:26.675701 #8588] ERROR -- : C:/workspace/minigun/examples/07_multi_pipeline_data_processing.rb:40:in 'block (2 levels) in <class:DataProcessingPipeline>'
C:/workspace/minigun/lib/minigun/stage.rb:106:in 'BasicObject#instance_exec'
C:/workspace/minigun/lib/minigun/stage.rb:106:in 'Minigun::AtomicStage#execute'
C:/workspace/minigun/lib/minigun/execution/executor.rb:62:in 'Minigun::Execution::Executor#run_stage_logic'
C:/workspace/minigun/lib/minigun/execution/executor.rb:71:in 'Minigun::Execution::InlineExecutor#execute_with_strategy'
C:/workspace/minigun/lib/minigun/execution/executor.rb:31:in 'Minigun::Execution::Executor#execute_stage_item'
C:/workspace/minigun/lib/minigun/execution/stage_worker.rb:201:in 'Minigun::Execution::StageWorker#execute_stage_item'
C:/workspace/minigun/lib/minigun/execution/stage_worker.rb:162:in 'block in Minigun::Execution::StageWorker#run_processor_loop'
<internal:kernel>:168:in 'Kernel#loop'
C:/workspace/minigun/lib/minigun/execution/stage_worker.rb:149:in 'Minigun::Execution::StageWorker#run_processor_loop'
C:/workspace/minigun/lib/minigun/execution/stage_worker.rb:74:in 'Minigun::Execution::StageWorker#run_worker_loop'
C:/workspace/minigun/lib/minigun/execution/stage_worker.rb:29:in 'block in Minigun::Execution::StageWorker#start'
E, [2025-10-27T13:41:26.675770 #8588] ERROR -- : [Pipeline:ingest][Stage:track] Error: undefined local variable or method 'output' for an instance of DataProcessingPipeline
E, [2025-10-27T13:41:26.675846 #8588] ERROR -- : C:/workspace/minigun/examples/07_multi_pipeline_data_processing.rb:40:in 'block (2 levels) in <class:DataProcessingPipeline>'
C:/workspace/minigun/lib/minigun/stage.rb:106:in 'BasicObject#instance_exec'
C:/workspace/minigun/lib/minigun/stage.rb:106:in 'Minigun::AtomicStage#execute'
C:/workspace/minigun/lib/minigun/execution/executor.rb:62:in 'Minigun::Execution::Executor#run_stage_logic'
C:/workspace/minigun/lib/minigun/execution/executor.rb:71:in 'Minigun::Execution::InlineExecutor#execute_with_strategy'
C:/workspace/minigun/lib/minigun/execution/executor.rb:31:in 'Minigun::Execution::Executor#execute_stage_item'
C:/workspace/minigun/lib/minigun/execution/stage_worker.rb:201:in 'Minigun::Execution::StageWorker#execute_stage_item'
C:/workspace/minigun/lib/minigun/execution/stage_worker.rb:162:in 'block in Minigun::Execution::StageWorker#run_processor_loop'
<internal:kernel>:168:in 'Kernel#loop'
C:/workspace/minigun/lib/minigun/execution/stage_worker.rb:149:in 'Minigun::Execution::StageWorker#run_processor_loop'
C:/workspace/minigun/lib/minigun/execution/stage_worker.rb:74:in 'Minigun::Execution::StageWorker#run_worker_loop'
C:/workspace/minigun/lib/minigun/execution/stage_worker.rb:29:in 'block in Minigun::Execution::StageWorker#start'
E, [2025-10-27T13:41:26.676036 #8588] ERROR -- : [Pipeline:ingest][Stage:track] Error: undefined local variable or method 'output' for an instance of DataProcessingPipeline
E, [2025-10-27T13:41:26.676092 #8588] ERROR -- : C:/workspace/minigun/examples/07_multi_pipeline_data_processing.rb:40:in 'block (2 levels) in <class:DataProcessingPipeline>'
C:/workspace/minigun/lib/minigun/stage.rb:106:in 'BasicObject#instance_exec'
C:/workspace/minigun/lib/minigun/stage.rb:106:in 'Minigun::AtomicStage#execute'
C:/workspace/minigun/lib/minigun/execution/executor.rb:62:in 'Minigun::Execution::Executor#run_stage_logic'
C:/workspace/minigun/lib/minigun/execution/executor.rb:71:in 'Minigun::Execution::InlineExecutor#execute_with_strategy'
C:/workspace/minigun/lib/minigun/execution/executor.rb:31:in 'Minigun::Execution::Executor#execute_stage_item'
C:/workspace/minigun/lib/minigun/execution/stage_worker.rb:201:in 'Minigun::Execution::StageWorker#execute_stage_item'
C:/workspace/minigun/lib/minigun/execution/stage_worker.rb:162:in 'block in Minigun::Execution::StageWorker#run_processor_loop'
<internal:kernel>:168:in 'Kernel#loop'
C:/workspace/minigun/lib/minigun/execution/stage_worker.rb:149:in 'Minigun::Execution::StageWorker#run_processor_loop'
C:/workspace/minigun/lib/minigun/execution/stage_worker.rb:74:in 'Minigun::Execution::StageWorker#run_worker_loop'
C:/workspace/minigun/lib/minigun/execution/stage_worker.rb:29:in 'block in Minigun::Execution::StageWorker#start'
E, [2025-10-27T13:41:26.676147 #8588] ERROR -- : [Pipeline:ingest][Stage:track] Error: undefined local variable or method 'output' for an instance of DataProcessingPipeline
E, [2025-10-27T13:41:26.676205 #8588] ERROR -- : C:/workspace/minigun/examples/07_multi_pipeline_data_processing.rb:40:in 'block (2 levels) in <class:DataProcessingPipeline>'
C:/workspace/minigun/lib/minigun/stage.rb:106:in 'BasicObject#instance_exec'
C:/workspace/minigun/lib/minigun/stage.rb:106:in 'Minigun::AtomicStage#execute'
C:/workspace/minigun/lib/minigun/execution/executor.rb:62:in 'Minigun::Execution::Executor#run_stage_logic'
C:/workspace/minigun/lib/minigun/execution/executor.rb:71:in 'Minigun::Execution::InlineExecutor#execute_with_strategy'
C:/workspace/minigun/lib/minigun/execution/executor.rb:31:in 'Minigun::Execution::Executor#execute_stage_item'
C:/workspace/minigun/lib/minigun/execution/stage_worker.rb:201:in 'Minigun::Execution::StageWorker#execute_stage_item'
C:/workspace/minigun/lib/minigun/execution/stage_worker.rb:162:in 'block in Minigun::Execution::StageWorker#run_processor_loop'
<internal:kernel>:168:in 'Kernel#loop'
C:/workspace/minigun/lib/minigun/execution/stage_worker.rb:149:in 'Minigun::Execution::StageWorker#run_processor_loop'
C:/workspace/minigun/lib/minigun/execution/stage_worker.rb:74:in 'Minigun::Execution::StageWorker#run_worker_loop'
C:/workspace/minigun/lib/minigun/execution/stage_worker.rb:29:in 'block in Minigun::Execution::StageWorker#start'
E, [2025-10-27T13:41:26.676252 #8588] ERROR -- : [Pipeline:ingest][Stage:track] Error: undefined local variable or method 'output' for an instance of DataProcessingPipeline
E, [2025-10-27T13:41:26.677625 #8588] ERROR -- : C:/workspace/minigun/examples/07_multi_pipeline_data_processing.rb:40:in 'block (2 levels) in <class:DataProcessingPipeline>'
C:/workspace/minigun/lib/minigun/stage.rb:106:in 'BasicObject#instance_exec'
C:/workspace/minigun/lib/minigun/stage.rb:106:in 'Minigun::AtomicStage#execute'
C:/workspace/minigun/lib/minigun/execution/executor.rb:62:in 'Minigun::Execution::Executor#run_stage_logic'
C:/workspace/minigun/lib/minigun/execution/executor.rb:71:in 'Minigun::Execution::InlineExecutor#execute_with_strategy'
C:/workspace/minigun/lib/minigun/execution/executor.rb:31:in 'Minigun::Execution::Executor#execute_stage_item'
C:/workspace/minigun/lib/minigun/execution/stage_worker.rb:201:in 'Minigun::Execution::StageWorker#execute_stage_item'
C:/workspace/minigun/lib/minigun/execution/stage_worker.rb:162:in 'block in Minigun::Execution::StageWorker#run_processor_loop'
<internal:kernel>:168:in 'Kernel#loop'
C:/workspace/minigun/lib/minigun/execution/stage_worker.rb:149:in 'Minigun::Execution::StageWorker#run_processor_loop'
C:/workspace/minigun/lib/minigun/execution/stage_worker.rb:74:in 'Minigun::Execution::StageWorker#run_worker_loop'
C:/workspace/minigun/lib/minigun/execution/stage_worker.rb:29:in 'block in Minigun::Execution::StageWorker#start'
E, [2025-10-27T13:41:26.677679 #8588] ERROR -- : [Pipeline:ingest][Stage:track] Error: undefined local variable or method 'output' for an instance of DataProcessingPipeline
E, [2025-10-27T13:41:26.677717 #8588] ERROR -- : C:/workspace/minigun/examples/07_multi_pipeline_data_processing.rb:40:in 'block (2 levels) in <class:DataProcessingPipeline>'
C:/workspace/minigun/lib/minigun/stage.rb:106:in 'BasicObject#instance_exec'
C:/workspace/minigun/lib/minigun/stage.rb:106:in 'Minigun::AtomicStage#execute'
C:/workspace/minigun/lib/minigun/execution/executor.rb:62:in 'Minigun::Execution::Executor#run_stage_logic'
C:/workspace/minigun/lib/minigun/execution/executor.rb:71:in 'Minigun::Execution::InlineExecutor#execute_with_strategy'
C:/workspace/minigun/lib/minigun/execution/executor.rb:31:in 'Minigun::Execution::Executor#execute_stage_item'
C:/workspace/minigun/lib/minigun/execution/stage_worker.rb:201:in 'Minigun::Execution::StageWorker#execute_stage_item'
C:/workspace/minigun/lib/minigun/execution/stage_worker.rb:162:in 'block in Minigun::Execution::StageWorker#run_processor_loop'
<internal:kernel>:168:in 'Kernel#loop'
C:/workspace/minigun/lib/minigun/execution/stage_worker.rb:149:in 'Minigun::Execution::StageWorker#run_processor_loop'
C:/workspace/minigun/lib/minigun/execution/stage_worker.rb:74:in 'Minigun::Execution::StageWorker#run_worker_loop'
C:/workspace/minigun/lib/minigun/execution/stage_worker.rb:29:in 'block in Minigun::Execution::StageWorker#start'
E, [2025-10-27T13:41:26.677776 #8588] ERROR -- : [Pipeline:ingest][Stage:track] Error: undefined local variable or method 'output' for an instance of DataProcessingPipeline
E, [2025-10-27T13:41:26.677832 #8588] ERROR -- : C:/workspace/minigun/examples/07_multi_pipeline_data_processing.rb:40:in 'block (2 levels) in <class:DataProcessingPipeline>'
C:/workspace/minigun/lib/minigun/stage.rb:106:in 'BasicObject#instance_exec'
C:/workspace/minigun/lib/minigun/stage.rb:106:in 'Minigun::AtomicStage#execute'
C:/workspace/minigun/lib/minigun/execution/executor.rb:62:in 'Minigun::Execution::Executor#run_stage_logic'
C:/workspace/minigun/lib/minigun/execution/executor.rb:71:in 'Minigun::Execution::InlineExecutor#execute_with_strategy'
C:/workspace/minigun/lib/minigun/execution/executor.rb:31:in 'Minigun::Execution::Executor#execute_stage_item'
C:/workspace/minigun/lib/minigun/execution/stage_worker.rb:201:in 'Minigun::Execution::StageWorker#execute_stage_item'
C:/workspace/minigun/lib/minigun/execution/stage_worker.rb:162:in 'block in Minigun::Execution::StageWorker#run_processor_loop'
<internal:kernel>:168:in 'Kernel#loop'
C:/workspace/minigun/lib/minigun/execution/stage_worker.rb:149:in 'Minigun::Execution::StageWorker#run_processor_loop'
C:/workspace/minigun/lib/minigun/execution/stage_worker.rb:74:in 'Minigun::Execution::StageWorker#run_worker_loop'
C:/workspace/minigun/lib/minigun/execution/stage_worker.rb:29:in 'block in Minigun::Execution::StageWorker#start'
E, [2025-10-27T13:41:26.679116 #8588] ERROR -- : [Pipeline:ingest][Stage:track] Error: undefined local variable or method 'output' for an instance of DataProcessingPipeline
E, [2025-10-27T13:41:26.679159 #8588] ERROR -- : C:/workspace/minigun/examples/07_multi_pipeline_data_processing.rb:40:in 'block (2 levels) in <class:DataProcessingPipeline>'
C:/workspace/minigun/lib/minigun/stage.rb:106:in 'BasicObject#instance_exec'
C:/workspace/minigun/lib/minigun/stage.rb:106:in 'Minigun::AtomicStage#execute'
C:/workspace/minigun/lib/minigun/execution/executor.rb:62:in 'Minigun::Execution::Executor#run_stage_logic'
C:/workspace/minigun/lib/minigun/execution/executor.rb:71:in 'Minigun::Execution::InlineExecutor#execute_with_strategy'
C:/workspace/minigun/lib/minigun/execution/executor.rb:31:in 'Minigun::Execution::Executor#execute_stage_item'
C:/workspace/minigun/lib/minigun/execution/stage_worker.rb:201:in 'Minigun::Execution::StageWorker#execute_stage_item'
C:/workspace/minigun/lib/minigun/execution/stage_worker.rb:162:in 'block in Minigun::Execution::StageWorker#run_processor_loop'
<internal:kernel>:168:in 'Kernel#loop'
C:/workspace/minigun/lib/minigun/execution/stage_worker.rb:149:in 'Minigun::Execution::StageWorker#run_processor_loop'
C:/workspace/minigun/lib/minigun/execution/stage_worker.rb:74:in 'Minigun::Execution::StageWorker#run_worker_loop'
C:/workspace/minigun/lib/minigun/execution/stage_worker.rb:29:in 'block in Minigun::Execution::StageWorker#start'
E, [2025-10-27T13:41:26.679206 #8588] ERROR -- : [Pipeline:ingest][Stage:track] Error: undefined local variable or method 'output' for an instance of DataProcessingPipeline
E, [2025-10-27T13:41:26.679240 #8588] ERROR -- : C:/workspace/minigun/examples/07_multi_pipeline_data_processing.rb:40:in 'block (2 levels) in <class:DataProcessingPipeline>'
C:/workspace/minigun/lib/minigun/stage.rb:106:in 'BasicObject#instance_exec'
C:/workspace/minigun/lib/minigun/stage.rb:106:in 'Minigun::AtomicStage#execute'
C:/workspace/minigun/lib/minigun/execution/executor.rb:62:in 'Minigun::Execution::Executor#run_stage_logic'
C:/workspace/minigun/lib/minigun/execution/executor.rb:71:in 'Minigun::Execution::InlineExecutor#execute_with_strategy'
C:/workspace/minigun/lib/minigun/execution/executor.rb:31:in 'Minigun::Execution::Executor#execute_stage_item'
C:/workspace/minigun/lib/minigun/execution/stage_worker.rb:201:in 'Minigun::Execution::StageWorker#execute_stage_item'
C:/workspace/minigun/lib/minigun/execution/stage_worker.rb:162:in 'block in Minigun::Execution::StageWorker#run_processor_loop'
<internal:kernel>:168:in 'Kernel#loop'
C:/workspace/minigun/lib/minigun/execution/stage_worker.rb:149:in 'Minigun::Execution::StageWorker#run_processor_loop'
C:/workspace/minigun/lib/minigun/execution/stage_worker.rb:74:in 'Minigun::Execution::StageWorker#run_worker_loop'
C:/workspace/minigun/lib/minigun/execution/stage_worker.rb:29:in 'block in Minigun::Execution::StageWorker#start'
E, [2025-10-27T13:41:26.679271 #8588] ERROR -- : [Pipeline:ingest][Stage:track] Error: undefined local variable or method 'output' for an instance of DataProcessingPipeline
E, [2025-10-27T13:41:26.679303 #8588] ERROR -- : C:/workspace/minigun/examples/07_multi_pipeline_data_processing.rb:40:in 'block (2 levels) in <class:DataProcessingPipeline>'
C:/workspace/minigun/lib/minigun/stage.rb:106:in 'BasicObject#instance_exec'
C:/workspace/minigun/lib/minigun/stage.rb:106:in 'Minigun::AtomicStage#execute'
C:/workspace/minigun/lib/minigun/execution/executor.rb:62:in 'Minigun::Execution::Executor#run_stage_logic'
C:/workspace/minigun/lib/minigun/execution/executor.rb:71:in 'Minigun::Execution::InlineExecutor#execute_with_strategy'
C:/workspace/minigun/lib/minigun/execution/executor.rb:31:in 'Minigun::Execution::Executor#execute_stage_item'
C:/workspace/minigun/lib/minigun/execution/stage_worker.rb:201:in 'Minigun::Execution::StageWorker#execute_stage_item'
C:/workspace/minigun/lib/minigun/execution/stage_worker.rb:162:in 'block in Minigun::Execution::StageWorker#run_processor_loop'
<internal:kernel>:168:in 'Kernel#loop'
C:/workspace/minigun/lib/minigun/execution/stage_worker.rb:149:in 'Minigun::Execution::StageWorker#run_processor_loop'
C:/workspace/minigun/lib/minigun/execution/stage_worker.rb:74:in 'Minigun::Execution::StageWorker#run_worker_loop'
C:/workspace/minigun/lib/minigun/execution/stage_worker.rb:29:in 'block in Minigun::Execution::StageWorker#start'
I, [2025-10-27T13:41:26.675574 #8588]  INFO -- : [Pipeline:ingest][Producer:receive_data] Done
I, [2025-10-27T13:41:26.680542 #8588]  INFO -- : [Pipeline:ingest][Worker:track] Done
I, [2025-10-27T13:41:26.680618 #8588]  INFO -- : [Job:559b960b][Pipeline:ingest] Finished in 0.01s
I, [2025-10-27T13:41:26.680698 #8588]  INFO -- : [Pipeline:default][Producer:ingest] Done
I, [2025-10-27T13:41:26.680884 #8588]  INFO -- : [Pipeline:default][Worker:validate] Done
    processes data through validation and routing pipelines (FAILED - 49)I, [2025-10-27T13:41:26.681146 #8588]  INFO -- : [Pipeline:default][Worker:process_fast] Done
I, [2025-10-27T13:41:26.681194 #8588]  INFO -- : [Pipeline:default][Worker:process_slow] Done

  37_thread_per_batch.rb
I, [2025-10-27T13:41:26.681067 #8588]  INFO -- : [Pipeline:default][Worker:validate_router] Done
============================================================
#<Thread:0x000001bb73726340 C:/workspace/minigun/lib/minigun/pipeline.rb:345 run> terminated with exception 
(report_on_exception is true):
C:/workspace/minigun/lib/minigun/pipeline.rb:371:in 'block in Minigun::Pipeline#start_producer_thread': PipelineStage 
producers not yet compatible with queue-based DSL (NotImplementedError)
Thread Per Batch Pattern
============================================================
I, [2025-10-27T13:41:26.682340 #8588]  INFO -- : [Job:f144c8d1] ThreadPerBatchExample started
I, [2025-10-27T13:41:26.682382 #8588]  INFO -- : [Job:f144c8d1] Configuration: max_processes=2, max_threads=5
I, [2025-10-27T13:41:26.682409 #8588]  INFO -- : [Job:f144c8d1][Pipeline:default] Starting
[DAG BUILD] BEFORE handle_multiple_producers: edges=
[DAG BUILD] AFTER handle_multiple_producers: edges=gen->_batch_0 | _batch_0->
[DAG BUILD] AFTER fill_sequential_gaps: edges=gen->_batch_0 | _batch_0->process_batch | process_batch->
I, [2025-10-27T13:41:26.682527 #8588]  INFO -- : [Job:f144c8d1][Pipeline:default] DAG: gen -> _batch_0 -> process_batch
I, [2025-10-27T13:41:26.682714 #8588]  INFO -- : [Pipeline:default][Producer:gen] Starting 
I, [2025-10-27T13:41:26.682832 #8588]  INFO -- : [Pipeline:default][Producer:gen] Done
I, [2025-10-27T13:41:26.682865 #8588]  INFO -- : [Pipeline:default][Worker:_batch_0] Starting
I, [2025-10-27T13:41:26.683109 #8588]  INFO -- : [Pipeline:default][Worker:_batch_0] Done
I, [2025-10-27T13:41:26.682769 #8588]  INFO -- : [Pipeline:default][Worker:process_batch] Starting
I, [2025-10-27T13:41:26.683788 #8588]  INFO -- : [Pipeline:default][Worker:process_batch] Done
I, [2025-10-27T13:41:26.683849 #8588]  INFO -- : [Job:f144c8d1][Pipeline:default] Finished in 0.0s
I, [2025-10-27T13:41:26.683913 #8588]  INFO -- : [Job:f144c8d1] ThreadPerBatchExample finished
I, [2025-10-27T13:41:26.683961 #8588]  INFO -- : [Job:f144c8d1] Runtime: 0.0s
I, [2025-10-27T13:41:26.684008 #8588]  INFO -- : [Job:f144c8d1] Pipeline 'default': 0 produced, 5 consumed, 0.0 items/s
I, [2025-10-27T13:41:26.684039 #8588]  INFO -- : [Job:f144c8d1] Bottleneck: gen (0.0 items/s)
I, [2025-10-27T13:41:26.684086 #8588]  INFO -- : [Job:f144c8d1] Total: 0 items, 0.0 items/min

Results:
  Processed: 100 items
  Batches: 5
  Unique threads: 5

Γ£ô Each batch in its own thread
Γ£ô Max 5 concurrent threads enforced
Γ£ô Good for batch-level parallelism
Γ£ô Shared memory across threads

============================================================
Example 2: Mixed Thread Pool and Thread Per Batch
============================================================
I, [2025-10-27T13:41:26.684225 #8588]  INFO -- : [Job:86225c5d] MixedThreading started
I, [2025-10-27T13:41:26.684248 #8588]  INFO -- : [Job:86225c5d] Configuration: max_processes=2, max_threads=5
I, [2025-10-27T13:41:26.684289 #8588]  INFO -- : [Job:86225c5d][Pipeline:default] Starting
[DAG BUILD] BEFORE handle_multiple_producers: edges=
[DAG BUILD] AFTER handle_multiple_producers: edges=gen->fetch | fetch->
[DAG BUILD] AFTER fill_sequential_gaps: edges=gen->fetch | fetch->validate | validate->_batch_0 | _batch_0->process_batch | process_batch->
I, [2025-10-27T13:41:26.684409 #8588]  INFO -- : [Job:86225c5d][Pipeline:default] DAG: gen -> fetch -> validate -> _batch_0 -> process_batch
I, [2025-10-27T13:41:26.684583 #8588]  INFO -- : [Pipeline:default][Producer:gen] Starting 
I, [2025-10-27T13:41:26.684717 #8588]  INFO -- : [Pipeline:default][Producer:gen] Done
I, [2025-10-27T13:41:26.684664 #8588]  INFO -- : [Pipeline:default][Worker:validate] Starting
I, [2025-10-27T13:41:26.684749 #8588]  INFO -- : [Pipeline:default][Worker:_batch_0] Starting
I, [2025-10-27T13:41:26.684783 #8588]  INFO -- : [Pipeline:default][Worker:process_batch] Starting
I, [2025-10-27T13:41:26.684625 #8588]  INFO -- : [Pipeline:default][Worker:fetch] Starting
I, [2025-10-27T13:41:26.709343 #8588]  INFO -- : [Pipeline:default][Worker:fetch] Done
I, [2025-10-27T13:41:26.709644 #8588]  INFO -- : [Pipeline:default][Worker:validate] Done
I, [2025-10-27T13:41:26.709757 #8588]  INFO -- : [Pipeline:default][Worker:_batch_0] Done
I, [2025-10-27T13:41:26.709900 #8588]  INFO -- : [Pipeline:default][Worker:process_batch] Done
I, [2025-10-27T13:41:26.710003 #8588]  INFO -- : [Job:86225c5d][Pipeline:default] Finished in 0.03s
I, [2025-10-27T13:41:26.710056 #8588]  INFO -- : [Job:86225c5d] MixedThreading finished
I, [2025-10-27T13:41:26.710081 #8588]  INFO -- : [Job:86225c5d] Runtime: 0.03s
I, [2025-10-27T13:41:26.710152 #8588]  INFO -- : [Job:86225c5d] Pipeline 'default': 0 produced, 5 consumed, 0.0 items/s
I, [2025-10-27T13:41:26.710236 #8588]  INFO -- : [Job:86225c5d] Bottleneck: gen (0.0 items/s)
I, [2025-10-27T13:41:26.710302 #8588]  INFO -- : [Job:86225c5d] Total: 0 items, 0.0 items/min

Results:
  Batch results: 5
  Sum of sums: 2450

Γ£ô Thread pool for item processing
Γ£ô Thread per batch for batch aggregation
Γ£ô Mix strategies within one pipeline
I, [2025-10-27T13:41:26.710454 #8588]  INFO -- : [Job:6a18805e] ThreadPerBatchExample started
I, [2025-10-27T13:41:26.710514 #8588]  INFO -- : [Job:6a18805e] Configuration: max_processes=2, max_threads=5
I, [2025-10-27T13:41:26.710582 #8588]  INFO -- : [Job:6a18805e][Pipeline:default] Starting
[DAG BUILD] BEFORE handle_multiple_producers: edges=gen->_batch_0 | _batch_0->process_batch | process_batch->
[DAG BUILD] AFTER handle_multiple_producers: edges=gen->_batch_0 | _batch_0->process_batch | process_batch->
[DAG BUILD] AFTER fill_sequential_gaps: edges=gen->_batch_0 | _batch_0->process_batch | process_batch->
I, [2025-10-27T13:41:26.710697 #8588]  INFO -- : [Job:6a18805e][Pipeline:default] DAG: gen -> _batch_0 -> process_batch
I, [2025-10-27T13:41:26.710871 #8588]  INFO -- : [Pipeline:default][Producer:gen] Starting 
I, [2025-10-27T13:41:26.710998 #8588]  INFO -- : [Pipeline:default][Producer:gen] Done
I, [2025-10-27T13:41:26.711041 #8588]  INFO -- : [Pipeline:default][Worker:process_batch] Starting
I, [2025-10-27T13:41:26.710925 #8588]  INFO -- : [Pipeline:default][Worker:_batch_0] Starting
I, [2025-10-27T13:41:26.711335 #8588]  INFO -- : [Pipeline:default][Worker:_batch_0] Done
I, [2025-10-27T13:41:26.712039 #8588]  INFO -- : [Pipeline:default][Worker:process_batch] Done
I, [2025-10-27T13:41:26.712108 #8588]  INFO -- : [Job:6a18805e][Pipeline:default] Finished in 0.0s
I, [2025-10-27T13:41:26.712162 #8588]  INFO -- : [Job:6a18805e] ThreadPerBatchExample finished
I, [2025-10-27T13:41:26.712191 #8588]  INFO -- : [Job:6a18805e] Runtime: 0.0s
I, [2025-10-27T13:41:26.712220 #8588]  INFO -- : [Job:6a18805e] Pipeline 'default': 0 produced, 5 consumed, 0.0 items/s
I, [2025-10-27T13:41:26.712249 #8588]  INFO -- : [Job:6a18805e] Bottleneck: gen (0.0 items/s)
I, [2025-10-27T13:41:26.712272 #8588]  INFO -- : [Job:6a18805e] Total: 0 items, 0.0 items/min
    demonstrates thread-per-batch execution
  09_strategy_per_stage.rb
I, [2025-10-27T13:41:26.714233 #8588]  INFO -- : [Job:6d6889dc] StrategyPerStageExample started
I, [2025-10-27T13:41:26.714276 #8588]  INFO -- : [Job:6d6889dc] Configuration: max_processes=2, max_threads=5
I, [2025-10-27T13:41:26.714302 #8588]  INFO -- : [Job:6d6889dc][Pipeline:default] Starting
[DAG BUILD] BEFORE handle_multiple_producers: edges=batch->heavy_save,light_log | validate->batch | heavy_save-> | light_log->
[DAG BUILD] AFTER handle_multiple_producers: edges=batch->heavy_save,light_log | validate->batch | heavy_save-> | light_log-> | generate->validate
[DAG BUILD] AFTER fill_sequential_gaps: edges=batch->heavy_save,light_log | validate->batch | heavy_save-> | light_log-> | generate->validate
I, [2025-10-27T13:41:26.714444 #8588]  INFO -- : [Job:6d6889dc][Pipeline:default] DAG: generate -> validate -> batch -> light_log -> heavy_save
I, [2025-10-27T13:41:26.714478 #8588]  INFO -- : [Pipeline:default] Inserting RouterStage 'batch_router' (broadcast) for fan-out: batch -> heavy_save, light_log
I, [2025-10-27T13:41:26.714687 #8588]  INFO -- : [Pipeline:default][Producer:generate] Starting 
[Producer] Generating 10 items
I, [2025-10-27T13:41:26.714834 #8588]  INFO -- : [Pipeline:default][Worker:heavy_save] Starting
I, [2025-10-27T13:41:26.714782 #8588]  INFO -- : [Pipeline:default][Worker:batch] Starting
I, [2025-10-27T13:41:26.714862 #8588]  INFO -- : [Pipeline:default][Worker:batch_router] Starting
I, [2025-10-27T13:41:26.714750 #8588]  INFO -- : [Pipeline:default][Worker:validate] Starting
[Validator] Validating 1
[Validator] Validating 2
[Validator] Validating 3
[Validator] Validating 4
[Validator] Validating 5
[Validator] Validating 6
[Minigun] Process forking not available, falling back to inline
[HeavySave:process_per_batch:8588] Processing batch of 3[Validator] Validating 7
[Validator] Validating 8
[Validator] Validating 9
[Validator] Validating 10

I, [2025-10-27T13:41:26.714901 #8588]  INFO -- : [Pipeline:default][Producer:generate] Done
I, [2025-10-27T13:41:26.714935 #8588]  INFO -- : [Pipeline:default][Worker:light_log] Starting
I, [2025-10-27T13:41:26.715798 #8588]  INFO -- : [Pipeline:default][Worker:batch] Done
[LightLog:threads] Logging batch of 3
I, [2025-10-27T13:41:26.715671 #8588]  INFO -- : [Pipeline:default][Worker:validate] Done
I, [2025-10-27T13:41:26.715850 #8588]  INFO -- : [Pipeline:default][Worker:batch_router] Done
[LightLog:threads] Logging batch of 3
[LightLog:threads] Logging batch of 3
[LightLog:threads] Logging batch of 1
I, [2025-10-27T13:41:26.717013 #8588]  INFO -- : [Pipeline:default][Worker:light_log] Done
[Minigun] Process forking not available, falling back to inline
[HeavySave:process_per_batch:8588] Processing batch of 3
[Minigun] Process forking not available, falling back to inline
[HeavySave:process_per_batch:8588] Processing batch of 3
[Minigun] Process forking not available, falling back to inline
[HeavySave:process_per_batch:8588] Processing batch of 1
I, [2025-10-27T13:41:26.779644 #8588]  INFO -- : [Pipeline:default][Worker:heavy_save] Done
I, [2025-10-27T13:41:26.779770 #8588]  INFO -- : [Job:6d6889dc][Pipeline:default] Finished in 0.07s
I, [2025-10-27T13:41:26.785952 #8588]  INFO -- : [Job:6d6889dc] StrategyPerStageExample finished
I, [2025-10-27T13:41:26.786038 #8588]  INFO -- : [Job:6d6889dc] Runtime: 0.07s
I, [2025-10-27T13:41:26.786087 #8588]  INFO -- : [Job:6d6889dc] Pipeline 'default': 0 produced, 8 consumed, 0.0 items/s
I, [2025-10-27T13:41:26.786133 #8588]  INFO -- : [Job:6d6889dc] Bottleneck: generate (0.0 items/s)
I, [2025-10-27T13:41:26.786159 #8588]  INFO -- : [Job:6d6889dc] Total: 0 items, 0.0 items/min
    uses different strategies for different stages
I, [2025-10-27T13:41:26.787887 #8588]  INFO -- : [Job:c0bc14e5] StrategyPerStageExample started
I, [2025-10-27T13:41:26.787938 #8588]  INFO -- : [Job:c0bc14e5] Configuration: max_processes=2, max_threads=5
I, [2025-10-27T13:41:26.787995 #8588]  INFO -- : [Job:c0bc14e5][Pipeline:default] Starting
[DAG BUILD] BEFORE handle_multiple_producers: edges=batch->heavy_save,light_log | validate->batch | heavy_save-> | light_log->
[DAG BUILD] AFTER handle_multiple_producers: edges=batch->heavy_save,light_log | validate->batch | heavy_save-> | light_log-> | generate->validate
[DAG BUILD] AFTER fill_sequential_gaps: edges=batch->heavy_save,light_log | validate->batch | heavy_save-> | light_log-> | generate->validate
I, [2025-10-27T13:41:26.788143 #8588]  INFO -- : [Job:c0bc14e5][Pipeline:default] DAG: generate -> validate -> batch -> light_log -> heavy_save
I, [2025-10-27T13:41:26.788184 #8588]  INFO -- : [Pipeline:default] Inserting RouterStage 'batch_router' (broadcast) for fan-out: batch -> heavy_save, light_log
I, [2025-10-27T13:41:26.788459 #8588]  INFO -- : [Pipeline:default][Producer:generate] Starting 
[Producer] Generating 10 items
I, [2025-10-27T13:41:26.788521 #8588]  INFO -- : [Pipeline:default][Worker:batch_router] Starting
I, [2025-10-27T13:41:26.788609 #8588]  INFO -- : [Pipeline:default][Producer:generate] Done
I, [2025-10-27T13:41:26.788665 #8588]  INFO -- : [Pipeline:default][Worker:batch] Starting
I, [2025-10-27T13:41:26.788707 #8588]  INFO -- : [Pipeline:default][Worker:heavy_save] Starting
I, [2025-10-27T13:41:26.788754 #8588]  INFO -- : [Pipeline:default][Worker:light_log] Starting
I, [2025-10-27T13:41:26.788805 #8588]  INFO -- : [Pipeline:default][Worker:validate] Starting
[Validator] Validating 1
[Validator] Validating 2
[Validator] Validating 3
[Validator] Validating 4
[Validator] Validating 5
[Validator] Validating 6
[Minigun] Process forking not available, falling back to inline
[HeavySave:process_per_batch:8588] Processing batch of 3[Validator] Validating 7
[Validator] Validating 8
[LightLog:threads] Logging batch of 3[Validator] Validating 9
[Validator] Validating 10
I, [2025-10-27T13:41:26.789700 #8588]  INFO -- : [Pipeline:default][Worker:validate] Done
I, [2025-10-27T13:41:26.789842 #8588]  INFO -- : [Pipeline:default][Worker:batch_router] Done


I, [2025-10-27T13:41:26.789783 #8588]  INFO -- : [Pipeline:default][Worker:batch] Done
[LightLog:threads] Logging batch of 3
[LightLog:threads] Logging batch of 3
[LightLog:threads] Logging batch of 1
I, [2025-10-27T13:41:26.790385 #8588]  INFO -- : [Pipeline:default][Worker:light_log] Done
[Minigun] Process forking not available, falling back to inline
[HeavySave:process_per_batch:8588] Processing batch of 3
[Minigun] Process forking not available, falling back to inline
[HeavySave:process_per_batch:8588] Processing batch of 3
[Minigun] Process forking not available, falling back to inline
[HeavySave:process_per_batch:8588] Processing batch of 1
I, [2025-10-27T13:41:26.856583 #8588]  INFO -- : [Pipeline:default][Worker:heavy_save] Done
I, [2025-10-27T13:41:26.856745 #8588]  INFO -- : [Job:c0bc14e5][Pipeline:default] Finished in 0.07s
I, [2025-10-27T13:41:26.857386 #8588]  INFO -- : [Job:c0bc14e5] StrategyPerStageExample finished
I, [2025-10-27T13:41:26.857435 #8588]  INFO -- : [Job:c0bc14e5] Runtime: 0.07s
I, [2025-10-27T13:41:26.857481 #8588]  INFO -- : [Job:c0bc14e5] Pipeline 'default': 0 produced, 8 consumed, 0.0 items/s
I, [2025-10-27T13:41:26.857517 #8588]  INFO -- : [Job:c0bc14e5] Bottleneck: generate (0.0 items/s)
I, [2025-10-27T13:41:26.857541 #8588]  INFO -- : [Job:c0bc14e5] Total: 0 items, 0.0 items/min
    loads and runs without errors
  38_comprehensive_execution.rb
============================================================
Complete Refactor 2 Feature Demonstration
============================================================
Running with default configuration...
I, [2025-10-27T13:41:26.858875 #8588]  INFO -- : [Job:42e42d8a] ComprehensivePipeline started
I, [2025-10-27T13:41:26.858915 #8588]  INFO -- : [Job:42e42d8a] Configuration: max_processes=2, max_threads=5
I, [2025-10-27T13:41:26.858982 #8588]  INFO -- : [Job:42e42d8a][Pipeline:default] Starting
[DAG BUILD] BEFORE handle_multiple_producers: edges=
[DAG BUILD] AFTER handle_multiple_producers: edges=generate_urls->check_cache | check_cache->
[DAG BUILD] AFTER fill_sequential_gaps: edges=generate_urls->check_cache | check_cache->download | download->extract_metadata | extract_metadata->_batch_0 | _batch_0->parse_batch | parse_batch->save_to_db | save_to_db->upload_to_s3 | upload_to_s3->
I, [2025-10-27T13:41:26.859142 #8588]  INFO -- : [Job:42e42d8a][Pipeline:default] DAG: generate_urls -> check_cache -> download -> extract_metadata -> _batch_0 -> parse_batch -> save_to_db -> upload_to_s3
I, [2025-10-27T13:41:26.859499 #8588]  INFO -- : [Pipeline:default][Worker:check_cache] Starting
I, [2025-10-27T13:41:26.859710 #8588]  INFO -- : [Pipeline:default][Producer:generate_urls] Starting 
I, [2025-10-27T13:41:26.859924 #8588]  INFO -- : [Pipeline:default][Producer:generate_urls] Done
I, [2025-10-27T13:41:26.859753 #8588]  INFO -- : [Pipeline:default][Worker:_batch_0] Starting
I, [2025-10-27T13:41:26.859558 #8588]  INFO -- : [Pipeline:default][Worker:download] Starting
I, [2025-10-27T13:41:26.859793 #8588]  INFO -- : [Pipeline:default][Worker:save_to_db] Starting
I, [2025-10-27T13:41:26.859823 #8588]  INFO -- : [Pipeline:default][Worker:parse_batch] Starting
I, [2025-10-27T13:41:26.859957 #8588]  INFO -- : [Pipeline:default][Worker:upload_to_s3] Starting
I, [2025-10-27T13:41:26.859614 #8588]  INFO -- : [Pipeline:default][Worker:extract_metadata] Starting
[Minigun] Process forking not available, falling back to inline
#<Thread:0x000001bb7460d610 C:/workspace/minigun/lib/minigun/execution/executor.rb:97 run> terminated with exception 
(report_on_exception is true):
C:/workspace/minigun/examples/38_comprehensive_execution.rb:101:in 'block (2 levels) in 
<class:ComprehensivePipeline>': undefined local variable or method 'output' for an instance of ComprehensivePipeline 
(NameError)

      output << results

      ^^^^^^
	from C:/workspace/minigun/lib/minigun/stage.rb:109:in 'BasicObject#instance_exec'
	from C:/workspace/minigun/lib/minigun/stage.rb:109:in 'Minigun::AtomicStage#execute'
	from C:/workspace/minigun/lib/minigun/execution/executor.rb:62:in 'Minigun::Execution::Executor#run_stage_logic'
	from C:/workspace/minigun/lib/minigun/execution/executor.rb:99:in 'block in 
Minigun::Execution::ThreadPoolExecutor#execute_with_strategy'
E, [2025-10-27T13:41:27.042890 #8588] ERROR -- : [Pipeline:default][Stage:save_to_db] Error: undefined local variable or method 'output' for an instance of ComprehensivePipeline
E, [2025-10-27T13:41:27.043096 #8588] ERROR -- : C:/workspace/minigun/examples/38_comprehensive_execution.rb:101:in 'block (2 levels) in <class:ComprehensivePipeline>'
C:/workspace/minigun/lib/minigun/stage.rb:109:in 'BasicObject#instance_exec'
C:/workspace/minigun/lib/minigun/stage.rb:109:in 'Minigun::AtomicStage#execute'
C:/workspace/minigun/lib/minigun/execution/executor.rb:62:in 'Minigun::Execution::Executor#run_stage_logic'
C:/workspace/minigun/lib/minigun/execution/executor.rb:99:in 'block in Minigun::Execution::ThreadPoolExecutor#execute_with_strategy'
#<Thread:0x000001bb74b57440 C:/workspace/minigun/lib/minigun/execution/executor.rb:97 run> terminated with exception 
(report_on_exception is true):
C:/workspace/minigun/examples/38_comprehensive_execution.rb:101:in 'block (2 levels) in 
<class:ComprehensivePipeline>': undefined local variable or method 'output' for an instance of ComprehensivePipeline 
(NameError)

      output << results

      ^^^^^^
	from C:/workspace/minigun/lib/minigun/stage.rb:109:in 'BasicObject#instance_exec'
	from C:/workspace/minigun/lib/minigun/stage.rb:109:in 'Minigun::AtomicStage#execute'
	from C:/workspace/minigun/lib/minigun/execution/executor.rb:62:in 'Minigun::Execution::Executor#run_stage_logic'
	from C:/workspace/minigun/lib/minigun/execution/executor.rb:99:in 'block in 
Minigun::Execution::ThreadPoolExecutor#execute_with_strategy'
E, [2025-10-27T13:41:27.045114 #8588] ERROR -- : [Pipeline:default][Stage:save_to_db] Error: undefined local variable or method 'output' for an instance of ComprehensivePipeline
E, [2025-10-27T13:41:27.045225 #8588] ERROR -- : C:/workspace/minigun/examples/38_comprehensive_execution.rb:101:in 'block (2 levels) in <class:ComprehensivePipeline>'
C:/workspace/minigun/lib/minigun/stage.rb:109:in 'BasicObject#instance_exec'
C:/workspace/minigun/lib/minigun/stage.rb:109:in 'Minigun::AtomicStage#execute'
C:/workspace/minigun/lib/minigun/execution/executor.rb:62:in 'Minigun::Execution::Executor#run_stage_logic'
C:/workspace/minigun/lib/minigun/execution/executor.rb:99:in 'block in Minigun::Execution::ThreadPoolExecutor#execute_with_strategy'
#<Thread:0x000001bb74bdc2f8 C:/workspace/minigun/lib/minigun/execution/executor.rb:97 run> terminated with exception 
(report_on_exception is true):
C:/workspace/minigun/examples/38_comprehensive_execution.rb:101:in 'block (2 levels) in 
<class:ComprehensivePipeline>': undefined local variable or method 'output' for an instance of ComprehensivePipeline 
(NameError)

      output << results

      ^^^^^^
	from C:/workspace/minigun/lib/minigun/stage.rb:109:in 'BasicObject#instance_exec'
	from C:/workspace/minigun/lib/minigun/stage.rb:109:in 'Minigun::AtomicStage#execute'
	from C:/workspace/minigun/lib/minigun/execution/executor.rb:62:in 'Minigun::Execution::Executor#run_stage_logic'
	from C:/workspace/minigun/lib/minigun/execution/executor.rb:99:in 'block in 
Minigun::Execution::ThreadPoolExecutor#execute_with_strategy'
E, [2025-10-27T13:41:27.047162 #8588] ERROR -- : [Pipeline:default][Stage:save_to_db] Error: undefined local variable or method 'output' for an instance of ComprehensivePipeline
E, [2025-10-27T13:41:27.047362 #8588] ERROR -- : C:/workspace/minigun/examples/38_comprehensive_execution.rb:101:in 'block (2 levels) in <class:ComprehensivePipeline>'
C:/workspace/minigun/lib/minigun/stage.rb:109:in 'BasicObject#instance_exec'
C:/workspace/minigun/lib/minigun/stage.rb:109:in 'Minigun::AtomicStage#execute'
C:/workspace/minigun/lib/minigun/execution/executor.rb:62:in 'Minigun::Execution::Executor#run_stage_logic'
C:/workspace/minigun/lib/minigun/execution/executor.rb:99:in 'block in Minigun::Execution::ThreadPoolExecutor#execute_with_strategy'
#<Thread:0x000001bb74cfc3e0 C:/workspace/minigun/lib/minigun/execution/executor.rb:97 run> terminated with exception 
(report_on_exception is true):
C:/workspace/minigun/examples/38_comprehensive_execution.rb:101:in 'block (2 levels) in 
<class:ComprehensivePipeline>': undefined local variable or method 'output' for an instance of ComprehensivePipeline 
(NameError)

      output << results

      ^^^^^^
	from C:/workspace/minigun/lib/minigun/stage.rb:109:in 'BasicObject#instance_exec'
	from C:/workspace/minigun/lib/minigun/stage.rb:109:in 'Minigun::AtomicStage#execute'
	from C:/workspace/minigun/lib/minigun/execution/executor.rb:62:in 'Minigun::Execution::Executor#run_stage_logic'
	from C:/workspace/minigun/lib/minigun/execution/executor.rb:99:in 'block in 
Minigun::Execution::ThreadPoolExecutor#execute_with_strategy'
E, [2025-10-27T13:41:27.049324 #8588] ERROR -- : [Pipeline:default][Stage:save_to_db] Error: undefined local variable or method 'output' for an instance of ComprehensivePipeline
E, [2025-10-27T13:41:27.049518 #8588] ERROR -- : C:/workspace/minigun/examples/38_comprehensive_execution.rb:101:in 'block (2 levels) in <class:ComprehensivePipeline>'
C:/workspace/minigun/lib/minigun/stage.rb:109:in 'BasicObject#instance_exec'
C:/workspace/minigun/lib/minigun/stage.rb:109:in 'Minigun::AtomicStage#execute'
C:/workspace/minigun/lib/minigun/execution/executor.rb:62:in 'Minigun::Execution::Executor#run_stage_logic'
C:/workspace/minigun/lib/minigun/execution/executor.rb:99:in 'block in Minigun::Execution::ThreadPoolExecutor#execute_with_strategy'
#<Thread:0x000001bb74bb88a8 C:/workspace/minigun/lib/minigun/execution/executor.rb:97 run> terminated with exception 
(report_on_exception is true):
C:/workspace/minigun/examples/38_comprehensive_execution.rb:101:in 'block (2 levels) in 
<class:ComprehensivePipeline>': undefined local variable or method 'output' for an instance of ComprehensivePipeline 
(NameError)

      output << results

      ^^^^^^
	from C:/workspace/minigun/lib/minigun/stage.rb:109:in 'BasicObject#instance_exec'
	from C:/workspace/minigun/lib/minigun/stage.rb:109:in 'Minigun::AtomicStage#execute'
	from C:/workspace/minigun/lib/minigun/execution/executor.rb:62:in 'Minigun::Execution::Executor#run_stage_logic'
	from C:/workspace/minigun/lib/minigun/execution/executor.rb:99:in 'block in 
Minigun::Execution::ThreadPoolExecutor#execute_with_strategy'
E, [2025-10-27T13:41:27.052034 #8588] ERROR -- : [Pipeline:default][Stage:save_to_db] Error: undefined local variable or method 'output' for an instance of ComprehensivePipeline
E, [2025-10-27T13:41:27.052247 #8588] ERROR -- : C:/workspace/minigun/examples/38_comprehensive_execution.rb:101:in 'block (2 levels) in <class:ComprehensivePipeline>'
C:/workspace/minigun/lib/minigun/stage.rb:109:in 'BasicObject#instance_exec'
C:/workspace/minigun/lib/minigun/stage.rb:109:in 'Minigun::AtomicStage#execute'
C:/workspace/minigun/lib/minigun/execution/executor.rb:62:in 'Minigun::Execution::Executor#run_stage_logic'
C:/workspace/minigun/lib/minigun/execution/executor.rb:99:in 'block in Minigun::Execution::ThreadPoolExecutor#execute_with_strategy'
#<Thread:0x000001bb74601fb8 C:/workspace/minigun/lib/minigun/execution/executor.rb:97 run> terminated with exception 
(report_on_exception is true):
C:/workspace/minigun/examples/38_comprehensive_execution.rb:101:in 'block (2 levels) in 
<class:ComprehensivePipeline>': undefined local variable or method 'output' for an instance of ComprehensivePipeline 
(NameError)

      output << results

      ^^^^^^
	from C:/workspace/minigun/lib/minigun/stage.rb:109:in 'BasicObject#instance_exec'
	from C:/workspace/minigun/lib/minigun/stage.rb:109:in 'Minigun::AtomicStage#execute'
	from C:/workspace/minigun/lib/minigun/execution/executor.rb:62:in 'Minigun::Execution::Executor#run_stage_logic'
	from C:/workspace/minigun/lib/minigun/execution/executor.rb:99:in 'block in 
Minigun::Execution::ThreadPoolExecutor#execute_with_strategy'
E, [2025-10-27T13:41:27.054644 #8588] ERROR -- : [Pipeline:default][Stage:save_to_db] Error: undefined local variable or method 'output' for an instance of ComprehensivePipeline
E, [2025-10-27T13:41:27.054848 #8588] ERROR -- : C:/workspace/minigun/examples/38_comprehensive_execution.rb:101:in 'block (2 levels) in <class:ComprehensivePipeline>'
C:/workspace/minigun/lib/minigun/stage.rb:109:in 'BasicObject#instance_exec'
C:/workspace/minigun/lib/minigun/stage.rb:109:in 'Minigun::AtomicStage#execute'
C:/workspace/minigun/lib/minigun/execution/executor.rb:62:in 'Minigun::Execution::Executor#run_stage_logic'
C:/workspace/minigun/lib/minigun/execution/executor.rb:99:in 'block in Minigun::Execution::ThreadPoolExecutor#execute_with_strategy'
#<Thread:0x000001bb74abd0e8 C:/workspace/minigun/lib/minigun/execution/executor.rb:97 run> terminated with exception 
(report_on_exception is true):
C:/workspace/minigun/examples/38_comprehensive_execution.rb:101:in 'block (2 levels) in 
<class:ComprehensivePipeline>': undefined local variable or method 'output' for an instance of ComprehensivePipeline 
(NameError)

      output << results

      ^^^^^^
	from C:/workspace/minigun/lib/minigun/stage.rb:109:in 'BasicObject#instance_exec'
	from C:/workspace/minigun/lib/minigun/stage.rb:109:in 'Minigun::AtomicStage#execute'
	from C:/workspace/minigun/lib/minigun/execution/executor.rb:62:in 'Minigun::Execution::Executor#run_stage_logic'
	from C:/workspace/minigun/lib/minigun/execution/executor.rb:99:in 'block in 
Minigun::Execution::ThreadPoolExecutor#execute_with_strategy'
E, [2025-10-27T13:41:27.063002 #8588] ERROR -- : [Pipeline:default][Stage:save_to_db] Error: undefined local variable or method 'output' for an instance of ComprehensivePipeline
E, [2025-10-27T13:41:27.063183 #8588] ERROR -- : C:/workspace/minigun/examples/38_comprehensive_execution.rb:101:in 'block (2 levels) in <class:ComprehensivePipeline>'
C:/workspace/minigun/lib/minigun/stage.rb:109:in 'BasicObject#instance_exec'
C:/workspace/minigun/lib/minigun/stage.rb:109:in 'Minigun::AtomicStage#execute'
C:/workspace/minigun/lib/minigun/execution/executor.rb:62:in 'Minigun::Execution::Executor#run_stage_logic'
C:/workspace/minigun/lib/minigun/execution/executor.rb:99:in 'block in Minigun::Execution::ThreadPoolExecutor#execute_with_strategy'
#<Thread:0x000001bb74cf9370 C:/workspace/minigun/lib/minigun/execution/executor.rb:97 run> terminated with exception 
(report_on_exception is true):
C:/workspace/minigun/examples/38_comprehensive_execution.rb:101:in 'block (2 levels) in 
<class:ComprehensivePipeline>': undefined local variable or method 'output' for an instance of ComprehensivePipeline 
(NameError)

      output << results

      ^^^^^^
	from C:/workspace/minigun/lib/minigun/stage.rb:109:in 'BasicObject#instance_exec'
	from C:/workspace/minigun/lib/minigun/stage.rb:109:in 'Minigun::AtomicStage#execute'
	from C:/workspace/minigun/lib/minigun/execution/executor.rb:62:in 'Minigun::Execution::Executor#run_stage_logic'
	from C:/workspace/minigun/lib/minigun/execution/executor.rb:99:in 'block in 
Minigun::Execution::ThreadPoolExecutor#execute_with_strategy'
E, [2025-10-27T13:41:27.072622 #8588] ERROR -- : [Pipeline:default][Stage:save_to_db] Error: undefined local variable or method 'output' for an instance of ComprehensivePipeline
E, [2025-10-27T13:41:27.072847 #8588] ERROR -- : C:/workspace/minigun/examples/38_comprehensive_execution.rb:101:in 'block (2 levels) in <class:ComprehensivePipeline>'
C:/workspace/minigun/lib/minigun/stage.rb:109:in 'BasicObject#instance_exec'
C:/workspace/minigun/lib/minigun/stage.rb:109:in 'Minigun::AtomicStage#execute'
C:/workspace/minigun/lib/minigun/execution/executor.rb:62:in 'Minigun::Execution::Executor#run_stage_logic'
C:/workspace/minigun/lib/minigun/execution/executor.rb:99:in 'block in Minigun::Execution::ThreadPoolExecutor#execute_with_strategy'
#<Thread:0x000001bb748eb148 C:/workspace/minigun/lib/minigun/execution/executor.rb:97 run> terminated with exception 
(report_on_exception is true):
C:/workspace/minigun/examples/38_comprehensive_execution.rb:101:in 'block (2 levels) in 
<class:ComprehensivePipeline>': undefined local variable or method 'output' for an instance of ComprehensivePipeline 
(NameError)

      output << results

      ^^^^^^
	from C:/workspace/minigun/lib/minigun/stage.rb:109:in 'BasicObject#instance_exec'
	from C:/workspace/minigun/lib/minigun/stage.rb:109:in 'Minigun::AtomicStage#execute'
	from C:/workspace/minigun/lib/minigun/execution/executor.rb:62:in 'Minigun::Execution::Executor#run_stage_logic'
	from C:/workspace/minigun/lib/minigun/execution/executor.rb:99:in 'block in 
Minigun::Execution::ThreadPoolExecutor#execute_with_strategy'
E, [2025-10-27T13:41:27.075105 #8588] ERROR -- : [Pipeline:default][Stage:save_to_db] Error: undefined local variable or method 'output' for an instance of ComprehensivePipeline
E, [2025-10-27T13:41:27.075269 #8588] ERROR -- : C:/workspace/minigun/examples/38_comprehensive_execution.rb:101:in 'block (2 levels) in <class:ComprehensivePipeline>'
C:/workspace/minigun/lib/minigun/stage.rb:109:in 'BasicObject#instance_exec'
C:/workspace/minigun/lib/minigun/stage.rb:109:in 'Minigun::AtomicStage#execute'
C:/workspace/minigun/lib/minigun/execution/executor.rb:62:in 'Minigun::Execution::Executor#run_stage_logic'
C:/workspace/minigun/lib/minigun/execution/executor.rb:99:in 'block in Minigun::Execution::ThreadPoolExecutor#execute_with_strategy'
#<Thread:0x000001bb74b55528 C:/workspace/minigun/lib/minigun/execution/executor.rb:97 run> terminated with exception 
(report_on_exception is true):
C:/workspace/minigun/examples/38_comprehensive_execution.rb:101:in 'block (2 levels) in 
<class:ComprehensivePipeline>': undefined local variable or method 'output' for an instance of ComprehensivePipeline 
(NameError)

      output << results

      ^^^^^^
	from C:/workspace/minigun/lib/minigun/stage.rb:109:in 'BasicObject#instance_exec'
	from C:/workspace/minigun/lib/minigun/stage.rb:109:in 'Minigun::AtomicStage#execute'
	from C:/workspace/minigun/lib/minigun/execution/executor.rb:62:in 'Minigun::Execution::Executor#run_stage_logic'
	from C:/workspace/minigun/lib/minigun/execution/executor.rb:99:in 'block in 
Minigun::Execution::ThreadPoolExecutor#execute_with_strategy'
E, [2025-10-27T13:41:27.077167 #8588] ERROR -- : [Pipeline:default][Stage:save_to_db] Error: undefined local variable or method 'output' for an instance of ComprehensivePipeline
E, [2025-10-27T13:41:27.077325 #8588] ERROR -- : C:/workspace/minigun/examples/38_comprehensive_execution.rb:101:in 'block (2 levels) in <class:ComprehensivePipeline>'
C:/workspace/minigun/lib/minigun/stage.rb:109:in 'BasicObject#instance_exec'
C:/workspace/minigun/lib/minigun/stage.rb:109:in 'Minigun::AtomicStage#execute'
C:/workspace/minigun/lib/minigun/execution/executor.rb:62:in 'Minigun::Execution::Executor#run_stage_logic'
C:/workspace/minigun/lib/minigun/execution/executor.rb:99:in 'block in Minigun::Execution::ThreadPoolExecutor#execute_with_strategy'
#<Thread:0x000001bb74bd7820 C:/workspace/minigun/lib/minigun/execution/executor.rb:97 run> terminated with exception 
(report_on_exception is true):
C:/workspace/minigun/examples/38_comprehensive_execution.rb:101:in 'block (2 levels) in 
<class:ComprehensivePipeline>': undefined local variable or method 'output' for an instance of ComprehensivePipeline 
(NameError)

      output << results

      ^^^^^^
	from C:/workspace/minigun/lib/minigun/stage.rb:109:in 'BasicObject#instance_exec'
	from C:/workspace/minigun/lib/minigun/stage.rb:109:in 'Minigun::AtomicStage#execute'
	from C:/workspace/minigun/lib/minigun/execution/executor.rb:62:in 'Minigun::Execution::Executor#run_stage_logic'
	from C:/workspace/minigun/lib/minigun/execution/executor.rb:99:in 'block in 
Minigun::Execution::ThreadPoolExecutor#execute_with_strategy'
E, [2025-10-27T13:41:27.079083 #8588] ERROR -- : [Pipeline:default][Stage:save_to_db] Error: undefined local variable or method 'output' for an instance of ComprehensivePipeline
E, [2025-10-27T13:41:27.079228 #8588] ERROR -- : C:/workspace/minigun/examples/38_comprehensive_execution.rb:101:in 'block (2 levels) in <class:ComprehensivePipeline>'
C:/workspace/minigun/lib/minigun/stage.rb:109:in 'BasicObject#instance_exec'
C:/workspace/minigun/lib/minigun/stage.rb:109:in 'Minigun::AtomicStage#execute'
C:/workspace/minigun/lib/minigun/execution/executor.rb:62:in 'Minigun::Execution::Executor#run_stage_logic'
C:/workspace/minigun/lib/minigun/execution/executor.rb:99:in 'block in Minigun::Execution::ThreadPoolExecutor#execute_with_strategy'
I, [2025-10-27T13:41:27.079448 #8588]  INFO -- : [Pipeline:default][Worker:check_cache] Done
#<Thread:0x000001bb74cf5518 C:/workspace/minigun/lib/minigun/execution/executor.rb:97 run> terminated with exception 
(report_on_exception is true):
C:/workspace/minigun/examples/38_comprehensive_execution.rb:101:in 'block (2 levels) in 
<class:ComprehensivePipeline>': undefined local variable or method 'output' for an instance of ComprehensivePipeline 
(NameError)

      output << results

      ^^^^^^
	from C:/workspace/minigun/lib/minigun/stage.rb:109:in 'BasicObject#instance_exec'
	from C:/workspace/minigun/lib/minigun/stage.rb:109:in 'Minigun::AtomicStage#execute'
	from C:/workspace/minigun/lib/minigun/execution/executor.rb:62:in 'Minigun::Execution::Executor#run_stage_logic'
	from C:/workspace/minigun/lib/minigun/execution/executor.rb:99:in 'block in 
Minigun::Execution::ThreadPoolExecutor#execute_with_strategy'
E, [2025-10-27T13:41:27.081056 #8588] ERROR -- : [Pipeline:default][Stage:save_to_db] Error: undefined local variable or method 'output' for an instance of ComprehensivePipeline
E, [2025-10-27T13:41:27.081223 #8588] ERROR -- : C:/workspace/minigun/examples/38_comprehensive_execution.rb:101:in 'block (2 levels) in <class:ComprehensivePipeline>'
C:/workspace/minigun/lib/minigun/stage.rb:109:in 'BasicObject#instance_exec'
C:/workspace/minigun/lib/minigun/stage.rb:109:in 'Minigun::AtomicStage#execute'
C:/workspace/minigun/lib/minigun/execution/executor.rb:62:in 'Minigun::Execution::Executor#run_stage_logic'
C:/workspace/minigun/lib/minigun/execution/executor.rb:99:in 'block in Minigun::Execution::ThreadPoolExecutor#execute_with_strategy'
I, [2025-10-27T13:41:27.081135 #8588]  INFO -- : [Pipeline:default][Worker:download] Done
I, [2025-10-27T13:41:27.081444 #8588]  INFO -- : [Pipeline:default][Worker:extract_metadata] Done
#<Thread:0x000001bb74bbe780 C:/workspace/minigun/lib/minigun/execution/executor.rb:97 run> terminated with exception 
(report_on_exception is true):
C:/workspace/minigun/examples/38_comprehensive_execution.rb:101:in 'block (2 levels) in 
<class:ComprehensivePipeline>': undefined local variable or method 'output' for an instance of ComprehensivePipeline 
(NameError)

      output << results

      ^^^^^^
	from C:/workspace/minigun/lib/minigun/stage.rb:109:in 'BasicObject#instance_exec'
	from C:/workspace/minigun/lib/minigun/stage.rb:109:in 'Minigun::AtomicStage#execute'
	from C:/workspace/minigun/lib/minigun/execution/executor.rb:62:in 'Minigun::Execution::Executor#run_stage_logic'
	from C:/workspace/minigun/lib/minigun/execution/executor.rb:99:in 'block in 
Minigun::Execution::ThreadPoolExecutor#execute_with_strategy'
[Minigun] Process forking not available, falling back to inline
I, [2025-10-27T13:41:27.083135 #8588]  INFO -- : [Pipeline:default][Worker:parse_batch] Done
E, [2025-10-27T13:41:27.083183 #8588] ERROR -- : [Pipeline:default][Stage:save_to_db] Error: undefined local variable or method 'output' for an instance of ComprehensivePipeline
E, [2025-10-27T13:41:27.083257 #8588] ERROR -- : C:/workspace/minigun/examples/38_comprehensive_execution.rb:101:in 'block (2 levels) in <class:ComprehensivePipeline>'
C:/workspace/minigun/lib/minigun/stage.rb:109:in 'BasicObject#instance_exec'
C:/workspace/minigun/lib/minigun/stage.rb:109:in 'Minigun::AtomicStage#execute'
C:/workspace/minigun/lib/minigun/execution/executor.rb:62:in 'Minigun::Execution::Executor#run_stage_logic'
C:/workspace/minigun/lib/minigun/execution/executor.rb:99:in 'block in Minigun::Execution::ThreadPoolExecutor#execute_with_strategy'
I, [2025-10-27T13:41:27.081556 #8588]  INFO -- : [Pipeline:default][Worker:_batch_0] Done
#<Thread:0x000001bb74bf5370 C:/workspace/minigun/lib/minigun/execution/executor.rb:97 run> terminated with exception 
(report_on_exception is true):
C:/workspace/minigun/examples/38_comprehensive_execution.rb:101:in 'block (2 levels) in 
<class:ComprehensivePipeline>': undefined local variable or method 'output' for an instance of ComprehensivePipeline 
(NameError)

      output << results

      ^^^^^^
	from C:/workspace/minigun/lib/minigun/stage.rb:109:in 'BasicObject#instance_exec'
	from C:/workspace/minigun/lib/minigun/stage.rb:109:in 'Minigun::AtomicStage#execute'
	from C:/workspace/minigun/lib/minigun/execution/executor.rb:62:in 'Minigun::Execution::Executor#run_stage_logic'
	from C:/workspace/minigun/lib/minigun/execution/executor.rb:99:in 'block in 
Minigun::Execution::ThreadPoolExecutor#execute_with_strategy'
E, [2025-10-27T13:41:27.084732 #8588] ERROR -- : [Pipeline:default][Stage:save_to_db] Error: undefined local variable or method 'output' for an instance of ComprehensivePipeline
E, [2025-10-27T13:41:27.084783 #8588] ERROR -- : C:/workspace/minigun/examples/38_comprehensive_execution.rb:101:in 'block (2 levels) in <class:ComprehensivePipeline>'
C:/workspace/minigun/lib/minigun/stage.rb:109:in 'BasicObject#instance_exec'
C:/workspace/minigun/lib/minigun/stage.rb:109:in 'Minigun::AtomicStage#execute'
C:/workspace/minigun/lib/minigun/execution/executor.rb:62:in 'Minigun::Execution::Executor#run_stage_logic'
C:/workspace/minigun/lib/minigun/execution/executor.rb:99:in 'block in Minigun::Execution::ThreadPoolExecutor#execute_with_strategy'
#<Thread:0x000001bb74a3bed0 C:/workspace/minigun/lib/minigun/execution/executor.rb:97 run> terminated with exception 
(report_on_exception is true):
C:/workspace/minigun/examples/38_comprehensive_execution.rb:101:in 'block (2 levels) in 
<class:ComprehensivePipeline>': undefined local variable or method 'output' for an instance of ComprehensivePipeline 
(NameError)

      output << results

      ^^^^^^
	from C:/workspace/minigun/lib/minigun/stage.rb:109:in 'BasicObject#instance_exec'
	from C:/workspace/minigun/lib/minigun/stage.rb:109:in 'Minigun::AtomicStage#execute'
	from C:/workspace/minigun/lib/minigun/execution/executor.rb:62:in 'Minigun::Execution::Executor#run_stage_logic'
	from C:/workspace/minigun/lib/minigun/execution/executor.rb:99:in 'block in 
Minigun::Execution::ThreadPoolExecutor#execute_with_strategy'
E, [2025-10-27T13:41:27.086284 #8588] ERROR -- : [Pipeline:default][Stage:save_to_db] Error: undefined local variable or method 'output' for an instance of ComprehensivePipeline
E, [2025-10-27T13:41:27.086319 #8588] ERROR -- : C:/workspace/minigun/examples/38_comprehensive_execution.rb:101:in 'block (2 levels) in <class:ComprehensivePipeline>'
C:/workspace/minigun/lib/minigun/stage.rb:109:in 'BasicObject#instance_exec'
C:/workspace/minigun/lib/minigun/stage.rb:109:in 'Minigun::AtomicStage#execute'
C:/workspace/minigun/lib/minigun/execution/executor.rb:62:in 'Minigun::Execution::Executor#run_stage_logic'
C:/workspace/minigun/lib/minigun/execution/executor.rb:99:in 'block in Minigun::Execution::ThreadPoolExecutor#execute_with_strategy'
#<Thread:0x000001bb75134f70 C:/workspace/minigun/lib/minigun/execution/executor.rb:97 run> terminated with exception 
(report_on_exception is true):
C:/workspace/minigun/examples/38_comprehensive_execution.rb:101:in 'block (2 levels) in 
<class:ComprehensivePipeline>': undefined local variable or method 'output' for an instance of ComprehensivePipeline 
(NameError)

      output << results

      ^^^^^^
	from C:/workspace/minigun/lib/minigun/stage.rb:109:in 'BasicObject#instance_exec'
	from C:/workspace/minigun/lib/minigun/stage.rb:109:in 'Minigun::AtomicStage#execute'
	from C:/workspace/minigun/lib/minigun/execution/executor.rb:62:in 'Minigun::Execution::Executor#run_stage_logic'
	from C:/workspace/minigun/lib/minigun/execution/executor.rb:99:in 'block in 
Minigun::Execution::ThreadPoolExecutor#execute_with_strategy'
E, [2025-10-27T13:41:27.087769 #8588] ERROR -- : [Pipeline:default][Stage:save_to_db] Error: undefined local variable or method 'output' for an instance of ComprehensivePipeline
E, [2025-10-27T13:41:27.087810 #8588] ERROR -- : C:/workspace/minigun/examples/38_comprehensive_execution.rb:101:in 'block (2 levels) in <class:ComprehensivePipeline>'
C:/workspace/minigun/lib/minigun/stage.rb:109:in 'BasicObject#instance_exec'
C:/workspace/minigun/lib/minigun/stage.rb:109:in 'Minigun::AtomicStage#execute'
C:/workspace/minigun/lib/minigun/execution/executor.rb:62:in 'Minigun::Execution::Executor#run_stage_logic'
C:/workspace/minigun/lib/minigun/execution/executor.rb:99:in 'block in Minigun::Execution::ThreadPoolExecutor#execute_with_strategy'
#<Thread:0x000001bb751fd678 C:/workspace/minigun/lib/minigun/execution/executor.rb:97 run> terminated with exception 
(report_on_exception is true):
C:/workspace/minigun/examples/38_comprehensive_execution.rb:101:in 'block (2 levels) in 
<class:ComprehensivePipeline>': undefined local variable or method 'output' for an instance of ComprehensivePipeline 
(NameError)

      output << results

      ^^^^^^
	from C:/workspace/minigun/lib/minigun/stage.rb:109:in 'BasicObject#instance_exec'
	from C:/workspace/minigun/lib/minigun/stage.rb:109:in 'Minigun::AtomicStage#execute'
	from C:/workspace/minigun/lib/minigun/execution/executor.rb:62:in 'Minigun::Execution::Executor#run_stage_logic'
	from C:/workspace/minigun/lib/minigun/execution/executor.rb:99:in 'block in 
Minigun::Execution::ThreadPoolExecutor#execute_with_strategy'
E, [2025-10-27T13:41:27.089249 #8588] ERROR -- : [Pipeline:default][Stage:save_to_db] Error: undefined local variable or method 'output' for an instance of ComprehensivePipeline
E, [2025-10-27T13:41:27.089294 #8588] ERROR -- : C:/workspace/minigun/examples/38_comprehensive_execution.rb:101:in 'block (2 levels) in <class:ComprehensivePipeline>'
C:/workspace/minigun/lib/minigun/stage.rb:109:in 'BasicObject#instance_exec'
C:/workspace/minigun/lib/minigun/stage.rb:109:in 'Minigun::AtomicStage#execute'
C:/workspace/minigun/lib/minigun/execution/executor.rb:62:in 'Minigun::Execution::Executor#run_stage_logic'
C:/workspace/minigun/lib/minigun/execution/executor.rb:99:in 'block in Minigun::Execution::ThreadPoolExecutor#execute_with_strategy'
#<Thread:0x000001bb752b5db8 C:/workspace/minigun/lib/minigun/execution/executor.rb:97 run> terminated with exception 
(report_on_exception is true):
C:/workspace/minigun/examples/38_comprehensive_execution.rb:101:in 'block (2 levels) in 
<class:ComprehensivePipeline>': undefined local variable or method 'output' for an instance of ComprehensivePipeline 
(NameError)

      output << results

      ^^^^^^
	from C:/workspace/minigun/lib/minigun/stage.rb:109:in 'BasicObject#instance_exec'
	from C:/workspace/minigun/lib/minigun/stage.rb:109:in 'Minigun::AtomicStage#execute'
	from C:/workspace/minigun/lib/minigun/execution/executor.rb:62:in 'Minigun::Execution::Executor#run_stage_logic'
	from C:/workspace/minigun/lib/minigun/execution/executor.rb:99:in 'block in 
Minigun::Execution::ThreadPoolExecutor#execute_with_strategy'
E, [2025-10-27T13:41:27.090931 #8588] ERROR -- : [Pipeline:default][Stage:save_to_db] Error: undefined local variable or method 'output' for an instance of ComprehensivePipeline
E, [2025-10-27T13:41:27.090976 #8588] ERROR -- : C:/workspace/minigun/examples/38_comprehensive_execution.rb:101:in 'block (2 levels) in <class:ComprehensivePipeline>'
C:/workspace/minigun/lib/minigun/stage.rb:109:in 'BasicObject#instance_exec'
C:/workspace/minigun/lib/minigun/stage.rb:109:in 'Minigun::AtomicStage#execute'
C:/workspace/minigun/lib/minigun/execution/executor.rb:62:in 'Minigun::Execution::Executor#run_stage_logic'
C:/workspace/minigun/lib/minigun/execution/executor.rb:99:in 'block in Minigun::Execution::ThreadPoolExecutor#execute_with_strategy'
#<Thread:0x000001bb735fe4e0 C:/workspace/minigun/lib/minigun/execution/executor.rb:97 run> terminated with exception 
(report_on_exception is true):
C:/workspace/minigun/examples/38_comprehensive_execution.rb:101:in 'block (2 levels) in 
<class:ComprehensivePipeline>': undefined local variable or method 'output' for an instance of ComprehensivePipeline 
(NameError)

      output << results

      ^^^^^^
	from C:/workspace/minigun/lib/minigun/stage.rb:109:in 'BasicObject#instance_exec'
	from C:/workspace/minigun/lib/minigun/stage.rb:109:in 'Minigun::AtomicStage#execute'
	from C:/workspace/minigun/lib/minigun/execution/executor.rb:62:in 'Minigun::Execution::Executor#run_stage_logic'
	from C:/workspace/minigun/lib/minigun/execution/executor.rb:99:in 'block in 
Minigun::Execution::ThreadPoolExecutor#execute_with_strategy'
E, [2025-10-27T13:41:27.092413 #8588] ERROR -- : [Pipeline:default][Stage:save_to_db] Error: undefined local variable or method 'output' for an instance of ComprehensivePipeline
E, [2025-10-27T13:41:27.092450 #8588] ERROR -- : C:/workspace/minigun/examples/38_comprehensive_execution.rb:101:in 'block (2 levels) in <class:ComprehensivePipeline>'
C:/workspace/minigun/lib/minigun/stage.rb:109:in 'BasicObject#instance_exec'
C:/workspace/minigun/lib/minigun/stage.rb:109:in 'Minigun::AtomicStage#execute'
C:/workspace/minigun/lib/minigun/execution/executor.rb:62:in 'Minigun::Execution::Executor#run_stage_logic'
C:/workspace/minigun/lib/minigun/execution/executor.rb:99:in 'block in Minigun::Execution::ThreadPoolExecutor#execute_with_strategy'
#<Thread:0x000001bb73636c28 C:/workspace/minigun/lib/minigun/execution/executor.rb:97 run> terminated with exception 
(report_on_exception is true):
C:/workspace/minigun/examples/38_comprehensive_execution.rb:101:in 'block (2 levels) in 
<class:ComprehensivePipeline>': undefined local variable or method 'output' for an instance of ComprehensivePipeline 
(NameError)

      output << results

      ^^^^^^
	from C:/workspace/minigun/lib/minigun/stage.rb:109:in 'BasicObject#instance_exec'
	from C:/workspace/minigun/lib/minigun/stage.rb:109:in 'Minigun::AtomicStage#execute'
	from C:/workspace/minigun/lib/minigun/execution/executor.rb:62:in 'Minigun::Execution::Executor#run_stage_logic'
	from C:/workspace/minigun/lib/minigun/execution/executor.rb:99:in 'block in 
Minigun::Execution::ThreadPoolExecutor#execute_with_strategy'
E, [2025-10-27T13:41:27.093944 #8588] ERROR -- : [Pipeline:default][Stage:save_to_db] Error: undefined local variable or method 'output' for an instance of ComprehensivePipeline
E, [2025-10-27T13:41:27.093984 #8588] ERROR -- : C:/workspace/minigun/examples/38_comprehensive_execution.rb:101:in 'block (2 levels) in <class:ComprehensivePipeline>'
C:/workspace/minigun/lib/minigun/stage.rb:109:in 'BasicObject#instance_exec'
C:/workspace/minigun/lib/minigun/stage.rb:109:in 'Minigun::AtomicStage#execute'
C:/workspace/minigun/lib/minigun/execution/executor.rb:62:in 'Minigun::Execution::Executor#run_stage_logic'
C:/workspace/minigun/lib/minigun/execution/executor.rb:99:in 'block in Minigun::Execution::ThreadPoolExecutor#execute_with_strategy'
#<Thread:0x000001bb015df350 C:/workspace/minigun/lib/minigun/execution/executor.rb:97 run> terminated with exception 
(report_on_exception is true):
C:/workspace/minigun/examples/38_comprehensive_execution.rb:101:in 'block (2 levels) in 
<class:ComprehensivePipeline>': undefined local variable or method 'output' for an instance of ComprehensivePipeline 
(NameError)

      output << results

      ^^^^^^
	from C:/workspace/minigun/lib/minigun/stage.rb:109:in 'BasicObject#instance_exec'
	from C:/workspace/minigun/lib/minigun/stage.rb:109:in 'Minigun::AtomicStage#execute'
	from C:/workspace/minigun/lib/minigun/execution/executor.rb:62:in 'Minigun::Execution::Executor#run_stage_logic'
	from C:/workspace/minigun/lib/minigun/execution/executor.rb:99:in 'block in 
Minigun::Execution::ThreadPoolExecutor#execute_with_strategy'
E, [2025-10-27T13:41:27.095400 #8588] ERROR -- : [Pipeline:default][Stage:save_to_db] Error: undefined local variable or method 'output' for an instance of ComprehensivePipeline
E, [2025-10-27T13:41:27.095434 #8588] ERROR -- : C:/workspace/minigun/examples/38_comprehensive_execution.rb:101:in 'block (2 levels) in <class:ComprehensivePipeline>'
C:/workspace/minigun/lib/minigun/stage.rb:109:in 'BasicObject#instance_exec'
C:/workspace/minigun/lib/minigun/stage.rb:109:in 'Minigun::AtomicStage#execute'
C:/workspace/minigun/lib/minigun/execution/executor.rb:62:in 'Minigun::Execution::Executor#run_stage_logic'
C:/workspace/minigun/lib/minigun/execution/executor.rb:99:in 'block in Minigun::Execution::ThreadPoolExecutor#execute_with_strategy'
#<Thread:0x000001bb01637aa0 C:/workspace/minigun/lib/minigun/execution/executor.rb:97 run> terminated with exception 
(report_on_exception is true):
C:/workspace/minigun/examples/38_comprehensive_execution.rb:101:in 'block (2 levels) in 
<class:ComprehensivePipeline>': undefined local variable or method 'output' for an instance of ComprehensivePipeline 
(NameError)

      output << results

      ^^^^^^
	from C:/workspace/minigun/lib/minigun/stage.rb:109:in 'BasicObject#instance_exec'
	from C:/workspace/minigun/lib/minigun/stage.rb:109:in 'Minigun::AtomicStage#execute'
	from C:/workspace/minigun/lib/minigun/execution/executor.rb:62:in 'Minigun::Execution::Executor#run_stage_logic'
	from C:/workspace/minigun/lib/minigun/execution/executor.rb:99:in 'block in 
Minigun::Execution::ThreadPoolExecutor#execute_with_strategy'
E, [2025-10-27T13:41:27.096857 #8588] ERROR -- : [Pipeline:default][Stage:save_to_db] Error: undefined local variable or method 'output' for an instance of ComprehensivePipeline
E, [2025-10-27T13:41:27.096906 #8588] ERROR -- : C:/workspace/minigun/examples/38_comprehensive_execution.rb:101:in 'block (2 levels) in <class:ComprehensivePipeline>'
C:/workspace/minigun/lib/minigun/stage.rb:109:in 'BasicObject#instance_exec'
C:/workspace/minigun/lib/minigun/stage.rb:109:in 'Minigun::AtomicStage#execute'
C:/workspace/minigun/lib/minigun/execution/executor.rb:62:in 'Minigun::Execution::Executor#run_stage_logic'
C:/workspace/minigun/lib/minigun/execution/executor.rb:99:in 'block in Minigun::Execution::ThreadPoolExecutor#execute_with_strategy'
#<Thread:0x000001bb016701e8 C:/workspace/minigun/lib/minigun/execution/executor.rb:97 run> terminated with exception 
(report_on_exception is true):
C:/workspace/minigun/examples/38_comprehensive_execution.rb:101:in 'block (2 levels) in 
<class:ComprehensivePipeline>': undefined local variable or method 'output' for an instance of ComprehensivePipeline 
(NameError)

      output << results

      ^^^^^^
	from C:/workspace/minigun/lib/minigun/stage.rb:109:in 'BasicObject#instance_exec'
	from C:/workspace/minigun/lib/minigun/stage.rb:109:in 'Minigun::AtomicStage#execute'
	from C:/workspace/minigun/lib/minigun/execution/executor.rb:62:in 'Minigun::Execution::Executor#run_stage_logic'
	from C:/workspace/minigun/lib/minigun/execution/executor.rb:99:in 'block in 
Minigun::Execution::ThreadPoolExecutor#execute_with_strategy'
E, [2025-10-27T13:41:27.098435 #8588] ERROR -- : [Pipeline:default][Stage:save_to_db] Error: undefined local variable or method 'output' for an instance of ComprehensivePipeline
E, [2025-10-27T13:41:27.098479 #8588] ERROR -- : C:/workspace/minigun/examples/38_comprehensive_execution.rb:101:in 'block (2 levels) in <class:ComprehensivePipeline>'
C:/workspace/minigun/lib/minigun/stage.rb:109:in 'BasicObject#instance_exec'
C:/workspace/minigun/lib/minigun/stage.rb:109:in 'Minigun::AtomicStage#execute'
C:/workspace/minigun/lib/minigun/execution/executor.rb:62:in 'Minigun::Execution::Executor#run_stage_logic'
C:/workspace/minigun/lib/minigun/execution/executor.rb:99:in 'block in Minigun::Execution::ThreadPoolExecutor#execute_with_strategy'
#<Thread:0x000001bb01718910 C:/workspace/minigun/lib/minigun/execution/executor.rb:97 run> terminated with exception 
(report_on_exception is true):
C:/workspace/minigun/examples/38_comprehensive_execution.rb:101:in 'block (2 levels) in 
<class:ComprehensivePipeline>': undefined local variable or method 'output' for an instance of ComprehensivePipeline 
(NameError)

      output << results

      ^^^^^^
	from C:/workspace/minigun/lib/minigun/stage.rb:109:in 'BasicObject#instance_exec'
	from C:/workspace/minigun/lib/minigun/stage.rb:109:in 'Minigun::AtomicStage#execute'
	from C:/workspace/minigun/lib/minigun/execution/executor.rb:62:in 'Minigun::Execution::Executor#run_stage_logic'
	from C:/workspace/minigun/lib/minigun/execution/executor.rb:99:in 'block in 
Minigun::Execution::ThreadPoolExecutor#execute_with_strategy'
E, [2025-10-27T13:41:27.099933 #8588] ERROR -- : [Pipeline:default][Stage:save_to_db] Error: undefined local variable or method 'output' for an instance of ComprehensivePipeline
E, [2025-10-27T13:41:27.099982 #8588] ERROR -- : C:/workspace/minigun/examples/38_comprehensive_execution.rb:101:in 'block (2 levels) in <class:ComprehensivePipeline>'
C:/workspace/minigun/lib/minigun/stage.rb:109:in 'BasicObject#instance_exec'
C:/workspace/minigun/lib/minigun/stage.rb:109:in 'Minigun::AtomicStage#execute'
C:/workspace/minigun/lib/minigun/execution/executor.rb:62:in 'Minigun::Execution::Executor#run_stage_logic'
C:/workspace/minigun/lib/minigun/execution/executor.rb:99:in 'block in Minigun::Execution::ThreadPoolExecutor#execute_with_strategy'
#<Thread:0x000001bb01771060 C:/workspace/minigun/lib/minigun/execution/executor.rb:97 run> terminated with exception 
(report_on_exception is true):
C:/workspace/minigun/examples/38_comprehensive_execution.rb:101:in 'block (2 levels) in 
<class:ComprehensivePipeline>': undefined local variable or method 'output' for an instance of ComprehensivePipeline 
(NameError)

      output << results

      ^^^^^^
	from C:/workspace/minigun/lib/minigun/stage.rb:109:in 'BasicObject#instance_exec'
	from C:/workspace/minigun/lib/minigun/stage.rb:109:in 'Minigun::AtomicStage#execute'
	from C:/workspace/minigun/lib/minigun/execution/executor.rb:62:in 'Minigun::Execution::Executor#run_stage_logic'
	from C:/workspace/minigun/lib/minigun/execution/executor.rb:99:in 'block in 
Minigun::Execution::ThreadPoolExecutor#execute_with_strategy'
E, [2025-10-27T13:41:27.101473 #8588] ERROR -- : [Pipeline:default][Stage:save_to_db] Error: undefined local variable or method 'output' for an instance of ComprehensivePipeline
E, [2025-10-27T13:41:27.101507 #8588] ERROR -- : C:/workspace/minigun/examples/38_comprehensive_execution.rb:101:in 'block (2 levels) in <class:ComprehensivePipeline>'
C:/workspace/minigun/lib/minigun/stage.rb:109:in 'BasicObject#instance_exec'
C:/workspace/minigun/lib/minigun/stage.rb:109:in 'Minigun::AtomicStage#execute'
C:/workspace/minigun/lib/minigun/execution/executor.rb:62:in 'Minigun::Execution::Executor#run_stage_logic'
C:/workspace/minigun/lib/minigun/execution/executor.rb:99:in 'block in Minigun::Execution::ThreadPoolExecutor#execute_with_strategy'
#<Thread:0x000001bb017d97a0 C:/workspace/minigun/lib/minigun/execution/executor.rb:97 run> terminated with exception 
(report_on_exception is true):
C:/workspace/minigun/examples/38_comprehensive_execution.rb:101:in 'block (2 levels) in 
<class:ComprehensivePipeline>': undefined local variable or method 'output' for an instance of ComprehensivePipeline 
(NameError)

      output << results

      ^^^^^^
	from C:/workspace/minigun/lib/minigun/stage.rb:109:in 'BasicObject#instance_exec'
	from C:/workspace/minigun/lib/minigun/stage.rb:109:in 'Minigun::AtomicStage#execute'
	from C:/workspace/minigun/lib/minigun/execution/executor.rb:62:in 'Minigun::Execution::Executor#run_stage_logic'
	from C:/workspace/minigun/lib/minigun/execution/executor.rb:99:in 'block in 
Minigun::Execution::ThreadPoolExecutor#execute_with_strategy'
E, [2025-10-27T13:41:27.102913 #8588] ERROR -- : [Pipeline:default][Stage:save_to_db] Error: undefined local variable or method 'output' for an instance of ComprehensivePipeline
E, [2025-10-27T13:41:27.102952 #8588] ERROR -- : C:/workspace/minigun/examples/38_comprehensive_execution.rb:101:in 'block (2 levels) in <class:ComprehensivePipeline>'
C:/workspace/minigun/lib/minigun/stage.rb:109:in 'BasicObject#instance_exec'
C:/workspace/minigun/lib/minigun/stage.rb:109:in 'Minigun::AtomicStage#execute'
C:/workspace/minigun/lib/minigun/execution/executor.rb:62:in 'Minigun::Execution::Executor#run_stage_logic'
C:/workspace/minigun/lib/minigun/execution/executor.rb:99:in 'block in Minigun::Execution::ThreadPoolExecutor#execute_with_strategy'
#<Thread:0x000001bb01841ee0 C:/workspace/minigun/lib/minigun/execution/executor.rb:97 run> terminated with exception 
(report_on_exception is true):
C:/workspace/minigun/examples/38_comprehensive_execution.rb:101:in 'block (2 levels) in 
<class:ComprehensivePipeline>': undefined local variable or method 'output' for an instance of ComprehensivePipeline 
(NameError)

      output << results

      ^^^^^^
	from C:/workspace/minigun/lib/minigun/stage.rb:109:in 'BasicObject#instance_exec'
	from C:/workspace/minigun/lib/minigun/stage.rb:109:in 'Minigun::AtomicStage#execute'
	from C:/workspace/minigun/lib/minigun/execution/executor.rb:62:in 'Minigun::Execution::Executor#run_stage_logic'
	from C:/workspace/minigun/lib/minigun/execution/executor.rb:99:in 'block in 
Minigun::Execution::ThreadPoolExecutor#execute_with_strategy'
E, [2025-10-27T13:41:27.105411 #8588] ERROR -- : [Pipeline:default][Stage:save_to_db] Error: undefined local variable or method 'output' for an instance of ComprehensivePipeline
E, [2025-10-27T13:41:27.105450 #8588] ERROR -- : C:/workspace/minigun/examples/38_comprehensive_execution.rb:101:in 'block (2 levels) in <class:ComprehensivePipeline>'
C:/workspace/minigun/lib/minigun/stage.rb:109:in 'BasicObject#instance_exec'
C:/workspace/minigun/lib/minigun/stage.rb:109:in 'Minigun::AtomicStage#execute'
C:/workspace/minigun/lib/minigun/execution/executor.rb:62:in 'Minigun::Execution::Executor#run_stage_logic'
C:/workspace/minigun/lib/minigun/execution/executor.rb:99:in 'block in Minigun::Execution::ThreadPoolExecutor#execute_with_strategy'
#<Thread:0x000001bb74b5ded0 C:/workspace/minigun/lib/minigun/execution/executor.rb:97 run> terminated with exception 
(report_on_exception is true):
C:/workspace/minigun/examples/38_comprehensive_execution.rb:101:in 'block (2 levels) in 
<class:ComprehensivePipeline>': undefined local variable or method 'output' for an instance of ComprehensivePipeline 
(NameError)

      output << results

      ^^^^^^
	from C:/workspace/minigun/lib/minigun/stage.rb:109:in 'BasicObject#instance_exec'
	from C:/workspace/minigun/lib/minigun/stage.rb:109:in 'Minigun::AtomicStage#execute'
	from C:/workspace/minigun/lib/minigun/execution/executor.rb:62:in 'Minigun::Execution::Executor#run_stage_logic'
	from C:/workspace/minigun/lib/minigun/execution/executor.rb:99:in 'block in 
Minigun::Execution::ThreadPoolExecutor#execute_with_strategy'
E, [2025-10-27T13:41:27.106941 #8588] ERROR -- : [Pipeline:default][Stage:save_to_db] Error: undefined local variable or method 'output' for an instance of ComprehensivePipeline
E, [2025-10-27T13:41:27.106988 #8588] ERROR -- : C:/workspace/minigun/examples/38_comprehensive_execution.rb:101:in 'block (2 levels) in <class:ComprehensivePipeline>'
C:/workspace/minigun/lib/minigun/stage.rb:109:in 'BasicObject#instance_exec'
C:/workspace/minigun/lib/minigun/stage.rb:109:in 'Minigun::AtomicStage#execute'
C:/workspace/minigun/lib/minigun/execution/executor.rb:62:in 'Minigun::Execution::Executor#run_stage_logic'
C:/workspace/minigun/lib/minigun/execution/executor.rb:99:in 'block in Minigun::Execution::ThreadPoolExecutor#execute_with_strategy'
#<Thread:0x000001bb74ab2ad0 C:/workspace/minigun/lib/minigun/execution/executor.rb:97 run> terminated with exception 
(report_on_exception is true):
C:/workspace/minigun/examples/38_comprehensive_execution.rb:101:in 'block (2 levels) in 
<class:ComprehensivePipeline>': undefined local variable or method 'output' for an instance of ComprehensivePipeline 
(NameError)

      output << results

      ^^^^^^
	from C:/workspace/minigun/lib/minigun/stage.rb:109:in 'BasicObject#instance_exec'
	from C:/workspace/minigun/lib/minigun/stage.rb:109:in 'Minigun::AtomicStage#execute'
	from C:/workspace/minigun/lib/minigun/execution/executor.rb:62:in 'Minigun::Execution::Executor#run_stage_logic'
	from C:/workspace/minigun/lib/minigun/execution/executor.rb:99:in 'block in 
Minigun::Execution::ThreadPoolExecutor#execute_with_strategy'
E, [2025-10-27T13:41:27.108561 #8588] ERROR -- : [Pipeline:default][Stage:save_to_db] Error: undefined local variable or method 'output' for an instance of ComprehensivePipeline
E, [2025-10-27T13:41:27.108631 #8588] ERROR -- : C:/workspace/minigun/examples/38_comprehensive_execution.rb:101:in 'block (2 levels) in <class:ComprehensivePipeline>'
C:/workspace/minigun/lib/minigun/stage.rb:109:in 'BasicObject#instance_exec'
C:/workspace/minigun/lib/minigun/stage.rb:109:in 'Minigun::AtomicStage#execute'
C:/workspace/minigun/lib/minigun/execution/executor.rb:62:in 'Minigun::Execution::Executor#run_stage_logic'
C:/workspace/minigun/lib/minigun/execution/executor.rb:99:in 'block in Minigun::Execution::ThreadPoolExecutor#execute_with_strategy'
#<Thread:0x000001bb74bb39c0 C:/workspace/minigun/lib/minigun/execution/executor.rb:97 run> terminated with exception 
(report_on_exception is true):
C:/workspace/minigun/examples/38_comprehensive_execution.rb:101:in 'block (2 levels) in 
<class:ComprehensivePipeline>': undefined local variable or method 'output' for an instance of ComprehensivePipeline 
(NameError)

      output << results

      ^^^^^^
	from C:/workspace/minigun/lib/minigun/stage.rb:109:in 'BasicObject#instance_exec'
	from C:/workspace/minigun/lib/minigun/stage.rb:109:in 'Minigun::AtomicStage#execute'
	from C:/workspace/minigun/lib/minigun/execution/executor.rb:62:in 'Minigun::Execution::Executor#run_stage_logic'
	from C:/workspace/minigun/lib/minigun/execution/executor.rb:99:in 'block in 
Minigun::Execution::ThreadPoolExecutor#execute_with_strategy'
E, [2025-10-27T13:41:27.110193 #8588] ERROR -- : [Pipeline:default][Stage:save_to_db] Error: undefined local variable or method 'output' for an instance of ComprehensivePipeline
E, [2025-10-27T13:41:27.110239 #8588] ERROR -- : C:/workspace/minigun/examples/38_comprehensive_execution.rb:101:in 'block (2 levels) in <class:ComprehensivePipeline>'
C:/workspace/minigun/lib/minigun/stage.rb:109:in 'BasicObject#instance_exec'
C:/workspace/minigun/lib/minigun/stage.rb:109:in 'Minigun::AtomicStage#execute'
C:/workspace/minigun/lib/minigun/execution/executor.rb:62:in 'Minigun::Execution::Executor#run_stage_logic'
C:/workspace/minigun/lib/minigun/execution/executor.rb:99:in 'block in Minigun::Execution::ThreadPoolExecutor#execute_with_strategy'
#<Thread:0x000001bb74c17ab0 C:/workspace/minigun/lib/minigun/execution/executor.rb:97 run> terminated with exception 
(report_on_exception is true):
C:/workspace/minigun/examples/38_comprehensive_execution.rb:101:in 'block (2 levels) in 
<class:ComprehensivePipeline>': undefined local variable or method 'output' for an instance of ComprehensivePipeline 
(NameError)

      output << results

      ^^^^^^
	from C:/workspace/minigun/lib/minigun/stage.rb:109:in 'BasicObject#instance_exec'
	from C:/workspace/minigun/lib/minigun/stage.rb:109:in 'Minigun::AtomicStage#execute'
	from C:/workspace/minigun/lib/minigun/execution/executor.rb:62:in 'Minigun::Execution::Executor#run_stage_logic'
	from C:/workspace/minigun/lib/minigun/execution/executor.rb:99:in 'block in 
Minigun::Execution::ThreadPoolExecutor#execute_with_strategy'
E, [2025-10-27T13:41:27.111770 #8588] ERROR -- : [Pipeline:default][Stage:save_to_db] Error: undefined local variable or method 'output' for an instance of ComprehensivePipeline
E, [2025-10-27T13:41:27.111811 #8588] ERROR -- : C:/workspace/minigun/examples/38_comprehensive_execution.rb:101:in 'block (2 levels) in <class:ComprehensivePipeline>'
C:/workspace/minigun/lib/minigun/stage.rb:109:in 'BasicObject#instance_exec'
C:/workspace/minigun/lib/minigun/stage.rb:109:in 'Minigun::AtomicStage#execute'
C:/workspace/minigun/lib/minigun/execution/executor.rb:62:in 'Minigun::Execution::Executor#run_stage_logic'
C:/workspace/minigun/lib/minigun/execution/executor.rb:99:in 'block in Minigun::Execution::ThreadPoolExecutor#execute_with_strategy'
#<Thread:0x000001bb74db31d0 C:/workspace/minigun/lib/minigun/execution/executor.rb:97 run> terminated with exception 
(report_on_exception is true):
C:/workspace/minigun/examples/38_comprehensive_execution.rb:101:in 'block (2 levels) in 
<class:ComprehensivePipeline>': undefined local variable or method 'output' for an instance of ComprehensivePipeline 
(NameError)

      output << results

      ^^^^^^
	from C:/workspace/minigun/lib/minigun/stage.rb:109:in 'BasicObject#instance_exec'
	from C:/workspace/minigun/lib/minigun/stage.rb:109:in 'Minigun::AtomicStage#execute'
	from C:/workspace/minigun/lib/minigun/execution/executor.rb:62:in 'Minigun::Execution::Executor#run_stage_logic'
	from C:/workspace/minigun/lib/minigun/execution/executor.rb:99:in 'block in 
Minigun::Execution::ThreadPoolExecutor#execute_with_strategy'
E, [2025-10-27T13:41:27.113219 #8588] ERROR -- : [Pipeline:default][Stage:save_to_db] Error: undefined local variable or method 'output' for an instance of ComprehensivePipeline
E, [2025-10-27T13:41:27.113259 #8588] ERROR -- : C:/workspace/minigun/examples/38_comprehensive_execution.rb:101:in 'block (2 levels) in <class:ComprehensivePipeline>'
C:/workspace/minigun/lib/minigun/stage.rb:109:in 'BasicObject#instance_exec'
C:/workspace/minigun/lib/minigun/stage.rb:109:in 'Minigun::AtomicStage#execute'
C:/workspace/minigun/lib/minigun/execution/executor.rb:62:in 'Minigun::Execution::Executor#run_stage_logic'
C:/workspace/minigun/lib/minigun/execution/executor.rb:99:in 'block in Minigun::Execution::ThreadPoolExecutor#execute_with_strategy'
#<Thread:0x000001bb752b07c8 C:/workspace/minigun/lib/minigun/execution/executor.rb:97 run> terminated with exception 
(report_on_exception is true):
C:/workspace/minigun/examples/38_comprehensive_execution.rb:101:in 'block (2 levels) in 
<class:ComprehensivePipeline>': undefined local variable or method 'output' for an instance of ComprehensivePipeline 
(NameError)

      output << results

      ^^^^^^
	from C:/workspace/minigun/lib/minigun/stage.rb:109:in 'BasicObject#instance_exec'
	from C:/workspace/minigun/lib/minigun/stage.rb:109:in 'Minigun::AtomicStage#execute'
	from C:/workspace/minigun/lib/minigun/execution/executor.rb:62:in 'Minigun::Execution::Executor#run_stage_logic'
	from C:/workspace/minigun/lib/minigun/execution/executor.rb:99:in 'block in 
Minigun::Execution::ThreadPoolExecutor#execute_with_strategy'
E, [2025-10-27T13:41:27.114733 #8588] ERROR -- : [Pipeline:default][Stage:save_to_db] Error: undefined local variable or method 'output' for an instance of ComprehensivePipeline
E, [2025-10-27T13:41:27.114778 #8588] ERROR -- : C:/workspace/minigun/examples/38_comprehensive_execution.rb:101:in 'block (2 levels) in <class:ComprehensivePipeline>'
C:/workspace/minigun/lib/minigun/stage.rb:109:in 'BasicObject#instance_exec'
C:/workspace/minigun/lib/minigun/stage.rb:109:in 'Minigun::AtomicStage#execute'
C:/workspace/minigun/lib/minigun/execution/executor.rb:62:in 'Minigun::Execution::Executor#run_stage_logic'
C:/workspace/minigun/lib/minigun/execution/executor.rb:99:in 'block in Minigun::Execution::ThreadPoolExecutor#execute_with_strategy'
#<Thread:0x000001bb73638ed8 C:/workspace/minigun/lib/minigun/execution/executor.rb:97 run> terminated with exception 
(report_on_exception is true):
C:/workspace/minigun/examples/38_comprehensive_execution.rb:101:in 'block (2 levels) in 
<class:ComprehensivePipeline>': undefined local variable or method 'output' for an instance of ComprehensivePipeline 
(NameError)

      output << results

      ^^^^^^
	from C:/workspace/minigun/lib/minigun/stage.rb:109:in 'BasicObject#instance_exec'
	from C:/workspace/minigun/lib/minigun/stage.rb:109:in 'Minigun::AtomicStage#execute'
	from C:/workspace/minigun/lib/minigun/execution/executor.rb:62:in 'Minigun::Execution::Executor#run_stage_logic'
	from C:/workspace/minigun/lib/minigun/execution/executor.rb:99:in 'block in 
Minigun::Execution::ThreadPoolExecutor#execute_with_strategy'
E, [2025-10-27T13:41:27.116126 #8588] ERROR -- : [Pipeline:default][Stage:save_to_db] Error: undefined local variable or method 'output' for an instance of ComprehensivePipeline
E, [2025-10-27T13:41:27.116161 #8588] ERROR -- : C:/workspace/minigun/examples/38_comprehensive_execution.rb:101:in 'block (2 levels) in <class:ComprehensivePipeline>'
C:/workspace/minigun/lib/minigun/stage.rb:109:in 'BasicObject#instance_exec'
C:/workspace/minigun/lib/minigun/stage.rb:109:in 'Minigun::AtomicStage#execute'
C:/workspace/minigun/lib/minigun/execution/executor.rb:62:in 'Minigun::Execution::Executor#run_stage_logic'
C:/workspace/minigun/lib/minigun/execution/executor.rb:99:in 'block in Minigun::Execution::ThreadPoolExecutor#execute_with_strategy'
#<Thread:0x000001bb735f1628 C:/workspace/minigun/lib/minigun/execution/executor.rb:97 run> terminated with exception 
(report_on_exception is true):
C:/workspace/minigun/examples/38_comprehensive_execution.rb:101:in 'block (2 levels) in 
<class:ComprehensivePipeline>': undefined local variable or method 'output' for an instance of ComprehensivePipeline 
(NameError)

      output << results

      ^^^^^^
	from C:/workspace/minigun/lib/minigun/stage.rb:109:in 'BasicObject#instance_exec'
	from C:/workspace/minigun/lib/minigun/stage.rb:109:in 'Minigun::AtomicStage#execute'
	from C:/workspace/minigun/lib/minigun/execution/executor.rb:62:in 'Minigun::Execution::Executor#run_stage_logic'
	from C:/workspace/minigun/lib/minigun/execution/executor.rb:99:in 'block in 
Minigun::Execution::ThreadPoolExecutor#execute_with_strategy'
E, [2025-10-27T13:41:27.117534 #8588] ERROR -- : [Pipeline:default][Stage:save_to_db] Error: undefined local variable or method 'output' for an instance of ComprehensivePipeline
E, [2025-10-27T13:41:27.117568 #8588] ERROR -- : C:/workspace/minigun/examples/38_comprehensive_execution.rb:101:in 'block (2 levels) in <class:ComprehensivePipeline>'
C:/workspace/minigun/lib/minigun/stage.rb:109:in 'BasicObject#instance_exec'
C:/workspace/minigun/lib/minigun/stage.rb:109:in 'Minigun::AtomicStage#execute'
C:/workspace/minigun/lib/minigun/execution/executor.rb:62:in 'Minigun::Execution::Executor#run_stage_logic'
C:/workspace/minigun/lib/minigun/execution/executor.rb:99:in 'block in Minigun::Execution::ThreadPoolExecutor#execute_with_strategy'
#<Thread:0x000001bb015d9d38 C:/workspace/minigun/lib/minigun/execution/executor.rb:97 run> terminated with exception 
(report_on_exception is true):
C:/workspace/minigun/examples/38_comprehensive_execution.rb:101:in 'block (2 levels) in 
<class:ComprehensivePipeline>': undefined local variable or method 'output' for an instance of ComprehensivePipeline 
(NameError)

      output << results

      ^^^^^^
	from C:/workspace/minigun/lib/minigun/stage.rb:109:in 'BasicObject#instance_exec'
	from C:/workspace/minigun/lib/minigun/stage.rb:109:in 'Minigun::AtomicStage#execute'
	from C:/workspace/minigun/lib/minigun/execution/executor.rb:62:in 'Minigun::Execution::Executor#run_stage_logic'
	from C:/workspace/minigun/lib/minigun/execution/executor.rb:99:in 'block in 
Minigun::Execution::ThreadPoolExecutor#execute_with_strategy'
E, [2025-10-27T13:41:27.119058 #8588] ERROR -- : [Pipeline:default][Stage:save_to_db] Error: undefined local variable or method 'output' for an instance of ComprehensivePipeline
E, [2025-10-27T13:41:27.119144 #8588] ERROR -- : C:/workspace/minigun/examples/38_comprehensive_execution.rb:101:in 'block (2 levels) in <class:ComprehensivePipeline>'
C:/workspace/minigun/lib/minigun/stage.rb:109:in 'BasicObject#instance_exec'
C:/workspace/minigun/lib/minigun/stage.rb:109:in 'Minigun::AtomicStage#execute'
C:/workspace/minigun/lib/minigun/execution/executor.rb:62:in 'Minigun::Execution::Executor#run_stage_logic'
C:/workspace/minigun/lib/minigun/execution/executor.rb:99:in 'block in Minigun::Execution::ThreadPoolExecutor#execute_with_strategy'
#<Thread:0x000001bb01712498 C:/workspace/minigun/lib/minigun/execution/executor.rb:97 run> terminated with exception 
(report_on_exception is true):
C:/workspace/minigun/examples/38_comprehensive_execution.rb:101:in 'block (2 levels) in 
<class:ComprehensivePipeline>': undefined local variable or method 'output' for an instance of ComprehensivePipeline 
(NameError)

      output << results

      ^^^^^^
	from C:/workspace/minigun/lib/minigun/stage.rb:109:in 'BasicObject#instance_exec'
	from C:/workspace/minigun/lib/minigun/stage.rb:109:in 'Minigun::AtomicStage#execute'
	from C:/workspace/minigun/lib/minigun/execution/executor.rb:62:in 'Minigun::Execution::Executor#run_stage_logic'
	from C:/workspace/minigun/lib/minigun/execution/executor.rb:99:in 'block in 
Minigun::Execution::ThreadPoolExecutor#execute_with_strategy'
E, [2025-10-27T13:41:27.120692 #8588] ERROR -- : [Pipeline:default][Stage:save_to_db] Error: undefined local variable or method 'output' for an instance of ComprehensivePipeline
E, [2025-10-27T13:41:27.120740 #8588] ERROR -- : C:/workspace/minigun/examples/38_comprehensive_execution.rb:101:in 'block (2 levels) in <class:ComprehensivePipeline>'
C:/workspace/minigun/lib/minigun/stage.rb:109:in 'BasicObject#instance_exec'
C:/workspace/minigun/lib/minigun/stage.rb:109:in 'Minigun::AtomicStage#execute'
C:/workspace/minigun/lib/minigun/execution/executor.rb:62:in 'Minigun::Execution::Executor#run_stage_logic'
C:/workspace/minigun/lib/minigun/execution/executor.rb:99:in 'block in Minigun::Execution::ThreadPoolExecutor#execute_with_strategy'
#<Thread:0x000001bb017dabc8 C:/workspace/minigun/lib/minigun/execution/executor.rb:97 run> terminated with exception 
(report_on_exception is true):
C:/workspace/minigun/examples/38_comprehensive_execution.rb:101:in 'block (2 levels) in 
<class:ComprehensivePipeline>': undefined local variable or method 'output' for an instance of ComprehensivePipeline 
(NameError)

      output << results

      ^^^^^^
	from C:/workspace/minigun/lib/minigun/stage.rb:109:in 'BasicObject#instance_exec'
	from C:/workspace/minigun/lib/minigun/stage.rb:109:in 'Minigun::AtomicStage#execute'
	from C:/workspace/minigun/lib/minigun/execution/executor.rb:62:in 'Minigun::Execution::Executor#run_stage_logic'
	from C:/workspace/minigun/lib/minigun/execution/executor.rb:99:in 'block in 
Minigun::Execution::ThreadPoolExecutor#execute_with_strategy'
E, [2025-10-27T13:41:27.122139 #8588] ERROR -- : [Pipeline:default][Stage:save_to_db] Error: undefined local variable or method 'output' for an instance of ComprehensivePipeline
E, [2025-10-27T13:41:27.122189 #8588] ERROR -- : C:/workspace/minigun/examples/38_comprehensive_execution.rb:101:in 'block (2 levels) in <class:ComprehensivePipeline>'
C:/workspace/minigun/lib/minigun/stage.rb:109:in 'BasicObject#instance_exec'
C:/workspace/minigun/lib/minigun/stage.rb:109:in 'Minigun::AtomicStage#execute'
C:/workspace/minigun/lib/minigun/execution/executor.rb:62:in 'Minigun::Execution::Executor#run_stage_logic'
C:/workspace/minigun/lib/minigun/execution/executor.rb:99:in 'block in Minigun::Execution::ThreadPoolExecutor#execute_with_strategy'
#<Thread:0x000001bb017b3320 C:/workspace/minigun/lib/minigun/execution/executor.rb:97 run> terminated with exception 
(report_on_exception is true):
C:/workspace/minigun/examples/38_comprehensive_execution.rb:101:in 'block (2 levels) in 
<class:ComprehensivePipeline>': undefined local variable or method 'output' for an instance of ComprehensivePipeline 
(NameError)

      output << results

      ^^^^^^
	from C:/workspace/minigun/lib/minigun/stage.rb:109:in 'BasicObject#instance_exec'
	from C:/workspace/minigun/lib/minigun/stage.rb:109:in 'Minigun::AtomicStage#execute'
	from C:/workspace/minigun/lib/minigun/execution/executor.rb:62:in 'Minigun::Execution::Executor#run_stage_logic'
	from C:/workspace/minigun/lib/minigun/execution/executor.rb:99:in 'block in 
Minigun::Execution::ThreadPoolExecutor#execute_with_strategy'
E, [2025-10-27T13:41:27.123611 #8588] ERROR -- : [Pipeline:default][Stage:save_to_db] Error: undefined local variable or method 'output' for an instance of ComprehensivePipeline
E, [2025-10-27T13:41:27.123663 #8588] ERROR -- : C:/workspace/minigun/examples/38_comprehensive_execution.rb:101:in 'block (2 levels) in <class:ComprehensivePipeline>'
C:/workspace/minigun/lib/minigun/stage.rb:109:in 'BasicObject#instance_exec'
C:/workspace/minigun/lib/minigun/stage.rb:109:in 'Minigun::AtomicStage#execute'
C:/workspace/minigun/lib/minigun/execution/executor.rb:62:in 'Minigun::Execution::Executor#run_stage_logic'
C:/workspace/minigun/lib/minigun/execution/executor.rb:99:in 'block in Minigun::Execution::ThreadPoolExecutor#execute_with_strategy'
#<Thread:0x000001bb0177b948 C:/workspace/minigun/lib/minigun/execution/executor.rb:97 run> terminated with exception 
(report_on_exception is true):
C:/workspace/minigun/examples/38_comprehensive_execution.rb:101:in 'block (2 levels) in 
<class:ComprehensivePipeline>': undefined local variable or method 'output' for an instance of ComprehensivePipeline 
(NameError)

      output << results

      ^^^^^^
	from C:/workspace/minigun/lib/minigun/stage.rb:109:in 'BasicObject#instance_exec'
	from C:/workspace/minigun/lib/minigun/stage.rb:109:in 'Minigun::AtomicStage#execute'
	from C:/workspace/minigun/lib/minigun/execution/executor.rb:62:in 'Minigun::Execution::Executor#run_stage_logic'
	from C:/workspace/minigun/lib/minigun/execution/executor.rb:99:in 'block in 
Minigun::Execution::ThreadPoolExecutor#execute_with_strategy'
E, [2025-10-27T13:41:27.125016 #8588] ERROR -- : [Pipeline:default][Stage:save_to_db] Error: undefined local variable or method 'output' for an instance of ComprehensivePipeline
E, [2025-10-27T13:41:27.125063 #8588] ERROR -- : C:/workspace/minigun/examples/38_comprehensive_execution.rb:101:in 'block (2 levels) in <class:ComprehensivePipeline>'
C:/workspace/minigun/lib/minigun/stage.rb:109:in 'BasicObject#instance_exec'
C:/workspace/minigun/lib/minigun/stage.rb:109:in 'Minigun::AtomicStage#execute'
C:/workspace/minigun/lib/minigun/execution/executor.rb:62:in 'Minigun::Execution::Executor#run_stage_logic'
C:/workspace/minigun/lib/minigun/execution/executor.rb:99:in 'block in Minigun::Execution::ThreadPoolExecutor#execute_with_strategy'
#<Thread:0x000001bb01674090 C:/workspace/minigun/lib/minigun/execution/executor.rb:97 run> terminated with exception 
(report_on_exception is true):
C:/workspace/minigun/examples/38_comprehensive_execution.rb:101:in 'block (2 levels) in 
<class:ComprehensivePipeline>': undefined local variable or method 'output' for an instance of ComprehensivePipeline 
(NameError)

      output << results

      ^^^^^^
	from C:/workspace/minigun/lib/minigun/stage.rb:109:in 'BasicObject#instance_exec'
	from C:/workspace/minigun/lib/minigun/stage.rb:109:in 'Minigun::AtomicStage#execute'
	from C:/workspace/minigun/lib/minigun/execution/executor.rb:62:in 'Minigun::Execution::Executor#run_stage_logic'
	from C:/workspace/minigun/lib/minigun/execution/executor.rb:99:in 'block in 
Minigun::Execution::ThreadPoolExecutor#execute_with_strategy'
E, [2025-10-27T13:41:27.126371 #8588] ERROR -- : [Pipeline:default][Stage:save_to_db] Error: undefined local variable or method 'output' for an instance of ComprehensivePipeline
E, [2025-10-27T13:41:27.126398 #8588] ERROR -- : C:/workspace/minigun/examples/38_comprehensive_execution.rb:101:in 'block (2 levels) in <class:ComprehensivePipeline>'
C:/workspace/minigun/lib/minigun/stage.rb:109:in 'BasicObject#instance_exec'
C:/workspace/minigun/lib/minigun/stage.rb:109:in 'Minigun::AtomicStage#execute'
C:/workspace/minigun/lib/minigun/execution/executor.rb:62:in 'Minigun::Execution::Executor#run_stage_logic'
C:/workspace/minigun/lib/minigun/execution/executor.rb:99:in 'block in Minigun::Execution::ThreadPoolExecutor#execute_with_strategy'
#<Thread:0x000001bb735bc7c0 C:/workspace/minigun/lib/minigun/execution/executor.rb:97 run> terminated with exception 
(report_on_exception is true):
C:/workspace/minigun/examples/38_comprehensive_execution.rb:101:in 'block (2 levels) in 
<class:ComprehensivePipeline>': undefined local variable or method 'output' for an instance of ComprehensivePipeline 
(NameError)

      output << results

      ^^^^^^
	from C:/workspace/minigun/lib/minigun/stage.rb:109:in 'BasicObject#instance_exec'
	from C:/workspace/minigun/lib/minigun/stage.rb:109:in 'Minigun::AtomicStage#execute'
	from C:/workspace/minigun/lib/minigun/execution/executor.rb:62:in 'Minigun::Execution::Executor#run_stage_logic'
	from C:/workspace/minigun/lib/minigun/execution/executor.rb:99:in 'block in 
Minigun::Execution::ThreadPoolExecutor#execute_with_strategy'
E, [2025-10-27T13:41:27.127788 #8588] ERROR -- : [Pipeline:default][Stage:save_to_db] Error: undefined local variable or method 'output' for an instance of ComprehensivePipeline
E, [2025-10-27T13:41:27.127825 #8588] ERROR -- : C:/workspace/minigun/examples/38_comprehensive_execution.rb:101:in 'block (2 levels) in <class:ComprehensivePipeline>'
C:/workspace/minigun/lib/minigun/stage.rb:109:in 'BasicObject#instance_exec'
C:/workspace/minigun/lib/minigun/stage.rb:109:in 'Minigun::AtomicStage#execute'
C:/workspace/minigun/lib/minigun/execution/executor.rb:62:in 'Minigun::Execution::Executor#run_stage_logic'
C:/workspace/minigun/lib/minigun/execution/executor.rb:99:in 'block in Minigun::Execution::ThreadPoolExecutor#execute_with_strategy'
#<Thread:0x000001bb75174f08 C:/workspace/minigun/lib/minigun/execution/executor.rb:97 run> terminated with exception 
(report_on_exception is true):
C:/workspace/minigun/examples/38_comprehensive_execution.rb:101:in 'block (2 levels) in 
<class:ComprehensivePipeline>': undefined local variable or method 'output' for an instance of ComprehensivePipeline 
(NameError)

      output << results

      ^^^^^^
	from C:/workspace/minigun/lib/minigun/stage.rb:109:in 'BasicObject#instance_exec'
	from C:/workspace/minigun/lib/minigun/stage.rb:109:in 'Minigun::AtomicStage#execute'
	from C:/workspace/minigun/lib/minigun/execution/executor.rb:62:in 'Minigun::Execution::Executor#run_stage_logic'
	from C:/workspace/minigun/lib/minigun/execution/executor.rb:99:in 'block in 
Minigun::Execution::ThreadPoolExecutor#execute_with_strategy'
E, [2025-10-27T13:41:27.129233 #8588] ERROR -- : [Pipeline:default][Stage:save_to_db] Error: undefined local variable or method 'output' for an instance of ComprehensivePipeline
E, [2025-10-27T13:41:27.129286 #8588] ERROR -- : C:/workspace/minigun/examples/38_comprehensive_execution.rb:101:in 'block (2 levels) in <class:ComprehensivePipeline>'
C:/workspace/minigun/lib/minigun/stage.rb:109:in 'BasicObject#instance_exec'
C:/workspace/minigun/lib/minigun/stage.rb:109:in 'Minigun::AtomicStage#execute'
C:/workspace/minigun/lib/minigun/execution/executor.rb:62:in 'Minigun::Execution::Executor#run_stage_logic'
C:/workspace/minigun/lib/minigun/execution/executor.rb:99:in 'block in Minigun::Execution::ThreadPoolExecutor#execute_with_strategy'
#<Thread:0x000001bb74bf6478 C:/workspace/minigun/lib/minigun/execution/executor.rb:97 run> terminated with exception 
(report_on_exception is true):
C:/workspace/minigun/examples/38_comprehensive_execution.rb:101:in 'block (2 levels) in 
<class:ComprehensivePipeline>': undefined local variable or method 'output' for an instance of ComprehensivePipeline 
(NameError)

      output << results

      ^^^^^^
	from C:/workspace/minigun/lib/minigun/stage.rb:109:in 'BasicObject#instance_exec'
	from C:/workspace/minigun/lib/minigun/stage.rb:109:in 'Minigun::AtomicStage#execute'
	from C:/workspace/minigun/lib/minigun/execution/executor.rb:62:in 'Minigun::Execution::Executor#run_stage_logic'
	from C:/workspace/minigun/lib/minigun/execution/executor.rb:99:in 'block in 
Minigun::Execution::ThreadPoolExecutor#execute_with_strategy'
E, [2025-10-27T13:41:27.130784 #8588] ERROR -- : [Pipeline:default][Stage:save_to_db] Error: undefined local variable or method 'output' for an instance of ComprehensivePipeline
E, [2025-10-27T13:41:27.130823 #8588] ERROR -- : C:/workspace/minigun/examples/38_comprehensive_execution.rb:101:in 'block (2 levels) in <class:ComprehensivePipeline>'
C:/workspace/minigun/lib/minigun/stage.rb:109:in 'BasicObject#instance_exec'
C:/workspace/minigun/lib/minigun/stage.rb:109:in 'Minigun::AtomicStage#execute'
C:/workspace/minigun/lib/minigun/execution/executor.rb:62:in 'Minigun::Execution::Executor#run_stage_logic'
C:/workspace/minigun/lib/minigun/execution/executor.rb:99:in 'block in Minigun::Execution::ThreadPoolExecutor#execute_with_strategy'
#<Thread:0x000001bb74a3dd70 C:/workspace/minigun/lib/minigun/execution/executor.rb:97 run> terminated with exception 
(report_on_exception is true):
C:/workspace/minigun/examples/38_comprehensive_execution.rb:101:in 'block (2 levels) in 
<class:ComprehensivePipeline>': undefined local variable or method 'output' for an instance of ComprehensivePipeline 
(NameError)

      output << results

      ^^^^^^
	from C:/workspace/minigun/lib/minigun/stage.rb:109:in 'BasicObject#instance_exec'
	from C:/workspace/minigun/lib/minigun/stage.rb:109:in 'Minigun::AtomicStage#execute'
	from C:/workspace/minigun/lib/minigun/execution/executor.rb:62:in 'Minigun::Execution::Executor#run_stage_logic'
	from C:/workspace/minigun/lib/minigun/execution/executor.rb:99:in 'block in 
Minigun::Execution::ThreadPoolExecutor#execute_with_strategy'
E, [2025-10-27T13:41:27.133078 #8588] ERROR -- : [Pipeline:default][Stage:save_to_db] Error: undefined local variable or method 'output' for an instance of ComprehensivePipeline
E, [2025-10-27T13:41:27.133119 #8588] ERROR -- : C:/workspace/minigun/examples/38_comprehensive_execution.rb:101:in 'block (2 levels) in <class:ComprehensivePipeline>'
C:/workspace/minigun/lib/minigun/stage.rb:109:in 'BasicObject#instance_exec'
C:/workspace/minigun/lib/minigun/stage.rb:109:in 'Minigun::AtomicStage#execute'
C:/workspace/minigun/lib/minigun/execution/executor.rb:62:in 'Minigun::Execution::Executor#run_stage_logic'
C:/workspace/minigun/lib/minigun/execution/executor.rb:99:in 'block in Minigun::Execution::ThreadPoolExecutor#execute_with_strategy'
#<Thread:0x000001bb749e8a00 C:/workspace/minigun/lib/minigun/execution/executor.rb:97 run> terminated with exception 
(report_on_exception is true):
C:/workspace/minigun/examples/38_comprehensive_execution.rb:101:in 'block (2 levels) in 
<class:ComprehensivePipeline>': undefined local variable or method 'output' for an instance of ComprehensivePipeline 
(NameError)

      output << results

      ^^^^^^
	from C:/workspace/minigun/lib/minigun/stage.rb:109:in 'BasicObject#instance_exec'
	from C:/workspace/minigun/lib/minigun/stage.rb:109:in 'Minigun::AtomicStage#execute'
	from C:/workspace/minigun/lib/minigun/execution/executor.rb:62:in 'Minigun::Execution::Executor#run_stage_logic'
	from C:/workspace/minigun/lib/minigun/execution/executor.rb:99:in 'block in 
Minigun::Execution::ThreadPoolExecutor#execute_with_strategy'
E, [2025-10-27T13:41:27.134719 #8588] ERROR -- : [Pipeline:default][Stage:save_to_db] Error: undefined local variable or method 'output' for an instance of ComprehensivePipeline
E, [2025-10-27T13:41:27.134757 #8588] ERROR -- : C:/workspace/minigun/examples/38_comprehensive_execution.rb:101:in 'block (2 levels) in <class:ComprehensivePipeline>'
C:/workspace/minigun/lib/minigun/stage.rb:109:in 'BasicObject#instance_exec'
C:/workspace/minigun/lib/minigun/stage.rb:109:in 'Minigun::AtomicStage#execute'
C:/workspace/minigun/lib/minigun/execution/executor.rb:62:in 'Minigun::Execution::Executor#run_stage_logic'
C:/workspace/minigun/lib/minigun/execution/executor.rb:99:in 'block in Minigun::Execution::ThreadPoolExecutor#execute_with_strategy'
#<Thread:0x000001bb74b5a578 C:/workspace/minigun/lib/minigun/execution/executor.rb:97 run> terminated with exception 
(report_on_exception is true):
C:/workspace/minigun/examples/38_comprehensive_execution.rb:101:in 'block (2 levels) in 
<class:ComprehensivePipeline>': undefined local variable or method 'output' for an instance of ComprehensivePipeline 
(NameError)

      output << results

      ^^^^^^
	from C:/workspace/minigun/lib/minigun/stage.rb:109:in 'BasicObject#instance_exec'
	from C:/workspace/minigun/lib/minigun/stage.rb:109:in 'Minigun::AtomicStage#execute'
	from C:/workspace/minigun/lib/minigun/execution/executor.rb:62:in 'Minigun::Execution::Executor#run_stage_logic'
	from C:/workspace/minigun/lib/minigun/execution/executor.rb:99:in 'block in 
Minigun::Execution::ThreadPoolExecutor#execute_with_strategy'
E, [2025-10-27T13:41:27.136244 #8588] ERROR -- : [Pipeline:default][Stage:save_to_db] Error: undefined local variable or method 'output' for an instance of ComprehensivePipeline
E, [2025-10-27T13:41:27.136285 #8588] ERROR -- : C:/workspace/minigun/examples/38_comprehensive_execution.rb:101:in 'block (2 levels) in <class:ComprehensivePipeline>'
C:/workspace/minigun/lib/minigun/stage.rb:109:in 'BasicObject#instance_exec'
C:/workspace/minigun/lib/minigun/stage.rb:109:in 'Minigun::AtomicStage#execute'
C:/workspace/minigun/lib/minigun/execution/executor.rb:62:in 'Minigun::Execution::Executor#run_stage_logic'
C:/workspace/minigun/lib/minigun/execution/executor.rb:99:in 'block in Minigun::Execution::ThreadPoolExecutor#execute_with_strategy'
#<Thread:0x000001bb74bdee68 C:/workspace/minigun/lib/minigun/execution/executor.rb:97 run> terminated with exception 
(report_on_exception is true):
C:/workspace/minigun/examples/38_comprehensive_execution.rb:101:in 'block (2 levels) in 
<class:ComprehensivePipeline>': undefined local variable or method 'output' for an instance of ComprehensivePipeline 
(NameError)

      output << results

      ^^^^^^
	from C:/workspace/minigun/lib/minigun/stage.rb:109:in 'BasicObject#instance_exec'
	from C:/workspace/minigun/lib/minigun/stage.rb:109:in 'Minigun::AtomicStage#execute'
	from C:/workspace/minigun/lib/minigun/execution/executor.rb:62:in 'Minigun::Execution::Executor#run_stage_logic'
	from C:/workspace/minigun/lib/minigun/execution/executor.rb:99:in 'block in 
Minigun::Execution::ThreadPoolExecutor#execute_with_strategy'
E, [2025-10-27T13:41:27.137796 #8588] ERROR -- : [Pipeline:default][Stage:save_to_db] Error: undefined local variable or method 'output' for an instance of ComprehensivePipeline
E, [2025-10-27T13:41:27.137852 #8588] ERROR -- : C:/workspace/minigun/examples/38_comprehensive_execution.rb:101:in 'block (2 levels) in <class:ComprehensivePipeline>'
C:/workspace/minigun/lib/minigun/stage.rb:109:in 'BasicObject#instance_exec'
C:/workspace/minigun/lib/minigun/stage.rb:109:in 'Minigun::AtomicStage#execute'
C:/workspace/minigun/lib/minigun/execution/executor.rb:62:in 'Minigun::Execution::Executor#run_stage_logic'
C:/workspace/minigun/lib/minigun/execution/executor.rb:99:in 'block in Minigun::Execution::ThreadPoolExecutor#execute_with_strategy'
#<Thread:0x000001bb74d110b0 C:/workspace/minigun/lib/minigun/execution/executor.rb:97 run> terminated with exception 
(report_on_exception is true):
C:/workspace/minigun/examples/38_comprehensive_execution.rb:101:in 'block (2 levels) in 
<class:ComprehensivePipeline>': undefined local variable or method 'output' for an instance of ComprehensivePipeline 
(NameError)

      output << results

      ^^^^^^
	from C:/workspace/minigun/lib/minigun/stage.rb:109:in 'BasicObject#instance_exec'
	from C:/workspace/minigun/lib/minigun/stage.rb:109:in 'Minigun::AtomicStage#execute'
	from C:/workspace/minigun/lib/minigun/execution/executor.rb:62:in 'Minigun::Execution::Executor#run_stage_logic'
	from C:/workspace/minigun/lib/minigun/execution/executor.rb:99:in 'block in 
Minigun::Execution::ThreadPoolExecutor#execute_with_strategy'
E, [2025-10-27T13:41:27.139388 #8588] ERROR -- : [Pipeline:default][Stage:save_to_db] Error: undefined local variable or method 'output' for an instance of ComprehensivePipeline
E, [2025-10-27T13:41:27.139424 #8588] ERROR -- : C:/workspace/minigun/examples/38_comprehensive_execution.rb:101:in 'block (2 levels) in <class:ComprehensivePipeline>'
C:/workspace/minigun/lib/minigun/stage.rb:109:in 'BasicObject#instance_exec'
C:/workspace/minigun/lib/minigun/stage.rb:109:in 'Minigun::AtomicStage#execute'
C:/workspace/minigun/lib/minigun/execution/executor.rb:62:in 'Minigun::Execution::Executor#run_stage_logic'
C:/workspace/minigun/lib/minigun/execution/executor.rb:99:in 'block in Minigun::Execution::ThreadPoolExecutor#execute_with_strategy'
#<Thread:0x000001bb75171150 C:/workspace/minigun/lib/minigun/execution/executor.rb:97 run> terminated with exception 
(report_on_exception is true):
C:/workspace/minigun/examples/38_comprehensive_execution.rb:101:in 'block (2 levels) in 
<class:ComprehensivePipeline>': undefined local variable or method 'output' for an instance of ComprehensivePipeline 
(NameError)

      output << results

      ^^^^^^
	from C:/workspace/minigun/lib/minigun/stage.rb:109:in 'BasicObject#instance_exec'
	from C:/workspace/minigun/lib/minigun/stage.rb:109:in 'Minigun::AtomicStage#execute'
	from C:/workspace/minigun/lib/minigun/execution/executor.rb:62:in 'Minigun::Execution::Executor#run_stage_logic'
	from C:/workspace/minigun/lib/minigun/execution/executor.rb:99:in 'block in 
Minigun::Execution::ThreadPoolExecutor#execute_with_strategy'
E, [2025-10-27T13:41:27.140926 #8588] ERROR -- : [Pipeline:default][Stage:save_to_db] Error: undefined local variable or method 'output' for an instance of ComprehensivePipeline
E, [2025-10-27T13:41:27.140959 #8588] ERROR -- : C:/workspace/minigun/examples/38_comprehensive_execution.rb:101:in 'block (2 levels) in <class:ComprehensivePipeline>'
C:/workspace/minigun/lib/minigun/stage.rb:109:in 'BasicObject#instance_exec'
C:/workspace/minigun/lib/minigun/stage.rb:109:in 'Minigun::AtomicStage#execute'
C:/workspace/minigun/lib/minigun/execution/executor.rb:62:in 'Minigun::Execution::Executor#run_stage_logic'
C:/workspace/minigun/lib/minigun/execution/executor.rb:99:in 'block in Minigun::Execution::ThreadPoolExecutor#execute_with_strategy'
#<Thread:0x000001bb735b9890 C:/workspace/minigun/lib/minigun/execution/executor.rb:97 run> terminated with exception 
(report_on_exception is true):
C:/workspace/minigun/examples/38_comprehensive_execution.rb:101:in 'block (2 levels) in 
<class:ComprehensivePipeline>': undefined local variable or method 'output' for an instance of ComprehensivePipeline 
(NameError)

      output << results

      ^^^^^^
	from C:/workspace/minigun/lib/minigun/stage.rb:109:in 'BasicObject#instance_exec'
	from C:/workspace/minigun/lib/minigun/stage.rb:109:in 'Minigun::AtomicStage#execute'
	from C:/workspace/minigun/lib/minigun/execution/executor.rb:62:in 'Minigun::Execution::Executor#run_stage_logic'
	from C:/workspace/minigun/lib/minigun/execution/executor.rb:99:in 'block in 
Minigun::Execution::ThreadPoolExecutor#execute_with_strategy'
#<Thread:0x000001bb752b1fd8 C:/workspace/minigun/lib/minigun/execution/executor.rb:97 run> terminated with exception 
(report_on_exception is true):
E, [2025-10-27T13:41:27.142328 #8588] ERROR -- : [Pipeline:default][Stage:save_to_db] Error: undefined local variable or method 'output' for an instance of ComprehensivePipeline
E, [2025-10-27T13:41:27.142361 #8588] ERROR -- : C:/workspace/minigun/examples/38_comprehensive_execution.rb:101:in 'block (2 levels) in <class:ComprehensivePipeline>'
C:/workspace/minigun/lib/minigun/stage.rb:109:in 'BasicObject#instance_exec'
C:/workspace/minigun/lib/minigun/stage.rb:109:in 'Minigun::AtomicStage#execute'
C:/workspace/minigun/lib/minigun/execution/executor.rb:62:in 'Minigun::Execution::Executor#run_stage_logic'
C:/workspace/minigun/lib/minigun/execution/executor.rb:99:in 'block in Minigun::Execution::ThreadPoolExecutor#execute_with_strategy'
C:/workspace/minigun/examples/38_comprehensive_execution.rb:101:in 'block (2 levels) in 
<class:ComprehensivePipeline>': undefined local variable or method 'output' for an instance of ComprehensivePipeline 
(NameError)

      output << results

      ^^^^^^
	from C:/workspace/minigun/lib/minigun/stage.rb:109:in 'BasicObject#instance_exec'
	from C:/workspace/minigun/lib/minigun/stage.rb:109:in 'Minigun::AtomicStage#execute'
	from C:/workspace/minigun/lib/minigun/execution/executor.rb:62:in 'Minigun::Execution::Executor#run_stage_logic'
	from C:/workspace/minigun/lib/minigun/execution/executor.rb:99:in 'block in 
Minigun::Execution::ThreadPoolExecutor#execute_with_strategy'
#<Thread:0x000001bb7363a6e8 C:/workspace/minigun/lib/minigun/execution/executor.rb:97 run> terminated with exception 
(report_on_exception is true):
C:/workspace/minigun/examples/38_comprehensive_execution.rb:101:in 'block (2 levels) in 
<class:ComprehensivePipeline>': undefined local variable or method 'output' for an instance of ComprehensivePipeline 
(NameError)

      output << results

      ^^^^^^
	from C:/workspace/minigun/lib/minigun/stage.rb:109:in 'BasicObject#instance_exec'
	from C:/workspace/minigun/lib/minigun/stage.rb:109:in 'Minigun::AtomicStage#execute'
	from C:/workspace/minigun/lib/minigun/execution/executor.rb:62:in 'Minigun::Execution::Executor#run_stage_logic'
	from C:/workspace/minigun/lib/minigun/execution/executor.rb:99:in 'block in 
Minigun::Execution::ThreadPoolExecutor#execute_with_strategy'
#<Thread:0x000001bb01672e48 C:/workspace/minigun/lib/minigun/execution/executor.rb:97 run> terminated with exception 
(report_on_exception is true):
C:/workspace/minigun/examples/38_comprehensive_execution.rb:101:in 'block (2 levels) in 
<class:ComprehensivePipeline>': undefined local variable or method 'output' for an instance of ComprehensivePipeline 
(NameError)

      output << results

      ^^^^^^
	from C:/workspace/minigun/lib/minigun/stage.rb:109:in 'BasicObject#instance_exec'
	from C:/workspace/minigun/lib/minigun/stage.rb:109:in 'Minigun::AtomicStage#execute'
	from C:/workspace/minigun/lib/minigun/execution/executor.rb:62:in 'Minigun::Execution::Executor#run_stage_logic'
	from C:/workspace/minigun/lib/minigun/execution/executor.rb:99:in 'block in 
Minigun::Execution::ThreadPoolExecutor#execute_with_strategy'
#<Thread:0x000001bb0177b560 C:/workspace/minigun/lib/minigun/execution/executor.rb:97 run> terminated with exception 
(report_on_exception is true):
C:/workspace/minigun/examples/38_comprehensive_execution.rb:101:in 'block (2 levels) in 
<class:ComprehensivePipeline>': undefined local variable or method 'output' for an instance of ComprehensivePipeline 
(NameError)

      output << results

      ^^^^^^
	from C:/workspace/minigun/lib/minigun/stage.rb:109:in 'BasicObject#instance_exec'
	from C:/workspace/minigun/lib/minigun/stage.rb:109:in 'Minigun::AtomicStage#execute'
	from C:/workspace/minigun/lib/minigun/execution/executor.rb:62:in 'Minigun::Execution::Executor#run_stage_logic'
	from C:/workspace/minigun/lib/minigun/execution/executor.rb:99:in 'block in 
Minigun::Execution::ThreadPoolExecutor#execute_with_strategy'
#<Thread:0x000001bb01843c90 C:/workspace/minigun/lib/minigun/execution/executor.rb:97 run> terminated with exception 
(report_on_exception is true):
E, [2025-10-27T13:41:27.143785 #8588] ERROR -- : [Pipeline:default][Stage:save_to_db] Error: undefined local variable or method 'output' for an instance of ComprehensivePipeline
E, [2025-10-27T13:41:27.143817 #8588] ERROR -- : C:/workspace/minigun/examples/38_comprehensive_execution.rb:101:in 'block (2 levels) in <class:ComprehensivePipeline>'
C:/workspace/minigun/lib/minigun/stage.rb:109:in 'BasicObject#instance_exec'
C:/workspace/minigun/lib/minigun/stage.rb:109:in 'Minigun::AtomicStage#execute'
C:/workspace/minigun/lib/minigun/execution/executor.rb:62:in 'Minigun::Execution::Executor#run_stage_logic'
C:/workspace/minigun/lib/minigun/execution/executor.rb:99:in 'block in Minigun::Execution::ThreadPoolExecutor#execute_with_strategy'
E, [2025-10-27T13:41:27.145275 #8588] ERROR -- : [Pipeline:default][Stage:save_to_db] Error: undefined local variable or method 'output' for an instance of ComprehensivePipeline
E, [2025-10-27T13:41:27.145327 #8588] ERROR -- : C:/workspace/minigun/examples/38_comprehensive_execution.rb:101:in 'block (2 levels) in <class:ComprehensivePipeline>'
C:/workspace/minigun/lib/minigun/stage.rb:109:in 'BasicObject#instance_exec'
C:/workspace/minigun/lib/minigun/stage.rb:109:in 'Minigun::AtomicStage#execute'
C:/workspace/minigun/lib/minigun/execution/executor.rb:62:in 'Minigun::Execution::Executor#run_stage_logic'
C:/workspace/minigun/lib/minigun/execution/executor.rb:99:in 'block in Minigun::Execution::ThreadPoolExecutor#execute_with_strategy'
E, [2025-10-27T13:41:27.146938 #8588] ERROR -- : [Pipeline:default][Stage:save_to_db] Error: undefined local variable or method 'output' for an instance of ComprehensivePipeline
E, [2025-10-27T13:41:27.146986 #8588] ERROR -- : C:/workspace/minigun/examples/38_comprehensive_execution.rb:101:in 'block (2 levels) in <class:ComprehensivePipeline>'
C:/workspace/minigun/lib/minigun/stage.rb:109:in 'BasicObject#instance_exec'
C:/workspace/minigun/lib/minigun/stage.rb:109:in 'Minigun::AtomicStage#execute'
C:/workspace/minigun/lib/minigun/execution/executor.rb:62:in 'Minigun::Execution::Executor#run_stage_logic'
C:/workspace/minigun/lib/minigun/execution/executor.rb:99:in 'block in Minigun::Execution::ThreadPoolExecutor#execute_with_strategy'
E, [2025-10-27T13:41:27.148463 #8588] ERROR -- : [Pipeline:default][Stage:save_to_db] Error: undefined local variable or method 'output' for an instance of ComprehensivePipeline
E, [2025-10-27T13:41:27.148501 #8588] ERROR -- : C:/workspace/minigun/examples/38_comprehensive_execution.rb:101:in 'block (2 levels) in <class:ComprehensivePipeline>'
C:/workspace/minigun/lib/minigun/stage.rb:109:in 'BasicObject#instance_exec'
C:/workspace/minigun/lib/minigun/stage.rb:109:in 'Minigun::AtomicStage#execute'
C:/workspace/minigun/lib/minigun/execution/executor.rb:62:in 'Minigun::Execution::Executor#run_stage_logic'
C:/workspace/minigun/lib/minigun/execution/executor.rb:99:in 'block in Minigun::Execution::ThreadPoolExecutor#execute_with_strategy'
E, [2025-10-27T13:41:27.149945 #8588] ERROR -- : [Pipeline:default][Stage:save_to_db] Error: undefined local variable or method 'output' for an instance of ComprehensivePipeline
E, [2025-10-27T13:41:27.149984 #8588] ERROR -- : C:/workspace/minigun/examples/38_comprehensive_execution.rb:101:in 'block (2 levels) in <class:ComprehensivePipeline>'
C:/workspace/minigun/lib/minigun/stage.rb:109:in 'BasicObject#instance_exec'
C:/workspace/minigun/lib/minigun/stage.rb:109:in 'Minigun::AtomicStage#execute'
C:/workspace/minigun/lib/minigun/execution/executor.rb:62:in 'Minigun::Execution::Executor#run_stage_logic'
C:/workspace/minigun/lib/minigun/execution/executor.rb:99:in 'block in Minigun::Execution::ThreadPoolExecutor#execute_with_strategy'
E, [2025-10-27T13:41:27.151457 #8588] ERROR -- : [Pipeline:default][Stage:save_to_db] Error: undefined local variable or method 'output' for an instance of ComprehensivePipeline
E, [2025-10-27T13:41:27.151525 #8588] ERROR -- : C:/workspace/minigun/examples/38_comprehensive_execution.rb:101:in 'block (2 levels) in <class:ComprehensivePipeline>'
C:/workspace/minigun/lib/minigun/stage.rb:109:in 'BasicObject#instance_exec'
C:/workspace/minigun/lib/minigun/stage.rb:109:in 'Minigun::AtomicStage#execute'
C:/workspace/minigun/lib/minigun/execution/executor.rb:62:in 'Minigun::Execution::Executor#run_stage_logic'
C:/workspace/minigun/lib/minigun/execution/executor.rb:99:in 'block in Minigun::Execution::ThreadPoolExecutor#execute_with_strategy'
E, [2025-10-27T13:41:27.152927 #8588] ERROR -- : [Pipeline:default][Stage:save_to_db] Error: undefined local variable or method 'output' for an instance of ComprehensivePipeline
E, [2025-10-27T13:41:27.152970 #8588] ERROR -- : C:/workspace/minigun/examples/38_comprehensive_execution.rb:101:in 'block (2 levels) in <class:ComprehensivePipeline>'
C:/workspace/minigun/lib/minigun/stage.rb:109:in 'BasicObject#instance_exec'
C:/workspace/minigun/lib/minigun/stage.rb:109:in 'Minigun::AtomicStage#execute'
C:/workspace/minigun/lib/minigun/execution/executor.rb:62:in 'Minigun::Execution::Executor#run_stage_logic'
C:/workspace/minigun/lib/minigun/execution/executor.rb:99:in 'block in Minigun::Execution::ThreadPoolExecutor#execute_with_strategy'
E, [2025-10-27T13:41:27.154412 #8588] ERROR -- : [Pipeline:default][Stage:save_to_db] Error: undefined local variable or method 'output' for an instance of ComprehensivePipeline
E, [2025-10-27T13:41:27.154452 #8588] ERROR -- : C:/workspace/minigun/examples/38_comprehensive_execution.rb:101:in 'block (2 levels) in <class:ComprehensivePipeline>'
C:/workspace/minigun/lib/minigun/stage.rb:109:in 'BasicObject#instance_exec'
C:/workspace/minigun/lib/minigun/stage.rb:109:in 'Minigun::AtomicStage#execute'
C:/workspace/minigun/lib/minigun/execution/executor.rb:62:in 'Minigun::Execution::Executor#run_stage_logic'
C:/workspace/minigun/lib/minigun/execution/executor.rb:99:in 'block in Minigun::Execution::ThreadPoolExecutor#execute_with_strategy'
E, [2025-10-27T13:41:27.155874 #8588] ERROR -- : [Pipeline:default][Stage:save_to_db] Error: undefined local variable or method 'output' for an instance of ComprehensivePipeline
E, [2025-10-27T13:41:27.155917 #8588] ERROR -- : C:/workspace/minigun/examples/38_comprehensive_execution.rb:101:in 'block (2 levels) in <class:ComprehensivePipeline>'
C:/workspace/minigun/lib/minigun/stage.rb:109:in 'BasicObject#instance_exec'
C:/workspace/minigun/lib/minigun/stage.rb:109:in 'Minigun::AtomicStage#execute'
C:/workspace/minigun/lib/minigun/execution/executor.rb:62:in 'Minigun::Execution::Executor#run_stage_logic'
C:/workspace/minigun/lib/minigun/execution/executor.rb:99:in 'block in Minigun::Execution::ThreadPoolExecutor#execute_with_strategy'
C:/workspace/minigun/examples/38_comprehensive_execution.rb:101:in 'block (2 levels) in 
<class:ComprehensivePipeline>': undefined local variable or method 'output' for an instance of ComprehensivePipeline 
(NameError)

      output << results

      ^^^^^^
	from C:/workspace/minigun/lib/minigun/stage.rb:109:in 'BasicObject#instance_exec'
	from C:/workspace/minigun/lib/minigun/stage.rb:109:in 'Minigun::AtomicStage#execute'
	from C:/workspace/minigun/lib/minigun/execution/executor.rb:62:in 'Minigun::Execution::Executor#run_stage_logic'
	from C:/workspace/minigun/lib/minigun/execution/executor.rb:99:in 'block in 
Minigun::Execution::ThreadPoolExecutor#execute_with_strategy'
E, [2025-10-27T13:41:27.157364 #8588] ERROR -- : [Pipeline:default][Stage:save_to_db] Error: undefined local variable or method 'output' for an instance of ComprehensivePipeline
E, [2025-10-27T13:41:27.157404 #8588] ERROR -- : C:/workspace/minigun/examples/38_comprehensive_execution.rb:101:in 'block (2 levels) in <class:ComprehensivePipeline>'
C:/workspace/minigun/lib/minigun/stage.rb:109:in 'BasicObject#instance_exec'
C:/workspace/minigun/lib/minigun/stage.rb:109:in 'Minigun::AtomicStage#execute'
C:/workspace/minigun/lib/minigun/execution/executor.rb:62:in 'Minigun::Execution::Executor#run_stage_logic'
C:/workspace/minigun/lib/minigun/execution/executor.rb:99:in 'block in Minigun::Execution::ThreadPoolExecutor#execute_with_strategy'
#<Thread:0x000001bb0171c3d0 C:/workspace/minigun/lib/minigun/execution/executor.rb:97 run> terminated with exception 
(report_on_exception is true):
C:/workspace/minigun/examples/38_comprehensive_execution.rb:101:in 'block (2 levels) in 
<class:ComprehensivePipeline>': undefined local variable or method 'output' for an instance of ComprehensivePipeline 
(NameError)

      output << results

      ^^^^^^
	from C:/workspace/minigun/lib/minigun/stage.rb:109:in 'BasicObject#instance_exec'
	from C:/workspace/minigun/lib/minigun/stage.rb:109:in 'Minigun::AtomicStage#execute'
	from C:/workspace/minigun/lib/minigun/execution/executor.rb:62:in 'Minigun::Execution::Executor#run_stage_logic'
	from C:/workspace/minigun/lib/minigun/execution/executor.rb:99:in 'block in 
Minigun::Execution::ThreadPoolExecutor#execute_with_strategy'
#<Thread:0x000001bb017b4b30 C:/workspace/minigun/lib/minigun/execution/executor.rb:97 run> terminated with exception 
(report_on_exception is true):
C:/workspace/minigun/examples/38_comprehensive_execution.rb:101:in 'block (2 levels) in 
<class:ComprehensivePipeline>': undefined local variable or method 'output' for an instance of ComprehensivePipeline 
(NameError)

      output << results

      ^^^^^^
	from C:/workspace/minigun/lib/minigun/stage.rb:109:in 'BasicObject#instance_exec'
	from C:/workspace/minigun/lib/minigun/stage.rb:109:in 'Minigun::AtomicStage#execute'
	from C:/workspace/minigun/lib/minigun/execution/executor.rb:62:in 'Minigun::Execution::Executor#run_stage_logic'
	from C:/workspace/minigun/lib/minigun/execution/executor.rb:99:in 'block in 
Minigun::Execution::ThreadPoolExecutor#execute_with_strategy'
#<Thread:0x000001bb015dd258 C:/workspace/minigun/lib/minigun/execution/executor.rb:97 run> terminated with exception 
(report_on_exception is true):
C:/workspace/minigun/examples/38_comprehensive_execution.rb:101:in 'block (2 levels) in 
<class:ComprehensivePipeline>': undefined local variable or method 'output' for an instance of ComprehensivePipeline 
(NameError)

      output << results

      ^^^^^^
	from C:/workspace/minigun/lib/minigun/stage.rb:109:in 'BasicObject#instance_exec'
	from C:/workspace/minigun/lib/minigun/stage.rb:109:in 'Minigun::AtomicStage#execute'
	from C:/workspace/minigun/lib/minigun/execution/executor.rb:62:in 'Minigun::Execution::Executor#run_stage_logic'
	from C:/workspace/minigun/lib/minigun/execution/executor.rb:99:in 'block in 
Minigun::Execution::ThreadPoolExecutor#execute_with_strategy'
#<Thread:0x000001bb735f59a8 C:/workspace/minigun/lib/minigun/execution/executor.rb:97 run> terminated with exception 
(report_on_exception is true):
C:/workspace/minigun/examples/38_comprehensive_execution.rb:101:in 'block (2 levels) in 
<class:ComprehensivePipeline>': undefined local variable or method 'output' for an instance of ComprehensivePipeline 
(NameError)

      output << results

      ^^^^^^
	from C:/workspace/minigun/lib/minigun/stage.rb:109:in 'BasicObject#instance_exec'
	from C:/workspace/minigun/lib/minigun/stage.rb:109:in 'Minigun::AtomicStage#execute'
	from C:/workspace/minigun/lib/minigun/execution/executor.rb:62:in 'Minigun::Execution::Executor#run_stage_logic'
	from C:/workspace/minigun/lib/minigun/execution/executor.rb:99:in 'block in 
Minigun::Execution::ThreadPoolExecutor#execute_with_strategy'
#<Thread:0x000001bb74db75c8 C:/workspace/minigun/lib/minigun/execution/executor.rb:97 run> terminated with exception 
(report_on_exception is true):
E, [2025-10-27T13:41:27.159301 #8588] ERROR -- : [Pipeline:default][Stage:save_to_db] Error: undefined local variable or method 'output' for an instance of ComprehensivePipeline
E, [2025-10-27T13:41:27.159350 #8588] ERROR -- : C:/workspace/minigun/examples/38_comprehensive_execution.rb:101:in 'block (2 levels) in <class:ComprehensivePipeline>'
C:/workspace/minigun/lib/minigun/stage.rb:109:in 'BasicObject#instance_exec'
C:/workspace/minigun/lib/minigun/stage.rb:109:in 'Minigun::AtomicStage#execute'
C:/workspace/minigun/lib/minigun/execution/executor.rb:62:in 'Minigun::Execution::Executor#run_stage_logic'
C:/workspace/minigun/lib/minigun/execution/executor.rb:99:in 'block in Minigun::Execution::ThreadPoolExecutor#execute_with_strategy'
E, [2025-10-27T13:41:27.161453 #8588] ERROR -- : [Pipeline:default][Stage:save_to_db] Error: undefined local variable or method 'output' for an instance of ComprehensivePipeline
E, [2025-10-27T13:41:27.161497 #8588] ERROR -- : C:/workspace/minigun/examples/38_comprehensive_execution.rb:101:in 'block (2 levels) in <class:ComprehensivePipeline>'
C:/workspace/minigun/lib/minigun/stage.rb:109:in 'BasicObject#instance_exec'
C:/workspace/minigun/lib/minigun/stage.rb:109:in 'Minigun::AtomicStage#execute'
C:/workspace/minigun/lib/minigun/execution/executor.rb:62:in 'Minigun::Execution::Executor#run_stage_logic'
C:/workspace/minigun/lib/minigun/execution/executor.rb:99:in 'block in Minigun::Execution::ThreadPoolExecutor#execute_with_strategy'
E, [2025-10-27T13:41:27.163014 #8588] ERROR -- : [Pipeline:default][Stage:save_to_db] Error: undefined local variable or method 'output' for an instance of ComprehensivePipeline
E, [2025-10-27T13:41:27.163054 #8588] ERROR -- : C:/workspace/minigun/examples/38_comprehensive_execution.rb:101:in 'block (2 levels) in <class:ComprehensivePipeline>'
C:/workspace/minigun/lib/minigun/stage.rb:109:in 'BasicObject#instance_exec'
C:/workspace/minigun/lib/minigun/stage.rb:109:in 'Minigun::AtomicStage#execute'
C:/workspace/minigun/lib/minigun/execution/executor.rb:62:in 'Minigun::Execution::Executor#run_stage_logic'
C:/workspace/minigun/lib/minigun/execution/executor.rb:99:in 'block in Minigun::Execution::ThreadPoolExecutor#execute_with_strategy'
E, [2025-10-27T13:41:27.164547 #8588] ERROR -- : [Pipeline:default][Stage:save_to_db] Error: undefined local variable or method 'output' for an instance of ComprehensivePipeline
E, [2025-10-27T13:41:27.164589 #8588] ERROR -- : C:/workspace/minigun/examples/38_comprehensive_execution.rb:101:in 'block (2 levels) in <class:ComprehensivePipeline>'
C:/workspace/minigun/lib/minigun/stage.rb:109:in 'BasicObject#instance_exec'
C:/workspace/minigun/lib/minigun/stage.rb:109:in 'Minigun::AtomicStage#execute'
C:/workspace/minigun/lib/minigun/execution/executor.rb:62:in 'Minigun::Execution::Executor#run_stage_logic'
C:/workspace/minigun/lib/minigun/execution/executor.rb:99:in 'block in Minigun::Execution::ThreadPoolExecutor#execute_with_strategy'
E, [2025-10-27T13:41:27.174558 #8588] ERROR -- : [Pipeline:default][Stage:save_to_db] Error: undefined local variable or method 'output' for an instance of ComprehensivePipeline
E, [2025-10-27T13:41:27.174639 #8588] ERROR -- : C:/workspace/minigun/examples/38_comprehensive_execution.rb:101:in 'block (2 levels) in <class:ComprehensivePipeline>'
C:/workspace/minigun/lib/minigun/stage.rb:109:in 'BasicObject#instance_exec'
C:/workspace/minigun/lib/minigun/stage.rb:109:in 'Minigun::AtomicStage#execute'
C:/workspace/minigun/lib/minigun/execution/executor.rb:62:in 'Minigun::Execution::Executor#run_stage_logic'
C:/workspace/minigun/lib/minigun/execution/executor.rb:99:in 'block in Minigun::Execution::ThreadPoolExecutor#execute_with_strategy'
C:/workspace/minigun/examples/38_comprehensive_execution.rb:101:in 'block (2 levels) in 
<class:ComprehensivePipeline>': undefined local variable or method 'output' for an instance of ComprehensivePipeline 
(NameError)

      output << results

      ^^^^^^
	from C:/workspace/minigun/lib/minigun/stage.rb:109:in 'BasicObject#instance_exec'
	from C:/workspace/minigun/lib/minigun/stage.rb:109:in 'Minigun::AtomicStage#execute'
	from C:/workspace/minigun/lib/minigun/execution/executor.rb:62:in 'Minigun::Execution::Executor#run_stage_logic'
	from C:/workspace/minigun/lib/minigun/execution/executor.rb:99:in 'block in 
Minigun::Execution::ThreadPoolExecutor#execute_with_strategy'
#<Thread:0x000001bb74c13fa0 C:/workspace/minigun/lib/minigun/execution/executor.rb:97 run> terminated with exception 
(report_on_exception is true):
C:/workspace/minigun/examples/38_comprehensive_execution.rb:101:in 'block (2 levels) in 
<class:ComprehensivePipeline>': undefined local variable or method 'output' for an instance of ComprehensivePipeline 
(NameError)

      output << results

      ^^^^^^
	from C:/workspace/minigun/lib/minigun/stage.rb:109:in 'BasicObject#instance_exec'
	from C:/workspace/minigun/lib/minigun/stage.rb:109:in 'Minigun::AtomicStage#execute'
	from C:/workspace/minigun/lib/minigun/execution/executor.rb:62:in 'Minigun::Execution::Executor#run_stage_logic'
	from C:/workspace/minigun/lib/minigun/execution/executor.rb:99:in 'block in 
Minigun::Execution::ThreadPoolExecutor#execute_with_strategy'
#<Thread:0x000001bb74ab2ff8 C:/workspace/minigun/lib/minigun/execution/executor.rb:97 run> terminated with exception 
(report_on_exception is true):
C:/workspace/minigun/examples/38_comprehensive_execution.rb:101:in 'block (2 levels) in 
<class:ComprehensivePipeline>': undefined local variable or method 'output' for an instance of ComprehensivePipeline 
(NameError)

      output << results

      ^^^^^^
	from C:/workspace/minigun/lib/minigun/stage.rb:109:in 'BasicObject#instance_exec'
	from C:/workspace/minigun/lib/minigun/stage.rb:109:in 'Minigun::AtomicStage#execute'
	from C:/workspace/minigun/lib/minigun/execution/executor.rb:62:in 'Minigun::Execution::Executor#run_stage_logic'
	from C:/workspace/minigun/lib/minigun/execution/executor.rb:99:in 'block in 
Minigun::Execution::ThreadPoolExecutor#execute_with_strategy'
#<Thread:0x000001bb74a38410 C:/workspace/minigun/lib/minigun/execution/executor.rb:97 run> terminated with exception 
(report_on_exception is true):
C:/workspace/minigun/examples/38_comprehensive_execution.rb:101:in 'block (2 levels) in 
<class:ComprehensivePipeline>': undefined local variable or method 'output' for an instance of ComprehensivePipeline 
(NameError)

      output << results

      ^^^^^^
	from C:/workspace/minigun/lib/minigun/stage.rb:109:in 'BasicObject#instance_exec'
	from C:/workspace/minigun/lib/minigun/stage.rb:109:in 'Minigun::AtomicStage#execute'
	from C:/workspace/minigun/lib/minigun/execution/executor.rb:62:in 'Minigun::Execution::Executor#run_stage_logic'
	from C:/workspace/minigun/lib/minigun/execution/executor.rb:99:in 'block in 
Minigun::Execution::ThreadPoolExecutor#execute_with_strategy'
#<Thread:0x000001bb74b5e8d0 C:/workspace/minigun/lib/minigun/execution/executor.rb:97 run> terminated with exception 
(report_on_exception is true):
C:/workspace/minigun/examples/38_comprehensive_execution.rb:101:in 'block (2 levels) in 
<class:ComprehensivePipeline>': undefined local variable or method 'output' for an instance of ComprehensivePipeline 
(NameError)

      output << results

      ^^^^^^
	from C:/workspace/minigun/lib/minigun/stage.rb:109:in 'BasicObject#instance_exec'
	from C:/workspace/minigun/lib/minigun/stage.rb:109:in 'Minigun::AtomicStage#execute'
	from C:/workspace/minigun/lib/minigun/execution/executor.rb:62:in 'Minigun::Execution::Executor#run_stage_logic'
	from C:/workspace/minigun/lib/minigun/execution/executor.rb:99:in 'block in 
Minigun::Execution::ThreadPoolExecutor#execute_with_strategy'
#<Thread:0x000001bb74bdff48 C:/workspace/minigun/lib/minigun/execution/executor.rb:97 run> terminated with exception 
(report_on_exception is true):
C:/workspace/minigun/examples/38_comprehensive_execution.rb:101:in 'block (2 levels) in 
<class:ComprehensivePipeline>': undefined local variable or method 'output' for an instance of ComprehensivePipeline 
(NameError)

      output << results

      ^^^^^^
	from C:/workspace/minigun/lib/minigun/stage.rb:109:in 'BasicObject#instance_exec'
	from C:/workspace/minigun/lib/minigun/stage.rb:109:in 'Minigun::AtomicStage#execute'
	from C:/workspace/minigun/lib/minigun/execution/executor.rb:62:in 'Minigun::Execution::Executor#run_stage_logic'
	from C:/workspace/minigun/lib/minigun/execution/executor.rb:99:in 'block in 
Minigun::Execution::ThreadPoolExecutor#execute_with_strategy'
#<Thread:0x000001bb74d12578 C:/workspace/minigun/lib/minigun/execution/executor.rb:97 run> terminated with exception 
(report_on_exception is true):
C:/workspace/minigun/examples/38_comprehensive_execution.rb:101:in 'block (2 levels) in 
<class:ComprehensivePipeline>': undefined local variable or method 'output' for an instance of ComprehensivePipeline 
(NameError)

      output << results

      ^^^^^^
	from C:/workspace/minigun/lib/minigun/stage.rb:109:in 'BasicObject#instance_exec'
	from C:/workspace/minigun/lib/minigun/stage.rb:109:in 'Minigun::AtomicStage#execute'
	from C:/workspace/minigun/lib/minigun/execution/executor.rb:62:in 'Minigun::Execution::Executor#run_stage_logic'
	from C:/workspace/minigun/lib/minigun/execution/executor.rb:99:in 'block in 
Minigun::Execution::ThreadPoolExecutor#execute_with_strategy'
#<Thread:0x000001bb751720f0 C:/workspace/minigun/lib/minigun/execution/executor.rb:97 run> terminated with exception 
(report_on_exception is true):
C:/workspace/minigun/examples/38_comprehensive_execution.rb:101:in 'block (2 levels) in 
<class:ComprehensivePipeline>': undefined local variable or method 'output' for an instance of ComprehensivePipeline 
(NameError)

      output << results

      ^^^^^^
	from C:/workspace/minigun/lib/minigun/stage.rb:109:in 'BasicObject#instance_exec'
	from C:/workspace/minigun/lib/minigun/stage.rb:109:in 'Minigun::AtomicStage#execute'
	from C:/workspace/minigun/lib/minigun/execution/executor.rb:62:in 'Minigun::Execution::Executor#run_stage_logic'
	from C:/workspace/minigun/lib/minigun/execution/executor.rb:99:in 'block in 
Minigun::Execution::ThreadPoolExecutor#execute_with_strategy'
#<Thread:0x000001bb735ba830 C:/workspace/minigun/lib/minigun/execution/executor.rb:97 run> terminated with exception 
(report_on_exception is true):
C:/workspace/minigun/examples/38_comprehensive_execution.rb:101:in 'block (2 levels) in 
<class:ComprehensivePipeline>': undefined local variable or method 'output' for an instance of ComprehensivePipeline 
(NameError)

      output << results

      ^^^^^^
	from C:/workspace/minigun/lib/minigun/stage.rb:109:in 'BasicObject#instance_exec'
	from C:/workspace/minigun/lib/minigun/stage.rb:109:in 'Minigun::AtomicStage#execute'
	from C:/workspace/minigun/lib/minigun/execution/executor.rb:62:in 'Minigun::Execution::Executor#run_stage_logic'
	from C:/workspace/minigun/lib/minigun/execution/executor.rb:99:in 'block in 
Minigun::Execution::ThreadPoolExecutor#execute_with_strategy'
#<Thread:0x000001bb752b2f78 C:/workspace/minigun/lib/minigun/execution/executor.rb:97 run> terminated with exception 
(report_on_exception is true):
C:/workspace/minigun/examples/38_comprehensive_execution.rb:101:in 'block (2 levels) in 
<class:ComprehensivePipeline>': undefined local variable or method 'output' for an instance of ComprehensivePipeline 
(NameError)

      output << results

      ^^^^^^
	from C:/workspace/minigun/lib/minigun/stage.rb:109:in 'BasicObject#instance_exec'
	from C:/workspace/minigun/lib/minigun/stage.rb:109:in 'Minigun::AtomicStage#execute'
	from C:/workspace/minigun/lib/minigun/execution/executor.rb:62:in 'Minigun::Execution::Executor#run_stage_logic'
	from C:/workspace/minigun/lib/minigun/execution/executor.rb:99:in 'block in 
Minigun::Execution::ThreadPoolExecutor#execute_with_strategy'
#<Thread:0x000001bb7363b688 C:/workspace/minigun/lib/minigun/execution/executor.rb:97 run> terminated with exception 
(report_on_exception is true):
C:/workspace/minigun/examples/38_comprehensive_execution.rb:101:in 'block (2 levels) in 
<class:ComprehensivePipeline>': undefined local variable or method 'output' for an instance of ComprehensivePipeline 
(NameError)

      output << results

      ^^^^^^
	from C:/workspace/minigun/lib/minigun/stage.rb:109:in 'BasicObject#instance_exec'
	from C:/workspace/minigun/lib/minigun/stage.rb:109:in 'Minigun::AtomicStage#execute'
	from C:/workspace/minigun/lib/minigun/execution/executor.rb:62:in 'Minigun::Execution::Executor#run_stage_logic'
	from C:/workspace/minigun/lib/minigun/execution/executor.rb:99:in 'block in 
Minigun::Execution::ThreadPoolExecutor#execute_with_strategy'
#<Thread:0x000001bb01673de8 C:/workspace/minigun/lib/minigun/execution/executor.rb:97 run> terminated with exception 
(report_on_exception is true):
C:/workspace/minigun/examples/38_comprehensive_execution.rb:101:in 'block (2 levels) in 
<class:ComprehensivePipeline>': undefined local variable or method 'output' for an instance of ComprehensivePipeline 
(NameError)

      output << results

      ^^^^^^
	from C:/workspace/minigun/lib/minigun/stage.rb:109:in 'BasicObject#instance_exec'
	from C:/workspace/minigun/lib/minigun/stage.rb:109:in 'Minigun::AtomicStage#execute'
	from C:/workspace/minigun/lib/minigun/execution/executor.rb:62:in 'Minigun::Execution::Executor#run_stage_logic'
	from C:/workspace/minigun/lib/minigun/execution/executor.rb:99:in 'block in 
Minigun::Execution::ThreadPoolExecutor#execute_with_strategy'
E, [2025-10-27T13:41:27.176212 #8588] ERROR -- : [Pipeline:default][Stage:save_to_db] Error: undefined local variable or method 'output' for an instance of ComprehensivePipeline
E, [2025-10-27T13:41:27.176257 #8588] ERROR -- : C:/workspace/minigun/examples/38_comprehensive_execution.rb:101:in 'block (2 levels) in <class:ComprehensivePipeline>'
C:/workspace/minigun/lib/minigun/stage.rb:109:in 'BasicObject#instance_exec'
C:/workspace/minigun/lib/minigun/stage.rb:109:in 'Minigun::AtomicStage#execute'
C:/workspace/minigun/lib/minigun/execution/executor.rb:62:in 'Minigun::Execution::Executor#run_stage_logic'
C:/workspace/minigun/lib/minigun/execution/executor.rb:99:in 'block in Minigun::Execution::ThreadPoolExecutor#execute_with_strategy'
E, [2025-10-27T13:41:27.177772 #8588] ERROR -- : [Pipeline:default][Stage:save_to_db] Error: undefined local variable or method 'output' for an instance of ComprehensivePipeline
E, [2025-10-27T13:41:27.177813 #8588] ERROR -- : C:/workspace/minigun/examples/38_comprehensive_execution.rb:101:in 'block (2 levels) in <class:ComprehensivePipeline>'
C:/workspace/minigun/lib/minigun/stage.rb:109:in 'BasicObject#instance_exec'
C:/workspace/minigun/lib/minigun/stage.rb:109:in 'Minigun::AtomicStage#execute'
C:/workspace/minigun/lib/minigun/execution/executor.rb:62:in 'Minigun::Execution::Executor#run_stage_logic'
C:/workspace/minigun/lib/minigun/execution/executor.rb:99:in 'block in Minigun::Execution::ThreadPoolExecutor#execute_with_strategy'
E, [2025-10-27T13:41:27.179218 #8588] ERROR -- : [Pipeline:default][Stage:save_to_db] Error: undefined local variable or method 'output' for an instance of ComprehensivePipeline
E, [2025-10-27T13:41:27.179260 #8588] ERROR -- : C:/workspace/minigun/examples/38_comprehensive_execution.rb:101:in 'block (2 levels) in <class:ComprehensivePipeline>'
C:/workspace/minigun/lib/minigun/stage.rb:109:in 'BasicObject#instance_exec'
C:/workspace/minigun/lib/minigun/stage.rb:109:in 'Minigun::AtomicStage#execute'
C:/workspace/minigun/lib/minigun/execution/executor.rb:62:in 'Minigun::Execution::Executor#run_stage_logic'
C:/workspace/minigun/lib/minigun/execution/executor.rb:99:in 'block in Minigun::Execution::ThreadPoolExecutor#execute_with_strategy'
E, [2025-10-27T13:41:27.180678 #8588] ERROR -- : [Pipeline:default][Stage:save_to_db] Error: undefined local variable or method 'output' for an instance of ComprehensivePipeline
E, [2025-10-27T13:41:27.180709 #8588] ERROR -- : C:/workspace/minigun/examples/38_comprehensive_execution.rb:101:in 'block (2 levels) in <class:ComprehensivePipeline>'
C:/workspace/minigun/lib/minigun/stage.rb:109:in 'BasicObject#instance_exec'
C:/workspace/minigun/lib/minigun/stage.rb:109:in 'Minigun::AtomicStage#execute'
C:/workspace/minigun/lib/minigun/execution/executor.rb:62:in 'Minigun::Execution::Executor#run_stage_logic'
C:/workspace/minigun/lib/minigun/execution/executor.rb:99:in 'block in Minigun::Execution::ThreadPoolExecutor#execute_with_strategy'
E, [2025-10-27T13:41:27.182086 #8588] ERROR -- : [Pipeline:default][Stage:save_to_db] Error: undefined local variable or method 'output' for an instance of ComprehensivePipeline
E, [2025-10-27T13:41:27.182123 #8588] ERROR -- : C:/workspace/minigun/examples/38_comprehensive_execution.rb:101:in 'block (2 levels) in <class:ComprehensivePipeline>'
C:/workspace/minigun/lib/minigun/stage.rb:109:in 'BasicObject#instance_exec'
C:/workspace/minigun/lib/minigun/stage.rb:109:in 'Minigun::AtomicStage#execute'
C:/workspace/minigun/lib/minigun/execution/executor.rb:62:in 'Minigun::Execution::Executor#run_stage_logic'
C:/workspace/minigun/lib/minigun/execution/executor.rb:99:in 'block in Minigun::Execution::ThreadPoolExecutor#execute_with_strategy'
E, [2025-10-27T13:41:27.183600 #8588] ERROR -- : [Pipeline:default][Stage:save_to_db] Error: undefined local variable or method 'output' for an instance of ComprehensivePipeline
E, [2025-10-27T13:41:27.183671 #8588] ERROR -- : C:/workspace/minigun/examples/38_comprehensive_execution.rb:101:in 'block (2 levels) in <class:ComprehensivePipeline>'
C:/workspace/minigun/lib/minigun/stage.rb:109:in 'BasicObject#instance_exec'
C:/workspace/minigun/lib/minigun/stage.rb:109:in 'Minigun::AtomicStage#execute'
C:/workspace/minigun/lib/minigun/execution/executor.rb:62:in 'Minigun::Execution::Executor#run_stage_logic'
C:/workspace/minigun/lib/minigun/execution/executor.rb:99:in 'block in Minigun::Execution::ThreadPoolExecutor#execute_with_strategy'
E, [2025-10-27T13:41:27.191130 #8588] ERROR -- : [Pipeline:default][Stage:save_to_db] Error: undefined local variable or method 'output' for an instance of ComprehensivePipeline
E, [2025-10-27T13:41:27.191176 #8588] ERROR -- : C:/workspace/minigun/examples/38_comprehensive_execution.rb:101:in 'block (2 levels) in <class:ComprehensivePipeline>'
C:/workspace/minigun/lib/minigun/stage.rb:109:in 'BasicObject#instance_exec'
C:/workspace/minigun/lib/minigun/stage.rb:109:in 'Minigun::AtomicStage#execute'
C:/workspace/minigun/lib/minigun/execution/executor.rb:62:in 'Minigun::Execution::Executor#run_stage_logic'
C:/workspace/minigun/lib/minigun/execution/executor.rb:99:in 'block in Minigun::Execution::ThreadPoolExecutor#execute_with_strategy'
E, [2025-10-27T13:41:27.192626 #8588] ERROR -- : [Pipeline:default][Stage:save_to_db] Error: undefined local variable or method 'output' for an instance of ComprehensivePipeline
E, [2025-10-27T13:41:27.192666 #8588] ERROR -- : C:/workspace/minigun/examples/38_comprehensive_execution.rb:101:in 'block (2 levels) in <class:ComprehensivePipeline>'
C:/workspace/minigun/lib/minigun/stage.rb:109:in 'BasicObject#instance_exec'
C:/workspace/minigun/lib/minigun/stage.rb:109:in 'Minigun::AtomicStage#execute'
C:/workspace/minigun/lib/minigun/execution/executor.rb:62:in 'Minigun::Execution::Executor#run_stage_logic'
C:/workspace/minigun/lib/minigun/execution/executor.rb:99:in 'block in Minigun::Execution::ThreadPoolExecutor#execute_with_strategy'
E, [2025-10-27T13:41:27.194063 #8588] ERROR -- : [Pipeline:default][Stage:save_to_db] Error: undefined local variable or method 'output' for an instance of ComprehensivePipeline
E, [2025-10-27T13:41:27.194095 #8588] ERROR -- : C:/workspace/minigun/examples/38_comprehensive_execution.rb:101:in 'block (2 levels) in <class:ComprehensivePipeline>'
C:/workspace/minigun/lib/minigun/stage.rb:109:in 'BasicObject#instance_exec'
C:/workspace/minigun/lib/minigun/stage.rb:109:in 'Minigun::AtomicStage#execute'
C:/workspace/minigun/lib/minigun/execution/executor.rb:62:in 'Minigun::Execution::Executor#run_stage_logic'
C:/workspace/minigun/lib/minigun/execution/executor.rb:99:in 'block in Minigun::Execution::ThreadPoolExecutor#execute_with_strategy'
#<Thread:0x000001bb0177c500 C:/workspace/minigun/lib/minigun/execution/executor.rb:97 run> terminated with exception 
(report_on_exception is true):
C:/workspace/minigun/examples/38_comprehensive_execution.rb:101:in 'block (2 levels) in 
<class:ComprehensivePipeline>': undefined local variable or method 'output' for an instance of ComprehensivePipeline 
(NameError)

      output << results

      ^^^^^^
	from C:/workspace/minigun/lib/minigun/stage.rb:109:in 'BasicObject#instance_exec'
	from C:/workspace/minigun/lib/minigun/stage.rb:109:in 'Minigun::AtomicStage#execute'
	from C:/workspace/minigun/lib/minigun/execution/executor.rb:62:in 'Minigun::Execution::Executor#run_stage_logic'
	from C:/workspace/minigun/lib/minigun/execution/executor.rb:99:in 'block in 
Minigun::Execution::ThreadPoolExecutor#execute_with_strategy'
#<Thread:0x000001bb01844c30 C:/workspace/minigun/lib/minigun/execution/executor.rb:97 run> terminated with exception 
(report_on_exception is true):
C:/workspace/minigun/examples/38_comprehensive_execution.rb:101:in 'block (2 levels) in 
<class:ComprehensivePipeline>': undefined local variable or method 'output' for an instance of ComprehensivePipeline 
(NameError)

      output << results

      ^^^^^^
	from C:/workspace/minigun/lib/minigun/stage.rb:109:in 'BasicObject#instance_exec'
	from C:/workspace/minigun/lib/minigun/stage.rb:109:in 'Minigun::AtomicStage#execute'
	from C:/workspace/minigun/lib/minigun/execution/executor.rb:62:in 'Minigun::Execution::Executor#run_stage_logic'
	from C:/workspace/minigun/lib/minigun/execution/executor.rb:99:in 'block in 
Minigun::Execution::ThreadPoolExecutor#execute_with_strategy'
#<Thread:0x000001bb0171d370 C:/workspace/minigun/lib/minigun/execution/executor.rb:97 run> terminated with exception 
(report_on_exception is true):
C:/workspace/minigun/examples/38_comprehensive_execution.rb:101:in 'block (2 levels) in 
<class:ComprehensivePipeline>': undefined local variable or method 'output' for an instance of ComprehensivePipeline 
(NameError)

      output << results

      ^^^^^^
	from C:/workspace/minigun/lib/minigun/stage.rb:109:in 'BasicObject#instance_exec'
	from C:/workspace/minigun/lib/minigun/stage.rb:109:in 'Minigun::AtomicStage#execute'
	from C:/workspace/minigun/lib/minigun/execution/executor.rb:62:in 'Minigun::Execution::Executor#run_stage_logic'
	from C:/workspace/minigun/lib/minigun/execution/executor.rb:99:in 'block in 
Minigun::Execution::ThreadPoolExecutor#execute_with_strategy'
#<Thread:0x000001bb017b5ad0 C:/workspace/minigun/lib/minigun/execution/executor.rb:97 run> terminated with exception 
(report_on_exception is true):
C:/workspace/minigun/examples/38_comprehensive_execution.rb:101:in 'block (2 levels) in 
<class:ComprehensivePipeline>': undefined local variable or method 'output' for an instance of ComprehensivePipeline 
(NameError)

      output << results

      ^^^^^^
	from C:/workspace/minigun/lib/minigun/stage.rb:109:in 'BasicObject#instance_exec'
	from C:/workspace/minigun/lib/minigun/stage.rb:109:in 'Minigun::AtomicStage#execute'
	from C:/workspace/minigun/lib/minigun/execution/executor.rb:62:in 'Minigun::Execution::Executor#run_stage_logic'
	from C:/workspace/minigun/lib/minigun/execution/executor.rb:99:in 'block in 
Minigun::Execution::ThreadPoolExecutor#execute_with_strategy'
#<Thread:0x000001bb015de1f8 C:/workspace/minigun/lib/minigun/execution/executor.rb:97 run> terminated with exception 
(report_on_exception is true):
C:/workspace/minigun/examples/38_comprehensive_execution.rb:101:in 'block (2 levels) in 
<class:ComprehensivePipeline>': undefined local variable or method 'output' for an instance of ComprehensivePipeline 
(NameError)

      output << results

      ^^^^^^
	from C:/workspace/minigun/lib/minigun/stage.rb:109:in 'BasicObject#instance_exec'
	from C:/workspace/minigun/lib/minigun/stage.rb:109:in 'Minigun::AtomicStage#execute'
	from C:/workspace/minigun/lib/minigun/execution/executor.rb:62:in 'Minigun::Execution::Executor#run_stage_logic'
	from C:/workspace/minigun/lib/minigun/execution/executor.rb:99:in 'block in 
Minigun::Execution::ThreadPoolExecutor#execute_with_strategy'
#<Thread:0x000001bb735f6948 C:/workspace/minigun/lib/minigun/execution/executor.rb:97 run> terminated with exception 
(report_on_exception is true):
C:/workspace/minigun/examples/38_comprehensive_execution.rb:101:in 'block (2 levels) in 
<class:ComprehensivePipeline>': undefined local variable or method 'output' for an instance of ComprehensivePipeline 
(NameError)

      output << results

      ^^^^^^
	from C:/workspace/minigun/lib/minigun/stage.rb:109:in 'BasicObject#instance_exec'
	from C:/workspace/minigun/lib/minigun/stage.rb:109:in 'Minigun::AtomicStage#execute'
	from C:/workspace/minigun/lib/minigun/execution/executor.rb:62:in 'Minigun::Execution::Executor#run_stage_logic'
	from C:/workspace/minigun/lib/minigun/execution/executor.rb:99:in 'block in 
Minigun::Execution::ThreadPoolExecutor#execute_with_strategy'
#<Thread:0x000001bb74dbacf0 C:/workspace/minigun/lib/minigun/execution/executor.rb:97 run> terminated with exception 
(report_on_exception is true):
C:/workspace/minigun/examples/38_comprehensive_execution.rb:101:in 'block (2 levels) in 
<class:ComprehensivePipeline>': undefined local variable or method 'output' for an instance of ComprehensivePipeline 
(NameError)

      output << results

      ^^^^^^
	from C:/workspace/minigun/lib/minigun/stage.rb:109:in 'BasicObject#instance_exec'
	from C:/workspace/minigun/lib/minigun/stage.rb:109:in 'Minigun::AtomicStage#execute'
	from C:/workspace/minigun/lib/minigun/execution/executor.rb:62:in 'Minigun::Execution::Executor#run_stage_logic'
	from C:/workspace/minigun/lib/minigun/execution/executor.rb:99:in 'block in 
Minigun::Execution::ThreadPoolExecutor#execute_with_strategy'
#<Thread:0x000001bb74c16b88 C:/workspace/minigun/lib/minigun/execution/executor.rb:97 run> terminated with exception 
(report_on_exception is true):
C:/workspace/minigun/examples/38_comprehensive_execution.rb:101:in 'block (2 levels) in 
<class:ComprehensivePipeline>': undefined local variable or method 'output' for an instance of ComprehensivePipeline 
(NameError)

      output << results

      ^^^^^^
	from C:/workspace/minigun/lib/minigun/stage.rb:109:in 'BasicObject#instance_exec'
	from C:/workspace/minigun/lib/minigun/stage.rb:109:in 'Minigun::AtomicStage#execute'
	from C:/workspace/minigun/lib/minigun/execution/executor.rb:62:in 'Minigun::Execution::Executor#run_stage_logic'
	from C:/workspace/minigun/lib/minigun/execution/executor.rb:99:in 'block in 
Minigun::Execution::ThreadPoolExecutor#execute_with_strategy'
#<Thread:0x000001bb74ab87a0 C:/workspace/minigun/lib/minigun/execution/executor.rb:97 run> terminated with exception 
(report_on_exception is true):
C:/workspace/minigun/examples/38_comprehensive_execution.rb:101:in 'block (2 levels) in 
<class:ComprehensivePipeline>': undefined local variable or method 'output' for an instance of ComprehensivePipeline 
(NameError)

      output << results

      ^^^^^^
	from C:/workspace/minigun/lib/minigun/stage.rb:109:in 'BasicObject#instance_exec'
	from C:/workspace/minigun/lib/minigun/stage.rb:109:in 'Minigun::AtomicStage#execute'
	from C:/workspace/minigun/lib/minigun/execution/executor.rb:62:in 'Minigun::Execution::Executor#run_stage_logic'
	from C:/workspace/minigun/lib/minigun/execution/executor.rb:99:in 'block in 
Minigun::Execution::ThreadPoolExecutor#execute_with_strategy'
E, [2025-10-27T13:41:27.195504 #8588] ERROR -- : [Pipeline:default][Stage:save_to_db] Error: undefined local variable or method 'output' for an instance of ComprehensivePipeline
E, [2025-10-27T13:41:27.195548 #8588] ERROR -- : C:/workspace/minigun/examples/38_comprehensive_execution.rb:101:in 'block (2 levels) in <class:ComprehensivePipeline>'
C:/workspace/minigun/lib/minigun/stage.rb:109:in 'BasicObject#instance_exec'
C:/workspace/minigun/lib/minigun/stage.rb:109:in 'Minigun::AtomicStage#execute'
C:/workspace/minigun/lib/minigun/execution/executor.rb:62:in 'Minigun::Execution::Executor#run_stage_logic'
C:/workspace/minigun/lib/minigun/execution/executor.rb:99:in 'block in Minigun::Execution::ThreadPoolExecutor#execute_with_strategy'
E, [2025-10-27T13:41:27.197012 #8588] ERROR -- : [Pipeline:default][Stage:save_to_db] Error: undefined local variable or method 'output' for an instance of ComprehensivePipeline
E, [2025-10-27T13:41:27.197083 #8588] ERROR -- : C:/workspace/minigun/examples/38_comprehensive_execution.rb:101:in 'block (2 levels) in <class:ComprehensivePipeline>'
C:/workspace/minigun/lib/minigun/stage.rb:109:in 'BasicObject#instance_exec'
C:/workspace/minigun/lib/minigun/stage.rb:109:in 'Minigun::AtomicStage#execute'
C:/workspace/minigun/lib/minigun/execution/executor.rb:62:in 'Minigun::Execution::Executor#run_stage_logic'
C:/workspace/minigun/lib/minigun/execution/executor.rb:99:in 'block in Minigun::Execution::ThreadPoolExecutor#execute_with_strategy'
E, [2025-10-27T13:41:27.198562 #8588] ERROR -- : [Pipeline:default][Stage:save_to_db] Error: undefined local variable or method 'output' for an instance of ComprehensivePipeline
E, [2025-10-27T13:41:27.198615 #8588] ERROR -- : C:/workspace/minigun/examples/38_comprehensive_execution.rb:101:in 'block (2 levels) in <class:ComprehensivePipeline>'
C:/workspace/minigun/lib/minigun/stage.rb:109:in 'BasicObject#instance_exec'
C:/workspace/minigun/lib/minigun/stage.rb:109:in 'Minigun::AtomicStage#execute'
C:/workspace/minigun/lib/minigun/execution/executor.rb:62:in 'Minigun::Execution::Executor#run_stage_logic'
C:/workspace/minigun/lib/minigun/execution/executor.rb:99:in 'block in Minigun::Execution::ThreadPoolExecutor#execute_with_strategy'
E, [2025-10-27T13:41:27.200160 #8588] ERROR -- : [Pipeline:default][Stage:save_to_db] Error: undefined local variable or method 'output' for an instance of ComprehensivePipeline
E, [2025-10-27T13:41:27.200234 #8588] ERROR -- : C:/workspace/minigun/examples/38_comprehensive_execution.rb:101:in 'block (2 levels) in <class:ComprehensivePipeline>'
C:/workspace/minigun/lib/minigun/stage.rb:109:in 'BasicObject#instance_exec'
C:/workspace/minigun/lib/minigun/stage.rb:109:in 'Minigun::AtomicStage#execute'
C:/workspace/minigun/lib/minigun/execution/executor.rb:62:in 'Minigun::Execution::Executor#run_stage_logic'
C:/workspace/minigun/lib/minigun/execution/executor.rb:99:in 'block in Minigun::Execution::ThreadPoolExecutor#execute_with_strategy'
E, [2025-10-27T13:41:27.201857 #8588] ERROR -- : [Pipeline:default][Stage:save_to_db] Error: undefined local variable or method 'output' for an instance of ComprehensivePipeline
E, [2025-10-27T13:41:27.201898 #8588] ERROR -- : C:/workspace/minigun/examples/38_comprehensive_execution.rb:101:in 'block (2 levels) in <class:ComprehensivePipeline>'
C:/workspace/minigun/lib/minigun/stage.rb:109:in 'BasicObject#instance_exec'
C:/workspace/minigun/lib/minigun/stage.rb:109:in 'Minigun::AtomicStage#execute'
C:/workspace/minigun/lib/minigun/execution/executor.rb:62:in 'Minigun::Execution::Executor#run_stage_logic'
C:/workspace/minigun/lib/minigun/execution/executor.rb:99:in 'block in Minigun::Execution::ThreadPoolExecutor#execute_with_strategy'
E, [2025-10-27T13:41:27.204138 #8588] ERROR -- : [Pipeline:default][Stage:save_to_db] Error: undefined local variable or method 'output' for an instance of ComprehensivePipeline
E, [2025-10-27T13:41:27.204185 #8588] ERROR -- : C:/workspace/minigun/examples/38_comprehensive_execution.rb:101:in 'block (2 levels) in <class:ComprehensivePipeline>'
C:/workspace/minigun/lib/minigun/stage.rb:109:in 'BasicObject#instance_exec'
C:/workspace/minigun/lib/minigun/stage.rb:109:in 'Minigun::AtomicStage#execute'
C:/workspace/minigun/lib/minigun/execution/executor.rb:62:in 'Minigun::Execution::Executor#run_stage_logic'
C:/workspace/minigun/lib/minigun/execution/executor.rb:99:in 'block in Minigun::Execution::ThreadPoolExecutor#execute_with_strategy'
#<Thread:0x000001bb74a38410 C:/workspace/minigun/lib/minigun/execution/executor.rb:97 run> terminated with exception 
(report_on_exception is true):
C:/workspace/minigun/examples/38_comprehensive_execution.rb:101:in 'block (2 levels) in 
<class:ComprehensivePipeline>': undefined local variable or method 'output' for an instance of ComprehensivePipeline 
(NameError)

      output << results

      ^^^^^^
	from C:/workspace/minigun/lib/minigun/stage.rb:109:in 'BasicObject#instance_exec'
	from C:/workspace/minigun/lib/minigun/stage.rb:109:in 'Minigun::AtomicStage#execute'
	from C:/workspace/minigun/lib/minigun/execution/executor.rb:62:in 'Minigun::Execution::Executor#run_stage_logic'
	from C:/workspace/minigun/lib/minigun/execution/executor.rb:99:in 'block in 
Minigun::Execution::ThreadPoolExecutor#execute_with_strategy'
E, [2025-10-27T13:41:27.214015 #8588] ERROR -- : [Pipeline:default][Stage:save_to_db] Error: undefined local variable or method 'output' for an instance of ComprehensivePipeline
E, [2025-10-27T13:41:27.214084 #8588] ERROR -- : C:/workspace/minigun/examples/38_comprehensive_execution.rb:101:in 'block (2 levels) in <class:ComprehensivePipeline>'
C:/workspace/minigun/lib/minigun/stage.rb:109:in 'BasicObject#instance_exec'
C:/workspace/minigun/lib/minigun/stage.rb:109:in 'Minigun::AtomicStage#execute'
C:/workspace/minigun/lib/minigun/execution/executor.rb:62:in 'Minigun::Execution::Executor#run_stage_logic'
C:/workspace/minigun/lib/minigun/execution/executor.rb:99:in 'block in Minigun::Execution::ThreadPoolExecutor#execute_with_strategy'
#<Thread:0x000001bb74b5e8d0 C:/workspace/minigun/lib/minigun/execution/executor.rb:97 run> terminated with exception 
(report_on_exception is true):
C:/workspace/minigun/examples/38_comprehensive_execution.rb:101:in 'block (2 levels) in 
<class:ComprehensivePipeline>': undefined local variable or method 'output' for an instance of ComprehensivePipeline 
(NameError)

      output << results

      ^^^^^^
	from C:/workspace/minigun/lib/minigun/stage.rb:109:in 'BasicObject#instance_exec'
	from C:/workspace/minigun/lib/minigun/stage.rb:109:in 'Minigun::AtomicStage#execute'
	from C:/workspace/minigun/lib/minigun/execution/executor.rb:62:in 'Minigun::Execution::Executor#run_stage_logic'
	from C:/workspace/minigun/lib/minigun/execution/executor.rb:99:in 'block in 
Minigun::Execution::ThreadPoolExecutor#execute_with_strategy'
E, [2025-10-27T13:41:27.215883 #8588] ERROR -- : [Pipeline:default][Stage:save_to_db] Error: undefined local variable or method 'output' for an instance of ComprehensivePipeline
E, [2025-10-27T13:41:27.215924 #8588] ERROR -- : C:/workspace/minigun/examples/38_comprehensive_execution.rb:101:in 'block (2 levels) in <class:ComprehensivePipeline>'
C:/workspace/minigun/lib/minigun/stage.rb:109:in 'BasicObject#instance_exec'
C:/workspace/minigun/lib/minigun/stage.rb:109:in 'Minigun::AtomicStage#execute'
C:/workspace/minigun/lib/minigun/execution/executor.rb:62:in 'Minigun::Execution::Executor#run_stage_logic'
C:/workspace/minigun/lib/minigun/execution/executor.rb:99:in 'block in Minigun::Execution::ThreadPoolExecutor#execute_with_strategy'
#<Thread:0x000001bb74bde288 C:/workspace/minigun/lib/minigun/execution/executor.rb:97 run> terminated with exception 
(report_on_exception is true):
C:/workspace/minigun/examples/38_comprehensive_execution.rb:101:in 'block (2 levels) in 
<class:ComprehensivePipeline>': undefined local variable or method 'output' for an instance of ComprehensivePipeline 
(NameError)

      output << results

      ^^^^^^
	from C:/workspace/minigun/lib/minigun/stage.rb:109:in 'BasicObject#instance_exec'
	from C:/workspace/minigun/lib/minigun/stage.rb:109:in 'Minigun::AtomicStage#execute'
	from C:/workspace/minigun/lib/minigun/execution/executor.rb:62:in 'Minigun::Execution::Executor#run_stage_logic'
	from C:/workspace/minigun/lib/minigun/execution/executor.rb:99:in 'block in 
Minigun::Execution::ThreadPoolExecutor#execute_with_strategy'
#<Thread:0x000001bb74d104d0 C:/workspace/minigun/lib/minigun/execution/executor.rb:97 run> terminated with exception 
(report_on_exception is true):
E, [2025-10-27T13:41:27.217711 #8588] ERROR -- : [Pipeline:default][Stage:save_to_db] Error: undefined local variable or method 'output' for an instance of ComprehensivePipeline
E, [2025-10-27T13:41:27.217764 #8588] ERROR -- : C:/workspace/minigun/examples/38_comprehensive_execution.rb:101:in 'block (2 levels) in <class:ComprehensivePipeline>'
C:/workspace/minigun/lib/minigun/stage.rb:109:in 'BasicObject#instance_exec'
C:/workspace/minigun/lib/minigun/stage.rb:109:in 'Minigun::AtomicStage#execute'
C:/workspace/minigun/lib/minigun/execution/executor.rb:62:in 'Minigun::Execution::Executor#run_stage_logic'
C:/workspace/minigun/lib/minigun/execution/executor.rb:99:in 'block in Minigun::Execution::ThreadPoolExecutor#execute_with_strategy'
E, [2025-10-27T13:41:27.219393 #8588] ERROR -- : [Pipeline:default][Stage:save_to_db] Error: undefined local variable or method 'output' for an instance of ComprehensivePipeline
E, [2025-10-27T13:41:27.219435 #8588] ERROR -- : C:/workspace/minigun/examples/38_comprehensive_execution.rb:101:in 'block (2 levels) in <class:ComprehensivePipeline>'
C:/workspace/minigun/lib/minigun/stage.rb:109:in 'BasicObject#instance_exec'
C:/workspace/minigun/lib/minigun/stage.rb:109:in 'Minigun::AtomicStage#execute'
C:/workspace/minigun/lib/minigun/execution/executor.rb:62:in 'Minigun::Execution::Executor#run_stage_logic'
C:/workspace/minigun/lib/minigun/execution/executor.rb:99:in 'block in Minigun::Execution::ThreadPoolExecutor#execute_with_strategy'
E, [2025-10-27T13:41:27.220929 #8588] ERROR -- : [Pipeline:default][Stage:save_to_db] Error: undefined local variable or method 'output' for an instance of ComprehensivePipeline
E, [2025-10-27T13:41:27.220963 #8588] ERROR -- : C:/workspace/minigun/examples/38_comprehensive_execution.rb:101:in 'block (2 levels) in <class:ComprehensivePipeline>'
C:/workspace/minigun/lib/minigun/stage.rb:109:in 'BasicObject#instance_exec'
C:/workspace/minigun/lib/minigun/stage.rb:109:in 'Minigun::AtomicStage#execute'
C:/workspace/minigun/lib/minigun/execution/executor.rb:62:in 'Minigun::Execution::Executor#run_stage_logic'
C:/workspace/minigun/lib/minigun/execution/executor.rb:99:in 'block in Minigun::Execution::ThreadPoolExecutor#execute_with_strategy'
C:/workspace/minigun/examples/38_comprehensive_execution.rb:101:in 'block (2 levels) in 
<class:ComprehensivePipeline>': undefined local variable or method 'output' for an instance of ComprehensivePipeline 
(NameError)

      output << results

      ^^^^^^
	from C:/workspace/minigun/lib/minigun/stage.rb:109:in 'BasicObject#instance_exec'
	from C:/workspace/minigun/lib/minigun/stage.rb:109:in 'Minigun::AtomicStage#execute'
	from C:/workspace/minigun/lib/minigun/execution/executor.rb:62:in 'Minigun::Execution::Executor#run_stage_logic'
	from C:/workspace/minigun/lib/minigun/execution/executor.rb:99:in 'block in 
Minigun::Execution::ThreadPoolExecutor#execute_with_strategy'
#<Thread:0x000001bb75170570 C:/workspace/minigun/lib/minigun/execution/executor.rb:97 run> terminated with exception 
(report_on_exception is true):
C:/workspace/minigun/examples/38_comprehensive_execution.rb:101:in 'block (2 levels) in 
<class:ComprehensivePipeline>': undefined local variable or method 'output' for an instance of ComprehensivePipeline 
(NameError)

      output << results

      ^^^^^^
	from C:/workspace/minigun/lib/minigun/stage.rb:109:in 'BasicObject#instance_exec'
	from C:/workspace/minigun/lib/minigun/stage.rb:109:in 'Minigun::AtomicStage#execute'
	from C:/workspace/minigun/lib/minigun/execution/executor.rb:62:in 'Minigun::Execution::Executor#run_stage_logic'
	from C:/workspace/minigun/lib/minigun/execution/executor.rb:99:in 'block in 
Minigun::Execution::ThreadPoolExecutor#execute_with_strategy'
#<Thread:0x000001bb735b8cb0 C:/workspace/minigun/lib/minigun/execution/executor.rb:97 run> terminated with exception 
(report_on_exception is true):
C:/workspace/minigun/examples/38_comprehensive_execution.rb:101:in 'block (2 levels) in 
<class:ComprehensivePipeline>': undefined local variable or method 'output' for an instance of ComprehensivePipeline 
(NameError)

      output << results

      ^^^^^^
	from C:/workspace/minigun/lib/minigun/stage.rb:109:in 'BasicObject#instance_exec'
	from C:/workspace/minigun/lib/minigun/stage.rb:109:in 'Minigun::AtomicStage#execute'
	from C:/workspace/minigun/lib/minigun/execution/executor.rb:62:in 'Minigun::Execution::Executor#run_stage_logic'
	from C:/workspace/minigun/lib/minigun/execution/executor.rb:99:in 'block in 
Minigun::Execution::ThreadPoolExecutor#execute_with_strategy'
#<Thread:0x000001bb752b13f8 C:/workspace/minigun/lib/minigun/execution/executor.rb:97 run> terminated with exception 
(report_on_exception is true):
C:/workspace/minigun/examples/38_comprehensive_execution.rb:101:in 'block (2 levels) in 
<class:ComprehensivePipeline>': undefined local variable or method 'output' for an instance of ComprehensivePipeline 
(NameError)

      output << results

      ^^^^^^
	from C:/workspace/minigun/lib/minigun/stage.rb:109:in 'BasicObject#instance_exec'
	from C:/workspace/minigun/lib/minigun/stage.rb:109:in 'Minigun::AtomicStage#execute'
	from C:/workspace/minigun/lib/minigun/execution/executor.rb:62:in 'Minigun::Execution::Executor#run_stage_logic'
	from C:/workspace/minigun/lib/minigun/execution/executor.rb:99:in 'block in 
Minigun::Execution::ThreadPoolExecutor#execute_with_strategy'
#<Thread:0x000001bb73639b08 C:/workspace/minigun/lib/minigun/execution/executor.rb:97 run> terminated with exception 
(report_on_exception is true):
C:/workspace/minigun/examples/38_comprehensive_execution.rb:101:in 'block (2 levels) in 
<class:ComprehensivePipeline>': undefined local variable or method 'output' for an instance of ComprehensivePipeline 
(NameError)

      output << results

      ^^^^^^
	from C:/workspace/minigun/lib/minigun/stage.rb:109:in 'BasicObject#instance_exec'
	from C:/workspace/minigun/lib/minigun/stage.rb:109:in 'Minigun::AtomicStage#execute'
	from C:/workspace/minigun/lib/minigun/execution/executor.rb:62:in 'Minigun::Execution::Executor#run_stage_logic'
	from C:/workspace/minigun/lib/minigun/execution/executor.rb:99:in 'block in 
Minigun::Execution::ThreadPoolExecutor#execute_with_strategy'
#<Thread:0x000001bb01672268 C:/workspace/minigun/lib/minigun/execution/executor.rb:97 run> terminated with exception 
(report_on_exception is true):
C:/workspace/minigun/examples/38_comprehensive_execution.rb:101:in 'block (2 levels) in 
<class:ComprehensivePipeline>': undefined local variable or method 'output' for an instance of ComprehensivePipeline 
(NameError)

      output << results

      ^^^^^^
	from C:/workspace/minigun/lib/minigun/stage.rb:109:in 'BasicObject#instance_exec'
	from C:/workspace/minigun/lib/minigun/stage.rb:109:in 'Minigun::AtomicStage#execute'
	from C:/workspace/minigun/lib/minigun/execution/executor.rb:62:in 'Minigun::Execution::Executor#run_stage_logic'
	from C:/workspace/minigun/lib/minigun/execution/executor.rb:99:in 'block in 
Minigun::Execution::ThreadPoolExecutor#execute_with_strategy'
#<Thread:0x000001bb0177a980 C:/workspace/minigun/lib/minigun/execution/executor.rb:97 run> terminated with exception 
(report_on_exception is true):
E, [2025-10-27T13:41:27.222441 #8588] ERROR -- : [Pipeline:default][Stage:save_to_db] Error: undefined local variable or method 'output' for an instance of ComprehensivePipeline
E, [2025-10-27T13:41:27.222481 #8588] ERROR -- : C:/workspace/minigun/examples/38_comprehensive_execution.rb:101:in 'block (2 levels) in <class:ComprehensivePipeline>'
C:/workspace/minigun/lib/minigun/stage.rb:109:in 'BasicObject#instance_exec'
C:/workspace/minigun/lib/minigun/stage.rb:109:in 'Minigun::AtomicStage#execute'
C:/workspace/minigun/lib/minigun/execution/executor.rb:62:in 'Minigun::Execution::Executor#run_stage_logic'
C:/workspace/minigun/lib/minigun/execution/executor.rb:99:in 'block in Minigun::Execution::ThreadPoolExecutor#execute_with_strategy'
E, [2025-10-27T13:41:27.223960 #8588] ERROR -- : [Pipeline:default][Stage:save_to_db] Error: undefined local variable or method 'output' for an instance of ComprehensivePipeline
E, [2025-10-27T13:41:27.223991 #8588] ERROR -- : C:/workspace/minigun/examples/38_comprehensive_execution.rb:101:in 'block (2 levels) in <class:ComprehensivePipeline>'
C:/workspace/minigun/lib/minigun/stage.rb:109:in 'BasicObject#instance_exec'
C:/workspace/minigun/lib/minigun/stage.rb:109:in 'Minigun::AtomicStage#execute'
C:/workspace/minigun/lib/minigun/execution/executor.rb:62:in 'Minigun::Execution::Executor#run_stage_logic'
C:/workspace/minigun/lib/minigun/execution/executor.rb:99:in 'block in Minigun::Execution::ThreadPoolExecutor#execute_with_strategy'
E, [2025-10-27T13:41:27.225487 #8588] ERROR -- : [Pipeline:default][Stage:save_to_db] Error: undefined local variable or method 'output' for an instance of ComprehensivePipeline
E, [2025-10-27T13:41:27.225527 #8588] ERROR -- : C:/workspace/minigun/examples/38_comprehensive_execution.rb:101:in 'block (2 levels) in <class:ComprehensivePipeline>'
C:/workspace/minigun/lib/minigun/stage.rb:109:in 'BasicObject#instance_exec'
C:/workspace/minigun/lib/minigun/stage.rb:109:in 'Minigun::AtomicStage#execute'
C:/workspace/minigun/lib/minigun/execution/executor.rb:62:in 'Minigun::Execution::Executor#run_stage_logic'
C:/workspace/minigun/lib/minigun/execution/executor.rb:99:in 'block in Minigun::Execution::ThreadPoolExecutor#execute_with_strategy'
E, [2025-10-27T13:41:27.227033 #8588] ERROR -- : [Pipeline:default][Stage:save_to_db] Error: undefined local variable or method 'output' for an instance of ComprehensivePipeline
E, [2025-10-27T13:41:27.227100 #8588] ERROR -- : C:/workspace/minigun/examples/38_comprehensive_execution.rb:101:in 'block (2 levels) in <class:ComprehensivePipeline>'
C:/workspace/minigun/lib/minigun/stage.rb:109:in 'BasicObject#instance_exec'
C:/workspace/minigun/lib/minigun/stage.rb:109:in 'Minigun::AtomicStage#execute'
C:/workspace/minigun/lib/minigun/execution/executor.rb:62:in 'Minigun::Execution::Executor#run_stage_logic'
C:/workspace/minigun/lib/minigun/execution/executor.rb:99:in 'block in Minigun::Execution::ThreadPoolExecutor#execute_with_strategy'
E, [2025-10-27T13:41:27.228602 #8588] ERROR -- : [Pipeline:default][Stage:save_to_db] Error: undefined local variable or method 'output' for an instance of ComprehensivePipeline
E, [2025-10-27T13:41:27.228639 #8588] ERROR -- : C:/workspace/minigun/examples/38_comprehensive_execution.rb:101:in 'block (2 levels) in <class:ComprehensivePipeline>'
C:/workspace/minigun/lib/minigun/stage.rb:109:in 'BasicObject#instance_exec'
C:/workspace/minigun/lib/minigun/stage.rb:109:in 'Minigun::AtomicStage#execute'
C:/workspace/minigun/lib/minigun/execution/executor.rb:62:in 'Minigun::Execution::Executor#run_stage_logic'
C:/workspace/minigun/lib/minigun/execution/executor.rb:99:in 'block in Minigun::Execution::ThreadPoolExecutor#execute_with_strategy'
E, [2025-10-27T13:41:27.230055 #8588] ERROR -- : [Pipeline:default][Stage:save_to_db] Error: undefined local variable or method 'output' for an instance of ComprehensivePipeline
E, [2025-10-27T13:41:27.230093 #8588] ERROR -- : C:/workspace/minigun/examples/38_comprehensive_execution.rb:101:in 'block (2 levels) in <class:ComprehensivePipeline>'
C:/workspace/minigun/lib/minigun/stage.rb:109:in 'BasicObject#instance_exec'
C:/workspace/minigun/lib/minigun/stage.rb:109:in 'Minigun::AtomicStage#execute'
C:/workspace/minigun/lib/minigun/execution/executor.rb:62:in 'Minigun::Execution::Executor#run_stage_logic'
C:/workspace/minigun/lib/minigun/execution/executor.rb:99:in 'block in Minigun::Execution::ThreadPoolExecutor#execute_with_strategy'
C:/workspace/minigun/examples/38_comprehensive_execution.rb:101:in 'block (2 levels) in 
<class:ComprehensivePipeline>': undefined local variable or method 'output' for an instance of ComprehensivePipeline 
(NameError)

      output << results

      ^^^^^^
	from C:/workspace/minigun/lib/minigun/stage.rb:109:in 'BasicObject#instance_exec'
	from C:/workspace/minigun/lib/minigun/stage.rb:109:in 'Minigun::AtomicStage#execute'
	from C:/workspace/minigun/lib/minigun/execution/executor.rb:62:in 'Minigun::Execution::Executor#run_stage_logic'
	from C:/workspace/minigun/lib/minigun/execution/executor.rb:99:in 'block in 
Minigun::Execution::ThreadPoolExecutor#execute_with_strategy'
#<Thread:0x000001bb018430b0 C:/workspace/minigun/lib/minigun/execution/executor.rb:97 run> terminated with exception 
(report_on_exception is true):
C:/workspace/minigun/examples/38_comprehensive_execution.rb:101:in 'block (2 levels) in 
<class:ComprehensivePipeline>': undefined local variable or method 'output' for an instance of ComprehensivePipeline 
(NameError)

      output << results

      ^^^^^^
	from C:/workspace/minigun/lib/minigun/stage.rb:109:in 'BasicObject#instance_exec'
	from C:/workspace/minigun/lib/minigun/stage.rb:109:in 'Minigun::AtomicStage#execute'
	from C:/workspace/minigun/lib/minigun/execution/executor.rb:62:in 'Minigun::Execution::Executor#run_stage_logic'
	from C:/workspace/minigun/lib/minigun/execution/executor.rb:99:in 'block in 
Minigun::Execution::ThreadPoolExecutor#execute_with_strategy'
#<Thread:0x000001bb0171b7f0 C:/workspace/minigun/lib/minigun/execution/executor.rb:97 run> terminated with exception 
(report_on_exception is true):
C:/workspace/minigun/examples/38_comprehensive_execution.rb:101:in 'block (2 levels) in 
<class:ComprehensivePipeline>': undefined local variable or method 'output' for an instance of ComprehensivePipeline 
(NameError)

      output << results

      ^^^^^^
	from C:/workspace/minigun/lib/minigun/stage.rb:109:in 'BasicObject#instance_exec'
	from C:/workspace/minigun/lib/minigun/stage.rb:109:in 'Minigun::AtomicStage#execute'
	from C:/workspace/minigun/lib/minigun/execution/executor.rb:62:in 'Minigun::Execution::Executor#run_stage_logic'
	from C:/workspace/minigun/lib/minigun/execution/executor.rb:99:in 'block in 
Minigun::Execution::ThreadPoolExecutor#execute_with_strategy'
#<Thread:0x000001bb017b3f50 C:/workspace/minigun/lib/minigun/execution/executor.rb:97 run> terminated with exception 
(report_on_exception is true):
E, [2025-10-27T13:41:27.231471 #8588] ERROR -- : [Pipeline:default][Stage:save_to_db] Error: undefined local variable or method 'output' for an instance of ComprehensivePipeline
C:/workspace/minigun/examples/38_comprehensive_execution.rb:101:in 'block (2 levels) in 
<class:ComprehensivePipeline>': undefined local variable or method 'output' for an instance of ComprehensivePipeline 
(NameError)

      output << results

      ^^^^^^
	from C:/workspace/minigun/lib/minigun/stage.rb:109:in 'BasicObject#instance_exec'
	from C:/workspace/minigun/lib/minigun/stage.rb:109:in 'Minigun::AtomicStage#execute'
	from C:/workspace/minigun/lib/minigun/execution/executor.rb:62:in 'Minigun::Execution::Executor#run_stage_logic'
	from C:/workspace/minigun/lib/minigun/execution/executor.rb:99:in 'block in 
Minigun::Execution::ThreadPoolExecutor#execute_with_strategy'
#<Thread:0x000001bb015dc678 C:/workspace/minigun/lib/minigun/execution/executor.rb:97 run> terminated with exception 
(report_on_exception is true):
C:/workspace/minigun/examples/38_comprehensive_execution.rb:101:in 'block (2 levels) in 
<class:ComprehensivePipeline>': undefined local variable or method 'output' for an instance of ComprehensivePipeline 
(NameError)

      output << results

      ^^^^^^
	from C:/workspace/minigun/lib/minigun/stage.rb:109:in 'BasicObject#instance_exec'
	from C:/workspace/minigun/lib/minigun/stage.rb:109:in 'Minigun::AtomicStage#execute'
	from C:/workspace/minigun/lib/minigun/execution/executor.rb:62:in 'Minigun::Execution::Executor#run_stage_logic'
	from C:/workspace/minigun/lib/minigun/execution/executor.rb:99:in 'block in 
Minigun::Execution::ThreadPoolExecutor#execute_with_strategy'
#<Thread:0x000001bb735f4dc8 C:/workspace/minigun/lib/minigun/execution/executor.rb:97 run> terminated with exception 
(report_on_exception is true):
C:/workspace/minigun/examples/38_comprehensive_execution.rb:101:in 'block (2 levels) in 
<class:ComprehensivePipeline>': undefined local variable or method 'output' for an instance of ComprehensivePipeline 
(NameError)

      output << results

      ^^^^^^
	from C:/workspace/minigun/lib/minigun/stage.rb:109:in 'BasicObject#instance_exec'
	from C:/workspace/minigun/lib/minigun/stage.rb:109:in 'Minigun::AtomicStage#execute'
	from C:/workspace/minigun/lib/minigun/execution/executor.rb:62:in 'Minigun::Execution::Executor#run_stage_logic'
	from C:/workspace/minigun/lib/minigun/execution/executor.rb:99:in 'block in 
Minigun::Execution::ThreadPoolExecutor#execute_with_strategy'
#<Thread:0x000001bb74db6218 C:/workspace/minigun/lib/minigun/execution/executor.rb:97 run> terminated with exception 
(report_on_exception is true):
C:/workspace/minigun/examples/38_comprehensive_execution.rb:101:in 'block (2 levels) in 
<class:ComprehensivePipeline>': undefined local variable or method 'output' for an instance of ComprehensivePipeline 
(NameError)

      output << results

      ^^^^^^
	from C:/workspace/minigun/lib/minigun/stage.rb:109:in 'BasicObject#instance_exec'
	from C:/workspace/minigun/lib/minigun/stage.rb:109:in 'Minigun::AtomicStage#execute'
	from C:/workspace/minigun/lib/minigun/execution/executor.rb:62:in 'Minigun::Execution::Executor#run_stage_logic'
	from C:/workspace/minigun/lib/minigun/execution/executor.rb:99:in 'block in 
Minigun::Execution::ThreadPoolExecutor#execute_with_strategy'
#<Thread:0x000001bb74c110c0 C:/workspace/minigun/lib/minigun/execution/executor.rb:97 run> terminated with exception 
(report_on_exception is true):
C:/workspace/minigun/examples/38_comprehensive_execution.rb:101:in 'block (2 levels) in 
<class:ComprehensivePipeline>': undefined local variable or method 'output' for an instance of ComprehensivePipeline 
(NameError)

      output << results

      ^^^^^^
	from C:/workspace/minigun/lib/minigun/stage.rb:109:in 'BasicObject#instance_exec'
	from C:/workspace/minigun/lib/minigun/stage.rb:109:in 'Minigun::AtomicStage#execute'
	from C:/workspace/minigun/lib/minigun/execution/executor.rb:62:in 'Minigun::Execution::Executor#run_stage_logic'
	from C:/workspace/minigun/lib/minigun/execution/executor.rb:99:in 'block in 
Minigun::Execution::ThreadPoolExecutor#execute_with_strategy'
#<Thread:0x000001bb74ab8778 C:/workspace/minigun/lib/minigun/execution/executor.rb:97 run> terminated with exception 
(report_on_exception is true):
C:/workspace/minigun/examples/38_comprehensive_execution.rb:101:in 'block (2 levels) in 
<class:ComprehensivePipeline>': undefined local variable or method 'output' for an instance of ComprehensivePipeline 
(NameError)

      output << results

      ^^^^^^
	from C:/workspace/minigun/lib/minigun/stage.rb:109:in 'BasicObject#instance_exec'
	from C:/workspace/minigun/lib/minigun/stage.rb:109:in 'Minigun::AtomicStage#execute'
	from C:/workspace/minigun/lib/minigun/execution/executor.rb:62:in 'Minigun::Execution::Executor#run_stage_logic'
	from C:/workspace/minigun/lib/minigun/execution/executor.rb:99:in 'block in 
Minigun::Execution::ThreadPoolExecutor#execute_with_strategy'
#<Thread:0x000001bb74a38410 C:/workspace/minigun/lib/minigun/execution/executor.rb:97 run> terminated with exception 
(report_on_exception is true):
C:/workspace/minigun/examples/38_comprehensive_execution.rb:101:in 'block (2 levels) in 
<class:ComprehensivePipeline>': undefined local variable or method 'output' for an instance of ComprehensivePipeline 
(NameError)

      output << results

      ^^^^^^
	from C:/workspace/minigun/lib/minigun/stage.rb:109:in 'BasicObject#instance_exec'
	from C:/workspace/minigun/lib/minigun/stage.rb:109:in 'Minigun::AtomicStage#execute'
	from C:/workspace/minigun/lib/minigun/execution/executor.rb:62:in 'Minigun::Execution::Executor#run_stage_logic'
	from C:/workspace/minigun/lib/minigun/execution/executor.rb:99:in 'block in 
Minigun::Execution::ThreadPoolExecutor#execute_with_strategy'
E, [2025-10-27T13:41:27.231508 #8588] ERROR -- : C:/workspace/minigun/examples/38_comprehensive_execution.rb:101:in 'block (2 levels) in <class:ComprehensivePipeline>'
C:/workspace/minigun/lib/minigun/stage.rb:109:in 'BasicObject#instance_exec'
C:/workspace/minigun/lib/minigun/stage.rb:109:in 'Minigun::AtomicStage#execute'
C:/workspace/minigun/lib/minigun/execution/executor.rb:62:in 'Minigun::Execution::Executor#run_stage_logic'
C:/workspace/minigun/lib/minigun/execution/executor.rb:99:in 'block in Minigun::Execution::ThreadPoolExecutor#execute_with_strategy'
E, [2025-10-27T13:41:27.232934 #8588] ERROR -- : [Pipeline:default][Stage:save_to_db] Error: undefined local variable or method 'output' for an instance of ComprehensivePipeline
E, [2025-10-27T13:41:27.232979 #8588] ERROR -- : C:/workspace/minigun/examples/38_comprehensive_execution.rb:101:in 'block (2 levels) in <class:ComprehensivePipeline>'
C:/workspace/minigun/lib/minigun/stage.rb:109:in 'BasicObject#instance_exec'
C:/workspace/minigun/lib/minigun/stage.rb:109:in 'Minigun::AtomicStage#execute'
C:/workspace/minigun/lib/minigun/execution/executor.rb:62:in 'Minigun::Execution::Executor#run_stage_logic'
C:/workspace/minigun/lib/minigun/execution/executor.rb:99:in 'block in Minigun::Execution::ThreadPoolExecutor#execute_with_strategy'
E, [2025-10-27T13:41:27.234416 #8588] ERROR -- : [Pipeline:default][Stage:save_to_db] Error: undefined local variable or method 'output' for an instance of ComprehensivePipeline
E, [2025-10-27T13:41:27.234449 #8588] ERROR -- : C:/workspace/minigun/examples/38_comprehensive_execution.rb:101:in 'block (2 levels) in <class:ComprehensivePipeline>'
C:/workspace/minigun/lib/minigun/stage.rb:109:in 'BasicObject#instance_exec'
C:/workspace/minigun/lib/minigun/stage.rb:109:in 'Minigun::AtomicStage#execute'
C:/workspace/minigun/lib/minigun/execution/executor.rb:62:in 'Minigun::Execution::Executor#run_stage_logic'
C:/workspace/minigun/lib/minigun/execution/executor.rb:99:in 'block in Minigun::Execution::ThreadPoolExecutor#execute_with_strategy'
E, [2025-10-27T13:41:27.235872 #8588] ERROR -- : [Pipeline:default][Stage:save_to_db] Error: undefined local variable or method 'output' for an instance of ComprehensivePipeline
E, [2025-10-27T13:41:27.235912 #8588] ERROR -- : C:/workspace/minigun/examples/38_comprehensive_execution.rb:101:in 'block (2 levels) in <class:ComprehensivePipeline>'
C:/workspace/minigun/lib/minigun/stage.rb:109:in 'BasicObject#instance_exec'
C:/workspace/minigun/lib/minigun/stage.rb:109:in 'Minigun::AtomicStage#execute'
C:/workspace/minigun/lib/minigun/execution/executor.rb:62:in 'Minigun::Execution::Executor#run_stage_logic'
C:/workspace/minigun/lib/minigun/execution/executor.rb:99:in 'block in Minigun::Execution::ThreadPoolExecutor#execute_with_strategy'
E, [2025-10-27T13:41:27.237348 #8588] ERROR -- : [Pipeline:default][Stage:save_to_db] Error: undefined local variable or method 'output' for an instance of ComprehensivePipeline
E, [2025-10-27T13:41:27.237387 #8588] ERROR -- : C:/workspace/minigun/examples/38_comprehensive_execution.rb:101:in 'block (2 levels) in <class:ComprehensivePipeline>'
C:/workspace/minigun/lib/minigun/stage.rb:109:in 'BasicObject#instance_exec'
C:/workspace/minigun/lib/minigun/stage.rb:109:in 'Minigun::AtomicStage#execute'
C:/workspace/minigun/lib/minigun/execution/executor.rb:62:in 'Minigun::Execution::Executor#run_stage_logic'
C:/workspace/minigun/lib/minigun/execution/executor.rb:99:in 'block in Minigun::Execution::ThreadPoolExecutor#execute_with_strategy'
E, [2025-10-27T13:41:27.238873 #8588] ERROR -- : [Pipeline:default][Stage:save_to_db] Error: undefined local variable or method 'output' for an instance of ComprehensivePipeline
E, [2025-10-27T13:41:27.238931 #8588] ERROR -- : C:/workspace/minigun/examples/38_comprehensive_execution.rb:101:in 'block (2 levels) in <class:ComprehensivePipeline>'
C:/workspace/minigun/lib/minigun/stage.rb:109:in 'BasicObject#instance_exec'
C:/workspace/minigun/lib/minigun/stage.rb:109:in 'Minigun::AtomicStage#execute'
C:/workspace/minigun/lib/minigun/execution/executor.rb:62:in 'Minigun::Execution::Executor#run_stage_logic'
C:/workspace/minigun/lib/minigun/execution/executor.rb:99:in 'block in Minigun::Execution::ThreadPoolExecutor#execute_with_strategy'
E, [2025-10-27T13:41:27.241097 #8588] ERROR -- : [Pipeline:default][Stage:save_to_db] Error: undefined local variable or method 'output' for an instance of ComprehensivePipeline
E, [2025-10-27T13:41:27.241138 #8588] ERROR -- : C:/workspace/minigun/examples/38_comprehensive_execution.rb:101:in 'block (2 levels) in <class:ComprehensivePipeline>'
C:/workspace/minigun/lib/minigun/stage.rb:109:in 'BasicObject#instance_exec'
C:/workspace/minigun/lib/minigun/stage.rb:109:in 'Minigun::AtomicStage#execute'
C:/workspace/minigun/lib/minigun/execution/executor.rb:62:in 'Minigun::Execution::Executor#run_stage_logic'
C:/workspace/minigun/lib/minigun/execution/executor.rb:99:in 'block in Minigun::Execution::ThreadPoolExecutor#execute_with_strategy'
E, [2025-10-27T13:41:27.242712 #8588] ERROR -- : [Pipeline:default][Stage:save_to_db] Error: undefined local variable or method 'output' for an instance of ComprehensivePipeline
E, [2025-10-27T13:41:27.242753 #8588] ERROR -- : C:/workspace/minigun/examples/38_comprehensive_execution.rb:101:in 'block (2 levels) in <class:ComprehensivePipeline>'
C:/workspace/minigun/lib/minigun/stage.rb:109:in 'BasicObject#instance_exec'
C:/workspace/minigun/lib/minigun/stage.rb:109:in 'Minigun::AtomicStage#execute'
C:/workspace/minigun/lib/minigun/execution/executor.rb:62:in 'Minigun::Execution::Executor#run_stage_logic'
C:/workspace/minigun/lib/minigun/execution/executor.rb:99:in 'block in Minigun::Execution::ThreadPoolExecutor#execute_with_strategy'
E, [2025-10-27T13:41:27.246441 #8588] ERROR -- : [Pipeline:default][Stage:save_to_db] Error: undefined local variable or method 'output' for an instance of ComprehensivePipeline
E, [2025-10-27T13:41:27.246475 #8588] ERROR -- : C:/workspace/minigun/examples/38_comprehensive_execution.rb:101:in 'block (2 levels) in <class:ComprehensivePipeline>'
C:/workspace/minigun/lib/minigun/stage.rb:109:in 'BasicObject#instance_exec'
C:/workspace/minigun/lib/minigun/stage.rb:109:in 'Minigun::AtomicStage#execute'
C:/workspace/minigun/lib/minigun/execution/executor.rb:62:in 'Minigun::Execution::Executor#run_stage_logic'
C:/workspace/minigun/lib/minigun/execution/executor.rb:99:in 'block in Minigun::Execution::ThreadPoolExecutor#execute_with_strategy'
E, [2025-10-27T13:41:27.248034 #8588] ERROR -- : [Pipeline:default][Stage:save_to_db] Error: undefined local variable or method 'output' for an instance of ComprehensivePipeline
E, [2025-10-27T13:41:27.248078 #8588] ERROR -- : C:/workspace/minigun/examples/38_comprehensive_execution.rb:101:in 'block (2 levels) in <class:ComprehensivePipeline>'
C:/workspace/minigun/lib/minigun/stage.rb:109:in 'BasicObject#instance_exec'
C:/workspace/minigun/lib/minigun/stage.rb:109:in 'Minigun::AtomicStage#execute'
C:/workspace/minigun/lib/minigun/execution/executor.rb:62:in 'Minigun::Execution::Executor#run_stage_logic'
C:/workspace/minigun/lib/minigun/execution/executor.rb:99:in 'block in Minigun::Execution::ThreadPoolExecutor#execute_with_strategy'
E, [2025-10-27T13:41:27.249586 #8588] ERROR -- : [Pipeline:default][Stage:save_to_db] Error: undefined local variable or method 'output' for an instance of ComprehensivePipeline
E, [2025-10-27T13:41:27.249632 #8588] ERROR -- : C:/workspace/minigun/examples/38_comprehensive_execution.rb:101:in 'block (2 levels) in <class:ComprehensivePipeline>'
C:/workspace/minigun/lib/minigun/stage.rb:109:in 'BasicObject#instance_exec'
C:/workspace/minigun/lib/minigun/stage.rb:109:in 'Minigun::AtomicStage#execute'
C:/workspace/minigun/lib/minigun/execution/executor.rb:62:in 'Minigun::Execution::Executor#run_stage_logic'
C:/workspace/minigun/lib/minigun/execution/executor.rb:99:in 'block in Minigun::Execution::ThreadPoolExecutor#execute_with_strategy'
E, [2025-10-27T13:41:27.251132 #8588] ERROR -- : [Pipeline:default][Stage:save_to_db] Error: undefined local variable or method 'output' for an instance of ComprehensivePipeline
E, [2025-10-27T13:41:27.251180 #8588] ERROR -- : C:/workspace/minigun/examples/38_comprehensive_execution.rb:101:in 'block (2 levels) in <class:ComprehensivePipeline>'
C:/workspace/minigun/lib/minigun/stage.rb:109:in 'BasicObject#instance_exec'
C:/workspace/minigun/lib/minigun/stage.rb:109:in 'Minigun::AtomicStage#execute'
C:/workspace/minigun/lib/minigun/execution/executor.rb:62:in 'Minigun::Execution::Executor#run_stage_logic'
C:/workspace/minigun/lib/minigun/execution/executor.rb:99:in 'block in Minigun::Execution::ThreadPoolExecutor#execute_with_strategy'
E, [2025-10-27T13:41:27.252543 #8588] ERROR -- : [Pipeline:default][Stage:save_to_db] Error: undefined local variable or method 'output' for an instance of ComprehensivePipeline
E, [2025-10-27T13:41:27.252585 #8588] ERROR -- : C:/workspace/minigun/examples/38_comprehensive_execution.rb:101:in 'block (2 levels) in <class:ComprehensivePipeline>'
C:/workspace/minigun/lib/minigun/stage.rb:109:in 'BasicObject#instance_exec'
C:/workspace/minigun/lib/minigun/stage.rb:109:in 'Minigun::AtomicStage#execute'
C:/workspace/minigun/lib/minigun/execution/executor.rb:62:in 'Minigun::Execution::Executor#run_stage_logic'
C:/workspace/minigun/lib/minigun/execution/executor.rb:99:in 'block in Minigun::Execution::ThreadPoolExecutor#execute_with_strategy'
#<Thread:0x000001bb74b5e8d0 C:/workspace/minigun/lib/minigun/execution/executor.rb:97 run> terminated with exception 
(report_on_exception is true):
C:/workspace/minigun/examples/38_comprehensive_execution.rb:101:in 'block (2 levels) in 
<class:ComprehensivePipeline>': undefined local variable or method 'output' for an instance of ComprehensivePipeline 
(NameError)

      output << results

      ^^^^^^
	from C:/workspace/minigun/lib/minigun/stage.rb:109:in 'BasicObject#instance_exec'
	from C:/workspace/minigun/lib/minigun/stage.rb:109:in 'Minigun::AtomicStage#execute'
	from C:/workspace/minigun/lib/minigun/execution/executor.rb:62:in 'Minigun::Execution::Executor#run_stage_logic'
	from C:/workspace/minigun/lib/minigun/execution/executor.rb:99:in 'block in 
Minigun::Execution::ThreadPoolExecutor#execute_with_strategy'
#<Thread:0x000001bb74bdff48 C:/workspace/minigun/lib/minigun/execution/executor.rb:97 run> terminated with exception 
(report_on_exception is true):
C:/workspace/minigun/examples/38_comprehensive_execution.rb:101:in 'block (2 levels) in 
<class:ComprehensivePipeline>': undefined local variable or method 'output' for an instance of ComprehensivePipeline 
(NameError)

      output << results

      ^^^^^^
	from C:/workspace/minigun/lib/minigun/stage.rb:109:in 'BasicObject#instance_exec'
	from C:/workspace/minigun/lib/minigun/stage.rb:109:in 'Minigun::AtomicStage#execute'
	from C:/workspace/minigun/lib/minigun/execution/executor.rb:62:in 'Minigun::Execution::Executor#run_stage_logic'
	from C:/workspace/minigun/lib/minigun/execution/executor.rb:99:in 'block in 
Minigun::Execution::ThreadPoolExecutor#execute_with_strategy'
#<Thread:0x000001bb74d12578 C:/workspace/minigun/lib/minigun/execution/executor.rb:97 run> terminated with exception 
(report_on_exception is true):
C:/workspace/minigun/examples/38_comprehensive_execution.rb:101:in 'block (2 levels) in 
<class:ComprehensivePipeline>': undefined local variable or method 'output' for an instance of ComprehensivePipeline 
(NameError)

      output << results

      ^^^^^^
	from C:/workspace/minigun/lib/minigun/stage.rb:109:in 'BasicObject#instance_exec'
	from C:/workspace/minigun/lib/minigun/stage.rb:109:in 'Minigun::AtomicStage#execute'
	from C:/workspace/minigun/lib/minigun/execution/executor.rb:62:in 'Minigun::Execution::Executor#run_stage_logic'
	from C:/workspace/minigun/lib/minigun/execution/executor.rb:99:in 'block in 
Minigun::Execution::ThreadPoolExecutor#execute_with_strategy'
#<Thread:0x000001bb751720f0 C:/workspace/minigun/lib/minigun/execution/executor.rb:97 run> terminated with exception 
(report_on_exception is true):
C:/workspace/minigun/examples/38_comprehensive_execution.rb:101:in 'block (2 levels) in 
<class:ComprehensivePipeline>': undefined local variable or method 'output' for an instance of ComprehensivePipeline 
(NameError)

      output << results

      ^^^^^^
	from C:/workspace/minigun/lib/minigun/stage.rb:109:in 'BasicObject#instance_exec'
	from C:/workspace/minigun/lib/minigun/stage.rb:109:in 'Minigun::AtomicStage#execute'
	from C:/workspace/minigun/lib/minigun/execution/executor.rb:62:in 'Minigun::Execution::Executor#run_stage_logic'
	from C:/workspace/minigun/lib/minigun/execution/executor.rb:99:in 'block in 
Minigun::Execution::ThreadPoolExecutor#execute_with_strategy'
#<Thread:0x000001bb735ba830 C:/workspace/minigun/lib/minigun/execution/executor.rb:97 run> terminated with exception 
(report_on_exception is true):
C:/workspace/minigun/examples/38_comprehensive_execution.rb:101:in 'block (2 levels) in 
<class:ComprehensivePipeline>': undefined local variable or method 'output' for an instance of ComprehensivePipeline 
(NameError)

      output << results

      ^^^^^^
	from C:/workspace/minigun/lib/minigun/stage.rb:109:in 'BasicObject#instance_exec'
	from C:/workspace/minigun/lib/minigun/stage.rb:109:in 'Minigun::AtomicStage#execute'
	from C:/workspace/minigun/lib/minigun/execution/executor.rb:62:in 'Minigun::Execution::Executor#run_stage_logic'
	from C:/workspace/minigun/lib/minigun/execution/executor.rb:99:in 'block in 
Minigun::Execution::ThreadPoolExecutor#execute_with_strategy'
#<Thread:0x000001bb752b2f78 C:/workspace/minigun/lib/minigun/execution/executor.rb:97 run> terminated with exception 
(report_on_exception is true):
C:/workspace/minigun/examples/38_comprehensive_execution.rb:101:in 'block (2 levels) in 
<class:ComprehensivePipeline>': undefined local variable or method 'output' for an instance of ComprehensivePipeline 
(NameError)

      output << results

      ^^^^^^
	from C:/workspace/minigun/lib/minigun/stage.rb:109:in 'BasicObject#instance_exec'
	from C:/workspace/minigun/lib/minigun/stage.rb:109:in 'Minigun::AtomicStage#execute'
	from C:/workspace/minigun/lib/minigun/execution/executor.rb:62:in 'Minigun::Execution::Executor#run_stage_logic'
	from C:/workspace/minigun/lib/minigun/execution/executor.rb:99:in 'block in 
Minigun::Execution::ThreadPoolExecutor#execute_with_strategy'
#<Thread:0x000001bb7363b688 C:/workspace/minigun/lib/minigun/execution/executor.rb:97 run> terminated with exception 
(report_on_exception is true):
C:/workspace/minigun/examples/38_comprehensive_execution.rb:101:in 'block (2 levels) in 
<class:ComprehensivePipeline>': undefined local variable or method 'output' for an instance of ComprehensivePipeline 
(NameError)

      output << results

      ^^^^^^
	from C:/workspace/minigun/lib/minigun/stage.rb:109:in 'BasicObject#instance_exec'
	from C:/workspace/minigun/lib/minigun/stage.rb:109:in 'Minigun::AtomicStage#execute'
	from C:/workspace/minigun/lib/minigun/execution/executor.rb:62:in 'Minigun::Execution::Executor#run_stage_logic'
	from C:/workspace/minigun/lib/minigun/execution/executor.rb:99:in 'block in 
Minigun::Execution::ThreadPoolExecutor#execute_with_strategy'
#<Thread:0x000001bb01673de8 C:/workspace/minigun/lib/minigun/execution/executor.rb:97 run> terminated with exception 
(report_on_exception is true):
C:/workspace/minigun/examples/38_comprehensive_execution.rb:101:in 'block (2 levels) in 
<class:ComprehensivePipeline>': undefined local variable or method 'output' for an instance of ComprehensivePipeline 
(NameError)

      output << results

      ^^^^^^
	from C:/workspace/minigun/lib/minigun/stage.rb:109:in 'BasicObject#instance_exec'
	from C:/workspace/minigun/lib/minigun/stage.rb:109:in 'Minigun::AtomicStage#execute'
	from C:/workspace/minigun/lib/minigun/execution/executor.rb:62:in 'Minigun::Execution::Executor#run_stage_logic'
	from C:/workspace/minigun/lib/minigun/execution/executor.rb:99:in 'block in 
Minigun::Execution::ThreadPoolExecutor#execute_with_strategy'
#<Thread:0x000001bb0177c500 C:/workspace/minigun/lib/minigun/execution/executor.rb:97 run> terminated with exception 
(report_on_exception is true):
C:/workspace/minigun/examples/38_comprehensive_execution.rb:101:in 'block (2 levels) in 
<class:ComprehensivePipeline>': undefined local variable or method 'output' for an instance of ComprehensivePipeline 
(NameError)

      output << results

      ^^^^^^
	from C:/workspace/minigun/lib/minigun/stage.rb:109:in 'BasicObject#instance_exec'
	from C:/workspace/minigun/lib/minigun/stage.rb:109:in 'Minigun::AtomicStage#execute'
	from C:/workspace/minigun/lib/minigun/execution/executor.rb:62:in 'Minigun::Execution::Executor#run_stage_logic'
	from C:/workspace/minigun/lib/minigun/execution/executor.rb:99:in 'block in 
Minigun::Execution::ThreadPoolExecutor#execute_with_strategy'
#<Thread:0x000001bb01844c30 C:/workspace/minigun/lib/minigun/execution/executor.rb:97 run> terminated with exception 
(report_on_exception is true):
C:/workspace/minigun/examples/38_comprehensive_execution.rb:101:in 'block (2 levels) in 
<class:ComprehensivePipeline>': undefined local variable or method 'output' for an instance of ComprehensivePipeline 
(NameError)

      output << results

      ^^^^^^
	from C:/workspace/minigun/lib/minigun/stage.rb:109:in 'BasicObject#instance_exec'
	from C:/workspace/minigun/lib/minigun/stage.rb:109:in 'Minigun::AtomicStage#execute'
	from C:/workspace/minigun/lib/minigun/execution/executor.rb:62:in 'Minigun::Execution::Executor#run_stage_logic'
	from C:/workspace/minigun/lib/minigun/execution/executor.rb:99:in 'block in 
Minigun::Execution::ThreadPoolExecutor#execute_with_strategy'
#<Thread:0x000001bb0171d370 C:/workspace/minigun/lib/minigun/execution/executor.rb:97 run> terminated with exception 
(report_on_exception is true):
C:/workspace/minigun/examples/38_comprehensive_execution.rb:101:in 'block (2 levels) in 
<class:ComprehensivePipeline>': undefined local variable or method 'output' for an instance of ComprehensivePipeline 
(NameError)

      output << results

      ^^^^^^
	from C:/workspace/minigun/lib/minigun/stage.rb:109:in 'BasicObject#instance_exec'
	from C:/workspace/minigun/lib/minigun/stage.rb:109:in 'Minigun::AtomicStage#execute'
	from C:/workspace/minigun/lib/minigun/execution/executor.rb:62:in 'Minigun::Execution::Executor#run_stage_logic'
	from C:/workspace/minigun/lib/minigun/execution/executor.rb:99:in 'block in 
Minigun::Execution::ThreadPoolExecutor#execute_with_strategy'
E, [2025-10-27T13:41:27.257117 #8588] ERROR -- : [Pipeline:default][Stage:save_to_db] Error: undefined local variable or method 'output' for an instance of ComprehensivePipeline
E, [2025-10-27T13:41:27.257159 #8588] ERROR -- : C:/workspace/minigun/examples/38_comprehensive_execution.rb:101:in 'block (2 levels) in <class:ComprehensivePipeline>'
C:/workspace/minigun/lib/minigun/stage.rb:109:in 'BasicObject#instance_exec'
C:/workspace/minigun/lib/minigun/stage.rb:109:in 'Minigun::AtomicStage#execute'
C:/workspace/minigun/lib/minigun/execution/executor.rb:62:in 'Minigun::Execution::Executor#run_stage_logic'
C:/workspace/minigun/lib/minigun/execution/executor.rb:99:in 'block in Minigun::Execution::ThreadPoolExecutor#execute_with_strategy'
E, [2025-10-27T13:41:27.258572 #8588] ERROR -- : [Pipeline:default][Stage:save_to_db] Error: undefined local variable or method 'output' for an instance of ComprehensivePipeline
E, [2025-10-27T13:41:27.258599 #8588] ERROR -- : C:/workspace/minigun/examples/38_comprehensive_execution.rb:101:in 'block (2 levels) in <class:ComprehensivePipeline>'
C:/workspace/minigun/lib/minigun/stage.rb:109:in 'BasicObject#instance_exec'
C:/workspace/minigun/lib/minigun/stage.rb:109:in 'Minigun::AtomicStage#execute'
C:/workspace/minigun/lib/minigun/execution/executor.rb:62:in 'Minigun::Execution::Executor#run_stage_logic'
C:/workspace/minigun/lib/minigun/execution/executor.rb:99:in 'block in Minigun::Execution::ThreadPoolExecutor#execute_with_strategy'
E, [2025-10-27T13:41:27.260097 #8588] ERROR -- : [Pipeline:default][Stage:save_to_db] Error: undefined local variable or method 'output' for an instance of ComprehensivePipeline
E, [2025-10-27T13:41:27.260129 #8588] ERROR -- : C:/workspace/minigun/examples/38_comprehensive_execution.rb:101:in 'block (2 levels) in <class:ComprehensivePipeline>'
C:/workspace/minigun/lib/minigun/stage.rb:109:in 'BasicObject#instance_exec'
C:/workspace/minigun/lib/minigun/stage.rb:109:in 'Minigun::AtomicStage#execute'
C:/workspace/minigun/lib/minigun/execution/executor.rb:62:in 'Minigun::Execution::Executor#run_stage_logic'
C:/workspace/minigun/lib/minigun/execution/executor.rb:99:in 'block in Minigun::Execution::ThreadPoolExecutor#execute_with_strategy'
E, [2025-10-27T13:41:27.261597 #8588] ERROR -- : [Pipeline:default][Stage:save_to_db] Error: undefined local variable or method 'output' for an instance of ComprehensivePipeline
E, [2025-10-27T13:41:27.261632 #8588] ERROR -- : C:/workspace/minigun/examples/38_comprehensive_execution.rb:101:in 'block (2 levels) in <class:ComprehensivePipeline>'
C:/workspace/minigun/lib/minigun/stage.rb:109:in 'BasicObject#instance_exec'
C:/workspace/minigun/lib/minigun/stage.rb:109:in 'Minigun::AtomicStage#execute'
C:/workspace/minigun/lib/minigun/execution/executor.rb:62:in 'Minigun::Execution::Executor#run_stage_logic'
C:/workspace/minigun/lib/minigun/execution/executor.rb:99:in 'block in Minigun::Execution::ThreadPoolExecutor#execute_with_strategy'
E, [2025-10-27T13:41:27.263048 #8588] ERROR -- : [Pipeline:default][Stage:save_to_db] Error: undefined local variable or method 'output' for an instance of ComprehensivePipeline
E, [2025-10-27T13:41:27.263090 #8588] ERROR -- : C:/workspace/minigun/examples/38_comprehensive_execution.rb:101:in 'block (2 levels) in <class:ComprehensivePipeline>'
C:/workspace/minigun/lib/minigun/stage.rb:109:in 'BasicObject#instance_exec'
C:/workspace/minigun/lib/minigun/stage.rb:109:in 'Minigun::AtomicStage#execute'
C:/workspace/minigun/lib/minigun/execution/executor.rb:62:in 'Minigun::Execution::Executor#run_stage_logic'
C:/workspace/minigun/lib/minigun/execution/executor.rb:99:in 'block in Minigun::Execution::ThreadPoolExecutor#execute_with_strategy'
E, [2025-10-27T13:41:27.264505 #8588] ERROR -- : [Pipeline:default][Stage:save_to_db] Error: undefined local variable or method 'output' for an instance of ComprehensivePipeline
E, [2025-10-27T13:41:27.264579 #8588] ERROR -- : C:/workspace/minigun/examples/38_comprehensive_execution.rb:101:in 'block (2 levels) in <class:ComprehensivePipeline>'
C:/workspace/minigun/lib/minigun/stage.rb:109:in 'BasicObject#instance_exec'
C:/workspace/minigun/lib/minigun/stage.rb:109:in 'Minigun::AtomicStage#execute'
C:/workspace/minigun/lib/minigun/execution/executor.rb:62:in 'Minigun::Execution::Executor#run_stage_logic'
C:/workspace/minigun/lib/minigun/execution/executor.rb:99:in 'block in Minigun::Execution::ThreadPoolExecutor#execute_with_strategy'
E, [2025-10-27T13:41:27.266581 #8588] ERROR -- : [Pipeline:default][Stage:save_to_db] Error: undefined local variable or method 'output' for an instance of ComprehensivePipeline
E, [2025-10-27T13:41:27.266621 #8588] ERROR -- : C:/workspace/minigun/examples/38_comprehensive_execution.rb:101:in 'block (2 levels) in <class:ComprehensivePipeline>'
C:/workspace/minigun/lib/minigun/stage.rb:109:in 'BasicObject#instance_exec'
C:/workspace/minigun/lib/minigun/stage.rb:109:in 'Minigun::AtomicStage#execute'
C:/workspace/minigun/lib/minigun/execution/executor.rb:62:in 'Minigun::Execution::Executor#run_stage_logic'
C:/workspace/minigun/lib/minigun/execution/executor.rb:99:in 'block in Minigun::Execution::ThreadPoolExecutor#execute_with_strategy'
E, [2025-10-27T13:41:27.268008 #8588] ERROR -- : [Pipeline:default][Stage:save_to_db] Error: undefined local variable or method 'output' for an instance of ComprehensivePipeline
E, [2025-10-27T13:41:27.268057 #8588] ERROR -- : C:/workspace/minigun/examples/38_comprehensive_execution.rb:101:in 'block (2 levels) in <class:ComprehensivePipeline>'
C:/workspace/minigun/lib/minigun/stage.rb:109:in 'BasicObject#instance_exec'
C:/workspace/minigun/lib/minigun/stage.rb:109:in 'Minigun::AtomicStage#execute'
C:/workspace/minigun/lib/minigun/execution/executor.rb:62:in 'Minigun::Execution::Executor#run_stage_logic'
C:/workspace/minigun/lib/minigun/execution/executor.rb:99:in 'block in Minigun::Execution::ThreadPoolExecutor#execute_with_strategy'
E, [2025-10-27T13:41:27.269439 #8588] ERROR -- : [Pipeline:default][Stage:save_to_db] Error: undefined local variable or method 'output' for an instance of ComprehensivePipeline
E, [2025-10-27T13:41:27.269476 #8588] ERROR -- : C:/workspace/minigun/examples/38_comprehensive_execution.rb:101:in 'block (2 levels) in <class:ComprehensivePipeline>'
C:/workspace/minigun/lib/minigun/stage.rb:109:in 'BasicObject#instance_exec'
C:/workspace/minigun/lib/minigun/stage.rb:109:in 'Minigun::AtomicStage#execute'
C:/workspace/minigun/lib/minigun/execution/executor.rb:62:in 'Minigun::Execution::Executor#run_stage_logic'
C:/workspace/minigun/lib/minigun/execution/executor.rb:99:in 'block in Minigun::Execution::ThreadPoolExecutor#execute_with_strategy'
#<Thread:0x000001bb017b5ad0 C:/workspace/minigun/lib/minigun/execution/executor.rb:97 run> terminated with exception 
(report_on_exception is true):
C:/workspace/minigun/examples/38_comprehensive_execution.rb:101:in 'block (2 levels) in 
<class:ComprehensivePipeline>': undefined local variable or method 'output' for an instance of ComprehensivePipeline 
(NameError)

      output << results

      ^^^^^^
	from C:/workspace/minigun/lib/minigun/stage.rb:109:in 'BasicObject#instance_exec'
	from C:/workspace/minigun/lib/minigun/stage.rb:109:in 'Minigun::AtomicStage#execute'
	from C:/workspace/minigun/lib/minigun/execution/executor.rb:62:in 'Minigun::Execution::Executor#run_stage_logic'
	from C:/workspace/minigun/lib/minigun/execution/executor.rb:99:in 'block in 
Minigun::Execution::ThreadPoolExecutor#execute_with_strategy'
#<Thread:0x000001bb015de1f8 C:/workspace/minigun/lib/minigun/execution/executor.rb:97 run> terminated with exception 
(report_on_exception is true):
C:/workspace/minigun/examples/38_comprehensive_execution.rb:101:in 'block (2 levels) in 
<class:ComprehensivePipeline>': undefined local variable or method 'output' for an instance of ComprehensivePipeline 
(NameError)

      output << results

      ^^^^^^
	from C:/workspace/minigun/lib/minigun/stage.rb:109:in 'BasicObject#instance_exec'
	from C:/workspace/minigun/lib/minigun/stage.rb:109:in 'Minigun::AtomicStage#execute'
	from C:/workspace/minigun/lib/minigun/execution/executor.rb:62:in 'Minigun::Execution::Executor#run_stage_logic'
	from C:/workspace/minigun/lib/minigun/execution/executor.rb:99:in 'block in 
Minigun::Execution::ThreadPoolExecutor#execute_with_strategy'
#<Thread:0x000001bb735f6948 C:/workspace/minigun/lib/minigun/execution/executor.rb:97 run> terminated with exception 
(report_on_exception is true):
C:/workspace/minigun/examples/38_comprehensive_execution.rb:101:in 'block (2 levels) in 
<class:ComprehensivePipeline>': undefined local variable or method 'output' for an instance of ComprehensivePipeline 
(NameError)

      output << results

      ^^^^^^
	from C:/workspace/minigun/lib/minigun/stage.rb:109:in 'BasicObject#instance_exec'
	from C:/workspace/minigun/lib/minigun/stage.rb:109:in 'Minigun::AtomicStage#execute'
	from C:/workspace/minigun/lib/minigun/execution/executor.rb:62:in 'Minigun::Execution::Executor#run_stage_logic'
	from C:/workspace/minigun/lib/minigun/execution/executor.rb:99:in 'block in 
Minigun::Execution::ThreadPoolExecutor#execute_with_strategy'
#<Thread:0x000001bb74dbacf0 C:/workspace/minigun/lib/minigun/execution/executor.rb:97 run> terminated with exception 
(report_on_exception is true):
C:/workspace/minigun/examples/38_comprehensive_execution.rb:101:in 'block (2 levels) in 
<class:ComprehensivePipeline>': undefined local variable or method 'output' for an instance of ComprehensivePipeline 
(NameError)

      output << results

      ^^^^^^
	from C:/workspace/minigun/lib/minigun/stage.rb:109:in 'BasicObject#instance_exec'
	from C:/workspace/minigun/lib/minigun/stage.rb:109:in 'Minigun::AtomicStage#execute'
	from C:/workspace/minigun/lib/minigun/execution/executor.rb:62:in 'Minigun::Execution::Executor#run_stage_logic'
	from C:/workspace/minigun/lib/minigun/execution/executor.rb:99:in 'block in 
Minigun::Execution::ThreadPoolExecutor#execute_with_strategy'
#<Thread:0x000001bb74c16b88 C:/workspace/minigun/lib/minigun/execution/executor.rb:97 run> terminated with exception 
(report_on_exception is true):
C:/workspace/minigun/examples/38_comprehensive_execution.rb:101:in 'block (2 levels) in 
<class:ComprehensivePipeline>': undefined local variable or method 'output' for an instance of ComprehensivePipeline 
(NameError)

      output << results

      ^^^^^^
	from C:/workspace/minigun/lib/minigun/stage.rb:109:in 'BasicObject#instance_exec'
	from C:/workspace/minigun/lib/minigun/stage.rb:109:in 'Minigun::AtomicStage#execute'
	from C:/workspace/minigun/lib/minigun/execution/executor.rb:62:in 'Minigun::Execution::Executor#run_stage_logic'
	from C:/workspace/minigun/lib/minigun/execution/executor.rb:99:in 'block in 
Minigun::Execution::ThreadPoolExecutor#execute_with_strategy'
#<Thread:0x000001bb74ab87a0 C:/workspace/minigun/lib/minigun/execution/executor.rb:97 run> terminated with exception 
(report_on_exception is true):
C:/workspace/minigun/examples/38_comprehensive_execution.rb:101:in 'block (2 levels) in 
<class:ComprehensivePipeline>': undefined local variable or method 'output' for an instance of ComprehensivePipeline 
(NameError)

      output << results

      ^^^^^^
	from C:/workspace/minigun/lib/minigun/stage.rb:109:in 'BasicObject#instance_exec'
	from C:/workspace/minigun/lib/minigun/stage.rb:109:in 'Minigun::AtomicStage#execute'
	from C:/workspace/minigun/lib/minigun/execution/executor.rb:62:in 'Minigun::Execution::Executor#run_stage_logic'
	from C:/workspace/minigun/lib/minigun/execution/executor.rb:99:in 'block in 
Minigun::Execution::ThreadPoolExecutor#execute_with_strategy'
#<Thread:0x000001bb74a38410 C:/workspace/minigun/lib/minigun/execution/executor.rb:97 run> terminated with exception 
(report_on_exception is true):
C:/workspace/minigun/examples/38_comprehensive_execution.rb:101:in 'block (2 levels) in 
<class:ComprehensivePipeline>': undefined local variable or method 'output' for an instance of ComprehensivePipeline 
(NameError)

      output << results

      ^^^^^^
	from C:/workspace/minigun/lib/minigun/stage.rb:109:in 'BasicObject#instance_exec'
	from C:/workspace/minigun/lib/minigun/stage.rb:109:in 'Minigun::AtomicStage#execute'
	from C:/workspace/minigun/lib/minigun/execution/executor.rb:62:in 'Minigun::Execution::Executor#run_stage_logic'
	from C:/workspace/minigun/lib/minigun/execution/executor.rb:99:in 'block in 
Minigun::Execution::ThreadPoolExecutor#execute_with_strategy'
#<Thread:0x000001bb74b5e8d0 C:/workspace/minigun/lib/minigun/execution/executor.rb:97 run> terminated with exception 
(report_on_exception is true):
C:/workspace/minigun/examples/38_comprehensive_execution.rb:101:in 'block (2 levels) in 
<class:ComprehensivePipeline>': undefined local variable or method 'output' for an instance of ComprehensivePipeline 
(NameError)

      output << results

      ^^^^^^
	from C:/workspace/minigun/lib/minigun/stage.rb:109:in 'BasicObject#instance_exec'
	from C:/workspace/minigun/lib/minigun/stage.rb:109:in 'Minigun::AtomicStage#execute'
	from C:/workspace/minigun/lib/minigun/execution/executor.rb:62:in 'Minigun::Execution::Executor#run_stage_logic'
	from C:/workspace/minigun/lib/minigun/execution/executor.rb:99:in 'block in 
Minigun::Execution::ThreadPoolExecutor#execute_with_strategy'
#<Thread:0x000001bb74bde288 C:/workspace/minigun/lib/minigun/execution/executor.rb:97 run> terminated with exception 
(report_on_exception is true):
C:/workspace/minigun/examples/38_comprehensive_execution.rb:101:in 'block (2 levels) in 
<class:ComprehensivePipeline>': undefined local variable or method 'output' for an instance of ComprehensivePipeline 
(NameError)

      output << results

      ^^^^^^
	from C:/workspace/minigun/lib/minigun/stage.rb:109:in 'BasicObject#instance_exec'
	from C:/workspace/minigun/lib/minigun/stage.rb:109:in 'Minigun::AtomicStage#execute'
	from C:/workspace/minigun/lib/minigun/execution/executor.rb:62:in 'Minigun::Execution::Executor#run_stage_logic'
	from C:/workspace/minigun/lib/minigun/execution/executor.rb:99:in 'block in 
Minigun::Execution::ThreadPoolExecutor#execute_with_strategy'
E, [2025-10-27T13:41:27.270951 #8588] ERROR -- : [Pipeline:default][Stage:save_to_db] Error: undefined local variable or method 'output' for an instance of ComprehensivePipeline
E, [2025-10-27T13:41:27.270986 #8588] ERROR -- : C:/workspace/minigun/examples/38_comprehensive_execution.rb:101:in 'block (2 levels) in <class:ComprehensivePipeline>'
C:/workspace/minigun/lib/minigun/stage.rb:109:in 'BasicObject#instance_exec'
C:/workspace/minigun/lib/minigun/stage.rb:109:in 'Minigun::AtomicStage#execute'
C:/workspace/minigun/lib/minigun/execution/executor.rb:62:in 'Minigun::Execution::Executor#run_stage_logic'
C:/workspace/minigun/lib/minigun/execution/executor.rb:99:in 'block in Minigun::Execution::ThreadPoolExecutor#execute_with_strategy'
E, [2025-10-27T13:41:27.272490 #8588] ERROR -- : [Pipeline:default][Stage:save_to_db] Error: undefined local variable or method 'output' for an instance of ComprehensivePipeline
E, [2025-10-27T13:41:27.272568 #8588] ERROR -- : C:/workspace/minigun/examples/38_comprehensive_execution.rb:101:in 'block (2 levels) in <class:ComprehensivePipeline>'
C:/workspace/minigun/lib/minigun/stage.rb:109:in 'BasicObject#instance_exec'
C:/workspace/minigun/lib/minigun/stage.rb:109:in 'Minigun::AtomicStage#execute'
C:/workspace/minigun/lib/minigun/execution/executor.rb:62:in 'Minigun::Execution::Executor#run_stage_logic'
C:/workspace/minigun/lib/minigun/execution/executor.rb:99:in 'block in Minigun::Execution::ThreadPoolExecutor#execute_with_strategy'
E, [2025-10-27T13:41:27.274825 #8588] ERROR -- : [Pipeline:default][Stage:save_to_db] Error: undefined local variable or method 'output' for an instance of ComprehensivePipeline
E, [2025-10-27T13:41:27.274860 #8588] ERROR -- : C:/workspace/minigun/examples/38_comprehensive_execution.rb:101:in 'block (2 levels) in <class:ComprehensivePipeline>'
C:/workspace/minigun/lib/minigun/stage.rb:109:in 'BasicObject#instance_exec'
C:/workspace/minigun/lib/minigun/stage.rb:109:in 'Minigun::AtomicStage#execute'
C:/workspace/minigun/lib/minigun/execution/executor.rb:62:in 'Minigun::Execution::Executor#run_stage_logic'
C:/workspace/minigun/lib/minigun/execution/executor.rb:99:in 'block in Minigun::Execution::ThreadPoolExecutor#execute_with_strategy'
E, [2025-10-27T13:41:27.276436 #8588] ERROR -- : [Pipeline:default][Stage:save_to_db] Error: undefined local variable or method 'output' for an instance of ComprehensivePipeline
E, [2025-10-27T13:41:27.276480 #8588] ERROR -- : C:/workspace/minigun/examples/38_comprehensive_execution.rb:101:in 'block (2 levels) in <class:ComprehensivePipeline>'
C:/workspace/minigun/lib/minigun/stage.rb:109:in 'BasicObject#instance_exec'
C:/workspace/minigun/lib/minigun/stage.rb:109:in 'Minigun::AtomicStage#execute'
C:/workspace/minigun/lib/minigun/execution/executor.rb:62:in 'Minigun::Execution::Executor#run_stage_logic'
C:/workspace/minigun/lib/minigun/execution/executor.rb:99:in 'block in Minigun::Execution::ThreadPoolExecutor#execute_with_strategy'
E, [2025-10-27T13:41:27.277980 #8588] ERROR -- : [Pipeline:default][Stage:save_to_db] Error: undefined local variable or method 'output' for an instance of ComprehensivePipeline
E, [2025-10-27T13:41:27.278007 #8588] ERROR -- : C:/workspace/minigun/examples/38_comprehensive_execution.rb:101:in 'block (2 levels) in <class:ComprehensivePipeline>'
C:/workspace/minigun/lib/minigun/stage.rb:109:in 'BasicObject#instance_exec'
C:/workspace/minigun/lib/minigun/stage.rb:109:in 'Minigun::AtomicStage#execute'
C:/workspace/minigun/lib/minigun/execution/executor.rb:62:in 'Minigun::Execution::Executor#run_stage_logic'
C:/workspace/minigun/lib/minigun/execution/executor.rb:99:in 'block in Minigun::Execution::ThreadPoolExecutor#execute_with_strategy'
E, [2025-10-27T13:41:27.279568 #8588] ERROR -- : [Pipeline:default][Stage:save_to_db] Error: undefined local variable or method 'output' for an instance of ComprehensivePipeline
E, [2025-10-27T13:41:27.279620 #8588] ERROR -- : C:/workspace/minigun/examples/38_comprehensive_execution.rb:101:in 'block (2 levels) in <class:ComprehensivePipeline>'
C:/workspace/minigun/lib/minigun/stage.rb:109:in 'BasicObject#instance_exec'
C:/workspace/minigun/lib/minigun/stage.rb:109:in 'Minigun::AtomicStage#execute'
C:/workspace/minigun/lib/minigun/execution/executor.rb:62:in 'Minigun::Execution::Executor#run_stage_logic'
C:/workspace/minigun/lib/minigun/execution/executor.rb:99:in 'block in Minigun::Execution::ThreadPoolExecutor#execute_with_strategy'
#<Thread:0x000001bb74d104d0 C:/workspace/minigun/lib/minigun/execution/executor.rb:97 run> terminated with exception 
(report_on_exception is true):
C:/workspace/minigun/examples/38_comprehensive_execution.rb:101:in 'block (2 levels) in 
<class:ComprehensivePipeline>': undefined local variable or method 'output' for an instance of ComprehensivePipeline 
(NameError)

      output << results

      ^^^^^^
	from C:/workspace/minigun/lib/minigun/stage.rb:109:in 'BasicObject#instance_exec'
	from C:/workspace/minigun/lib/minigun/stage.rb:109:in 'Minigun::AtomicStage#execute'
	from C:/workspace/minigun/lib/minigun/execution/executor.rb:62:in 'Minigun::Execution::Executor#run_stage_logic'
	from C:/workspace/minigun/lib/minigun/execution/executor.rb:99:in 'block in 
Minigun::Execution::ThreadPoolExecutor#execute_with_strategy'
#<Thread:0x000001bb75170570 C:/workspace/minigun/lib/minigun/execution/executor.rb:97 run> terminated with exception 
(report_on_exception is true):
E, [2025-10-27T13:41:27.286015 #8588] ERROR -- : [Pipeline:default][Stage:save_to_db] Error: undefined local variable or method 'output' for an instance of ComprehensivePipeline
E, [2025-10-27T13:41:27.286056 #8588] ERROR -- : C:/workspace/minigun/examples/38_comprehensive_execution.rb:101:in 'block (2 levels) in <class:ComprehensivePipeline>'
C:/workspace/minigun/lib/minigun/stage.rb:109:in 'BasicObject#instance_exec'
C:/workspace/minigun/lib/minigun/stage.rb:109:in 'Minigun::AtomicStage#execute'
C:/workspace/minigun/lib/minigun/execution/executor.rb:62:in 'Minigun::Execution::Executor#run_stage_logic'
C:/workspace/minigun/lib/minigun/execution/executor.rb:99:in 'block in Minigun::Execution::ThreadPoolExecutor#execute_with_strategy'
C:/workspace/minigun/examples/38_comprehensive_execution.rb:101:in 'block (2 levels) in 
<class:ComprehensivePipeline>': undefined local variable or method 'output' for an instance of ComprehensivePipeline 
(NameError)

      output << results

      ^^^^^^
	from C:/workspace/minigun/lib/minigun/stage.rb:109:in 'BasicObject#instance_exec'
	from C:/workspace/minigun/lib/minigun/stage.rb:109:in 'Minigun::AtomicStage#execute'
	from C:/workspace/minigun/lib/minigun/execution/executor.rb:62:in 'Minigun::Execution::Executor#run_stage_logic'
	from C:/workspace/minigun/lib/minigun/execution/executor.rb:99:in 'block in 
Minigun::Execution::ThreadPoolExecutor#execute_with_strategy'
#<Thread:0x000001bb735b8cb0 C:/workspace/minigun/lib/minigun/execution/executor.rb:97 run> terminated with exception 
(report_on_exception is true):
C:/workspace/minigun/examples/38_comprehensive_execution.rb:101:in 'block (2 levels) in 
<class:ComprehensivePipeline>': undefined local variable or method 'output' for an instance of ComprehensivePipeline 
(NameError)

      output << results

      ^^^^^^
	from C:/workspace/minigun/lib/minigun/stage.rb:109:in 'BasicObject#instance_exec'
	from C:/workspace/minigun/lib/minigun/stage.rb:109:in 'Minigun::AtomicStage#execute'
	from C:/workspace/minigun/lib/minigun/execution/executor.rb:62:in 'Minigun::Execution::Executor#run_stage_logic'
	from C:/workspace/minigun/lib/minigun/execution/executor.rb:99:in 'block in 
Minigun::Execution::ThreadPoolExecutor#execute_with_strategy'
#<Thread:0x000001bb752b13f8 C:/workspace/minigun/lib/minigun/execution/executor.rb:97 run> terminated with exception 
(report_on_exception is true):
C:/workspace/minigun/examples/38_comprehensive_execution.rb:101:in 'block (2 levels) in 
<class:ComprehensivePipeline>': undefined local variable or method 'output' for an instance of ComprehensivePipeline 
(NameError)

      output << results

      ^^^^^^
	from C:/workspace/minigun/lib/minigun/stage.rb:109:in 'BasicObject#instance_exec'
	from C:/workspace/minigun/lib/minigun/stage.rb:109:in 'Minigun::AtomicStage#execute'
	from C:/workspace/minigun/lib/minigun/execution/executor.rb:62:in 'Minigun::Execution::Executor#run_stage_logic'
	from C:/workspace/minigun/lib/minigun/execution/executor.rb:99:in 'block in 
Minigun::Execution::ThreadPoolExecutor#execute_with_strategy'
#<Thread:0x000001bb73639b08 C:/workspace/minigun/lib/minigun/execution/executor.rb:97 run> terminated with exception 
(report_on_exception is true):
C:/workspace/minigun/examples/38_comprehensive_execution.rb:101:in 'block (2 levels) in 
<class:ComprehensivePipeline>': undefined local variable or method 'output' for an instance of ComprehensivePipeline 
(NameError)

      output << results

      ^^^^^^
	from C:/workspace/minigun/lib/minigun/stage.rb:109:in 'BasicObject#instance_exec'
	from C:/workspace/minigun/lib/minigun/stage.rb:109:in 'Minigun::AtomicStage#execute'
	from C:/workspace/minigun/lib/minigun/execution/executor.rb:62:in 'Minigun::Execution::Executor#run_stage_logic'
	from C:/workspace/minigun/lib/minigun/execution/executor.rb:99:in 'block in 
Minigun::Execution::ThreadPoolExecutor#execute_with_strategy'
#<Thread:0x000001bb01672268 C:/workspace/minigun/lib/minigun/execution/executor.rb:97 run> terminated with exception 
(report_on_exception is true):
C:/workspace/minigun/examples/38_comprehensive_execution.rb:101:in 'block (2 levels) in 
<class:ComprehensivePipeline>': undefined local variable or method 'output' for an instance of ComprehensivePipeline 
(NameError)

      output << results

      ^^^^^^
	from C:/workspace/minigun/lib/minigun/stage.rb:109:in 'BasicObject#instance_exec'
	from C:/workspace/minigun/lib/minigun/stage.rb:109:in 'Minigun::AtomicStage#execute'
	from C:/workspace/minigun/lib/minigun/execution/executor.rb:62:in 'Minigun::Execution::Executor#run_stage_logic'
	from C:/workspace/minigun/lib/minigun/execution/executor.rb:99:in 'block in 
Minigun::Execution::ThreadPoolExecutor#execute_with_strategy'
#<Thread:0x000001bb0177a980 C:/workspace/minigun/lib/minigun/execution/executor.rb:97 run> terminated with exception 
(report_on_exception is true):
C:/workspace/minigun/examples/38_comprehensive_execution.rb:101:in 'block (2 levels) in 
<class:ComprehensivePipeline>': undefined local variable or method 'output' for an instance of ComprehensivePipeline 
(NameError)

      output << results

      ^^^^^^
	from C:/workspace/minigun/lib/minigun/stage.rb:109:in 'BasicObject#instance_exec'
	from C:/workspace/minigun/lib/minigun/stage.rb:109:in 'Minigun::AtomicStage#execute'
	from C:/workspace/minigun/lib/minigun/execution/executor.rb:62:in 'Minigun::Execution::Executor#run_stage_logic'
	from C:/workspace/minigun/lib/minigun/execution/executor.rb:99:in 'block in 
Minigun::Execution::ThreadPoolExecutor#execute_with_strategy'
E, [2025-10-27T13:41:27.287578 #8588] ERROR -- : [Pipeline:default][Stage:save_to_db] Error: undefined local variable or method 'output' for an instance of ComprehensivePipeline
E, [2025-10-27T13:41:27.287619 #8588] ERROR -- : C:/workspace/minigun/examples/38_comprehensive_execution.rb:101:in 'block (2 levels) in <class:ComprehensivePipeline>'
C:/workspace/minigun/lib/minigun/stage.rb:109:in 'BasicObject#instance_exec'
C:/workspace/minigun/lib/minigun/stage.rb:109:in 'Minigun::AtomicStage#execute'
C:/workspace/minigun/lib/minigun/execution/executor.rb:62:in 'Minigun::Execution::Executor#run_stage_logic'
C:/workspace/minigun/lib/minigun/execution/executor.rb:99:in 'block in Minigun::Execution::ThreadPoolExecutor#execute_with_strategy'
E, [2025-10-27T13:41:27.289033 #8588] ERROR -- : [Pipeline:default][Stage:save_to_db] Error: undefined local variable or method 'output' for an instance of ComprehensivePipeline
E, [2025-10-27T13:41:27.289073 #8588] ERROR -- : C:/workspace/minigun/examples/38_comprehensive_execution.rb:101:in 'block (2 levels) in <class:ComprehensivePipeline>'
C:/workspace/minigun/lib/minigun/stage.rb:109:in 'BasicObject#instance_exec'
C:/workspace/minigun/lib/minigun/stage.rb:109:in 'Minigun::AtomicStage#execute'
C:/workspace/minigun/lib/minigun/execution/executor.rb:62:in 'Minigun::Execution::Executor#run_stage_logic'
C:/workspace/minigun/lib/minigun/execution/executor.rb:99:in 'block in Minigun::Execution::ThreadPoolExecutor#execute_with_strategy'
E, [2025-10-27T13:41:27.290626 #8588] ERROR -- : [Pipeline:default][Stage:save_to_db] Error: undefined local variable or method 'output' for an instance of ComprehensivePipeline
E, [2025-10-27T13:41:27.290663 #8588] ERROR -- : C:/workspace/minigun/examples/38_comprehensive_execution.rb:101:in 'block (2 levels) in <class:ComprehensivePipeline>'
C:/workspace/minigun/lib/minigun/stage.rb:109:in 'BasicObject#instance_exec'
C:/workspace/minigun/lib/minigun/stage.rb:109:in 'Minigun::AtomicStage#execute'
C:/workspace/minigun/lib/minigun/execution/executor.rb:62:in 'Minigun::Execution::Executor#run_stage_logic'
C:/workspace/minigun/lib/minigun/execution/executor.rb:99:in 'block in Minigun::Execution::ThreadPoolExecutor#execute_with_strategy'
E, [2025-10-27T13:41:27.292124 #8588] ERROR -- : [Pipeline:default][Stage:save_to_db] Error: undefined local variable or method 'output' for an instance of ComprehensivePipeline
E, [2025-10-27T13:41:27.292162 #8588] ERROR -- : C:/workspace/minigun/examples/38_comprehensive_execution.rb:101:in 'block (2 levels) in <class:ComprehensivePipeline>'
C:/workspace/minigun/lib/minigun/stage.rb:109:in 'BasicObject#instance_exec'
C:/workspace/minigun/lib/minigun/stage.rb:109:in 'Minigun::AtomicStage#execute'
C:/workspace/minigun/lib/minigun/execution/executor.rb:62:in 'Minigun::Execution::Executor#run_stage_logic'
C:/workspace/minigun/lib/minigun/execution/executor.rb:99:in 'block in Minigun::Execution::ThreadPoolExecutor#execute_with_strategy'
E, [2025-10-27T13:41:27.293643 #8588] ERROR -- : [Pipeline:default][Stage:save_to_db] Error: undefined local variable or method 'output' for an instance of ComprehensivePipeline
E, [2025-10-27T13:41:27.293681 #8588] ERROR -- : C:/workspace/minigun/examples/38_comprehensive_execution.rb:101:in 'block (2 levels) in <class:ComprehensivePipeline>'
C:/workspace/minigun/lib/minigun/stage.rb:109:in 'BasicObject#instance_exec'
C:/workspace/minigun/lib/minigun/stage.rb:109:in 'Minigun::AtomicStage#execute'
C:/workspace/minigun/lib/minigun/execution/executor.rb:62:in 'Minigun::Execution::Executor#run_stage_logic'
C:/workspace/minigun/lib/minigun/execution/executor.rb:99:in 'block in Minigun::Execution::ThreadPoolExecutor#execute_with_strategy'
E, [2025-10-27T13:41:27.295154 #8588] ERROR -- : [Pipeline:default][Stage:save_to_db] Error: undefined local variable or method 'output' for an instance of ComprehensivePipeline
E, [2025-10-27T13:41:27.295192 #8588] ERROR -- : C:/workspace/minigun/examples/38_comprehensive_execution.rb:101:in 'block (2 levels) in <class:ComprehensivePipeline>'
C:/workspace/minigun/lib/minigun/stage.rb:109:in 'BasicObject#instance_exec'
C:/workspace/minigun/lib/minigun/stage.rb:109:in 'Minigun::AtomicStage#execute'
C:/workspace/minigun/lib/minigun/execution/executor.rb:62:in 'Minigun::Execution::Executor#run_stage_logic'
C:/workspace/minigun/lib/minigun/execution/executor.rb:99:in 'block in Minigun::Execution::ThreadPoolExecutor#execute_with_strategy'
E, [2025-10-27T13:41:27.299645 #8588] ERROR -- : [Pipeline:default][Stage:save_to_db] Error: undefined local variable or method 'output' for an instance of ComprehensivePipeline
E, [2025-10-27T13:41:27.299709 #8588] ERROR -- : C:/workspace/minigun/examples/38_comprehensive_execution.rb:101:in 'block (2 levels) in <class:ComprehensivePipeline>'
C:/workspace/minigun/lib/minigun/stage.rb:109:in 'BasicObject#instance_exec'
C:/workspace/minigun/lib/minigun/stage.rb:109:in 'Minigun::AtomicStage#execute'
C:/workspace/minigun/lib/minigun/execution/executor.rb:62:in 'Minigun::Execution::Executor#run_stage_logic'
C:/workspace/minigun/lib/minigun/execution/executor.rb:99:in 'block in Minigun::Execution::ThreadPoolExecutor#execute_with_strategy'
#<Thread:0x000001bb018430b0 C:/workspace/minigun/lib/minigun/execution/executor.rb:97 run> terminated with exception 
(report_on_exception is true):
C:/workspace/minigun/examples/38_comprehensive_execution.rb:101:in 'block (2 levels) in 
<class:ComprehensivePipeline>': undefined local variable or method 'output' for an instance of ComprehensivePipeline 
(NameError)

      output << results

      ^^^^^^
	from C:/workspace/minigun/lib/minigun/stage.rb:109:in 'BasicObject#instance_exec'
	from C:/workspace/minigun/lib/minigun/stage.rb:109:in 'Minigun::AtomicStage#execute'
	from C:/workspace/minigun/lib/minigun/execution/executor.rb:62:in 'Minigun::Execution::Executor#run_stage_logic'
	from C:/workspace/minigun/lib/minigun/execution/executor.rb:99:in 'block in 
Minigun::Execution::ThreadPoolExecutor#execute_with_strategy'
#<Thread:0x000001bb0171b7f0 C:/workspace/minigun/lib/minigun/execution/executor.rb:97 run> terminated with exception 
(report_on_exception is true):
C:/workspace/minigun/examples/38_comprehensive_execution.rb:101:in 'block (2 levels) in 
<class:ComprehensivePipeline>': undefined local variable or method 'output' for an instance of ComprehensivePipeline 
(NameError)

      output << results

      ^^^^^^
	from C:/workspace/minigun/lib/minigun/stage.rb:109:in 'BasicObject#instance_exec'
	from C:/workspace/minigun/lib/minigun/stage.rb:109:in 'Minigun::AtomicStage#execute'
	from C:/workspace/minigun/lib/minigun/execution/executor.rb:62:in 'Minigun::Execution::Executor#run_stage_logic'
	from C:/workspace/minigun/lib/minigun/execution/executor.rb:99:in 'block in 
Minigun::Execution::ThreadPoolExecutor#execute_with_strategy'
#<Thread:0x000001bb017b3f50 C:/workspace/minigun/lib/minigun/execution/executor.rb:97 run> terminated with exception 
(report_on_exception is true):
C:/workspace/minigun/examples/38_comprehensive_execution.rb:101:in 'block (2 levels) in 
<class:ComprehensivePipeline>': undefined local variable or method 'output' for an instance of ComprehensivePipeline 
(NameError)

      output << results

      ^^^^^^
	from C:/workspace/minigun/lib/minigun/stage.rb:109:in 'BasicObject#instance_exec'
	from C:/workspace/minigun/lib/minigun/stage.rb:109:in 'Minigun::AtomicStage#execute'
	from C:/workspace/minigun/lib/minigun/execution/executor.rb:62:in 'Minigun::Execution::Executor#run_stage_logic'
	from C:/workspace/minigun/lib/minigun/execution/executor.rb:99:in 'block in 
Minigun::Execution::ThreadPoolExecutor#execute_with_strategy'
#<Thread:0x000001bb015dc678 C:/workspace/minigun/lib/minigun/execution/executor.rb:97 run> terminated with exception 
(report_on_exception is true):
E, [2025-10-27T13:41:27.301148 #8588] ERROR -- : [Pipeline:default][Stage:save_to_db] Error: undefined local variable or method 'output' for an instance of ComprehensivePipeline
E, [2025-10-27T13:41:27.301187 #8588] ERROR -- : C:/workspace/minigun/examples/38_comprehensive_execution.rb:101:in 'block (2 levels) in <class:ComprehensivePipeline>'
C:/workspace/minigun/lib/minigun/stage.rb:109:in 'BasicObject#instance_exec'
C:/workspace/minigun/lib/minigun/stage.rb:109:in 'Minigun::AtomicStage#execute'
C:/workspace/minigun/lib/minigun/execution/executor.rb:62:in 'Minigun::Execution::Executor#run_stage_logic'
C:/workspace/minigun/lib/minigun/execution/executor.rb:99:in 'block in Minigun::Execution::ThreadPoolExecutor#execute_with_strategy'
E, [2025-10-27T13:41:27.302579 #8588] ERROR -- : [Pipeline:default][Stage:save_to_db] Error: undefined local variable or method 'output' for an instance of ComprehensivePipeline
E, [2025-10-27T13:41:27.302618 #8588] ERROR -- : C:/workspace/minigun/examples/38_comprehensive_execution.rb:101:in 'block (2 levels) in <class:ComprehensivePipeline>'
C:/workspace/minigun/lib/minigun/stage.rb:109:in 'BasicObject#instance_exec'
C:/workspace/minigun/lib/minigun/stage.rb:109:in 'Minigun::AtomicStage#execute'
C:/workspace/minigun/lib/minigun/execution/executor.rb:62:in 'Minigun::Execution::Executor#run_stage_logic'
C:/workspace/minigun/lib/minigun/execution/executor.rb:99:in 'block in Minigun::Execution::ThreadPoolExecutor#execute_with_strategy'
E, [2025-10-27T13:41:27.304000 #8588] ERROR -- : [Pipeline:default][Stage:save_to_db] Error: undefined local variable or method 'output' for an instance of ComprehensivePipeline
E, [2025-10-27T13:41:27.304039 #8588] ERROR -- : C:/workspace/minigun/examples/38_comprehensive_execution.rb:101:in 'block (2 levels) in <class:ComprehensivePipeline>'
C:/workspace/minigun/lib/minigun/stage.rb:109:in 'BasicObject#instance_exec'
C:/workspace/minigun/lib/minigun/stage.rb:109:in 'Minigun::AtomicStage#execute'
C:/workspace/minigun/lib/minigun/execution/executor.rb:62:in 'Minigun::Execution::Executor#run_stage_logic'
C:/workspace/minigun/lib/minigun/execution/executor.rb:99:in 'block in Minigun::Execution::ThreadPoolExecutor#execute_with_strategy'
E, [2025-10-27T13:41:27.305416 #8588] ERROR -- : [Pipeline:default][Stage:save_to_db] Error: undefined local variable or method 'output' for an instance of ComprehensivePipeline
E, [2025-10-27T13:41:27.305450 #8588] ERROR -- : C:/workspace/minigun/examples/38_comprehensive_execution.rb:101:in 'block (2 levels) in <class:ComprehensivePipeline>'
C:/workspace/minigun/lib/minigun/stage.rb:109:in 'BasicObject#instance_exec'
C:/workspace/minigun/lib/minigun/stage.rb:109:in 'Minigun::AtomicStage#execute'
C:/workspace/minigun/lib/minigun/execution/executor.rb:62:in 'Minigun::Execution::Executor#run_stage_logic'
C:/workspace/minigun/lib/minigun/execution/executor.rb:99:in 'block in Minigun::Execution::ThreadPoolExecutor#execute_with_strategy'
E, [2025-10-27T13:41:27.306846 #8588] ERROR -- : [Pipeline:default][Stage:save_to_db] Error: undefined local variable or method 'output' for an instance of ComprehensivePipeline
E, [2025-10-27T13:41:27.306895 #8588] ERROR -- : C:/workspace/minigun/examples/38_comprehensive_execution.rb:101:in 'block (2 levels) in <class:ComprehensivePipeline>'
C:/workspace/minigun/lib/minigun/stage.rb:109:in 'BasicObject#instance_exec'
C:/workspace/minigun/lib/minigun/stage.rb:109:in 'Minigun::AtomicStage#execute'
C:/workspace/minigun/lib/minigun/execution/executor.rb:62:in 'Minigun::Execution::Executor#run_stage_logic'
C:/workspace/minigun/lib/minigun/execution/executor.rb:99:in 'block in Minigun::Execution::ThreadPoolExecutor#execute_with_strategy'
E, [2025-10-27T13:41:27.308390 #8588] ERROR -- : [Pipeline:default][Stage:save_to_db] Error: undefined local variable or method 'output' for an instance of ComprehensivePipeline
E, [2025-10-27T13:41:27.308470 #8588] ERROR -- : C:/workspace/minigun/examples/38_comprehensive_execution.rb:101:in 'block (2 levels) in <class:ComprehensivePipeline>'
C:/workspace/minigun/lib/minigun/stage.rb:109:in 'BasicObject#instance_exec'
C:/workspace/minigun/lib/minigun/stage.rb:109:in 'Minigun::AtomicStage#execute'
C:/workspace/minigun/lib/minigun/execution/executor.rb:62:in 'Minigun::Execution::Executor#run_stage_logic'
C:/workspace/minigun/lib/minigun/execution/executor.rb:99:in 'block in Minigun::Execution::ThreadPoolExecutor#execute_with_strategy'
C:/workspace/minigun/examples/38_comprehensive_execution.rb:101:in 'block (2 levels) in 
<class:ComprehensivePipeline>': undefined local variable or method 'output' for an instance of ComprehensivePipeline 
(NameError)

      output << results

      ^^^^^^
	from C:/workspace/minigun/lib/minigun/stage.rb:109:in 'BasicObject#instance_exec'
	from C:/workspace/minigun/lib/minigun/stage.rb:109:in 'Minigun::AtomicStage#execute'
	from C:/workspace/minigun/lib/minigun/execution/executor.rb:62:in 'Minigun::Execution::Executor#run_stage_logic'
	from C:/workspace/minigun/lib/minigun/execution/executor.rb:99:in 'block in 
Minigun::Execution::ThreadPoolExecutor#execute_with_strategy'
#<Thread:0x000001bb735f4dc8 C:/workspace/minigun/lib/minigun/execution/executor.rb:97 run> terminated with exception 
(report_on_exception is true):
C:/workspace/minigun/examples/38_comprehensive_execution.rb:101:in 'block (2 levels) in 
<class:ComprehensivePipeline>': undefined local variable or method 'output' for an instance of ComprehensivePipeline 
(NameError)

      output << results

      ^^^^^^
	from C:/workspace/minigun/lib/minigun/stage.rb:109:in 'BasicObject#instance_exec'
	from C:/workspace/minigun/lib/minigun/stage.rb:109:in 'Minigun::AtomicStage#execute'
	from C:/workspace/minigun/lib/minigun/execution/executor.rb:62:in 'Minigun::Execution::Executor#run_stage_logic'
	from C:/workspace/minigun/lib/minigun/execution/executor.rb:99:in 'block in 
Minigun::Execution::ThreadPoolExecutor#execute_with_strategy'
#<Thread:0x000001bb74db6218 C:/workspace/minigun/lib/minigun/execution/executor.rb:97 run> terminated with exception 
(report_on_exception is true):
C:/workspace/minigun/examples/38_comprehensive_execution.rb:101:in 'block (2 levels) in 
<class:ComprehensivePipeline>': undefined local variable or method 'output' for an instance of ComprehensivePipeline 
(NameError)

      output << results

      ^^^^^^
	from C:/workspace/minigun/lib/minigun/stage.rb:109:in 'BasicObject#instance_exec'
	from C:/workspace/minigun/lib/minigun/stage.rb:109:in 'Minigun::AtomicStage#execute'
	from C:/workspace/minigun/lib/minigun/execution/executor.rb:62:in 'Minigun::Execution::Executor#run_stage_logic'
	from C:/workspace/minigun/lib/minigun/execution/executor.rb:99:in 'block in 
Minigun::Execution::ThreadPoolExecutor#execute_with_strategy'
#<Thread:0x000001bb74c110c0 C:/workspace/minigun/lib/minigun/execution/executor.rb:97 run> terminated with exception 
(report_on_exception is true):
C:/workspace/minigun/examples/38_comprehensive_execution.rb:101:in 'block (2 levels) in 
<class:ComprehensivePipeline>': undefined local variable or method 'output' for an instance of ComprehensivePipeline 
(NameError)

      output << results

      ^^^^^^
	from C:/workspace/minigun/lib/minigun/stage.rb:109:in 'BasicObject#instance_exec'
	from C:/workspace/minigun/lib/minigun/stage.rb:109:in 'Minigun::AtomicStage#execute'
	from C:/workspace/minigun/lib/minigun/execution/executor.rb:62:in 'Minigun::Execution::Executor#run_stage_logic'
	from C:/workspace/minigun/lib/minigun/execution/executor.rb:99:in 'block in 
Minigun::Execution::ThreadPoolExecutor#execute_with_strategy'
#<Thread:0x000001bb74ab8778 C:/workspace/minigun/lib/minigun/execution/executor.rb:97 run> terminated with exception 
(report_on_exception is true):
C:/workspace/minigun/examples/38_comprehensive_execution.rb:101:in 'block (2 levels) in 
<class:ComprehensivePipeline>': undefined local variable or method 'output' for an instance of ComprehensivePipeline 
(NameError)

      output << results

      ^^^^^^
	from C:/workspace/minigun/lib/minigun/stage.rb:109:in 'BasicObject#instance_exec'
	from C:/workspace/minigun/lib/minigun/stage.rb:109:in 'Minigun::AtomicStage#execute'
	from C:/workspace/minigun/lib/minigun/execution/executor.rb:62:in 'Minigun::Execution::Executor#run_stage_logic'
	from C:/workspace/minigun/lib/minigun/execution/executor.rb:99:in 'block in 
Minigun::Execution::ThreadPoolExecutor#execute_with_strategy'
#<Thread:0x000001bb74a38410 C:/workspace/minigun/lib/minigun/execution/executor.rb:97 run> terminated with exception 
(report_on_exception is true):
C:/workspace/minigun/examples/38_comprehensive_execution.rb:101:in 'block (2 levels) in 
<class:ComprehensivePipeline>': undefined local variable or method 'output' for an instance of ComprehensivePipeline 
(NameError)

      output << results

      ^^^^^^
	from C:/workspace/minigun/lib/minigun/stage.rb:109:in 'BasicObject#instance_exec'
	from C:/workspace/minigun/lib/minigun/stage.rb:109:in 'Minigun::AtomicStage#execute'
	from C:/workspace/minigun/lib/minigun/execution/executor.rb:62:in 'Minigun::Execution::Executor#run_stage_logic'
	from C:/workspace/minigun/lib/minigun/execution/executor.rb:99:in 'block in 
Minigun::Execution::ThreadPoolExecutor#execute_with_strategy'
#<Thread:0x000001bb74b5e8d0 C:/workspace/minigun/lib/minigun/execution/executor.rb:97 run> terminated with exception 
(report_on_exception is true):
C:/workspace/minigun/examples/38_comprehensive_execution.rb:101:in 'block (2 levels) in 
<class:ComprehensivePipeline>': undefined local variable or method 'output' for an instance of ComprehensivePipeline 
(NameError)

      output << results

      ^^^^^^
	from C:/workspace/minigun/lib/minigun/stage.rb:109:in 'BasicObject#instance_exec'
	from C:/workspace/minigun/lib/minigun/stage.rb:109:in 'Minigun::AtomicStage#execute'
	from C:/workspace/minigun/lib/minigun/execution/executor.rb:62:in 'Minigun::Execution::Executor#run_stage_logic'
	from C:/workspace/minigun/lib/minigun/execution/executor.rb:99:in 'block in 
Minigun::Execution::ThreadPoolExecutor#execute_with_strategy'
#<Thread:0x000001bb74bdff48 C:/workspace/minigun/lib/minigun/execution/executor.rb:97 run> terminated with exception 
(report_on_exception is true):
C:/workspace/minigun/examples/38_comprehensive_execution.rb:101:in 'block (2 levels) in 
<class:ComprehensivePipeline>': undefined local variable or method 'output' for an instance of ComprehensivePipeline 
(NameError)

      output << results

      ^^^^^^
	from C:/workspace/minigun/lib/minigun/stage.rb:109:in 'BasicObject#instance_exec'
	from C:/workspace/minigun/lib/minigun/stage.rb:109:in 'Minigun::AtomicStage#execute'
	from C:/workspace/minigun/lib/minigun/execution/executor.rb:62:in 'Minigun::Execution::Executor#run_stage_logic'
	from C:/workspace/minigun/lib/minigun/execution/executor.rb:99:in 'block in 
Minigun::Execution::ThreadPoolExecutor#execute_with_strategy'
#<Thread:0x000001bb74d12578 C:/workspace/minigun/lib/minigun/execution/executor.rb:97 run> terminated with exception 
(report_on_exception is true):
C:/workspace/minigun/examples/38_comprehensive_execution.rb:101:in 'block (2 levels) in 
<class:ComprehensivePipeline>': undefined local variable or method 'output' for an instance of ComprehensivePipeline 
(NameError)

      output << results

      ^^^^^^
	from C:/workspace/minigun/lib/minigun/stage.rb:109:in 'BasicObject#instance_exec'
	from C:/workspace/minigun/lib/minigun/stage.rb:109:in 'Minigun::AtomicStage#execute'
	from C:/workspace/minigun/lib/minigun/execution/executor.rb:62:in 'Minigun::Execution::Executor#run_stage_logic'
	from C:/workspace/minigun/lib/minigun/execution/executor.rb:99:in 'block in 
Minigun::Execution::ThreadPoolExecutor#execute_with_strategy'
#<Thread:0x000001bb751720f0 C:/workspace/minigun/lib/minigun/execution/executor.rb:97 run> terminated with exception 
(report_on_exception is true):
C:/workspace/minigun/examples/38_comprehensive_execution.rb:101:in 'block (2 levels) in 
<class:ComprehensivePipeline>': undefined local variable or method 'output' for an instance of ComprehensivePipeline 
(NameError)

      output << results

      ^^^^^^
	from C:/workspace/minigun/lib/minigun/stage.rb:109:in 'BasicObject#instance_exec'
	from C:/workspace/minigun/lib/minigun/stage.rb:109:in 'Minigun::AtomicStage#execute'
	from C:/workspace/minigun/lib/minigun/execution/executor.rb:62:in 'Minigun::Execution::Executor#run_stage_logic'
	from C:/workspace/minigun/lib/minigun/execution/executor.rb:99:in 'block in 
Minigun::Execution::ThreadPoolExecutor#execute_with_strategy'
E, [2025-10-27T13:41:27.311281 #8588] ERROR -- : [Pipeline:default][Stage:save_to_db] Error: undefined local variable or method 'output' for an instance of ComprehensivePipeline
E, [2025-10-27T13:41:27.311326 #8588] ERROR -- : C:/workspace/minigun/examples/38_comprehensive_execution.rb:101:in 'block (2 levels) in <class:ComprehensivePipeline>'
C:/workspace/minigun/lib/minigun/stage.rb:109:in 'BasicObject#instance_exec'
C:/workspace/minigun/lib/minigun/stage.rb:109:in 'Minigun::AtomicStage#execute'
C:/workspace/minigun/lib/minigun/execution/executor.rb:62:in 'Minigun::Execution::Executor#run_stage_logic'
C:/workspace/minigun/lib/minigun/execution/executor.rb:99:in 'block in Minigun::Execution::ThreadPoolExecutor#execute_with_strategy'
E, [2025-10-27T13:41:27.313108 #8588] ERROR -- : [Pipeline:default][Stage:save_to_db] Error: undefined local variable or method 'output' for an instance of ComprehensivePipeline
E, [2025-10-27T13:41:27.313149 #8588] ERROR -- : C:/workspace/minigun/examples/38_comprehensive_execution.rb:101:in 'block (2 levels) in <class:ComprehensivePipeline>'
C:/workspace/minigun/lib/minigun/stage.rb:109:in 'BasicObject#instance_exec'
C:/workspace/minigun/lib/minigun/stage.rb:109:in 'Minigun::AtomicStage#execute'
C:/workspace/minigun/lib/minigun/execution/executor.rb:62:in 'Minigun::Execution::Executor#run_stage_logic'
C:/workspace/minigun/lib/minigun/execution/executor.rb:99:in 'block in Minigun::Execution::ThreadPoolExecutor#execute_with_strategy'
E, [2025-10-27T13:41:27.314697 #8588] ERROR -- : [Pipeline:default][Stage:save_to_db] Error: undefined local variable or method 'output' for an instance of ComprehensivePipeline
E, [2025-10-27T13:41:27.314732 #8588] ERROR -- : C:/workspace/minigun/examples/38_comprehensive_execution.rb:101:in 'block (2 levels) in <class:ComprehensivePipeline>'
C:/workspace/minigun/lib/minigun/stage.rb:109:in 'BasicObject#instance_exec'
C:/workspace/minigun/lib/minigun/stage.rb:109:in 'Minigun::AtomicStage#execute'
C:/workspace/minigun/lib/minigun/execution/executor.rb:62:in 'Minigun::Execution::Executor#run_stage_logic'
C:/workspace/minigun/lib/minigun/execution/executor.rb:99:in 'block in Minigun::Execution::ThreadPoolExecutor#execute_with_strategy'
E, [2025-10-27T13:41:27.316318 #8588] ERROR -- : [Pipeline:default][Stage:save_to_db] Error: undefined local variable or method 'output' for an instance of ComprehensivePipeline
E, [2025-10-27T13:41:27.316492 #8588] ERROR -- : C:/workspace/minigun/examples/38_comprehensive_execution.rb:101:in 'block (2 levels) in <class:ComprehensivePipeline>'
C:/workspace/minigun/lib/minigun/stage.rb:109:in 'BasicObject#instance_exec'
C:/workspace/minigun/lib/minigun/stage.rb:109:in 'Minigun::AtomicStage#execute'
C:/workspace/minigun/lib/minigun/execution/executor.rb:62:in 'Minigun::Execution::Executor#run_stage_logic'
C:/workspace/minigun/lib/minigun/execution/executor.rb:99:in 'block in Minigun::Execution::ThreadPoolExecutor#execute_with_strategy'
E, [2025-10-27T13:41:27.318005 #8588] ERROR -- : [Pipeline:default][Stage:save_to_db] Error: undefined local variable or method 'output' for an instance of ComprehensivePipeline
E, [2025-10-27T13:41:27.318039 #8588] ERROR -- : C:/workspace/minigun/examples/38_comprehensive_execution.rb:101:in 'block (2 levels) in <class:ComprehensivePipeline>'
C:/workspace/minigun/lib/minigun/stage.rb:109:in 'BasicObject#instance_exec'
C:/workspace/minigun/lib/minigun/stage.rb:109:in 'Minigun::AtomicStage#execute'
C:/workspace/minigun/lib/minigun/execution/executor.rb:62:in 'Minigun::Execution::Executor#run_stage_logic'
C:/workspace/minigun/lib/minigun/execution/executor.rb:99:in 'block in Minigun::Execution::ThreadPoolExecutor#execute_with_strategy'
E, [2025-10-27T13:41:27.319585 #8588] ERROR -- : [Pipeline:default][Stage:save_to_db] Error: undefined local variable or method 'output' for an instance of ComprehensivePipeline
E, [2025-10-27T13:41:27.319624 #8588] ERROR -- : C:/workspace/minigun/examples/38_comprehensive_execution.rb:101:in 'block (2 levels) in <class:ComprehensivePipeline>'
C:/workspace/minigun/lib/minigun/stage.rb:109:in 'BasicObject#instance_exec'
C:/workspace/minigun/lib/minigun/stage.rb:109:in 'Minigun::AtomicStage#execute'
C:/workspace/minigun/lib/minigun/execution/executor.rb:62:in 'Minigun::Execution::Executor#run_stage_logic'
C:/workspace/minigun/lib/minigun/execution/executor.rb:99:in 'block in Minigun::Execution::ThreadPoolExecutor#execute_with_strategy'
E, [2025-10-27T13:41:27.323514 #8588] ERROR -- : [Pipeline:default][Stage:save_to_db] Error: undefined local variable or method 'output' for an instance of ComprehensivePipeline
E, [2025-10-27T13:41:27.323551 #8588] ERROR -- : C:/workspace/minigun/examples/38_comprehensive_execution.rb:101:in 'block (2 levels) in <class:ComprehensivePipeline>'
C:/workspace/minigun/lib/minigun/stage.rb:109:in 'BasicObject#instance_exec'
C:/workspace/minigun/lib/minigun/stage.rb:109:in 'Minigun::AtomicStage#execute'
C:/workspace/minigun/lib/minigun/execution/executor.rb:62:in 'Minigun::Execution::Executor#run_stage_logic'
C:/workspace/minigun/lib/minigun/execution/executor.rb:99:in 'block in Minigun::Execution::ThreadPoolExecutor#execute_with_strategy'
#<Thread:0x000001bb735ba830 C:/workspace/minigun/lib/minigun/execution/executor.rb:97 run> terminated with exception 
(report_on_exception is true):
C:/workspace/minigun/examples/38_comprehensive_execution.rb:101:in 'block (2 levels) in 
<class:ComprehensivePipeline>': undefined local variable or method 'output' for an instance of ComprehensivePipeline 
(NameError)

      output << results

      ^^^^^^
	from C:/workspace/minigun/lib/minigun/stage.rb:109:in 'BasicObject#instance_exec'
	from C:/workspace/minigun/lib/minigun/stage.rb:109:in 'Minigun::AtomicStage#execute'
	from C:/workspace/minigun/lib/minigun/execution/executor.rb:62:in 'Minigun::Execution::Executor#run_stage_logic'
	from C:/workspace/minigun/lib/minigun/execution/executor.rb:99:in 'block in 
Minigun::Execution::ThreadPoolExecutor#execute_with_strategy'
#<Thread:0x000001bb752b2f78 C:/workspace/minigun/lib/minigun/execution/executor.rb:97 run> terminated with exception 
(report_on_exception is true):
C:/workspace/minigun/examples/38_comprehensive_execution.rb:101:in 'block (2 levels) in 
<class:ComprehensivePipeline>': undefined local variable or method 'output' for an instance of ComprehensivePipeline 
(NameError)

      output << results

      ^^^^^^
	from C:/workspace/minigun/lib/minigun/stage.rb:109:in 'BasicObject#instance_exec'
	from C:/workspace/minigun/lib/minigun/stage.rb:109:in 'Minigun::AtomicStage#execute'
	from C:/workspace/minigun/lib/minigun/execution/executor.rb:62:in 'Minigun::Execution::Executor#run_stage_logic'
	from C:/workspace/minigun/lib/minigun/execution/executor.rb:99:in 'block in 
Minigun::Execution::ThreadPoolExecutor#execute_with_strategy'
#<Thread:0x000001bb7363b688 C:/workspace/minigun/lib/minigun/execution/executor.rb:97 run> terminated with exception 
(report_on_exception is true):
C:/workspace/minigun/examples/38_comprehensive_execution.rb:101:in 'block (2 levels) in 
<class:ComprehensivePipeline>': undefined local variable or method 'output' for an instance of ComprehensivePipeline 
(NameError)

      output << results

      ^^^^^^
	from C:/workspace/minigun/lib/minigun/stage.rb:109:in 'BasicObject#instance_exec'
	from C:/workspace/minigun/lib/minigun/stage.rb:109:in 'Minigun::AtomicStage#execute'
	from C:/workspace/minigun/lib/minigun/execution/executor.rb:62:in 'Minigun::Execution::Executor#run_stage_logic'
	from C:/workspace/minigun/lib/minigun/execution/executor.rb:99:in 'block in 
Minigun::Execution::ThreadPoolExecutor#execute_with_strategy'
#<Thread:0x000001bb01673de8 C:/workspace/minigun/lib/minigun/execution/executor.rb:97 run> terminated with exception 
(report_on_exception is true):
C:/workspace/minigun/examples/38_comprehensive_execution.rb:101:in 'block (2 levels) in 
<class:ComprehensivePipeline>': undefined local variable or method 'output' for an instance of ComprehensivePipeline 
(NameError)

      output << results

      ^^^^^^
	from C:/workspace/minigun/lib/minigun/stage.rb:109:in 'BasicObject#instance_exec'
	from C:/workspace/minigun/lib/minigun/stage.rb:109:in 'Minigun::AtomicStage#execute'
	from C:/workspace/minigun/lib/minigun/execution/executor.rb:62:in 'Minigun::Execution::Executor#run_stage_logic'
	from C:/workspace/minigun/lib/minigun/execution/executor.rb:99:in 'block in 
Minigun::Execution::ThreadPoolExecutor#execute_with_strategy'
#<Thread:0x000001bb0177c500 C:/workspace/minigun/lib/minigun/execution/executor.rb:97 run> terminated with exception 
(report_on_exception is true):
C:/workspace/minigun/examples/38_comprehensive_execution.rb:101:in 'block (2 levels) in 
<class:ComprehensivePipeline>': undefined local variable or method 'output' for an instance of ComprehensivePipeline 
(NameError)

      output << results

      ^^^^^^
	from C:/workspace/minigun/lib/minigun/stage.rb:109:in 'BasicObject#instance_exec'
	from C:/workspace/minigun/lib/minigun/stage.rb:109:in 'Minigun::AtomicStage#execute'
	from C:/workspace/minigun/lib/minigun/execution/executor.rb:62:in 'Minigun::Execution::Executor#run_stage_logic'
	from C:/workspace/minigun/lib/minigun/execution/executor.rb:99:in 'block in 
Minigun::Execution::ThreadPoolExecutor#execute_with_strategy'
#<Thread:0x000001bb01844c30 C:/workspace/minigun/lib/minigun/execution/executor.rb:97 run> terminated with exception 
(report_on_exception is true):
C:/workspace/minigun/examples/38_comprehensive_execution.rb:101:in 'block (2 levels) in 
<class:ComprehensivePipeline>': undefined local variable or method 'output' for an instance of ComprehensivePipeline 
(NameError)

      output << results

      ^^^^^^
	from C:/workspace/minigun/lib/minigun/stage.rb:109:in 'BasicObject#instance_exec'
	from C:/workspace/minigun/lib/minigun/stage.rb:109:in 'Minigun::AtomicStage#execute'
	from C:/workspace/minigun/lib/minigun/execution/executor.rb:62:in 'Minigun::Execution::Executor#run_stage_logic'
	from C:/workspace/minigun/lib/minigun/execution/executor.rb:99:in 'block in 
Minigun::Execution::ThreadPoolExecutor#execute_with_strategy'
#<Thread:0x000001bb0171d370 C:/workspace/minigun/lib/minigun/execution/executor.rb:97 run> terminated with exception 
(report_on_exception is true):
C:/workspace/minigun/examples/38_comprehensive_execution.rb:101:in 'block (2 levels) in 
<class:ComprehensivePipeline>': undefined local variable or method 'output' for an instance of ComprehensivePipeline 
(NameError)

      output << results

      ^^^^^^
	from C:/workspace/minigun/lib/minigun/stage.rb:109:in 'BasicObject#instance_exec'
	from C:/workspace/minigun/lib/minigun/stage.rb:109:in 'Minigun::AtomicStage#execute'
	from C:/workspace/minigun/lib/minigun/execution/executor.rb:62:in 'Minigun::Execution::Executor#run_stage_logic'
	from C:/workspace/minigun/lib/minigun/execution/executor.rb:99:in 'block in 
Minigun::Execution::ThreadPoolExecutor#execute_with_strategy'
E, [2025-10-27T13:41:27.324975 #8588] ERROR -- : [Pipeline:default][Stage:save_to_db] Error: undefined local variable or method 'output' for an instance of ComprehensivePipeline
E, [2025-10-27T13:41:27.325010 #8588] ERROR -- : C:/workspace/minigun/examples/38_comprehensive_execution.rb:101:in 'block (2 levels) in <class:ComprehensivePipeline>'
C:/workspace/minigun/lib/minigun/stage.rb:109:in 'BasicObject#instance_exec'
C:/workspace/minigun/lib/minigun/stage.rb:109:in 'Minigun::AtomicStage#execute'
C:/workspace/minigun/lib/minigun/execution/executor.rb:62:in 'Minigun::Execution::Executor#run_stage_logic'
C:/workspace/minigun/lib/minigun/execution/executor.rb:99:in 'block in Minigun::Execution::ThreadPoolExecutor#execute_with_strategy'
E, [2025-10-27T13:41:27.326543 #8588] ERROR -- : [Pipeline:default][Stage:save_to_db] Error: undefined local variable or method 'output' for an instance of ComprehensivePipeline
E, [2025-10-27T13:41:27.326593 #8588] ERROR -- : C:/workspace/minigun/examples/38_comprehensive_execution.rb:101:in 'block (2 levels) in <class:ComprehensivePipeline>'
C:/workspace/minigun/lib/minigun/stage.rb:109:in 'BasicObject#instance_exec'
C:/workspace/minigun/lib/minigun/stage.rb:109:in 'Minigun::AtomicStage#execute'
C:/workspace/minigun/lib/minigun/execution/executor.rb:62:in 'Minigun::Execution::Executor#run_stage_logic'
C:/workspace/minigun/lib/minigun/execution/executor.rb:99:in 'block in Minigun::Execution::ThreadPoolExecutor#execute_with_strategy'
E, [2025-10-27T13:41:27.328086 #8588] ERROR -- : [Pipeline:default][Stage:save_to_db] Error: undefined local variable or method 'output' for an instance of ComprehensivePipeline
E, [2025-10-27T13:41:27.328126 #8588] ERROR -- : C:/workspace/minigun/examples/38_comprehensive_execution.rb:101:in 'block (2 levels) in <class:ComprehensivePipeline>'
C:/workspace/minigun/lib/minigun/stage.rb:109:in 'BasicObject#instance_exec'
C:/workspace/minigun/lib/minigun/stage.rb:109:in 'Minigun::AtomicStage#execute'
C:/workspace/minigun/lib/minigun/execution/executor.rb:62:in 'Minigun::Execution::Executor#run_stage_logic'
C:/workspace/minigun/lib/minigun/execution/executor.rb:99:in 'block in Minigun::Execution::ThreadPoolExecutor#execute_with_strategy'
E, [2025-10-27T13:41:27.329606 #8588] ERROR -- : [Pipeline:default][Stage:save_to_db] Error: undefined local variable or method 'output' for an instance of ComprehensivePipeline
E, [2025-10-27T13:41:27.329641 #8588] ERROR -- : C:/workspace/minigun/examples/38_comprehensive_execution.rb:101:in 'block (2 levels) in <class:ComprehensivePipeline>'
C:/workspace/minigun/lib/minigun/stage.rb:109:in 'BasicObject#instance_exec'
C:/workspace/minigun/lib/minigun/stage.rb:109:in 'Minigun::AtomicStage#execute'
C:/workspace/minigun/lib/minigun/execution/executor.rb:62:in 'Minigun::Execution::Executor#run_stage_logic'
C:/workspace/minigun/lib/minigun/execution/executor.rb:99:in 'block in Minigun::Execution::ThreadPoolExecutor#execute_with_strategy'
E, [2025-10-27T13:41:27.331091 #8588] ERROR -- : [Pipeline:default][Stage:save_to_db] Error: undefined local variable or method 'output' for an instance of ComprehensivePipeline
E, [2025-10-27T13:41:27.331146 #8588] ERROR -- : C:/workspace/minigun/examples/38_comprehensive_execution.rb:101:in 'block (2 levels) in <class:ComprehensivePipeline>'
C:/workspace/minigun/lib/minigun/stage.rb:109:in 'BasicObject#instance_exec'
C:/workspace/minigun/lib/minigun/stage.rb:109:in 'Minigun::AtomicStage#execute'
C:/workspace/minigun/lib/minigun/execution/executor.rb:62:in 'Minigun::Execution::Executor#run_stage_logic'
C:/workspace/minigun/lib/minigun/execution/executor.rb:99:in 'block in Minigun::Execution::ThreadPoolExecutor#execute_with_strategy'
E, [2025-10-27T13:41:27.332487 #8588] ERROR -- : [Pipeline:default][Stage:save_to_db] Error: undefined local variable or method 'output' for an instance of ComprehensivePipeline
E, [2025-10-27T13:41:27.332532 #8588] ERROR -- : C:/workspace/minigun/examples/38_comprehensive_execution.rb:101:in 'block (2 levels) in <class:ComprehensivePipeline>'
C:/workspace/minigun/lib/minigun/stage.rb:109:in 'BasicObject#instance_exec'
C:/workspace/minigun/lib/minigun/stage.rb:109:in 'Minigun::AtomicStage#execute'
C:/workspace/minigun/lib/minigun/execution/executor.rb:62:in 'Minigun::Execution::Executor#run_stage_logic'
C:/workspace/minigun/lib/minigun/execution/executor.rb:99:in 'block in Minigun::Execution::ThreadPoolExecutor#execute_with_strategy'
E, [2025-10-27T13:41:27.337950 #8588] ERROR -- : [Pipeline:default][Stage:save_to_db] Error: undefined local variable or method 'output' for an instance of ComprehensivePipeline
E, [2025-10-27T13:41:27.337982 #8588] ERROR -- : C:/workspace/minigun/examples/38_comprehensive_execution.rb:101:in 'block (2 levels) in <class:ComprehensivePipeline>'
C:/workspace/minigun/lib/minigun/stage.rb:109:in 'BasicObject#instance_exec'
C:/workspace/minigun/lib/minigun/stage.rb:109:in 'Minigun::AtomicStage#execute'
C:/workspace/minigun/lib/minigun/execution/executor.rb:62:in 'Minigun::Execution::Executor#run_stage_logic'
C:/workspace/minigun/lib/minigun/execution/executor.rb:99:in 'block in Minigun::Execution::ThreadPoolExecutor#execute_with_strategy'
E, [2025-10-27T13:41:27.339419 #8588] ERROR -- : [Pipeline:default][Stage:save_to_db] Error: undefined local variable or method 'output' for an instance of ComprehensivePipeline
E, [2025-10-27T13:41:27.339473 #8588] ERROR -- : C:/workspace/minigun/examples/38_comprehensive_execution.rb:101:in 'block (2 levels) in <class:ComprehensivePipeline>'
C:/workspace/minigun/lib/minigun/stage.rb:109:in 'BasicObject#instance_exec'
C:/workspace/minigun/lib/minigun/stage.rb:109:in 'Minigun::AtomicStage#execute'
C:/workspace/minigun/lib/minigun/execution/executor.rb:62:in 'Minigun::Execution::Executor#run_stage_logic'
C:/workspace/minigun/lib/minigun/execution/executor.rb:99:in 'block in Minigun::Execution::ThreadPoolExecutor#execute_with_strategy'
#<Thread:0x000001bb017b5ad0 C:/workspace/minigun/lib/minigun/execution/executor.rb:97 run> terminated with exception 
(report_on_exception is true):
C:/workspace/minigun/examples/38_comprehensive_execution.rb:101:in 'block (2 levels) in 
<class:ComprehensivePipeline>': undefined local variable or method 'output' for an instance of ComprehensivePipeline 
(NameError)

      output << results

      ^^^^^^
	from C:/workspace/minigun/lib/minigun/stage.rb:109:in 'BasicObject#instance_exec'
	from C:/workspace/minigun/lib/minigun/stage.rb:109:in 'Minigun::AtomicStage#execute'
	from C:/workspace/minigun/lib/minigun/execution/executor.rb:62:in 'Minigun::Execution::Executor#run_stage_logic'
	from C:/workspace/minigun/lib/minigun/execution/executor.rb:99:in 'block in 
Minigun::Execution::ThreadPoolExecutor#execute_with_strategy'
#<Thread:0x000001bb015de1f8 C:/workspace/minigun/lib/minigun/execution/executor.rb:97 run> terminated with exception 
(report_on_exception is true):
C:/workspace/minigun/examples/38_comprehensive_execution.rb:101:in 'block (2 levels) in 
<class:ComprehensivePipeline>': undefined local variable or method 'output' for an instance of ComprehensivePipeline 
(NameError)

      output << results

      ^^^^^^
	from C:/workspace/minigun/lib/minigun/stage.rb:109:in 'BasicObject#instance_exec'
	from C:/workspace/minigun/lib/minigun/stage.rb:109:in 'Minigun::AtomicStage#execute'
	from C:/workspace/minigun/lib/minigun/execution/executor.rb:62:in 'Minigun::Execution::Executor#run_stage_logic'
	from C:/workspace/minigun/lib/minigun/execution/executor.rb:99:in 'block in 
Minigun::Execution::ThreadPoolExecutor#execute_with_strategy'
#<Thread:0x000001bb735f6948 C:/workspace/minigun/lib/minigun/execution/executor.rb:97 run> terminated with exception 
(report_on_exception is true):
C:/workspace/minigun/examples/38_comprehensive_execution.rb:101:in 'block (2 levels) in 
<class:ComprehensivePipeline>': undefined local variable or method 'output' for an instance of ComprehensivePipeline 
(NameError)

      output << results

      ^^^^^^
	from C:/workspace/minigun/lib/minigun/stage.rb:109:in 'BasicObject#instance_exec'
	from C:/workspace/minigun/lib/minigun/stage.rb:109:in 'Minigun::AtomicStage#execute'
	from C:/workspace/minigun/lib/minigun/execution/executor.rb:62:in 'Minigun::Execution::Executor#run_stage_logic'
	from C:/workspace/minigun/lib/minigun/execution/executor.rb:99:in 'block in 
Minigun::Execution::ThreadPoolExecutor#execute_with_strategy'
#<Thread:0x000001bb74dbacf0 C:/workspace/minigun/lib/minigun/execution/executor.rb:97 run> terminated with exception 
(report_on_exception is true):
C:/workspace/minigun/examples/38_comprehensive_execution.rb:101:in 'block (2 levels) in 
<class:ComprehensivePipeline>': undefined local variable or method 'output' for an instance of ComprehensivePipeline 
(NameError)

      output << results

      ^^^^^^
	from C:/workspace/minigun/lib/minigun/stage.rb:109:in 'BasicObject#instance_exec'
	from C:/workspace/minigun/lib/minigun/stage.rb:109:in 'Minigun::AtomicStage#execute'
	from C:/workspace/minigun/lib/minigun/execution/executor.rb:62:in 'Minigun::Execution::Executor#run_stage_logic'
	from C:/workspace/minigun/lib/minigun/execution/executor.rb:99:in 'block in 
Minigun::Execution::ThreadPoolExecutor#execute_with_strategy'
#<Thread:0x000001bb74c16b88 C:/workspace/minigun/lib/minigun/execution/executor.rb:97 run> terminated with exception 
(report_on_exception is true):
C:/workspace/minigun/examples/38_comprehensive_execution.rb:101:in 'block (2 levels) in 
<class:ComprehensivePipeline>': undefined local variable or method 'output' for an instance of ComprehensivePipeline 
(NameError)

      output << results

      ^^^^^^
	from C:/workspace/minigun/lib/minigun/stage.rb:109:in 'BasicObject#instance_exec'
	from C:/workspace/minigun/lib/minigun/stage.rb:109:in 'Minigun::AtomicStage#execute'
	from C:/workspace/minigun/lib/minigun/execution/executor.rb:62:in 'Minigun::Execution::Executor#run_stage_logic'
	from C:/workspace/minigun/lib/minigun/execution/executor.rb:99:in 'block in 
Minigun::Execution::ThreadPoolExecutor#execute_with_strategy'
#<Thread:0x000001bb74ab87a0 C:/workspace/minigun/lib/minigun/execution/executor.rb:97 run> terminated with exception 
(report_on_exception is true):
C:/workspace/minigun/examples/38_comprehensive_execution.rb:101:in 'block (2 levels) in 
<class:ComprehensivePipeline>': undefined local variable or method 'output' for an instance of ComprehensivePipeline 
(NameError)

      output << results

      ^^^^^^
	from C:/workspace/minigun/lib/minigun/stage.rb:109:in 'BasicObject#instance_exec'
	from C:/workspace/minigun/lib/minigun/stage.rb:109:in 'Minigun::AtomicStage#execute'
	from C:/workspace/minigun/lib/minigun/execution/executor.rb:62:in 'Minigun::Execution::Executor#run_stage_logic'
	from C:/workspace/minigun/lib/minigun/execution/executor.rb:99:in 'block in 
Minigun::Execution::ThreadPoolExecutor#execute_with_strategy'
#<Thread:0x000001bb74a38410 C:/workspace/minigun/lib/minigun/execution/executor.rb:97 run> terminated with exception 
(report_on_exception is true):
E, [2025-10-27T13:41:27.341023 #8588] ERROR -- : [Pipeline:default][Stage:save_to_db] Error: undefined local variable or method 'output' for an instance of ComprehensivePipeline
E, [2025-10-27T13:41:27.341056 #8588] ERROR -- : C:/workspace/minigun/examples/38_comprehensive_execution.rb:101:in 'block (2 levels) in <class:ComprehensivePipeline>'
C:/workspace/minigun/lib/minigun/stage.rb:109:in 'BasicObject#instance_exec'
C:/workspace/minigun/lib/minigun/stage.rb:109:in 'Minigun::AtomicStage#execute'
C:/workspace/minigun/lib/minigun/execution/executor.rb:62:in 'Minigun::Execution::Executor#run_stage_logic'
C:/workspace/minigun/lib/minigun/execution/executor.rb:99:in 'block in Minigun::Execution::ThreadPoolExecutor#execute_with_strategy'
E, [2025-10-27T13:41:27.342466 #8588] ERROR -- : [Pipeline:default][Stage:save_to_db] Error: undefined local variable or method 'output' for an instance of ComprehensivePipeline
E, [2025-10-27T13:41:27.342506 #8588] ERROR -- : C:/workspace/minigun/examples/38_comprehensive_execution.rb:101:in 'block (2 levels) in <class:ComprehensivePipeline>'
C:/workspace/minigun/lib/minigun/stage.rb:109:in 'BasicObject#instance_exec'
C:/workspace/minigun/lib/minigun/stage.rb:109:in 'Minigun::AtomicStage#execute'
C:/workspace/minigun/lib/minigun/execution/executor.rb:62:in 'Minigun::Execution::Executor#run_stage_logic'
C:/workspace/minigun/lib/minigun/execution/executor.rb:99:in 'block in Minigun::Execution::ThreadPoolExecutor#execute_with_strategy'
E, [2025-10-27T13:41:27.343997 #8588] ERROR -- : [Pipeline:default][Stage:save_to_db] Error: undefined local variable or method 'output' for an instance of ComprehensivePipeline
E, [2025-10-27T13:41:27.344037 #8588] ERROR -- : C:/workspace/minigun/examples/38_comprehensive_execution.rb:101:in 'block (2 levels) in <class:ComprehensivePipeline>'
C:/workspace/minigun/lib/minigun/stage.rb:109:in 'BasicObject#instance_exec'
C:/workspace/minigun/lib/minigun/stage.rb:109:in 'Minigun::AtomicStage#execute'
C:/workspace/minigun/lib/minigun/execution/executor.rb:62:in 'Minigun::Execution::Executor#run_stage_logic'
C:/workspace/minigun/lib/minigun/execution/executor.rb:99:in 'block in Minigun::Execution::ThreadPoolExecutor#execute_with_strategy'
E, [2025-10-27T13:41:27.346192 #8588] ERROR -- : [Pipeline:default][Stage:save_to_db] Error: undefined local variable or method 'output' for an instance of ComprehensivePipeline
E, [2025-10-27T13:41:27.346234 #8588] ERROR -- : C:/workspace/minigun/examples/38_comprehensive_execution.rb:101:in 'block (2 levels) in <class:ComprehensivePipeline>'
C:/workspace/minigun/lib/minigun/stage.rb:109:in 'BasicObject#instance_exec'
C:/workspace/minigun/lib/minigun/stage.rb:109:in 'Minigun::AtomicStage#execute'
C:/workspace/minigun/lib/minigun/execution/executor.rb:62:in 'Minigun::Execution::Executor#run_stage_logic'
C:/workspace/minigun/lib/minigun/execution/executor.rb:99:in 'block in Minigun::Execution::ThreadPoolExecutor#execute_with_strategy'
E, [2025-10-27T13:41:27.347874 #8588] ERROR -- : [Pipeline:default][Stage:save_to_db] Error: undefined local variable or method 'output' for an instance of ComprehensivePipeline
E, [2025-10-27T13:41:27.347912 #8588] ERROR -- : C:/workspace/minigun/examples/38_comprehensive_execution.rb:101:in 'block (2 levels) in <class:ComprehensivePipeline>'
C:/workspace/minigun/lib/minigun/stage.rb:109:in 'BasicObject#instance_exec'
C:/workspace/minigun/lib/minigun/stage.rb:109:in 'Minigun::AtomicStage#execute'
C:/workspace/minigun/lib/minigun/execution/executor.rb:62:in 'Minigun::Execution::Executor#run_stage_logic'
C:/workspace/minigun/lib/minigun/execution/executor.rb:99:in 'block in Minigun::Execution::ThreadPoolExecutor#execute_with_strategy'
E, [2025-10-27T13:41:27.349449 #8588] ERROR -- : [Pipeline:default][Stage:save_to_db] Error: undefined local variable or method 'output' for an instance of ComprehensivePipeline
E, [2025-10-27T13:41:27.349489 #8588] ERROR -- : C:/workspace/minigun/examples/38_comprehensive_execution.rb:101:in 'block (2 levels) in <class:ComprehensivePipeline>'
C:/workspace/minigun/lib/minigun/stage.rb:109:in 'BasicObject#instance_exec'
C:/workspace/minigun/lib/minigun/stage.rb:109:in 'Minigun::AtomicStage#execute'
C:/workspace/minigun/lib/minigun/execution/executor.rb:62:in 'Minigun::Execution::Executor#run_stage_logic'
C:/workspace/minigun/lib/minigun/execution/executor.rb:99:in 'block in Minigun::Execution::ThreadPoolExecutor#execute_with_strategy'
E, [2025-10-27T13:41:27.350998 #8588] ERROR -- : [Pipeline:default][Stage:save_to_db] Error: undefined local variable or method 'output' for an instance of ComprehensivePipeline
E, [2025-10-27T13:41:27.351050 #8588] ERROR -- : C:/workspace/minigun/examples/38_comprehensive_execution.rb:101:in 'block (2 levels) in <class:ComprehensivePipeline>'
C:/workspace/minigun/lib/minigun/stage.rb:109:in 'BasicObject#instance_exec'
C:/workspace/minigun/lib/minigun/stage.rb:109:in 'Minigun::AtomicStage#execute'
C:/workspace/minigun/lib/minigun/execution/executor.rb:62:in 'Minigun::Execution::Executor#run_stage_logic'
C:/workspace/minigun/lib/minigun/execution/executor.rb:99:in 'block in Minigun::Execution::ThreadPoolExecutor#execute_with_strategy'
E, [2025-10-27T13:41:27.352617 #8588] ERROR -- : [Pipeline:default][Stage:save_to_db] Error: undefined local variable or method 'output' for an instance of ComprehensivePipeline
E, [2025-10-27T13:41:27.352683 #8588] ERROR -- : C:/workspace/minigun/examples/38_comprehensive_execution.rb:101:in 'block (2 levels) in <class:ComprehensivePipeline>'
C:/workspace/minigun/lib/minigun/stage.rb:109:in 'BasicObject#instance_exec'
C:/workspace/minigun/lib/minigun/stage.rb:109:in 'Minigun::AtomicStage#execute'
C:/workspace/minigun/lib/minigun/execution/executor.rb:62:in 'Minigun::Execution::Executor#run_stage_logic'
C:/workspace/minigun/lib/minigun/execution/executor.rb:99:in 'block in Minigun::Execution::ThreadPoolExecutor#execute_with_strategy'
E, [2025-10-27T13:41:27.354223 #8588] ERROR -- : [Pipeline:default][Stage:save_to_db] Error: undefined local variable or method 'output' for an instance of ComprehensivePipeline
E, [2025-10-27T13:41:27.354267 #8588] ERROR -- : C:/workspace/minigun/examples/38_comprehensive_execution.rb:101:in 'block (2 levels) in <class:ComprehensivePipeline>'
C:/workspace/minigun/lib/minigun/stage.rb:109:in 'BasicObject#instance_exec'
C:/workspace/minigun/lib/minigun/stage.rb:109:in 'Minigun::AtomicStage#execute'
C:/workspace/minigun/lib/minigun/execution/executor.rb:62:in 'Minigun::Execution::Executor#run_stage_logic'
C:/workspace/minigun/lib/minigun/execution/executor.rb:99:in 'block in Minigun::Execution::ThreadPoolExecutor#execute_with_strategy'
C:/workspace/minigun/examples/38_comprehensive_execution.rb:101:in 'block (2 levels) in 
<class:ComprehensivePipeline>': undefined local variable or method 'output' for an instance of ComprehensivePipeline 
(NameError)

      output << results

      ^^^^^^
	from C:/workspace/minigun/lib/minigun/stage.rb:109:in 'BasicObject#instance_exec'
	from C:/workspace/minigun/lib/minigun/stage.rb:109:in 'Minigun::AtomicStage#execute'
	from C:/workspace/minigun/lib/minigun/execution/executor.rb:62:in 'Minigun::Execution::Executor#run_stage_logic'
	from C:/workspace/minigun/lib/minigun/execution/executor.rb:99:in 'block in 
Minigun::Execution::ThreadPoolExecutor#execute_with_strategy'
#<Thread:0x000001bb74b5e8d0 C:/workspace/minigun/lib/minigun/execution/executor.rb:97 run> terminated with exception 
(report_on_exception is true):
C:/workspace/minigun/examples/38_comprehensive_execution.rb:101:in 'block (2 levels) in 
<class:ComprehensivePipeline>': undefined local variable or method 'output' for an instance of ComprehensivePipeline 
(NameError)

      output << results

      ^^^^^^
	from C:/workspace/minigun/lib/minigun/stage.rb:109:in 'BasicObject#instance_exec'
	from C:/workspace/minigun/lib/minigun/stage.rb:109:in 'Minigun::AtomicStage#execute'
	from C:/workspace/minigun/lib/minigun/execution/executor.rb:62:in 'Minigun::Execution::Executor#run_stage_logic'
	from C:/workspace/minigun/lib/minigun/execution/executor.rb:99:in 'block in 
Minigun::Execution::ThreadPoolExecutor#execute_with_strategy'
#<Thread:0x000001bb74bde288 C:/workspace/minigun/lib/minigun/execution/executor.rb:97 run> terminated with exception 
(report_on_exception is true):
C:/workspace/minigun/examples/38_comprehensive_execution.rb:101:in 'block (2 levels) in 
<class:ComprehensivePipeline>': undefined local variable or method 'output' for an instance of ComprehensivePipeline 
(NameError)

      output << results

      ^^^^^^
	from C:/workspace/minigun/lib/minigun/stage.rb:109:in 'BasicObject#instance_exec'
	from C:/workspace/minigun/lib/minigun/stage.rb:109:in 'Minigun::AtomicStage#execute'
	from C:/workspace/minigun/lib/minigun/execution/executor.rb:62:in 'Minigun::Execution::Executor#run_stage_logic'
	from C:/workspace/minigun/lib/minigun/execution/executor.rb:99:in 'block in 
Minigun::Execution::ThreadPoolExecutor#execute_with_strategy'
#<Thread:0x000001bb74d104d0 C:/workspace/minigun/lib/minigun/execution/executor.rb:97 run> terminated with exception 
(report_on_exception is true):
C:/workspace/minigun/examples/38_comprehensive_execution.rb:101:in 'block (2 levels) in 
<class:ComprehensivePipeline>': undefined local variable or method 'output' for an instance of ComprehensivePipeline 
(NameError)

      output << results

      ^^^^^^
	from C:/workspace/minigun/lib/minigun/stage.rb:109:in 'BasicObject#instance_exec'
	from C:/workspace/minigun/lib/minigun/stage.rb:109:in 'Minigun::AtomicStage#execute'
	from C:/workspace/minigun/lib/minigun/execution/executor.rb:62:in 'Minigun::Execution::Executor#run_stage_logic'
	from C:/workspace/minigun/lib/minigun/execution/executor.rb:99:in 'block in 
Minigun::Execution::ThreadPoolExecutor#execute_with_strategy'
#<Thread:0x000001bb75170570 C:/workspace/minigun/lib/minigun/execution/executor.rb:97 run> terminated with exception 
(report_on_exception is true):
C:/workspace/minigun/examples/38_comprehensive_execution.rb:101:in 'block (2 levels) in 
<class:ComprehensivePipeline>': undefined local variable or method 'output' for an instance of ComprehensivePipeline 
(NameError)

      output << results

      ^^^^^^
	from C:/workspace/minigun/lib/minigun/stage.rb:109:in 'BasicObject#instance_exec'
	from C:/workspace/minigun/lib/minigun/stage.rb:109:in 'Minigun::AtomicStage#execute'
	from C:/workspace/minigun/lib/minigun/execution/executor.rb:62:in 'Minigun::Execution::Executor#run_stage_logic'
	from C:/workspace/minigun/lib/minigun/execution/executor.rb:99:in 'block in 
Minigun::Execution::ThreadPoolExecutor#execute_with_strategy'
#<Thread:0x000001bb735b8cb0 C:/workspace/minigun/lib/minigun/execution/executor.rb:97 run> terminated with exception 
(report_on_exception is true):
C:/workspace/minigun/examples/38_comprehensive_execution.rb:101:in 'block (2 levels) in 
<class:ComprehensivePipeline>': undefined local variable or method 'output' for an instance of ComprehensivePipeline 
(NameError)

      output << results

      ^^^^^^
	from C:/workspace/minigun/lib/minigun/stage.rb:109:in 'BasicObject#instance_exec'
	from C:/workspace/minigun/lib/minigun/stage.rb:109:in 'Minigun::AtomicStage#execute'
	from C:/workspace/minigun/lib/minigun/execution/executor.rb:62:in 'Minigun::Execution::Executor#run_stage_logic'
	from C:/workspace/minigun/lib/minigun/execution/executor.rb:99:in 'block in 
Minigun::Execution::ThreadPoolExecutor#execute_with_strategy'
#<Thread:0x000001bb752b13f8 C:/workspace/minigun/lib/minigun/execution/executor.rb:97 run> terminated with exception 
(report_on_exception is true):
C:/workspace/minigun/examples/38_comprehensive_execution.rb:101:in 'block (2 levels) in 
<class:ComprehensivePipeline>': undefined local variable or method 'output' for an instance of ComprehensivePipeline 
(NameError)

      output << results

      ^^^^^^
	from C:/workspace/minigun/lib/minigun/stage.rb:109:in 'BasicObject#instance_exec'
	from C:/workspace/minigun/lib/minigun/stage.rb:109:in 'Minigun::AtomicStage#execute'
	from C:/workspace/minigun/lib/minigun/execution/executor.rb:62:in 'Minigun::Execution::Executor#run_stage_logic'
	from C:/workspace/minigun/lib/minigun/execution/executor.rb:99:in 'block in 
Minigun::Execution::ThreadPoolExecutor#execute_with_strategy'
#<Thread:0x000001bb73639b08 C:/workspace/minigun/lib/minigun/execution/executor.rb:97 run> terminated with exception 
(report_on_exception is true):
C:/workspace/minigun/examples/38_comprehensive_execution.rb:101:in 'block (2 levels) in 
<class:ComprehensivePipeline>': undefined local variable or method 'output' for an instance of ComprehensivePipeline 
(NameError)

      output << results

      ^^^^^^
	from C:/workspace/minigun/lib/minigun/stage.rb:109:in 'BasicObject#instance_exec'
	from C:/workspace/minigun/lib/minigun/stage.rb:109:in 'Minigun::AtomicStage#execute'
	from C:/workspace/minigun/lib/minigun/execution/executor.rb:62:in 'Minigun::Execution::Executor#run_stage_logic'
	from C:/workspace/minigun/lib/minigun/execution/executor.rb:99:in 'block in 
Minigun::Execution::ThreadPoolExecutor#execute_with_strategy'
#<Thread:0x000001bb01672268 C:/workspace/minigun/lib/minigun/execution/executor.rb:97 run> terminated with exception 
(report_on_exception is true):
C:/workspace/minigun/examples/38_comprehensive_execution.rb:101:in 'block (2 levels) in 
<class:ComprehensivePipeline>': undefined local variable or method 'output' for an instance of ComprehensivePipeline 
(NameError)

      output << results

      ^^^^^^
	from C:/workspace/minigun/lib/minigun/stage.rb:109:in 'BasicObject#instance_exec'
	from C:/workspace/minigun/lib/minigun/stage.rb:109:in 'Minigun::AtomicStage#execute'
	from C:/workspace/minigun/lib/minigun/execution/executor.rb:62:in 'Minigun::Execution::Executor#run_stage_logic'
	from C:/workspace/minigun/lib/minigun/execution/executor.rb:99:in 'block in 
Minigun::Execution::ThreadPoolExecutor#execute_with_strategy'
#<Thread:0x000001bb0177a980 C:/workspace/minigun/lib/minigun/execution/executor.rb:97 run> terminated with exception 
(report_on_exception is true):
C:/workspace/minigun/examples/38_comprehensive_execution.rb:101:in 'block (2 levels) in 
<class:ComprehensivePipeline>': undefined local variable or method 'output' for an instance of ComprehensivePipeline 
(NameError)

      output << results

      ^^^^^^
	from C:/workspace/minigun/lib/minigun/stage.rb:109:in 'BasicObject#instance_exec'
	from C:/workspace/minigun/lib/minigun/stage.rb:109:in 'Minigun::AtomicStage#execute'
	from C:/workspace/minigun/lib/minigun/execution/executor.rb:62:in 'Minigun::Execution::Executor#run_stage_logic'
	from C:/workspace/minigun/lib/minigun/execution/executor.rb:99:in 'block in 
Minigun::Execution::ThreadPoolExecutor#execute_with_strategy'
#<Thread:0x000001bb018430b0 C:/workspace/minigun/lib/minigun/execution/executor.rb:97 run> terminated with exception 
(report_on_exception is true):
E, [2025-10-27T13:41:27.355759 #8588] ERROR -- : [Pipeline:default][Stage:save_to_db] Error: undefined local variable or method 'output' for an instance of ComprehensivePipeline
E, [2025-10-27T13:41:27.355807 #8588] ERROR -- : C:/workspace/minigun/examples/38_comprehensive_execution.rb:101:in 'block (2 levels) in <class:ComprehensivePipeline>'
C:/workspace/minigun/lib/minigun/stage.rb:109:in 'BasicObject#instance_exec'
C:/workspace/minigun/lib/minigun/stage.rb:109:in 'Minigun::AtomicStage#execute'
C:/workspace/minigun/lib/minigun/execution/executor.rb:62:in 'Minigun::Execution::Executor#run_stage_logic'
C:/workspace/minigun/lib/minigun/execution/executor.rb:99:in 'block in Minigun::Execution::ThreadPoolExecutor#execute_with_strategy'
E, [2025-10-27T13:41:27.357344 #8588] ERROR -- : [Pipeline:default][Stage:save_to_db] Error: undefined local variable or method 'output' for an instance of ComprehensivePipeline
E, [2025-10-27T13:41:27.357375 #8588] ERROR -- : C:/workspace/minigun/examples/38_comprehensive_execution.rb:101:in 'block (2 levels) in <class:ComprehensivePipeline>'
C:/workspace/minigun/lib/minigun/stage.rb:109:in 'BasicObject#instance_exec'
C:/workspace/minigun/lib/minigun/stage.rb:109:in 'Minigun::AtomicStage#execute'
C:/workspace/minigun/lib/minigun/execution/executor.rb:62:in 'Minigun::Execution::Executor#run_stage_logic'
C:/workspace/minigun/lib/minigun/execution/executor.rb:99:in 'block in Minigun::Execution::ThreadPoolExecutor#execute_with_strategy'
E, [2025-10-27T13:41:27.358903 #8588] ERROR -- : [Pipeline:default][Stage:save_to_db] Error: undefined local variable or method 'output' for an instance of ComprehensivePipeline
E, [2025-10-27T13:41:27.358936 #8588] ERROR -- : C:/workspace/minigun/examples/38_comprehensive_execution.rb:101:in 'block (2 levels) in <class:ComprehensivePipeline>'
C:/workspace/minigun/lib/minigun/stage.rb:109:in 'BasicObject#instance_exec'
C:/workspace/minigun/lib/minigun/stage.rb:109:in 'Minigun::AtomicStage#execute'
C:/workspace/minigun/lib/minigun/execution/executor.rb:62:in 'Minigun::Execution::Executor#run_stage_logic'
C:/workspace/minigun/lib/minigun/execution/executor.rb:99:in 'block in Minigun::Execution::ThreadPoolExecutor#execute_with_strategy'
E, [2025-10-27T13:41:27.360421 #8588] ERROR -- : [Pipeline:default][Stage:save_to_db] Error: undefined local variable or method 'output' for an instance of ComprehensivePipeline
E, [2025-10-27T13:41:27.360462 #8588] ERROR -- : C:/workspace/minigun/examples/38_comprehensive_execution.rb:101:in 'block (2 levels) in <class:ComprehensivePipeline>'
C:/workspace/minigun/lib/minigun/stage.rb:109:in 'BasicObject#instance_exec'
C:/workspace/minigun/lib/minigun/stage.rb:109:in 'Minigun::AtomicStage#execute'
C:/workspace/minigun/lib/minigun/execution/executor.rb:62:in 'Minigun::Execution::Executor#run_stage_logic'
C:/workspace/minigun/lib/minigun/execution/executor.rb:99:in 'block in Minigun::Execution::ThreadPoolExecutor#execute_with_strategy'
E, [2025-10-27T13:41:27.361935 #8588] ERROR -- : [Pipeline:default][Stage:save_to_db] Error: undefined local variable or method 'output' for an instance of ComprehensivePipeline
E, [2025-10-27T13:41:27.361972 #8588] ERROR -- : C:/workspace/minigun/examples/38_comprehensive_execution.rb:101:in 'block (2 levels) in <class:ComprehensivePipeline>'
C:/workspace/minigun/lib/minigun/stage.rb:109:in 'BasicObject#instance_exec'
C:/workspace/minigun/lib/minigun/stage.rb:109:in 'Minigun::AtomicStage#execute'
C:/workspace/minigun/lib/minigun/execution/executor.rb:62:in 'Minigun::Execution::Executor#run_stage_logic'
C:/workspace/minigun/lib/minigun/execution/executor.rb:99:in 'block in Minigun::Execution::ThreadPoolExecutor#execute_with_strategy'
E, [2025-10-27T13:41:27.363381 #8588] ERROR -- : [Pipeline:default][Stage:save_to_db] Error: undefined local variable or method 'output' for an instance of ComprehensivePipeline
E, [2025-10-27T13:41:27.363459 #8588] ERROR -- : C:/workspace/minigun/examples/38_comprehensive_execution.rb:101:in 'block (2 levels) in <class:ComprehensivePipeline>'
C:/workspace/minigun/lib/minigun/stage.rb:109:in 'BasicObject#instance_exec'
C:/workspace/minigun/lib/minigun/stage.rb:109:in 'Minigun::AtomicStage#execute'
C:/workspace/minigun/lib/minigun/execution/executor.rb:62:in 'Minigun::Execution::Executor#run_stage_logic'
C:/workspace/minigun/lib/minigun/execution/executor.rb:99:in 'block in Minigun::Execution::ThreadPoolExecutor#execute_with_strategy'
E, [2025-10-27T13:41:27.368060 #8588] ERROR -- : [Pipeline:default][Stage:save_to_db] Error: undefined local variable or method 'output' for an instance of ComprehensivePipeline
E, [2025-10-27T13:41:27.368092 #8588] ERROR -- : C:/workspace/minigun/examples/38_comprehensive_execution.rb:101:in 'block (2 levels) in <class:ComprehensivePipeline>'
C:/workspace/minigun/lib/minigun/stage.rb:109:in 'BasicObject#instance_exec'
C:/workspace/minigun/lib/minigun/stage.rb:109:in 'Minigun::AtomicStage#execute'
C:/workspace/minigun/lib/minigun/execution/executor.rb:62:in 'Minigun::Execution::Executor#run_stage_logic'
C:/workspace/minigun/lib/minigun/execution/executor.rb:99:in 'block in Minigun::Execution::ThreadPoolExecutor#execute_with_strategy'
E, [2025-10-27T13:41:27.369534 #8588] ERROR -- : [Pipeline:default][Stage:save_to_db] Error: undefined local variable or method 'output' for an instance of ComprehensivePipeline
E, [2025-10-27T13:41:27.369574 #8588] ERROR -- : C:/workspace/minigun/examples/38_comprehensive_execution.rb:101:in 'block (2 levels) in <class:ComprehensivePipeline>'
C:/workspace/minigun/lib/minigun/stage.rb:109:in 'BasicObject#instance_exec'
C:/workspace/minigun/lib/minigun/stage.rb:109:in 'Minigun::AtomicStage#execute'
C:/workspace/minigun/lib/minigun/execution/executor.rb:62:in 'Minigun::Execution::Executor#run_stage_logic'
C:/workspace/minigun/lib/minigun/execution/executor.rb:99:in 'block in Minigun::Execution::ThreadPoolExecutor#execute_with_strategy'
E, [2025-10-27T13:41:27.370946 #8588] ERROR -- : [Pipeline:default][Stage:save_to_db] Error: undefined local variable or method 'output' for an instance of ComprehensivePipeline
E, [2025-10-27T13:41:27.371012 #8588] ERROR -- : C:/workspace/minigun/examples/38_comprehensive_execution.rb:101:in 'block (2 levels) in <class:ComprehensivePipeline>'
C:/workspace/minigun/lib/minigun/stage.rb:109:in 'BasicObject#instance_exec'
C:/workspace/minigun/lib/minigun/stage.rb:109:in 'Minigun::AtomicStage#execute'
C:/workspace/minigun/lib/minigun/execution/executor.rb:62:in 'Minigun::Execution::Executor#run_stage_logic'
C:/workspace/minigun/lib/minigun/execution/executor.rb:99:in 'block in Minigun::Execution::ThreadPoolExecutor#execute_with_strategy'
C:/workspace/minigun/examples/38_comprehensive_execution.rb:101:in 'block (2 levels) in 
<class:ComprehensivePipeline>': undefined local variable or method 'output' for an instance of ComprehensivePipeline 
(NameError)

      output << results

      ^^^^^^
	from C:/workspace/minigun/lib/minigun/stage.rb:109:in 'BasicObject#instance_exec'
	from C:/workspace/minigun/lib/minigun/stage.rb:109:in 'Minigun::AtomicStage#execute'
	from C:/workspace/minigun/lib/minigun/execution/executor.rb:62:in 'Minigun::Execution::Executor#run_stage_logic'
	from C:/workspace/minigun/lib/minigun/execution/executor.rb:99:in 'block in 
Minigun::Execution::ThreadPoolExecutor#execute_with_strategy'
#<Thread:0x000001bb0171b7f0 C:/workspace/minigun/lib/minigun/execution/executor.rb:97 run> terminated with exception 
(report_on_exception is true):
C:/workspace/minigun/examples/38_comprehensive_execution.rb:101:in 'block (2 levels) in 
<class:ComprehensivePipeline>': undefined local variable or method 'output' for an instance of ComprehensivePipeline 
(NameError)

      output << results

      ^^^^^^
	from C:/workspace/minigun/lib/minigun/stage.rb:109:in 'BasicObject#instance_exec'
	from C:/workspace/minigun/lib/minigun/stage.rb:109:in 'Minigun::AtomicStage#execute'
	from C:/workspace/minigun/lib/minigun/execution/executor.rb:62:in 'Minigun::Execution::Executor#run_stage_logic'
	from C:/workspace/minigun/lib/minigun/execution/executor.rb:99:in 'block in 
Minigun::Execution::ThreadPoolExecutor#execute_with_strategy'
#<Thread:0x000001bb017b3f50 C:/workspace/minigun/lib/minigun/execution/executor.rb:97 run> terminated with exception 
(report_on_exception is true):
C:/workspace/minigun/examples/38_comprehensive_execution.rb:101:in 'block (2 levels) in 
<class:ComprehensivePipeline>': undefined local variable or method 'output' for an instance of ComprehensivePipeline 
(NameError)

      output << results

      ^^^^^^
	from C:/workspace/minigun/lib/minigun/stage.rb:109:in 'BasicObject#instance_exec'
	from C:/workspace/minigun/lib/minigun/stage.rb:109:in 'Minigun::AtomicStage#execute'
	from C:/workspace/minigun/lib/minigun/execution/executor.rb:62:in 'Minigun::Execution::Executor#run_stage_logic'
	from C:/workspace/minigun/lib/minigun/execution/executor.rb:99:in 'block in 
Minigun::Execution::ThreadPoolExecutor#execute_with_strategy'
#<Thread:0x000001bb015dc678 C:/workspace/minigun/lib/minigun/execution/executor.rb:97 run> terminated with exception 
(report_on_exception is true):
C:/workspace/minigun/examples/38_comprehensive_execution.rb:101:in 'block (2 levels) in 
<class:ComprehensivePipeline>': undefined local variable or method 'output' for an instance of ComprehensivePipeline 
(NameError)

      output << results

      ^^^^^^
	from C:/workspace/minigun/lib/minigun/stage.rb:109:in 'BasicObject#instance_exec'
	from C:/workspace/minigun/lib/minigun/stage.rb:109:in 'Minigun::AtomicStage#execute'
	from C:/workspace/minigun/lib/minigun/execution/executor.rb:62:in 'Minigun::Execution::Executor#run_stage_logic'
	from C:/workspace/minigun/lib/minigun/execution/executor.rb:99:in 'block in 
Minigun::Execution::ThreadPoolExecutor#execute_with_strategy'
#<Thread:0x000001bb735f4dc8 C:/workspace/minigun/lib/minigun/execution/executor.rb:97 run> terminated with exception 
(report_on_exception is true):
C:/workspace/minigun/examples/38_comprehensive_execution.rb:101:in 'block (2 levels) in 
<class:ComprehensivePipeline>': undefined local variable or method 'output' for an instance of ComprehensivePipeline 
(NameError)

      output << results

      ^^^^^^
	from C:/workspace/minigun/lib/minigun/stage.rb:109:in 'BasicObject#instance_exec'
	from C:/workspace/minigun/lib/minigun/stage.rb:109:in 'Minigun::AtomicStage#execute'
	from C:/workspace/minigun/lib/minigun/execution/executor.rb:62:in 'Minigun::Execution::Executor#run_stage_logic'
	from C:/workspace/minigun/lib/minigun/execution/executor.rb:99:in 'block in 
Minigun::Execution::ThreadPoolExecutor#execute_with_strategy'
#<Thread:0x000001bb74db6218 C:/workspace/minigun/lib/minigun/execution/executor.rb:97 run> terminated with exception 
(report_on_exception is true):
C:/workspace/minigun/examples/38_comprehensive_execution.rb:101:in 'block (2 levels) in 
<class:ComprehensivePipeline>': undefined local variable or method 'output' for an instance of ComprehensivePipeline 
(NameError)

      output << results

      ^^^^^^
	from C:/workspace/minigun/lib/minigun/stage.rb:109:in 'BasicObject#instance_exec'
	from C:/workspace/minigun/lib/minigun/stage.rb:109:in 'Minigun::AtomicStage#execute'
	from C:/workspace/minigun/lib/minigun/execution/executor.rb:62:in 'Minigun::Execution::Executor#run_stage_logic'
	from C:/workspace/minigun/lib/minigun/execution/executor.rb:99:in 'block in 
Minigun::Execution::ThreadPoolExecutor#execute_with_strategy'
#<Thread:0x000001bb74c110c0 C:/workspace/minigun/lib/minigun/execution/executor.rb:97 run> terminated with exception 
(report_on_exception is true):
C:/workspace/minigun/examples/38_comprehensive_execution.rb:101:in 'block (2 levels) in 
<class:ComprehensivePipeline>': undefined local variable or method 'output' for an instance of ComprehensivePipeline 
(NameError)

      output << results

      ^^^^^^
	from C:/workspace/minigun/lib/minigun/stage.rb:109:in 'BasicObject#instance_exec'
	from C:/workspace/minigun/lib/minigun/stage.rb:109:in 'Minigun::AtomicStage#execute'
	from C:/workspace/minigun/lib/minigun/execution/executor.rb:62:in 'Minigun::Execution::Executor#run_stage_logic'
	from C:/workspace/minigun/lib/minigun/execution/executor.rb:99:in 'block in 
Minigun::Execution::ThreadPoolExecutor#execute_with_strategy'
#<Thread:0x000001bb74ab8778 C:/workspace/minigun/lib/minigun/execution/executor.rb:97 run> terminated with exception 
(report_on_exception is true):
C:/workspace/minigun/examples/38_comprehensive_execution.rb:101:in 'block (2 levels) in 
<class:ComprehensivePipeline>': undefined local variable or method 'output' for an instance of ComprehensivePipeline 
(NameError)

      output << results

      ^^^^^^
	from C:/workspace/minigun/lib/minigun/stage.rb:109:in 'BasicObject#instance_exec'
	from C:/workspace/minigun/lib/minigun/stage.rb:109:in 'Minigun::AtomicStage#execute'
	from C:/workspace/minigun/lib/minigun/execution/executor.rb:62:in 'Minigun::Execution::Executor#run_stage_logic'
	from C:/workspace/minigun/lib/minigun/execution/executor.rb:99:in 'block in 
Minigun::Execution::ThreadPoolExecutor#execute_with_strategy'
#<Thread:0x000001bb74a38410 C:/workspace/minigun/lib/minigun/execution/executor.rb:97 run> terminated with exception 
(report_on_exception is true):
C:/workspace/minigun/examples/38_comprehensive_execution.rb:101:in 'block (2 levels) in 
<class:ComprehensivePipeline>': undefined local variable or method 'output' for an instance of ComprehensivePipeline 
(NameError)

      output << results

      ^^^^^^
	from C:/workspace/minigun/lib/minigun/stage.rb:109:in 'BasicObject#instance_exec'
	from C:/workspace/minigun/lib/minigun/stage.rb:109:in 'Minigun::AtomicStage#execute'
	from C:/workspace/minigun/lib/minigun/execution/executor.rb:62:in 'Minigun::Execution::Executor#run_stage_logic'
	from C:/workspace/minigun/lib/minigun/execution/executor.rb:99:in 'block in 
Minigun::Execution::ThreadPoolExecutor#execute_with_strategy'
#<Thread:0x000001bb74b5e8d0 C:/workspace/minigun/lib/minigun/execution/executor.rb:97 run> terminated with exception 
(report_on_exception is true):
C:/workspace/minigun/examples/38_comprehensive_execution.rb:101:in 'block (2 levels) in 
<class:ComprehensivePipeline>': undefined local variable or method 'output' for an instance of ComprehensivePipeline 
(NameError)

      output << results

      ^^^^^^
	from C:/workspace/minigun/lib/minigun/stage.rb:109:in 'BasicObject#instance_exec'
	from C:/workspace/minigun/lib/minigun/stage.rb:109:in 'Minigun::AtomicStage#execute'
	from C:/workspace/minigun/lib/minigun/execution/executor.rb:62:in 'Minigun::Execution::Executor#run_stage_logic'
	from C:/workspace/minigun/lib/minigun/execution/executor.rb:99:in 'block in 
Minigun::Execution::ThreadPoolExecutor#execute_with_strategy'
E, [2025-10-27T13:41:27.372399 #8588] ERROR -- : [Pipeline:default][Stage:save_to_db] Error: undefined local variable or method 'output' for an instance of ComprehensivePipeline
E, [2025-10-27T13:41:27.372433 #8588] ERROR -- : C:/workspace/minigun/examples/38_comprehensive_execution.rb:101:in 'block (2 levels) in <class:ComprehensivePipeline>'
C:/workspace/minigun/lib/minigun/stage.rb:109:in 'BasicObject#instance_exec'
C:/workspace/minigun/lib/minigun/stage.rb:109:in 'Minigun::AtomicStage#execute'
C:/workspace/minigun/lib/minigun/execution/executor.rb:62:in 'Minigun::Execution::Executor#run_stage_logic'
C:/workspace/minigun/lib/minigun/execution/executor.rb:99:in 'block in Minigun::Execution::ThreadPoolExecutor#execute_with_strategy'
E, [2025-10-27T13:41:27.373901 #8588] ERROR -- : [Pipeline:default][Stage:save_to_db] Error: undefined local variable or method 'output' for an instance of ComprehensivePipeline
E, [2025-10-27T13:41:27.373946 #8588] ERROR -- : C:/workspace/minigun/examples/38_comprehensive_execution.rb:101:in 'block (2 levels) in <class:ComprehensivePipeline>'
C:/workspace/minigun/lib/minigun/stage.rb:109:in 'BasicObject#instance_exec'
C:/workspace/minigun/lib/minigun/stage.rb:109:in 'Minigun::AtomicStage#execute'
C:/workspace/minigun/lib/minigun/execution/executor.rb:62:in 'Minigun::Execution::Executor#run_stage_logic'
C:/workspace/minigun/lib/minigun/execution/executor.rb:99:in 'block in Minigun::Execution::ThreadPoolExecutor#execute_with_strategy'
E, [2025-10-27T13:41:27.375491 #8588] ERROR -- : [Pipeline:default][Stage:save_to_db] Error: undefined local variable or method 'output' for an instance of ComprehensivePipeline
E, [2025-10-27T13:41:27.375557 #8588] ERROR -- : C:/workspace/minigun/examples/38_comprehensive_execution.rb:101:in 'block (2 levels) in <class:ComprehensivePipeline>'
C:/workspace/minigun/lib/minigun/stage.rb:109:in 'BasicObject#instance_exec'
C:/workspace/minigun/lib/minigun/stage.rb:109:in 'Minigun::AtomicStage#execute'
C:/workspace/minigun/lib/minigun/execution/executor.rb:62:in 'Minigun::Execution::Executor#run_stage_logic'
C:/workspace/minigun/lib/minigun/execution/executor.rb:99:in 'block in Minigun::Execution::ThreadPoolExecutor#execute_with_strategy'
E, [2025-10-27T13:41:27.378051 #8588] ERROR -- : [Pipeline:default][Stage:save_to_db] Error: undefined local variable or method 'output' for an instance of ComprehensivePipeline
E, [2025-10-27T13:41:27.378132 #8588] ERROR -- : C:/workspace/minigun/examples/38_comprehensive_execution.rb:101:in 'block (2 levels) in <class:ComprehensivePipeline>'
C:/workspace/minigun/lib/minigun/stage.rb:109:in 'BasicObject#instance_exec'
C:/workspace/minigun/lib/minigun/stage.rb:109:in 'Minigun::AtomicStage#execute'
C:/workspace/minigun/lib/minigun/execution/executor.rb:62:in 'Minigun::Execution::Executor#run_stage_logic'
C:/workspace/minigun/lib/minigun/execution/executor.rb:99:in 'block in Minigun::Execution::ThreadPoolExecutor#execute_with_strategy'
E, [2025-10-27T13:41:27.379938 #8588] ERROR -- : [Pipeline:default][Stage:save_to_db] Error: undefined local variable or method 'output' for an instance of ComprehensivePipeline
E, [2025-10-27T13:41:27.379981 #8588] ERROR -- : C:/workspace/minigun/examples/38_comprehensive_execution.rb:101:in 'block (2 levels) in <class:ComprehensivePipeline>'
C:/workspace/minigun/lib/minigun/stage.rb:109:in 'BasicObject#instance_exec'
C:/workspace/minigun/lib/minigun/stage.rb:109:in 'Minigun::AtomicStage#execute'
C:/workspace/minigun/lib/minigun/execution/executor.rb:62:in 'Minigun::Execution::Executor#run_stage_logic'
C:/workspace/minigun/lib/minigun/execution/executor.rb:99:in 'block in Minigun::Execution::ThreadPoolExecutor#execute_with_strategy'
E, [2025-10-27T13:41:27.381501 #8588] ERROR -- : [Pipeline:default][Stage:save_to_db] Error: undefined local variable or method 'output' for an instance of ComprehensivePipeline
E, [2025-10-27T13:41:27.381540 #8588] ERROR -- : C:/workspace/minigun/examples/38_comprehensive_execution.rb:101:in 'block (2 levels) in <class:ComprehensivePipeline>'
C:/workspace/minigun/lib/minigun/stage.rb:109:in 'BasicObject#instance_exec'
C:/workspace/minigun/lib/minigun/stage.rb:109:in 'Minigun::AtomicStage#execute'
C:/workspace/minigun/lib/minigun/execution/executor.rb:62:in 'Minigun::Execution::Executor#run_stage_logic'
C:/workspace/minigun/lib/minigun/execution/executor.rb:99:in 'block in Minigun::Execution::ThreadPoolExecutor#execute_with_strategy'
E, [2025-10-27T13:41:27.387628 #8588] ERROR -- : [Pipeline:default][Stage:save_to_db] Error: undefined local variable or method 'output' for an instance of ComprehensivePipeline
E, [2025-10-27T13:41:27.387668 #8588] ERROR -- : C:/workspace/minigun/examples/38_comprehensive_execution.rb:101:in 'block (2 levels) in <class:ComprehensivePipeline>'
C:/workspace/minigun/lib/minigun/stage.rb:109:in 'BasicObject#instance_exec'
C:/workspace/minigun/lib/minigun/stage.rb:109:in 'Minigun::AtomicStage#execute'
C:/workspace/minigun/lib/minigun/execution/executor.rb:62:in 'Minigun::Execution::Executor#run_stage_logic'
C:/workspace/minigun/lib/minigun/execution/executor.rb:99:in 'block in Minigun::Execution::ThreadPoolExecutor#execute_with_strategy'
E, [2025-10-27T13:41:27.389342 #8588] ERROR -- : [Pipeline:default][Stage:save_to_db] Error: undefined local variable or method 'output' for an instance of ComprehensivePipeline
E, [2025-10-27T13:41:27.389382 #8588] ERROR -- : C:/workspace/minigun/examples/38_comprehensive_execution.rb:101:in 'block (2 levels) in <class:ComprehensivePipeline>'
C:/workspace/minigun/lib/minigun/stage.rb:109:in 'BasicObject#instance_exec'
C:/workspace/minigun/lib/minigun/stage.rb:109:in 'Minigun::AtomicStage#execute'
C:/workspace/minigun/lib/minigun/execution/executor.rb:62:in 'Minigun::Execution::Executor#run_stage_logic'
C:/workspace/minigun/lib/minigun/execution/executor.rb:99:in 'block in Minigun::Execution::ThreadPoolExecutor#execute_with_strategy'
E, [2025-10-27T13:41:27.390912 #8588] ERROR -- : [Pipeline:default][Stage:save_to_db] Error: undefined local variable or method 'output' for an instance of ComprehensivePipeline
E, [2025-10-27T13:41:27.390955 #8588] ERROR -- : C:/workspace/minigun/examples/38_comprehensive_execution.rb:101:in 'block (2 levels) in <class:ComprehensivePipeline>'
C:/workspace/minigun/lib/minigun/stage.rb:109:in 'BasicObject#instance_exec'
C:/workspace/minigun/lib/minigun/stage.rb:109:in 'Minigun::AtomicStage#execute'
C:/workspace/minigun/lib/minigun/execution/executor.rb:62:in 'Minigun::Execution::Executor#run_stage_logic'
C:/workspace/minigun/lib/minigun/execution/executor.rb:99:in 'block in Minigun::Execution::ThreadPoolExecutor#execute_with_strategy'
E, [2025-10-27T13:41:27.392379 #8588] ERROR -- : [Pipeline:default][Stage:save_to_db] Error: undefined local variable or method 'output' for an instance of ComprehensivePipeline
#<Thread:0x000001bb74bdff48 C:/workspace/minigun/lib/minigun/execution/executor.rb:97 run> terminated with exception 
(report_on_exception is true):
C:/workspace/minigun/examples/38_comprehensive_execution.rb:101:in 'block (2 levels) in 
<class:ComprehensivePipeline>': undefined local variable or method 'output' for an instance of ComprehensivePipeline 
(NameError)

      output << results

      ^^^^^^
	from C:/workspace/minigun/lib/minigun/stage.rb:109:in 'BasicObject#instance_exec'
	from C:/workspace/minigun/lib/minigun/stage.rb:109:in 'Minigun::AtomicStage#execute'
	from C:/workspace/minigun/lib/minigun/execution/executor.rb:62:in 'Minigun::Execution::Executor#run_stage_logic'
	from C:/workspace/minigun/lib/minigun/execution/executor.rb:99:in 'block in 
Minigun::Execution::ThreadPoolExecutor#execute_with_strategy'
#<Thread:0x000001bb74d12578 C:/workspace/minigun/lib/minigun/execution/executor.rb:97 run> terminated with exception 
(report_on_exception is true):
C:/workspace/minigun/examples/38_comprehensive_execution.rb:101:in 'block (2 levels) in 
<class:ComprehensivePipeline>': undefined local variable or method 'output' for an instance of ComprehensivePipeline 
(NameError)

      output << results

      ^^^^^^
	from C:/workspace/minigun/lib/minigun/stage.rb:109:in 'BasicObject#instance_exec'
	from C:/workspace/minigun/lib/minigun/stage.rb:109:in 'Minigun::AtomicStage#execute'
	from C:/workspace/minigun/lib/minigun/execution/executor.rb:62:in 'Minigun::Execution::Executor#run_stage_logic'
	from C:/workspace/minigun/lib/minigun/execution/executor.rb:99:in 'block in 
Minigun::Execution::ThreadPoolExecutor#execute_with_strategy'
#<Thread:0x000001bb751720f0 C:/workspace/minigun/lib/minigun/execution/executor.rb:97 run> terminated with exception 
(report_on_exception is true):
C:/workspace/minigun/examples/38_comprehensive_execution.rb:101:in 'block (2 levels) in 
<class:ComprehensivePipeline>': undefined local variable or method 'output' for an instance of ComprehensivePipeline 
(NameError)

      output << results

      ^^^^^^
	from C:/workspace/minigun/lib/minigun/stage.rb:109:in 'BasicObject#instance_exec'
	from C:/workspace/minigun/lib/minigun/stage.rb:109:in 'Minigun::AtomicStage#execute'
	from C:/workspace/minigun/lib/minigun/execution/executor.rb:62:in 'Minigun::Execution::Executor#run_stage_logic'
	from C:/workspace/minigun/lib/minigun/execution/executor.rb:99:in 'block in 
Minigun::Execution::ThreadPoolExecutor#execute_with_strategy'
#<Thread:0x000001bb735ba830 C:/workspace/minigun/lib/minigun/execution/executor.rb:97 run> terminated with exception 
(report_on_exception is true):
C:/workspace/minigun/examples/38_comprehensive_execution.rb:101:in 'block (2 levels) in 
<class:ComprehensivePipeline>': undefined local variable or method 'output' for an instance of ComprehensivePipeline 
(NameError)

      output << results

      ^^^^^^
	from C:/workspace/minigun/lib/minigun/stage.rb:109:in 'BasicObject#instance_exec'
	from C:/workspace/minigun/lib/minigun/stage.rb:109:in 'Minigun::AtomicStage#execute'
	from C:/workspace/minigun/lib/minigun/execution/executor.rb:62:in 'Minigun::Execution::Executor#run_stage_logic'
	from C:/workspace/minigun/lib/minigun/execution/executor.rb:99:in 'block in 
Minigun::Execution::ThreadPoolExecutor#execute_with_strategy'
#<Thread:0x000001bb752b2f78 C:/workspace/minigun/lib/minigun/execution/executor.rb:97 run> terminated with exception 
(report_on_exception is true):
C:/workspace/minigun/examples/38_comprehensive_execution.rb:101:in 'block (2 levels) in 
<class:ComprehensivePipeline>': undefined local variable or method 'output' for an instance of ComprehensivePipeline 
(NameError)

      output << results

      ^^^^^^
	from C:/workspace/minigun/lib/minigun/stage.rb:109:in 'BasicObject#instance_exec'
	from C:/workspace/minigun/lib/minigun/stage.rb:109:in 'Minigun::AtomicStage#execute'
	from C:/workspace/minigun/lib/minigun/execution/executor.rb:62:in 'Minigun::Execution::Executor#run_stage_logic'
	from C:/workspace/minigun/lib/minigun/execution/executor.rb:99:in 'block in 
Minigun::Execution::ThreadPoolExecutor#execute_with_strategy'
#<Thread:0x000001bb7363b688 C:/workspace/minigun/lib/minigun/execution/executor.rb:97 run> terminated with exception 
(report_on_exception is true):
C:/workspace/minigun/examples/38_comprehensive_execution.rb:101:in 'block (2 levels) in 
<class:ComprehensivePipeline>': undefined local variable or method 'output' for an instance of ComprehensivePipeline 
(NameError)

      output << results

      ^^^^^^
	from C:/workspace/minigun/lib/minigun/stage.rb:109:in 'BasicObject#instance_exec'
	from C:/workspace/minigun/lib/minigun/stage.rb:109:in 'Minigun::AtomicStage#execute'
	from C:/workspace/minigun/lib/minigun/execution/executor.rb:62:in 'Minigun::Execution::Executor#run_stage_logic'
	from C:/workspace/minigun/lib/minigun/execution/executor.rb:99:in 'block in 
Minigun::Execution::ThreadPoolExecutor#execute_with_strategy'
#<Thread:0x000001bb01673de8 C:/workspace/minigun/lib/minigun/execution/executor.rb:97 run> terminated with exception 
(report_on_exception is true):
C:/workspace/minigun/examples/38_comprehensive_execution.rb:101:in 'block (2 levels) in 
<class:ComprehensivePipeline>': undefined local variable or method 'output' for an instance of ComprehensivePipeline 
(NameError)

      output << results

      ^^^^^^
	from C:/workspace/minigun/lib/minigun/stage.rb:109:in 'BasicObject#instance_exec'
	from C:/workspace/minigun/lib/minigun/stage.rb:109:in 'Minigun::AtomicStage#execute'
	from C:/workspace/minigun/lib/minigun/execution/executor.rb:62:in 'Minigun::Execution::Executor#run_stage_logic'
	from C:/workspace/minigun/lib/minigun/execution/executor.rb:99:in 'block in 
Minigun::Execution::ThreadPoolExecutor#execute_with_strategy'
#<Thread:0x000001bb0177c500 C:/workspace/minigun/lib/minigun/execution/executor.rb:97 run> terminated with exception 
(report_on_exception is true):
C:/workspace/minigun/examples/38_comprehensive_execution.rb:101:in 'block (2 levels) in 
<class:ComprehensivePipeline>': undefined local variable or method 'output' for an instance of ComprehensivePipeline 
(NameError)

      output << results

      ^^^^^^
	from C:/workspace/minigun/lib/minigun/stage.rb:109:in 'BasicObject#instance_exec'
	from C:/workspace/minigun/lib/minigun/stage.rb:109:in 'Minigun::AtomicStage#execute'
	from C:/workspace/minigun/lib/minigun/execution/executor.rb:62:in 'Minigun::Execution::Executor#run_stage_logic'
	from C:/workspace/minigun/lib/minigun/execution/executor.rb:99:in 'block in 
Minigun::Execution::ThreadPoolExecutor#execute_with_strategy'
#<Thread:0x000001bb01844c30 C:/workspace/minigun/lib/minigun/execution/executor.rb:97 run> terminated with exception 
(report_on_exception is true):
C:/workspace/minigun/examples/38_comprehensive_execution.rb:101:in 'block (2 levels) in 
<class:ComprehensivePipeline>': undefined local variable or method 'output' for an instance of ComprehensivePipeline 
(NameError)

      output << results

      ^^^^^^
	from C:/workspace/minigun/lib/minigun/stage.rb:109:in 'BasicObject#instance_exec'
	from C:/workspace/minigun/lib/minigun/stage.rb:109:in 'Minigun::AtomicStage#execute'
	from C:/workspace/minigun/lib/minigun/execution/executor.rb:62:in 'Minigun::Execution::Executor#run_stage_logic'
	from C:/workspace/minigun/lib/minigun/execution/executor.rb:99:in 'block in 
Minigun::Execution::ThreadPoolExecutor#execute_with_strategy'
#<Thread:0x000001bb0171d370 C:/workspace/minigun/lib/minigun/execution/executor.rb:97 run> terminated with exception 
(report_on_exception is true):
C:/workspace/minigun/examples/38_comprehensive_execution.rb:101:in 'block (2 levels) in 
<class:ComprehensivePipeline>': undefined local variable or method 'output' for an instance of ComprehensivePipeline 
(NameError)

      output << results

      ^^^^^^
	from C:/workspace/minigun/lib/minigun/stage.rb:109:in 'BasicObject#instance_exec'
	from C:/workspace/minigun/lib/minigun/stage.rb:109:in 'Minigun::AtomicStage#execute'
	from C:/workspace/minigun/lib/minigun/execution/executor.rb:62:in 'Minigun::Execution::Executor#run_stage_logic'
	from C:/workspace/minigun/lib/minigun/execution/executor.rb:99:in 'block in 
Minigun::Execution::ThreadPoolExecutor#execute_with_strategy'
E, [2025-10-27T13:41:27.392420 #8588] ERROR -- : C:/workspace/minigun/examples/38_comprehensive_execution.rb:101:in 'block (2 levels) in <class:ComprehensivePipeline>'
C:/workspace/minigun/lib/minigun/stage.rb:109:in 'BasicObject#instance_exec'
C:/workspace/minigun/lib/minigun/stage.rb:109:in 'Minigun::AtomicStage#execute'
C:/workspace/minigun/lib/minigun/execution/executor.rb:62:in 'Minigun::Execution::Executor#run_stage_logic'
C:/workspace/minigun/lib/minigun/execution/executor.rb:99:in 'block in Minigun::Execution::ThreadPoolExecutor#execute_with_strategy'
E, [2025-10-27T13:41:27.393951 #8588] ERROR -- : [Pipeline:default][Stage:save_to_db] Error: undefined local variable or method 'output' for an instance of ComprehensivePipeline
E, [2025-10-27T13:41:27.393991 #8588] ERROR -- : C:/workspace/minigun/examples/38_comprehensive_execution.rb:101:in 'block (2 levels) in <class:ComprehensivePipeline>'
C:/workspace/minigun/lib/minigun/stage.rb:109:in 'BasicObject#instance_exec'
C:/workspace/minigun/lib/minigun/stage.rb:109:in 'Minigun::AtomicStage#execute'
C:/workspace/minigun/lib/minigun/execution/executor.rb:62:in 'Minigun::Execution::Executor#run_stage_logic'
C:/workspace/minigun/lib/minigun/execution/executor.rb:99:in 'block in Minigun::Execution::ThreadPoolExecutor#execute_with_strategy'
E, [2025-10-27T13:41:27.395467 #8588] ERROR -- : [Pipeline:default][Stage:save_to_db] Error: undefined local variable or method 'output' for an instance of ComprehensivePipeline
E, [2025-10-27T13:41:27.395500 #8588] ERROR -- : C:/workspace/minigun/examples/38_comprehensive_execution.rb:101:in 'block (2 levels) in <class:ComprehensivePipeline>'
C:/workspace/minigun/lib/minigun/stage.rb:109:in 'BasicObject#instance_exec'
C:/workspace/minigun/lib/minigun/stage.rb:109:in 'Minigun::AtomicStage#execute'
C:/workspace/minigun/lib/minigun/execution/executor.rb:62:in 'Minigun::Execution::Executor#run_stage_logic'
C:/workspace/minigun/lib/minigun/execution/executor.rb:99:in 'block in Minigun::Execution::ThreadPoolExecutor#execute_with_strategy'
E, [2025-10-27T13:41:27.396931 #8588] ERROR -- : [Pipeline:default][Stage:save_to_db] Error: undefined local variable or method 'output' for an instance of ComprehensivePipeline
E, [2025-10-27T13:41:27.396969 #8588] ERROR -- : C:/workspace/minigun/examples/38_comprehensive_execution.rb:101:in 'block (2 levels) in <class:ComprehensivePipeline>'
C:/workspace/minigun/lib/minigun/stage.rb:109:in 'BasicObject#instance_exec'
C:/workspace/minigun/lib/minigun/stage.rb:109:in 'Minigun::AtomicStage#execute'
C:/workspace/minigun/lib/minigun/execution/executor.rb:62:in 'Minigun::Execution::Executor#run_stage_logic'
C:/workspace/minigun/lib/minigun/execution/executor.rb:99:in 'block in Minigun::Execution::ThreadPoolExecutor#execute_with_strategy'
E, [2025-10-27T13:41:27.398464 #8588] ERROR -- : [Pipeline:default][Stage:save_to_db] Error: undefined local variable or method 'output' for an instance of ComprehensivePipeline
E, [2025-10-27T13:41:27.398504 #8588] ERROR -- : C:/workspace/minigun/examples/38_comprehensive_execution.rb:101:in 'block (2 levels) in <class:ComprehensivePipeline>'
C:/workspace/minigun/lib/minigun/stage.rb:109:in 'BasicObject#instance_exec'
C:/workspace/minigun/lib/minigun/stage.rb:109:in 'Minigun::AtomicStage#execute'
C:/workspace/minigun/lib/minigun/execution/executor.rb:62:in 'Minigun::Execution::Executor#run_stage_logic'
C:/workspace/minigun/lib/minigun/execution/executor.rb:99:in 'block in Minigun::Execution::ThreadPoolExecutor#execute_with_strategy'
E, [2025-10-27T13:41:27.399939 #8588] ERROR -- : [Pipeline:default][Stage:save_to_db] Error: undefined local variable or method 'output' for an instance of ComprehensivePipeline
E, [2025-10-27T13:41:27.399971 #8588] ERROR -- : C:/workspace/minigun/examples/38_comprehensive_execution.rb:101:in 'block (2 levels) in <class:ComprehensivePipeline>'
C:/workspace/minigun/lib/minigun/stage.rb:109:in 'BasicObject#instance_exec'
C:/workspace/minigun/lib/minigun/stage.rb:109:in 'Minigun::AtomicStage#execute'
C:/workspace/minigun/lib/minigun/execution/executor.rb:62:in 'Minigun::Execution::Executor#run_stage_logic'
C:/workspace/minigun/lib/minigun/execution/executor.rb:99:in 'block in Minigun::Execution::ThreadPoolExecutor#execute_with_strategy'
E, [2025-10-27T13:41:27.401351 #8588] ERROR -- : [Pipeline:default][Stage:save_to_db] Error: undefined local variable or method 'output' for an instance of ComprehensivePipeline
E, [2025-10-27T13:41:27.401381 #8588] ERROR -- : C:/workspace/minigun/examples/38_comprehensive_execution.rb:101:in 'block (2 levels) in <class:ComprehensivePipeline>'
C:/workspace/minigun/lib/minigun/stage.rb:109:in 'BasicObject#instance_exec'
C:/workspace/minigun/lib/minigun/stage.rb:109:in 'Minigun::AtomicStage#execute'
C:/workspace/minigun/lib/minigun/execution/executor.rb:62:in 'Minigun::Execution::Executor#run_stage_logic'
C:/workspace/minigun/lib/minigun/execution/executor.rb:99:in 'block in Minigun::Execution::ThreadPoolExecutor#execute_with_strategy'
E, [2025-10-27T13:41:27.409988 #8588] ERROR -- : [Pipeline:default][Stage:save_to_db] Error: undefined local variable or method 'output' for an instance of ComprehensivePipeline
E, [2025-10-27T13:41:27.410031 #8588] ERROR -- : C:/workspace/minigun/examples/38_comprehensive_execution.rb:101:in 'block (2 levels) in <class:ComprehensivePipeline>'
C:/workspace/minigun/lib/minigun/stage.rb:109:in 'BasicObject#instance_exec'
C:/workspace/minigun/lib/minigun/stage.rb:109:in 'Minigun::AtomicStage#execute'
C:/workspace/minigun/lib/minigun/execution/executor.rb:62:in 'Minigun::Execution::Executor#run_stage_logic'
C:/workspace/minigun/lib/minigun/execution/executor.rb:99:in 'block in Minigun::Execution::ThreadPoolExecutor#execute_with_strategy'
E, [2025-10-27T13:41:27.411446 #8588] ERROR -- : [Pipeline:default][Stage:save_to_db] Error: undefined local variable or method 'output' for an instance of ComprehensivePipeline
E, [2025-10-27T13:41:27.411485 #8588] ERROR -- : C:/workspace/minigun/examples/38_comprehensive_execution.rb:101:in 'block (2 levels) in <class:ComprehensivePipeline>'
C:/workspace/minigun/lib/minigun/stage.rb:109:in 'BasicObject#instance_exec'
C:/workspace/minigun/lib/minigun/stage.rb:109:in 'Minigun::AtomicStage#execute'
C:/workspace/minigun/lib/minigun/execution/executor.rb:62:in 'Minigun::Execution::Executor#run_stage_logic'
C:/workspace/minigun/lib/minigun/execution/executor.rb:99:in 'block in Minigun::Execution::ThreadPoolExecutor#execute_with_strategy'
E, [2025-10-27T13:41:27.412929 #8588] ERROR -- : [Pipeline:default][Stage:save_to_db] Error: undefined local variable or method 'output' for an instance of ComprehensivePipeline
E, [2025-10-27T13:41:27.412969 #8588] ERROR -- : C:/workspace/minigun/examples/38_comprehensive_execution.rb:101:in 'block (2 levels) in <class:ComprehensivePipeline>'
C:/workspace/minigun/lib/minigun/stage.rb:109:in 'BasicObject#instance_exec'
C:/workspace/minigun/lib/minigun/stage.rb:109:in 'Minigun::AtomicStage#execute'
C:/workspace/minigun/lib/minigun/execution/executor.rb:62:in 'Minigun::Execution::Executor#run_stage_logic'
C:/workspace/minigun/lib/minigun/execution/executor.rb:99:in 'block in Minigun::Execution::ThreadPoolExecutor#execute_with_strategy'
E, [2025-10-27T13:41:27.414445 #8588] ERROR -- : [Pipeline:default][Stage:save_to_db] Error: undefined local variable or method 'output' for an instance of ComprehensivePipeline
E, [2025-10-27T13:41:27.414485 #8588] ERROR -- : C:/workspace/minigun/examples/38_comprehensive_execution.rb:101:in 'block (2 levels) in <class:ComprehensivePipeline>'
C:/workspace/minigun/lib/minigun/stage.rb:109:in 'BasicObject#instance_exec'
C:/workspace/minigun/lib/minigun/stage.rb:109:in 'Minigun::AtomicStage#execute'
C:/workspace/minigun/lib/minigun/execution/executor.rb:62:in 'Minigun::Execution::Executor#run_stage_logic'
C:/workspace/minigun/lib/minigun/execution/executor.rb:99:in 'block in Minigun::Execution::ThreadPoolExecutor#execute_with_strategy'
E, [2025-10-27T13:41:27.415974 #8588] ERROR -- : [Pipeline:default][Stage:save_to_db] Error: undefined local variable or method 'output' for an instance of ComprehensivePipeline
E, [2025-10-27T13:41:27.416069 #8588] ERROR -- : C:/workspace/minigun/examples/38_comprehensive_execution.rb:101:in 'block (2 levels) in <class:ComprehensivePipeline>'
C:/workspace/minigun/lib/minigun/stage.rb:109:in 'BasicObject#instance_exec'
C:/workspace/minigun/lib/minigun/stage.rb:109:in 'Minigun::AtomicStage#execute'
C:/workspace/minigun/lib/minigun/execution/executor.rb:62:in 'Minigun::Execution::Executor#run_stage_logic'
C:/workspace/minigun/lib/minigun/execution/executor.rb:99:in 'block in Minigun::Execution::ThreadPoolExecutor#execute_with_strategy'
#<Thread:0x000001bb017b5ad0 C:/workspace/minigun/lib/minigun/execution/executor.rb:97 run> terminated with exception 
(report_on_exception is true):
C:/workspace/minigun/examples/38_comprehensive_execution.rb:101:in 'block (2 levels) in 
<class:ComprehensivePipeline>': undefined local variable or method 'output' for an instance of ComprehensivePipeline 
(NameError)

      output << results

      ^^^^^^
	from C:/workspace/minigun/lib/minigun/stage.rb:109:in 'BasicObject#instance_exec'
	from C:/workspace/minigun/lib/minigun/stage.rb:109:in 'Minigun::AtomicStage#execute'
	from C:/workspace/minigun/lib/minigun/execution/executor.rb:62:in 'Minigun::Execution::Executor#run_stage_logic'
	from C:/workspace/minigun/lib/minigun/execution/executor.rb:99:in 'block in 
Minigun::Execution::ThreadPoolExecutor#execute_with_strategy'
#<Thread:0x000001bb015de1f8 C:/workspace/minigun/lib/minigun/execution/executor.rb:97 run> terminated with exception 
(report_on_exception is true):
C:/workspace/minigun/examples/38_comprehensive_execution.rb:101:in 'block (2 levels) in 
<class:ComprehensivePipeline>': undefined local variable or method 'output' for an instance of ComprehensivePipeline 
(NameError)

      output << results

      ^^^^^^
	from C:/workspace/minigun/lib/minigun/stage.rb:109:in 'BasicObject#instance_exec'
	from C:/workspace/minigun/lib/minigun/stage.rb:109:in 'Minigun::AtomicStage#execute'
	from C:/workspace/minigun/lib/minigun/execution/executor.rb:62:in 'Minigun::Execution::Executor#run_stage_logic'
	from C:/workspace/minigun/lib/minigun/execution/executor.rb:99:in 'block in 
Minigun::Execution::ThreadPoolExecutor#execute_with_strategy'
#<Thread:0x000001bb735f6948 C:/workspace/minigun/lib/minigun/execution/executor.rb:97 run> terminated with exception 
(report_on_exception is true):
C:/workspace/minigun/examples/38_comprehensive_execution.rb:101:in 'block (2 levels) in 
<class:ComprehensivePipeline>': undefined local variable or method 'output' for an instance of ComprehensivePipeline 
(NameError)

      output << results

      ^^^^^^
	from C:/workspace/minigun/lib/minigun/stage.rb:109:in 'BasicObject#instance_exec'
	from C:/workspace/minigun/lib/minigun/stage.rb:109:in 'Minigun::AtomicStage#execute'
	from C:/workspace/minigun/lib/minigun/execution/executor.rb:62:in 'Minigun::Execution::Executor#run_stage_logic'
	from C:/workspace/minigun/lib/minigun/execution/executor.rb:99:in 'block in 
Minigun::Execution::ThreadPoolExecutor#execute_with_strategy'
#<Thread:0x000001bb74dbacf0 C:/workspace/minigun/lib/minigun/execution/executor.rb:97 run> terminated with exception 
(report_on_exception is true):
C:/workspace/minigun/examples/38_comprehensive_execution.rb:101:in 'block (2 levels) in 
<class:ComprehensivePipeline>': undefined local variable or method 'output' for an instance of ComprehensivePipeline 
(NameError)

      output << results

      ^^^^^^
	from C:/workspace/minigun/lib/minigun/stage.rb:109:in 'BasicObject#instance_exec'
	from C:/workspace/minigun/lib/minigun/stage.rb:109:in 'Minigun::AtomicStage#execute'
	from C:/workspace/minigun/lib/minigun/execution/executor.rb:62:in 'Minigun::Execution::Executor#run_stage_logic'
	from C:/workspace/minigun/lib/minigun/execution/executor.rb:99:in 'block in 
Minigun::Execution::ThreadPoolExecutor#execute_with_strategy'
#<Thread:0x000001bb74c16b88 C:/workspace/minigun/lib/minigun/execution/executor.rb:97 run> terminated with exception 
(report_on_exception is true):
C:/workspace/minigun/examples/38_comprehensive_execution.rb:101:in 'block (2 levels) in 
<class:ComprehensivePipeline>': undefined local variable or method 'output' for an instance of ComprehensivePipeline 
(NameError)

      output << results

      ^^^^^^
	from C:/workspace/minigun/lib/minigun/stage.rb:109:in 'BasicObject#instance_exec'
	from C:/workspace/minigun/lib/minigun/stage.rb:109:in 'Minigun::AtomicStage#execute'
	from C:/workspace/minigun/lib/minigun/execution/executor.rb:62:in 'Minigun::Execution::Executor#run_stage_logic'
	from C:/workspace/minigun/lib/minigun/execution/executor.rb:99:in 'block in 
Minigun::Execution::ThreadPoolExecutor#execute_with_strategy'
#<Thread:0x000001bb74ab87a0 C:/workspace/minigun/lib/minigun/execution/executor.rb:97 run> terminated with exception 
(report_on_exception is true):
C:/workspace/minigun/examples/38_comprehensive_execution.rb:101:in 'block (2 levels) in 
<class:ComprehensivePipeline>': undefined local variable or method 'output' for an instance of ComprehensivePipeline 
(NameError)

      output << results

      ^^^^^^
	from C:/workspace/minigun/lib/minigun/stage.rb:109:in 'BasicObject#instance_exec'
	from C:/workspace/minigun/lib/minigun/stage.rb:109:in 'Minigun::AtomicStage#execute'
	from C:/workspace/minigun/lib/minigun/execution/executor.rb:62:in 'Minigun::Execution::Executor#run_stage_logic'
	from C:/workspace/minigun/lib/minigun/execution/executor.rb:99:in 'block in 
Minigun::Execution::ThreadPoolExecutor#execute_with_strategy'
#<Thread:0x000001bb74a38410 C:/workspace/minigun/lib/minigun/execution/executor.rb:97 run> terminated with exception 
(report_on_exception is true):
C:/workspace/minigun/examples/38_comprehensive_execution.rb:101:in 'block (2 levels) in 
<class:ComprehensivePipeline>': undefined local variable or method 'output' for an instance of ComprehensivePipeline 
(NameError)

      output << results

      ^^^^^^
	from C:/workspace/minigun/lib/minigun/stage.rb:109:in 'BasicObject#instance_exec'
	from C:/workspace/minigun/lib/minigun/stage.rb:109:in 'Minigun::AtomicStage#execute'
	from C:/workspace/minigun/lib/minigun/execution/executor.rb:62:in 'Minigun::Execution::Executor#run_stage_logic'
	from C:/workspace/minigun/lib/minigun/execution/executor.rb:99:in 'block in 
Minigun::Execution::ThreadPoolExecutor#execute_with_strategy'
#<Thread:0x000001bb74b5e8d0 C:/workspace/minigun/lib/minigun/execution/executor.rb:97 run> terminated with exception 
(report_on_exception is true):
C:/workspace/minigun/examples/38_comprehensive_execution.rb:101:in 'block (2 levels) in 
<class:ComprehensivePipeline>': undefined local variable or method 'output' for an instance of ComprehensivePipeline 
(NameError)

      output << results

      ^^^^^^
	from C:/workspace/minigun/lib/minigun/stage.rb:109:in 'BasicObject#instance_exec'
	from C:/workspace/minigun/lib/minigun/stage.rb:109:in 'Minigun::AtomicStage#execute'
	from C:/workspace/minigun/lib/minigun/execution/executor.rb:62:in 'Minigun::Execution::Executor#run_stage_logic'
	from C:/workspace/minigun/lib/minigun/execution/executor.rb:99:in 'block in 
Minigun::Execution::ThreadPoolExecutor#execute_with_strategy'
#<Thread:0x000001bb74bde288 C:/workspace/minigun/lib/minigun/execution/executor.rb:97 run> terminated with exception 
(report_on_exception is true):
C:/workspace/minigun/examples/38_comprehensive_execution.rb:101:in 'block (2 levels) in 
<class:ComprehensivePipeline>': undefined local variable or method 'output' for an instance of ComprehensivePipeline 
(NameError)

      output << results

      ^^^^^^
	from C:/workspace/minigun/lib/minigun/stage.rb:109:in 'BasicObject#instance_exec'
	from C:/workspace/minigun/lib/minigun/stage.rb:109:in 'Minigun::AtomicStage#execute'
	from C:/workspace/minigun/lib/minigun/execution/executor.rb:62:in 'Minigun::Execution::Executor#run_stage_logic'
	from C:/workspace/minigun/lib/minigun/execution/executor.rb:99:in 'block in 
Minigun::Execution::ThreadPoolExecutor#execute_with_strategy'
#<Thread:0x000001bb74d104d0 C:/workspace/minigun/lib/minigun/execution/executor.rb:97 run> terminated with exception 
(report_on_exception is true):
C:/workspace/minigun/examples/38_comprehensive_execution.rb:101:in 'block (2 levels) in 
<class:ComprehensivePipeline>': undefined local variable or method 'output' for an instance of ComprehensivePipeline 
(NameError)

      output << results

      ^^^^^^
	from C:/workspace/minigun/lib/minigun/stage.rb:109:in 'BasicObject#instance_exec'
	from C:/workspace/minigun/lib/minigun/stage.rb:109:in 'Minigun::AtomicStage#execute'
	from C:/workspace/minigun/lib/minigun/execution/executor.rb:62:in 'Minigun::Execution::Executor#run_stage_logic'
	from C:/workspace/minigun/lib/minigun/execution/executor.rb:99:in 'block in 
Minigun::Execution::ThreadPoolExecutor#execute_with_strategy'
#<Thread:0x000001bb75170570 C:/workspace/minigun/lib/minigun/execution/executor.rb:97 run> terminated with exception 
(report_on_exception is true):
C:/workspace/minigun/examples/38_comprehensive_execution.rb:101:in 'block (2 levels) in 
<class:ComprehensivePipeline>': undefined local variable or method 'output' for an instance of ComprehensivePipeline 
(NameError)

      output << results

      ^^^^^^
	from C:/workspace/minigun/lib/minigun/stage.rb:109:in 'BasicObject#instance_exec'
	from C:/workspace/minigun/lib/minigun/stage.rb:109:in 'Minigun::AtomicStage#execute'
	from C:/workspace/minigun/lib/minigun/execution/executor.rb:62:in 'Minigun::Execution::Executor#run_stage_logic'
	from C:/workspace/minigun/lib/minigun/execution/executor.rb:99:in 'block in 
Minigun::Execution::ThreadPoolExecutor#execute_with_strategy'
E, [2025-10-27T13:41:27.422513 #8588] ERROR -- : [Pipeline:default][Stage:save_to_db] Error: undefined local variable or method 'output' for an instance of ComprehensivePipeline
E, [2025-10-27T13:41:27.422615 #8588] ERROR -- : C:/workspace/minigun/examples/38_comprehensive_execution.rb:101:in 'block (2 levels) in <class:ComprehensivePipeline>'
C:/workspace/minigun/lib/minigun/stage.rb:109:in 'BasicObject#instance_exec'
C:/workspace/minigun/lib/minigun/stage.rb:109:in 'Minigun::AtomicStage#execute'
C:/workspace/minigun/lib/minigun/execution/executor.rb:62:in 'Minigun::Execution::Executor#run_stage_logic'
C:/workspace/minigun/lib/minigun/execution/executor.rb:99:in 'block in Minigun::Execution::ThreadPoolExecutor#execute_with_strategy'
E, [2025-10-27T13:41:27.426547 #8588] ERROR -- : [Pipeline:default][Stage:save_to_db] Error: undefined local variable or method 'output' for an instance of ComprehensivePipeline
E, [2025-10-27T13:41:27.426616 #8588] ERROR -- : C:/workspace/minigun/examples/38_comprehensive_execution.rb:101:in 'block (2 levels) in <class:ComprehensivePipeline>'
C:/workspace/minigun/lib/minigun/stage.rb:109:in 'BasicObject#instance_exec'
C:/workspace/minigun/lib/minigun/stage.rb:109:in 'Minigun::AtomicStage#execute'
C:/workspace/minigun/lib/minigun/execution/executor.rb:62:in 'Minigun::Execution::Executor#run_stage_logic'
C:/workspace/minigun/lib/minigun/execution/executor.rb:99:in 'block in Minigun::Execution::ThreadPoolExecutor#execute_with_strategy'
E, [2025-10-27T13:41:27.428794 #8588] ERROR -- : [Pipeline:default][Stage:save_to_db] Error: undefined local variable or method 'output' for an instance of ComprehensivePipeline
E, [2025-10-27T13:41:27.428869 #8588] ERROR -- : C:/workspace/minigun/examples/38_comprehensive_execution.rb:101:in 'block (2 levels) in <class:ComprehensivePipeline>'
C:/workspace/minigun/lib/minigun/stage.rb:109:in 'BasicObject#instance_exec'
C:/workspace/minigun/lib/minigun/stage.rb:109:in 'Minigun::AtomicStage#execute'
C:/workspace/minigun/lib/minigun/execution/executor.rb:62:in 'Minigun::Execution::Executor#run_stage_logic'
C:/workspace/minigun/lib/minigun/execution/executor.rb:99:in 'block in Minigun::Execution::ThreadPoolExecutor#execute_with_strategy'
E, [2025-10-27T13:41:27.430626 #8588] ERROR -- : [Pipeline:default][Stage:save_to_db] Error: undefined local variable or method 'output' for an instance of ComprehensivePipeline
E, [2025-10-27T13:41:27.430683 #8588] ERROR -- : C:/workspace/minigun/examples/38_comprehensive_execution.rb:101:in 'block (2 levels) in <class:ComprehensivePipeline>'
C:/workspace/minigun/lib/minigun/stage.rb:109:in 'BasicObject#instance_exec'
C:/workspace/minigun/lib/minigun/stage.rb:109:in 'Minigun::AtomicStage#execute'
C:/workspace/minigun/lib/minigun/execution/executor.rb:62:in 'Minigun::Execution::Executor#run_stage_logic'
C:/workspace/minigun/lib/minigun/execution/executor.rb:99:in 'block in Minigun::Execution::ThreadPoolExecutor#execute_with_strategy'
E, [2025-10-27T13:41:27.433993 #8588] ERROR -- : [Pipeline:default][Stage:save_to_db] Error: undefined local variable or method 'output' for an instance of ComprehensivePipeline
E, [2025-10-27T13:41:27.434054 #8588] ERROR -- : C:/workspace/minigun/examples/38_comprehensive_execution.rb:101:in 'block (2 levels) in <class:ComprehensivePipeline>'
C:/workspace/minigun/lib/minigun/stage.rb:109:in 'BasicObject#instance_exec'
C:/workspace/minigun/lib/minigun/stage.rb:109:in 'Minigun::AtomicStage#execute'
C:/workspace/minigun/lib/minigun/execution/executor.rb:62:in 'Minigun::Execution::Executor#run_stage_logic'
C:/workspace/minigun/lib/minigun/execution/executor.rb:99:in 'block in Minigun::Execution::ThreadPoolExecutor#execute_with_strategy'
E, [2025-10-27T13:41:27.436008 #8588] ERROR -- : [Pipeline:default][Stage:save_to_db] Error: undefined local variable or method 'output' for an instance of ComprehensivePipeline
E, [2025-10-27T13:41:27.436059 #8588] ERROR -- : C:/workspace/minigun/examples/38_comprehensive_execution.rb:101:in 'block (2 levels) in <class:ComprehensivePipeline>'
C:/workspace/minigun/lib/minigun/stage.rb:109:in 'BasicObject#instance_exec'
C:/workspace/minigun/lib/minigun/stage.rb:109:in 'Minigun::AtomicStage#execute'
C:/workspace/minigun/lib/minigun/execution/executor.rb:62:in 'Minigun::Execution::Executor#run_stage_logic'
C:/workspace/minigun/lib/minigun/execution/executor.rb:99:in 'block in Minigun::Execution::ThreadPoolExecutor#execute_with_strategy'
E, [2025-10-27T13:41:27.440512 #8588] ERROR -- : [Pipeline:default][Stage:save_to_db] Error: undefined local variable or method 'output' for an instance of ComprehensivePipeline
E, [2025-10-27T13:41:27.440578 #8588] ERROR -- : C:/workspace/minigun/examples/38_comprehensive_execution.rb:101:in 'block (2 levels) in <class:ComprehensivePipeline>'
C:/workspace/minigun/lib/minigun/stage.rb:109:in 'BasicObject#instance_exec'
C:/workspace/minigun/lib/minigun/stage.rb:109:in 'Minigun::AtomicStage#execute'
C:/workspace/minigun/lib/minigun/execution/executor.rb:62:in 'Minigun::Execution::Executor#run_stage_logic'
C:/workspace/minigun/lib/minigun/execution/executor.rb:99:in 'block in Minigun::Execution::ThreadPoolExecutor#execute_with_strategy'
E, [2025-10-27T13:41:27.442159 #8588] ERROR -- : [Pipeline:default][Stage:save_to_db] Error: undefined local variable or method 'output' for an instance of ComprehensivePipeline
E, [2025-10-27T13:41:27.442204 #8588] ERROR -- : C:/workspace/minigun/examples/38_comprehensive_execution.rb:101:in 'block (2 levels) in <class:ComprehensivePipeline>'
C:/workspace/minigun/lib/minigun/stage.rb:109:in 'BasicObject#instance_exec'
C:/workspace/minigun/lib/minigun/stage.rb:109:in 'Minigun::AtomicStage#execute'
C:/workspace/minigun/lib/minigun/execution/executor.rb:62:in 'Minigun::Execution::Executor#run_stage_logic'
C:/workspace/minigun/lib/minigun/execution/executor.rb:99:in 'block in Minigun::Execution::ThreadPoolExecutor#execute_with_strategy'
E, [2025-10-27T13:41:27.443685 #8588] ERROR -- : [Pipeline:default][Stage:save_to_db] Error: undefined local variable or method 'output' for an instance of ComprehensivePipeline
E, [2025-10-27T13:41:27.443723 #8588] ERROR -- : C:/workspace/minigun/examples/38_comprehensive_execution.rb:101:in 'block (2 levels) in <class:ComprehensivePipeline>'
C:/workspace/minigun/lib/minigun/stage.rb:109:in 'BasicObject#instance_exec'
C:/workspace/minigun/lib/minigun/stage.rb:109:in 'Minigun::AtomicStage#execute'
C:/workspace/minigun/lib/minigun/execution/executor.rb:62:in 'Minigun::Execution::Executor#run_stage_logic'
C:/workspace/minigun/lib/minigun/execution/executor.rb:99:in 'block in Minigun::Execution::ThreadPoolExecutor#execute_with_strategy'
E, [2025-10-27T13:41:27.445280 #8588] ERROR -- : [Pipeline:default][Stage:save_to_db] Error: undefined local variable or method 'output' for an instance of ComprehensivePipeline
E, [2025-10-27T13:41:27.445331 #8588] ERROR -- : C:/workspace/minigun/examples/38_comprehensive_execution.rb:101:in 'block (2 levels) in <class:ComprehensivePipeline>'
C:/workspace/minigun/lib/minigun/stage.rb:109:in 'BasicObject#instance_exec'
C:/workspace/minigun/lib/minigun/stage.rb:109:in 'Minigun::AtomicStage#execute'
C:/workspace/minigun/lib/minigun/execution/executor.rb:62:in 'Minigun::Execution::Executor#run_stage_logic'
C:/workspace/minigun/lib/minigun/execution/executor.rb:99:in 'block in Minigun::Execution::ThreadPoolExecutor#execute_with_strategy'
E, [2025-10-27T13:41:27.446922 #8588] ERROR -- : [Pipeline:default][Stage:save_to_db] Error: undefined local variable or method 'output' for an instance of ComprehensivePipeline
E, [2025-10-27T13:41:27.446974 #8588] ERROR -- : C:/workspace/minigun/examples/38_comprehensive_execution.rb:101:in 'block (2 levels) in <class:ComprehensivePipeline>'
C:/workspace/minigun/lib/minigun/stage.rb:109:in 'BasicObject#instance_exec'
C:/workspace/minigun/lib/minigun/stage.rb:109:in 'Minigun::AtomicStage#execute'
C:/workspace/minigun/lib/minigun/execution/executor.rb:62:in 'Minigun::Execution::Executor#run_stage_logic'
C:/workspace/minigun/lib/minigun/execution/executor.rb:99:in 'block in Minigun::Execution::ThreadPoolExecutor#execute_with_strategy'
#<Thread:0x000001bb735b8cb0 C:/workspace/minigun/lib/minigun/execution/executor.rb:97 run> terminated with exception 
(report_on_exception is true):
C:/workspace/minigun/examples/38_comprehensive_execution.rb:101:in 'block (2 levels) in 
<class:ComprehensivePipeline>': undefined local variable or method 'output' for an instance of ComprehensivePipeline 
(NameError)

      output << results

      ^^^^^^
	from C:/workspace/minigun/lib/minigun/stage.rb:109:in 'BasicObject#instance_exec'
	from C:/workspace/minigun/lib/minigun/stage.rb:109:in 'Minigun::AtomicStage#execute'
	from C:/workspace/minigun/lib/minigun/execution/executor.rb:62:in 'Minigun::Execution::Executor#run_stage_logic'
	from C:/workspace/minigun/lib/minigun/execution/executor.rb:99:in 'block in 
Minigun::Execution::ThreadPoolExecutor#execute_with_strategy'
#<Thread:0x000001bb752b13f8 C:/workspace/minigun/lib/minigun/execution/executor.rb:97 run> terminated with exception 
(report_on_exception is true):
C:/workspace/minigun/examples/38_comprehensive_execution.rb:101:in 'block (2 levels) in 
<class:ComprehensivePipeline>': undefined local variable or method 'output' for an instance of ComprehensivePipeline 
(NameError)

      output << results

      ^^^^^^
	from C:/workspace/minigun/lib/minigun/stage.rb:109:in 'BasicObject#instance_exec'
	from C:/workspace/minigun/lib/minigun/stage.rb:109:in 'Minigun::AtomicStage#execute'
	from C:/workspace/minigun/lib/minigun/execution/executor.rb:62:in 'Minigun::Execution::Executor#run_stage_logic'
	from C:/workspace/minigun/lib/minigun/execution/executor.rb:99:in 'block in 
Minigun::Execution::ThreadPoolExecutor#execute_with_strategy'
#<Thread:0x000001bb73639b08 C:/workspace/minigun/lib/minigun/execution/executor.rb:97 run> terminated with exception 
(report_on_exception is true):
C:/workspace/minigun/examples/38_comprehensive_execution.rb:101:in 'block (2 levels) in 
<class:ComprehensivePipeline>': undefined local variable or method 'output' for an instance of ComprehensivePipeline 
(NameError)

      output << results

      ^^^^^^
	from C:/workspace/minigun/lib/minigun/stage.rb:109:in 'BasicObject#instance_exec'
	from C:/workspace/minigun/lib/minigun/stage.rb:109:in 'Minigun::AtomicStage#execute'
	from C:/workspace/minigun/lib/minigun/execution/executor.rb:62:in 'Minigun::Execution::Executor#run_stage_logic'
	from C:/workspace/minigun/lib/minigun/execution/executor.rb:99:in 'block in 
Minigun::Execution::ThreadPoolExecutor#execute_with_strategy'
#<Thread:0x000001bb01672268 C:/workspace/minigun/lib/minigun/execution/executor.rb:97 run> terminated with exception 
(report_on_exception is true):
C:/workspace/minigun/examples/38_comprehensive_execution.rb:101:in 'block (2 levels) in 
<class:ComprehensivePipeline>': undefined local variable or method 'output' for an instance of ComprehensivePipeline 
(NameError)

      output << results

      ^^^^^^
	from C:/workspace/minigun/lib/minigun/stage.rb:109:in 'BasicObject#instance_exec'
	from C:/workspace/minigun/lib/minigun/stage.rb:109:in 'Minigun::AtomicStage#execute'
	from C:/workspace/minigun/lib/minigun/execution/executor.rb:62:in 'Minigun::Execution::Executor#run_stage_logic'
	from C:/workspace/minigun/lib/minigun/execution/executor.rb:99:in 'block in 
Minigun::Execution::ThreadPoolExecutor#execute_with_strategy'
#<Thread:0x000001bb0177a980 C:/workspace/minigun/lib/minigun/execution/executor.rb:97 run> terminated with exception 
(report_on_exception is true):
C:/workspace/minigun/examples/38_comprehensive_execution.rb:101:in 'block (2 levels) in 
<class:ComprehensivePipeline>': undefined local variable or method 'output' for an instance of ComprehensivePipeline 
(NameError)

      output << results

      ^^^^^^
	from C:/workspace/minigun/lib/minigun/stage.rb:109:in 'BasicObject#instance_exec'
	from C:/workspace/minigun/lib/minigun/stage.rb:109:in 'Minigun::AtomicStage#execute'
	from C:/workspace/minigun/lib/minigun/execution/executor.rb:62:in 'Minigun::Execution::Executor#run_stage_logic'
	from C:/workspace/minigun/lib/minigun/execution/executor.rb:99:in 'block in 
Minigun::Execution::ThreadPoolExecutor#execute_with_strategy'
#<Thread:0x000001bb018430b0 C:/workspace/minigun/lib/minigun/execution/executor.rb:97 run> terminated with exception 
(report_on_exception is true):
C:/workspace/minigun/examples/38_comprehensive_execution.rb:101:in 'block (2 levels) in 
<class:ComprehensivePipeline>': undefined local variable or method 'output' for an instance of ComprehensivePipeline 
(NameError)

      output << results

      ^^^^^^
	from C:/workspace/minigun/lib/minigun/stage.rb:109:in 'BasicObject#instance_exec'
	from C:/workspace/minigun/lib/minigun/stage.rb:109:in 'Minigun::AtomicStage#execute'
	from C:/workspace/minigun/lib/minigun/execution/executor.rb:62:in 'Minigun::Execution::Executor#run_stage_logic'
	from C:/workspace/minigun/lib/minigun/execution/executor.rb:99:in 'block in 
Minigun::Execution::ThreadPoolExecutor#execute_with_strategy'
E, [2025-10-27T13:41:27.453919 #8588] ERROR -- : [Pipeline:default][Stage:save_to_db] Error: undefined local variable or method 'output' for an instance of ComprehensivePipeline
E, [2025-10-27T13:41:27.453964 #8588] ERROR -- : C:/workspace/minigun/examples/38_comprehensive_execution.rb:101:in 'block (2 levels) in <class:ComprehensivePipeline>'
C:/workspace/minigun/lib/minigun/stage.rb:109:in 'BasicObject#instance_exec'
C:/workspace/minigun/lib/minigun/stage.rb:109:in 'Minigun::AtomicStage#execute'
C:/workspace/minigun/lib/minigun/execution/executor.rb:62:in 'Minigun::Execution::Executor#run_stage_logic'
C:/workspace/minigun/lib/minigun/execution/executor.rb:99:in 'block in Minigun::Execution::ThreadPoolExecutor#execute_with_strategy'
I, [2025-10-27T13:41:27.454027 #8588]  INFO -- : [Pipeline:default][Worker:save_to_db] Done
I, [2025-10-27T13:41:27.454074 #8588]  INFO -- : [Pipeline:default][Worker:upload_to_s3] Done
I, [2025-10-27T13:41:27.454178 #8588]  INFO -- : [Job:42e42d8a][Pipeline:default] Finished in 0.6s
I, [2025-10-27T13:41:27.454245 #8588]  INFO -- : [Job:42e42d8a] ComprehensivePipeline finished
I, [2025-10-27T13:41:27.454290 #8588]  INFO -- : [Job:42e42d8a] Runtime: 0.6s
I, [2025-10-27T13:41:27.454339 #8588]  INFO -- : [Job:42e42d8a] Pipeline 'default': 0 produced, 0 consumed, 0.0 items/s
I, [2025-10-27T13:41:27.454383 #8588]  INFO -- : [Job:42e42d8a] Bottleneck: generate_urls (0.0 items/s)
I, [2025-10-27T13:41:27.454514 #8588]  INFO -- : [Job:42e42d8a] Total: 0 items, 0.0 items/min

Results:
  Downloaded: 200 items
  Parsed: 200 items
  Uploaded: 0 items
  Parse PIDs: 1 unique processes

Γ£ô Named contexts (db_pool, cache_pool)
Γ£ô Thread pools (download_threads, upload_threads)
Γ£ô Process per batch (parse_processes)
Γ£ô Runtime configuration via instance variables
Γ£ô Batching for efficiency
Γ£ô All features working together seamlessly

============================================================
Running with high-concurrency configuration...
============================================================
I, [2025-10-27T13:41:27.454690 #8588]  INFO -- : [Job:ae878398] ComprehensivePipeline started
I, [2025-10-27T13:41:27.454714 #8588]  INFO -- : [Job:ae878398] Configuration: max_processes=2, max_threads=5
I, [2025-10-27T13:41:27.454736 #8588]  INFO -- : [Job:ae878398][Pipeline:default] Starting
[DAG BUILD] BEFORE handle_multiple_producers: edges=generate_urls->check_cache | check_cache->download | download->extract_metadata | extract_metadata->_batch_0 | _batch_0->parse_batch | parse_batch->save_to_db | save_to_db->upload_to_s3 | upload_to_s3->
[DAG BUILD] AFTER handle_multiple_producers: edges=generate_urls->check_cache | check_cache->download | download->extract_metadata | extract_metadata->_batch_0 | _batch_0->parse_batch | parse_batch->save_to_db | save_to_db->upload_to_s3 | upload_to_s3->
[DAG BUILD] AFTER fill_sequential_gaps: edges=generate_urls->check_cache | check_cache->download | download->extract_metadata | extract_metadata->_batch_0 | _batch_0->parse_batch | parse_batch->save_to_db | save_to_db->upload_to_s3 | upload_to_s3->
I, [2025-10-27T13:41:27.454922 #8588]  INFO -- : [Job:ae878398][Pipeline:default] DAG: generate_urls -> check_cache -> download -> extract_metadata -> _batch_0 -> parse_batch -> save_to_db -> upload_to_s3
I, [2025-10-27T13:41:27.455273 #8588]  INFO -- : [Pipeline:default][Producer:generate_urls] Starting 
I, [2025-10-27T13:41:27.455591 #8588]  INFO -- : [Pipeline:default][Producer:generate_urls] Done
I, [2025-10-27T13:41:27.455379 #8588]  INFO -- : [Pipeline:default][Worker:download] Starting
I, [2025-10-27T13:41:27.455425 #8588]  INFO -- : [Pipeline:default][Worker:extract_metadata] Starting
I, [2025-10-27T13:41:27.455487 #8588]  INFO -- : [Pipeline:default][Worker:_batch_0] Starting
I, [2025-10-27T13:41:27.455633 #8588]  INFO -- : [Pipeline:default][Worker:parse_batch] Starting
I, [2025-10-27T13:41:27.455677 #8588]  INFO -- : [Pipeline:default][Worker:save_to_db] Starting
I, [2025-10-27T13:41:27.455732 #8588]  INFO -- : [Pipeline:default][Worker:upload_to_s3] Starting
I, [2025-10-27T13:41:27.455336 #8588]  INFO -- : [Pipeline:default][Worker:check_cache] Starting
[Minigun] Process forking not available, falling back to inline
#<Thread:0x000001bb748e8ce0 C:/workspace/minigun/lib/minigun/execution/executor.rb:97 run> terminated with exception 
(report_on_exception is true):
C:/workspace/minigun/examples/38_comprehensive_execution.rb:101:in 'block (2 levels) in 
<class:ComprehensivePipeline>': undefined local variable or method 'output' for an instance of ComprehensivePipeline 
(NameError)

      output << results

      ^^^^^^
	from C:/workspace/minigun/lib/minigun/stage.rb:109:in 'BasicObject#instance_exec'
	from C:/workspace/minigun/lib/minigun/stage.rb:109:in 'Minigun::AtomicStage#execute'
	from C:/workspace/minigun/lib/minigun/execution/executor.rb:62:in 'Minigun::Execution::Executor#run_stage_logic'
	from C:/workspace/minigun/lib/minigun/execution/executor.rb:99:in 'block in 
Minigun::Execution::ThreadPoolExecutor#execute_with_strategy'
E, [2025-10-27T13:41:27.503206 #8588] ERROR -- : [Pipeline:default][Stage:save_to_db] Error: undefined local variable or method 'output' for an instance of ComprehensivePipeline
E, [2025-10-27T13:41:27.503415 #8588] ERROR -- : C:/workspace/minigun/examples/38_comprehensive_execution.rb:101:in 'block (2 levels) in <class:ComprehensivePipeline>'
C:/workspace/minigun/lib/minigun/stage.rb:109:in 'BasicObject#instance_exec'
C:/workspace/minigun/lib/minigun/stage.rb:109:in 'Minigun::AtomicStage#execute'
C:/workspace/minigun/lib/minigun/execution/executor.rb:62:in 'Minigun::Execution::Executor#run_stage_logic'
C:/workspace/minigun/lib/minigun/execution/executor.rb:99:in 'block in Minigun::Execution::ThreadPoolExecutor#execute_with_strategy'
#<Thread:0x000001bb74b569c8 C:/workspace/minigun/lib/minigun/execution/executor.rb:97 run> terminated with exception 
(report_on_exception is true):
C:/workspace/minigun/examples/38_comprehensive_execution.rb:101:in 'block (2 levels) in 
<class:ComprehensivePipeline>': undefined local variable or method 'output' for an instance of ComprehensivePipeline 
(NameError)

      output << results

      ^^^^^^
	from C:/workspace/minigun/lib/minigun/stage.rb:109:in 'BasicObject#instance_exec'
	from C:/workspace/minigun/lib/minigun/stage.rb:109:in 'Minigun::AtomicStage#execute'
	from C:/workspace/minigun/lib/minigun/execution/executor.rb:62:in 'Minigun::Execution::Executor#run_stage_logic'
	from C:/workspace/minigun/lib/minigun/execution/executor.rb:99:in 'block in 
Minigun::Execution::ThreadPoolExecutor#execute_with_strategy'
E, [2025-10-27T13:41:27.505370 #8588] ERROR -- : [Pipeline:default][Stage:save_to_db] Error: undefined local variable or method 'output' for an instance of ComprehensivePipeline
E, [2025-10-27T13:41:27.505572 #8588] ERROR -- : C:/workspace/minigun/examples/38_comprehensive_execution.rb:101:in 'block (2 levels) in <class:ComprehensivePipeline>'
C:/workspace/minigun/lib/minigun/stage.rb:109:in 'BasicObject#instance_exec'
C:/workspace/minigun/lib/minigun/stage.rb:109:in 'Minigun::AtomicStage#execute'
C:/workspace/minigun/lib/minigun/execution/executor.rb:62:in 'Minigun::Execution::Executor#run_stage_logic'
C:/workspace/minigun/lib/minigun/execution/executor.rb:99:in 'block in Minigun::Execution::ThreadPoolExecutor#execute_with_strategy'
#<Thread:0x000001bb74bdb8f8 C:/workspace/minigun/lib/minigun/execution/executor.rb:97 run> terminated with exception 
(report_on_exception is true):
C:/workspace/minigun/examples/38_comprehensive_execution.rb:101:in 'block (2 levels) in 
<class:ComprehensivePipeline>': undefined local variable or method 'output' for an instance of ComprehensivePipeline 
(NameError)

      output << results

      ^^^^^^
	from C:/workspace/minigun/lib/minigun/stage.rb:109:in 'BasicObject#instance_exec'
	from C:/workspace/minigun/lib/minigun/stage.rb:109:in 'Minigun::AtomicStage#execute'
	from C:/workspace/minigun/lib/minigun/execution/executor.rb:62:in 'Minigun::Execution::Executor#run_stage_logic'
	from C:/workspace/minigun/lib/minigun/execution/executor.rb:99:in 'block in 
Minigun::Execution::ThreadPoolExecutor#execute_with_strategy'
E, [2025-10-27T13:41:27.507421 #8588] ERROR -- : [Pipeline:default][Stage:save_to_db] Error: undefined local variable or method 'output' for an instance of ComprehensivePipeline
E, [2025-10-27T13:41:27.507608 #8588] ERROR -- : C:/workspace/minigun/examples/38_comprehensive_execution.rb:101:in 'block (2 levels) in <class:ComprehensivePipeline>'
C:/workspace/minigun/lib/minigun/stage.rb:109:in 'BasicObject#instance_exec'
C:/workspace/minigun/lib/minigun/stage.rb:109:in 'Minigun::AtomicStage#execute'
C:/workspace/minigun/lib/minigun/execution/executor.rb:62:in 'Minigun::Execution::Executor#run_stage_logic'
C:/workspace/minigun/lib/minigun/execution/executor.rb:99:in 'block in Minigun::Execution::ThreadPoolExecutor#execute_with_strategy'
#<Thread:0x000001bb74cfb120 C:/workspace/minigun/lib/minigun/execution/executor.rb:97 run> terminated with exception 
(report_on_exception is true):
C:/workspace/minigun/examples/38_comprehensive_execution.rb:101:in 'block (2 levels) in 
<class:ComprehensivePipeline>': undefined local variable or method 'output' for an instance of ComprehensivePipeline 
(NameError)

      output << results

      ^^^^^^
	from C:/workspace/minigun/lib/minigun/stage.rb:109:in 'BasicObject#instance_exec'
	from C:/workspace/minigun/lib/minigun/stage.rb:109:in 'Minigun::AtomicStage#execute'
	from C:/workspace/minigun/lib/minigun/execution/executor.rb:62:in 'Minigun::Execution::Executor#run_stage_logic'
	from C:/workspace/minigun/lib/minigun/execution/executor.rb:99:in 'block in 
Minigun::Execution::ThreadPoolExecutor#execute_with_strategy'
E, [2025-10-27T13:41:27.509553 #8588] ERROR -- : [Pipeline:default][Stage:save_to_db] Error: undefined local variable or method 'output' for an instance of ComprehensivePipeline
E, [2025-10-27T13:41:27.510109 #8588] ERROR -- : C:/workspace/minigun/examples/38_comprehensive_execution.rb:101:in 'block (2 levels) in <class:ComprehensivePipeline>'
C:/workspace/minigun/lib/minigun/stage.rb:109:in 'BasicObject#instance_exec'
C:/workspace/minigun/lib/minigun/stage.rb:109:in 'Minigun::AtomicStage#execute'
C:/workspace/minigun/lib/minigun/execution/executor.rb:62:in 'Minigun::Execution::Executor#run_stage_logic'
C:/workspace/minigun/lib/minigun/execution/executor.rb:99:in 'block in Minigun::Execution::ThreadPoolExecutor#execute_with_strategy'
#<Thread:0x000001bb749ef5d0 C:/workspace/minigun/lib/minigun/execution/executor.rb:97 run> terminated with exception 
(report_on_exception is true):
C:/workspace/minigun/examples/38_comprehensive_execution.rb:101:in 'block (2 levels) in 
<class:ComprehensivePipeline>': undefined local variable or method 'output' for an instance of ComprehensivePipeline 
(NameError)

      output << results

      ^^^^^^
	from C:/workspace/minigun/lib/minigun/stage.rb:109:in 'BasicObject#instance_exec'
	from C:/workspace/minigun/lib/minigun/stage.rb:109:in 'Minigun::AtomicStage#execute'
	from C:/workspace/minigun/lib/minigun/execution/executor.rb:62:in 'Minigun::Execution::Executor#run_stage_logic'
	from C:/workspace/minigun/lib/minigun/execution/executor.rb:99:in 'block in 
Minigun::Execution::ThreadPoolExecutor#execute_with_strategy'
E, [2025-10-27T13:41:27.512031 #8588] ERROR -- : [Pipeline:default][Stage:save_to_db] Error: undefined local variable or method 'output' for an instance of ComprehensivePipeline
E, [2025-10-27T13:41:27.512216 #8588] ERROR -- : C:/workspace/minigun/examples/38_comprehensive_execution.rb:101:in 'block (2 levels) in <class:ComprehensivePipeline>'
C:/workspace/minigun/lib/minigun/stage.rb:109:in 'BasicObject#instance_exec'
C:/workspace/minigun/lib/minigun/stage.rb:109:in 'Minigun::AtomicStage#execute'
C:/workspace/minigun/lib/minigun/execution/executor.rb:62:in 'Minigun::Execution::Executor#run_stage_logic'
C:/workspace/minigun/lib/minigun/execution/executor.rb:99:in 'block in Minigun::Execution::ThreadPoolExecutor#execute_with_strategy'
#<Thread:0x000001bb74b5f320 C:/workspace/minigun/lib/minigun/execution/executor.rb:97 run> terminated with exception 
(report_on_exception is true):
C:/workspace/minigun/examples/38_comprehensive_execution.rb:101:in 'block (2 levels) in 
<class:ComprehensivePipeline>': undefined local variable or method 'output' for an instance of ComprehensivePipeline 
(NameError)

      output << results

      ^^^^^^
	from C:/workspace/minigun/lib/minigun/stage.rb:109:in 'BasicObject#instance_exec'
	from C:/workspace/minigun/lib/minigun/stage.rb:109:in 'Minigun::AtomicStage#execute'
	from C:/workspace/minigun/lib/minigun/execution/executor.rb:62:in 'Minigun::Execution::Executor#run_stage_logic'
	from C:/workspace/minigun/lib/minigun/execution/executor.rb:99:in 'block in 
Minigun::Execution::ThreadPoolExecutor#execute_with_strategy'
E, [2025-10-27T13:41:27.513924 #8588] ERROR -- : [Pipeline:default][Stage:save_to_db] Error: undefined local variable or method 'output' for an instance of ComprehensivePipeline
E, [2025-10-27T13:41:27.514327 #8588] ERROR -- : C:/workspace/minigun/examples/38_comprehensive_execution.rb:101:in 'block (2 levels) in <class:ComprehensivePipeline>'
C:/workspace/minigun/lib/minigun/stage.rb:109:in 'BasicObject#instance_exec'
C:/workspace/minigun/lib/minigun/stage.rb:109:in 'Minigun::AtomicStage#execute'
C:/workspace/minigun/lib/minigun/execution/executor.rb:62:in 'Minigun::Execution::Executor#run_stage_logic'
C:/workspace/minigun/lib/minigun/execution/executor.rb:99:in 'block in Minigun::Execution::ThreadPoolExecutor#execute_with_strategy'
#<Thread:0x000001bb74ab2710 C:/workspace/minigun/lib/minigun/execution/executor.rb:97 run> terminated with exception 
(report_on_exception is true):
C:/workspace/minigun/examples/38_comprehensive_execution.rb:101:in 'block (2 levels) in 
<class:ComprehensivePipeline>': undefined local variable or method 'output' for an instance of ComprehensivePipeline 
(NameError)

      output << results

      ^^^^^^
	from C:/workspace/minigun/lib/minigun/stage.rb:109:in 'BasicObject#instance_exec'
	from C:/workspace/minigun/lib/minigun/stage.rb:109:in 'Minigun::AtomicStage#execute'
	from C:/workspace/minigun/lib/minigun/execution/executor.rb:62:in 'Minigun::Execution::Executor#run_stage_logic'
	from C:/workspace/minigun/lib/minigun/execution/executor.rb:99:in 'block in 
Minigun::Execution::ThreadPoolExecutor#execute_with_strategy'
E, [2025-10-27T13:41:27.517011 #8588] ERROR -- : [Pipeline:default][Stage:save_to_db] Error: undefined local variable or method 'output' for an instance of ComprehensivePipeline
E, [2025-10-27T13:41:27.517249 #8588] ERROR -- : C:/workspace/minigun/examples/38_comprehensive_execution.rb:101:in 'block (2 levels) in <class:ComprehensivePipeline>'
C:/workspace/minigun/lib/minigun/stage.rb:109:in 'BasicObject#instance_exec'
C:/workspace/minigun/lib/minigun/stage.rb:109:in 'Minigun::AtomicStage#execute'
C:/workspace/minigun/lib/minigun/execution/executor.rb:62:in 'Minigun::Execution::Executor#run_stage_logic'
C:/workspace/minigun/lib/minigun/execution/executor.rb:99:in 'block in Minigun::Execution::ThreadPoolExecutor#execute_with_strategy'
#<Thread:0x000001bb74bb2d68 C:/workspace/minigun/lib/minigun/execution/executor.rb:97 run> terminated with exception 
(report_on_exception is true):
C:/workspace/minigun/examples/38_comprehensive_execution.rb:101:in 'block (2 levels) in 
<class:ComprehensivePipeline>': undefined local variable or method 'output' for an instance of ComprehensivePipeline 
(NameError)

      output << results

      ^^^^^^
	from C:/workspace/minigun/lib/minigun/stage.rb:109:in 'BasicObject#instance_exec'
	from C:/workspace/minigun/lib/minigun/stage.rb:109:in 'Minigun::AtomicStage#execute'
	from C:/workspace/minigun/lib/minigun/execution/executor.rb:62:in 'Minigun::Execution::Executor#run_stage_logic'
	from C:/workspace/minigun/lib/minigun/execution/executor.rb:99:in 'block in 
Minigun::Execution::ThreadPoolExecutor#execute_with_strategy'
E, [2025-10-27T13:41:27.519620 #8588] ERROR -- : [Pipeline:default][Stage:save_to_db] Error: undefined local variable or method 'output' for an instance of ComprehensivePipeline
E, [2025-10-27T13:41:27.519857 #8588] ERROR -- : C:/workspace/minigun/examples/38_comprehensive_execution.rb:101:in 'block (2 levels) in <class:ComprehensivePipeline>'
C:/workspace/minigun/lib/minigun/stage.rb:109:in 'BasicObject#instance_exec'
C:/workspace/minigun/lib/minigun/stage.rb:109:in 'Minigun::AtomicStage#execute'
C:/workspace/minigun/lib/minigun/execution/executor.rb:62:in 'Minigun::Execution::Executor#run_stage_logic'
C:/workspace/minigun/lib/minigun/execution/executor.rb:99:in 'block in Minigun::Execution::ThreadPoolExecutor#execute_with_strategy'
#<Thread:0x000001bb74c13d48 C:/workspace/minigun/lib/minigun/execution/executor.rb:97 run> terminated with exception 
(report_on_exception is true):
C:/workspace/minigun/examples/38_comprehensive_execution.rb:101:in 'block (2 levels) in 
<class:ComprehensivePipeline>': undefined local variable or method 'output' for an instance of ComprehensivePipeline 
(NameError)

      output << results

      ^^^^^^
	from C:/workspace/minigun/lib/minigun/stage.rb:109:in 'BasicObject#instance_exec'
	from C:/workspace/minigun/lib/minigun/stage.rb:109:in 'Minigun::AtomicStage#execute'
	from C:/workspace/minigun/lib/minigun/execution/executor.rb:62:in 'Minigun::Execution::Executor#run_stage_logic'
	from C:/workspace/minigun/lib/minigun/execution/executor.rb:99:in 'block in 
Minigun::Execution::ThreadPoolExecutor#execute_with_strategy'
E, [2025-10-27T13:41:27.521875 #8588] ERROR -- : [Pipeline:default][Stage:save_to_db] Error: undefined local variable or method 'output' for an instance of ComprehensivePipeline
E, [2025-10-27T13:41:27.522151 #8588] ERROR -- : C:/workspace/minigun/examples/38_comprehensive_execution.rb:101:in 'block (2 levels) in <class:ComprehensivePipeline>'
C:/workspace/minigun/lib/minigun/stage.rb:109:in 'BasicObject#instance_exec'
C:/workspace/minigun/lib/minigun/stage.rb:109:in 'Minigun::AtomicStage#execute'
C:/workspace/minigun/lib/minigun/execution/executor.rb:62:in 'Minigun::Execution::Executor#run_stage_logic'
C:/workspace/minigun/lib/minigun/execution/executor.rb:99:in 'block in Minigun::Execution::ThreadPoolExecutor#execute_with_strategy'
#<Thread:0x000001bb74d5fb48 C:/workspace/minigun/lib/minigun/execution/executor.rb:97 run> terminated with exception 
(report_on_exception is true):
C:/workspace/minigun/examples/38_comprehensive_execution.rb:101:in 'block (2 levels) in 
<class:ComprehensivePipeline>': undefined local variable or method 'output' for an instance of ComprehensivePipeline 
(NameError)

      output << results

      ^^^^^^
	from C:/workspace/minigun/lib/minigun/stage.rb:109:in 'BasicObject#instance_exec'
	from C:/workspace/minigun/lib/minigun/stage.rb:109:in 'Minigun::AtomicStage#execute'
	from C:/workspace/minigun/lib/minigun/execution/executor.rb:62:in 'Minigun::Execution::Executor#run_stage_logic'
	from C:/workspace/minigun/lib/minigun/execution/executor.rb:99:in 'block in 
Minigun::Execution::ThreadPoolExecutor#execute_with_strategy'
E, [2025-10-27T13:41:27.524519 #8588] ERROR -- : [Pipeline:default][Stage:save_to_db] Error: undefined local variable or method 'output' for an instance of ComprehensivePipeline
E, [2025-10-27T13:41:27.524789 #8588] ERROR -- : C:/workspace/minigun/examples/38_comprehensive_execution.rb:101:in 'block (2 levels) in <class:ComprehensivePipeline>'
C:/workspace/minigun/lib/minigun/stage.rb:109:in 'BasicObject#instance_exec'
C:/workspace/minigun/lib/minigun/stage.rb:109:in 'Minigun::AtomicStage#execute'
C:/workspace/minigun/lib/minigun/execution/executor.rb:62:in 'Minigun::Execution::Executor#run_stage_logic'
C:/workspace/minigun/lib/minigun/execution/executor.rb:99:in 'block in Minigun::Execution::ThreadPoolExecutor#execute_with_strategy'
#<Thread:0x000001bb751fd740 C:/workspace/minigun/lib/minigun/execution/executor.rb:97 run> terminated with exception 
(report_on_exception is true):
C:/workspace/minigun/examples/38_comprehensive_execution.rb:101:in 'block (2 levels) in 
<class:ComprehensivePipeline>': undefined local variable or method 'output' for an instance of ComprehensivePipeline 
(NameError)

      output << results

      ^^^^^^
	from C:/workspace/minigun/lib/minigun/stage.rb:109:in 'BasicObject#instance_exec'
	from C:/workspace/minigun/lib/minigun/stage.rb:109:in 'Minigun::AtomicStage#execute'
	from C:/workspace/minigun/lib/minigun/execution/executor.rb:62:in 'Minigun::Execution::Executor#run_stage_logic'
	from C:/workspace/minigun/lib/minigun/execution/executor.rb:99:in 'block in 
Minigun::Execution::ThreadPoolExecutor#execute_with_strategy'
E, [2025-10-27T13:41:27.527009 #8588] ERROR -- : [Pipeline:default][Stage:save_to_db] Error: undefined local variable or method 'output' for an instance of ComprehensivePipeline
E, [2025-10-27T13:41:27.527756 #8588] ERROR -- : C:/workspace/minigun/examples/38_comprehensive_execution.rb:101:in 'block (2 levels) in <class:ComprehensivePipeline>'
C:/workspace/minigun/lib/minigun/stage.rb:109:in 'BasicObject#instance_exec'
C:/workspace/minigun/lib/minigun/stage.rb:109:in 'Minigun::AtomicStage#execute'
C:/workspace/minigun/lib/minigun/execution/executor.rb:62:in 'Minigun::Execution::Executor#run_stage_logic'
C:/workspace/minigun/lib/minigun/execution/executor.rb:99:in 'block in Minigun::Execution::ThreadPoolExecutor#execute_with_strategy'
#<Thread:0x000001bb7499efe0 C:/workspace/minigun/lib/minigun/execution/executor.rb:97 run> terminated with exception 
(report_on_exception is true):
C:/workspace/minigun/examples/38_comprehensive_execution.rb:101:in 'block (2 levels) in 
<class:ComprehensivePipeline>': undefined local variable or method 'output' for an instance of ComprehensivePipeline 
(NameError)

      output << results

      ^^^^^^
	from C:/workspace/minigun/lib/minigun/stage.rb:109:in 'BasicObject#instance_exec'
	from C:/workspace/minigun/lib/minigun/stage.rb:109:in 'Minigun::AtomicStage#execute'
	from C:/workspace/minigun/lib/minigun/execution/executor.rb:62:in 'Minigun::Execution::Executor#run_stage_logic'
	from C:/workspace/minigun/lib/minigun/execution/executor.rb:99:in 'block in 
Minigun::Execution::ThreadPoolExecutor#execute_with_strategy'
E, [2025-10-27T13:41:27.530122 #8588] ERROR -- : [Pipeline:default][Stage:save_to_db] Error: undefined local variable or method 'output' for an instance of ComprehensivePipeline
E, [2025-10-27T13:41:27.530317 #8588] ERROR -- : C:/workspace/minigun/examples/38_comprehensive_execution.rb:101:in 'block (2 levels) in <class:ComprehensivePipeline>'
C:/workspace/minigun/lib/minigun/stage.rb:109:in 'BasicObject#instance_exec'
C:/workspace/minigun/lib/minigun/stage.rb:109:in 'Minigun::AtomicStage#execute'
C:/workspace/minigun/lib/minigun/execution/executor.rb:62:in 'Minigun::Execution::Executor#run_stage_logic'
C:/workspace/minigun/lib/minigun/execution/executor.rb:99:in 'block in Minigun::Execution::ThreadPoolExecutor#execute_with_strategy'
#<Thread:0x000001bb74b59100 C:/workspace/minigun/lib/minigun/execution/executor.rb:97 run> terminated with exception 
(report_on_exception is true):
C:/workspace/minigun/examples/38_comprehensive_execution.rb:101:in 'block (2 levels) in 
<class:ComprehensivePipeline>': undefined local variable or method 'output' for an instance of ComprehensivePipeline 
(NameError)

      output << results

      ^^^^^^
	from C:/workspace/minigun/lib/minigun/stage.rb:109:in 'BasicObject#instance_exec'
	from C:/workspace/minigun/lib/minigun/stage.rb:109:in 'Minigun::AtomicStage#execute'
	from C:/workspace/minigun/lib/minigun/execution/executor.rb:62:in 'Minigun::Execution::Executor#run_stage_logic'
	from C:/workspace/minigun/lib/minigun/execution/executor.rb:99:in 'block in 
Minigun::Execution::ThreadPoolExecutor#execute_with_strategy'
E, [2025-10-27T13:41:27.532780 #8588] ERROR -- : [Pipeline:default][Stage:save_to_db] Error: undefined local variable or method 'output' for an instance of ComprehensivePipeline
E, [2025-10-27T13:41:27.532979 #8588] ERROR -- : C:/workspace/minigun/examples/38_comprehensive_execution.rb:101:in 'block (2 levels) in <class:ComprehensivePipeline>'
C:/workspace/minigun/lib/minigun/stage.rb:109:in 'BasicObject#instance_exec'
C:/workspace/minigun/lib/minigun/stage.rb:109:in 'Minigun::AtomicStage#execute'
C:/workspace/minigun/lib/minigun/execution/executor.rb:62:in 'Minigun::Execution::Executor#run_stage_logic'
C:/workspace/minigun/lib/minigun/execution/executor.rb:99:in 'block in Minigun::Execution::ThreadPoolExecutor#execute_with_strategy'
#<Thread:0x000001bb74bdd798 C:/workspace/minigun/lib/minigun/execution/executor.rb:97 run> terminated with exception 
(report_on_exception is true):
C:/workspace/minigun/examples/38_comprehensive_execution.rb:101:in 'block (2 levels) in 
<class:ComprehensivePipeline>': undefined local variable or method 'output' for an instance of ComprehensivePipeline 
(NameError)

      output << results

      ^^^^^^
	from C:/workspace/minigun/lib/minigun/stage.rb:109:in 'BasicObject#instance_exec'
	from C:/workspace/minigun/lib/minigun/stage.rb:109:in 'Minigun::AtomicStage#execute'
	from C:/workspace/minigun/lib/minigun/execution/executor.rb:62:in 'Minigun::Execution::Executor#run_stage_logic'
	from C:/workspace/minigun/lib/minigun/execution/executor.rb:99:in 'block in 
Minigun::Execution::ThreadPoolExecutor#execute_with_strategy'
E, [2025-10-27T13:41:27.535159 #8588] ERROR -- : [Pipeline:default][Stage:save_to_db] Error: undefined local variable or method 'output' for an instance of ComprehensivePipeline
E, [2025-10-27T13:41:27.535490 #8588] ERROR -- : C:/workspace/minigun/examples/38_comprehensive_execution.rb:101:in 'block (2 levels) in <class:ComprehensivePipeline>'
C:/workspace/minigun/lib/minigun/stage.rb:109:in 'BasicObject#instance_exec'
C:/workspace/minigun/lib/minigun/stage.rb:109:in 'Minigun::AtomicStage#execute'
C:/workspace/minigun/lib/minigun/execution/executor.rb:62:in 'Minigun::Execution::Executor#run_stage_logic'
C:/workspace/minigun/lib/minigun/execution/executor.rb:99:in 'block in Minigun::Execution::ThreadPoolExecutor#execute_with_strategy'
#<Thread:0x000001bb74cfe708 C:/workspace/minigun/lib/minigun/execution/executor.rb:97 run> terminated with exception 
(report_on_exception is true):
C:/workspace/minigun/examples/38_comprehensive_execution.rb:101:in 'block (2 levels) in 
<class:ComprehensivePipeline>': undefined local variable or method 'output' for an instance of ComprehensivePipeline 
(NameError)

      output << results

      ^^^^^^
	from C:/workspace/minigun/lib/minigun/stage.rb:109:in 'BasicObject#instance_exec'
	from C:/workspace/minigun/lib/minigun/stage.rb:109:in 'Minigun::AtomicStage#execute'
	from C:/workspace/minigun/lib/minigun/execution/executor.rb:62:in 'Minigun::Execution::Executor#run_stage_logic'
	from C:/workspace/minigun/lib/minigun/execution/executor.rb:99:in 'block in 
Minigun::Execution::ThreadPoolExecutor#execute_with_strategy'
E, [2025-10-27T13:41:27.537624 #8588] ERROR -- : [Pipeline:default][Stage:save_to_db] Error: undefined local variable or method 'output' for an instance of ComprehensivePipeline
E, [2025-10-27T13:41:27.537867 #8588] ERROR -- : C:/workspace/minigun/examples/38_comprehensive_execution.rb:101:in 'block (2 levels) in <class:ComprehensivePipeline>'
C:/workspace/minigun/lib/minigun/stage.rb:109:in 'BasicObject#instance_exec'
C:/workspace/minigun/lib/minigun/stage.rb:109:in 'Minigun::AtomicStage#execute'
C:/workspace/minigun/lib/minigun/execution/executor.rb:62:in 'Minigun::Execution::Executor#run_stage_logic'
C:/workspace/minigun/lib/minigun/execution/executor.rb:99:in 'block in Minigun::Execution::ThreadPoolExecutor#execute_with_strategy'
#<Thread:0x000001bb7513d940 C:/workspace/minigun/lib/minigun/execution/executor.rb:97 run> terminated with exception 
(report_on_exception is true):
C:/workspace/minigun/examples/38_comprehensive_execution.rb:101:in 'block (2 levels) in 
<class:ComprehensivePipeline>': undefined local variable or method 'output' for an instance of ComprehensivePipeline 
(NameError)

      output << results

      ^^^^^^
	from C:/workspace/minigun/lib/minigun/stage.rb:109:in 'BasicObject#instance_exec'
	from C:/workspace/minigun/lib/minigun/stage.rb:109:in 'Minigun::AtomicStage#execute'
	from C:/workspace/minigun/lib/minigun/execution/executor.rb:62:in 'Minigun::Execution::Executor#run_stage_logic'
	from C:/workspace/minigun/lib/minigun/execution/executor.rb:99:in 'block in 
Minigun::Execution::ThreadPoolExecutor#execute_with_strategy'
E, [2025-10-27T13:41:27.539791 #8588] ERROR -- : [Pipeline:default][Stage:save_to_db] Error: undefined local variable or method 'output' for an instance of ComprehensivePipeline
E, [2025-10-27T13:41:27.539984 #8588] ERROR -- : C:/workspace/minigun/examples/38_comprehensive_execution.rb:101:in 'block (2 levels) in <class:ComprehensivePipeline>'
C:/workspace/minigun/lib/minigun/stage.rb:109:in 'BasicObject#instance_exec'
C:/workspace/minigun/lib/minigun/stage.rb:109:in 'Minigun::AtomicStage#execute'
C:/workspace/minigun/lib/minigun/execution/executor.rb:62:in 'Minigun::Execution::Executor#run_stage_logic'
C:/workspace/minigun/lib/minigun/execution/executor.rb:99:in 'block in Minigun::Execution::ThreadPoolExecutor#execute_with_strategy'
#<Thread:0x000001bb74d56ca0 C:/workspace/minigun/lib/minigun/execution/executor.rb:97 run> terminated with exception 
(report_on_exception is true):
C:/workspace/minigun/examples/38_comprehensive_execution.rb:101:in 'block (2 levels) in 
<class:ComprehensivePipeline>': undefined local variable or method 'output' for an instance of ComprehensivePipeline 
(NameError)

      output << results

      ^^^^^^
	from C:/workspace/minigun/lib/minigun/stage.rb:109:in 'BasicObject#instance_exec'
	from C:/workspace/minigun/lib/minigun/stage.rb:109:in 'Minigun::AtomicStage#execute'
	from C:/workspace/minigun/lib/minigun/execution/executor.rb:62:in 'Minigun::Execution::Executor#run_stage_logic'
	from C:/workspace/minigun/lib/minigun/execution/executor.rb:99:in 'block in 
Minigun::Execution::ThreadPoolExecutor#execute_with_strategy'
E, [2025-10-27T13:41:27.542044 #8588] ERROR -- : [Pipeline:default][Stage:save_to_db] Error: undefined local variable or method 'output' for an instance of ComprehensivePipeline
E, [2025-10-27T13:41:27.542322 #8588] ERROR -- : C:/workspace/minigun/examples/38_comprehensive_execution.rb:101:in 'block (2 levels) in <class:ComprehensivePipeline>'
C:/workspace/minigun/lib/minigun/stage.rb:109:in 'BasicObject#instance_exec'
C:/workspace/minigun/lib/minigun/stage.rb:109:in 'Minigun::AtomicStage#execute'
C:/workspace/minigun/lib/minigun/execution/executor.rb:62:in 'Minigun::Execution::Executor#run_stage_logic'
C:/workspace/minigun/lib/minigun/execution/executor.rb:99:in 'block in Minigun::Execution::ThreadPoolExecutor#execute_with_strategy'
#<Thread:0x000001bb751f9a28 C:/workspace/minigun/lib/minigun/execution/executor.rb:97 run> terminated with exception 
(report_on_exception is true):
C:/workspace/minigun/examples/38_comprehensive_execution.rb:101:in 'block (2 levels) in 
<class:ComprehensivePipeline>': undefined local variable or method 'output' for an instance of ComprehensivePipeline 
(NameError)

      output << results

      ^^^^^^
	from C:/workspace/minigun/lib/minigun/stage.rb:109:in 'BasicObject#instance_exec'
	from C:/workspace/minigun/lib/minigun/stage.rb:109:in 'Minigun::AtomicStage#execute'
	from C:/workspace/minigun/lib/minigun/execution/executor.rb:62:in 'Minigun::Execution::Executor#run_stage_logic'
	from C:/workspace/minigun/lib/minigun/execution/executor.rb:99:in 'block in 
Minigun::Execution::ThreadPoolExecutor#execute_with_strategy'
E, [2025-10-27T13:41:27.544392 #8588] ERROR -- : [Pipeline:default][Stage:save_to_db] Error: undefined local variable or method 'output' for an instance of ComprehensivePipeline
E, [2025-10-27T13:41:27.544582 #8588] ERROR -- : C:/workspace/minigun/examples/38_comprehensive_execution.rb:101:in 'block (2 levels) in <class:ComprehensivePipeline>'
C:/workspace/minigun/lib/minigun/stage.rb:109:in 'BasicObject#instance_exec'
C:/workspace/minigun/lib/minigun/stage.rb:109:in 'Minigun::AtomicStage#execute'
C:/workspace/minigun/lib/minigun/execution/executor.rb:62:in 'Minigun::Execution::Executor#run_stage_logic'
C:/workspace/minigun/lib/minigun/execution/executor.rb:99:in 'block in Minigun::Execution::ThreadPoolExecutor#execute_with_strategy'
#<Thread:0x000001bb736313e0 C:/workspace/minigun/lib/minigun/execution/executor.rb:97 run> terminated with exception 
(report_on_exception is true):
C:/workspace/minigun/examples/38_comprehensive_execution.rb:101:in 'block (2 levels) in 
<class:ComprehensivePipeline>': undefined local variable or method 'output' for an instance of ComprehensivePipeline 
(NameError)

      output << results

      ^^^^^^
	from C:/workspace/minigun/lib/minigun/stage.rb:109:in 'BasicObject#instance_exec'
	from C:/workspace/minigun/lib/minigun/stage.rb:109:in 'Minigun::AtomicStage#execute'
	from C:/workspace/minigun/lib/minigun/execution/executor.rb:62:in 'Minigun::Execution::Executor#run_stage_logic'
	from C:/workspace/minigun/lib/minigun/execution/executor.rb:99:in 'block in 
Minigun::Execution::ThreadPoolExecutor#execute_with_strategy'
E, [2025-10-27T13:41:27.546967 #8588] ERROR -- : [Pipeline:default][Stage:save_to_db] Error: undefined local variable or method 'output' for an instance of ComprehensivePipeline
E, [2025-10-27T13:41:27.547179 #8588] ERROR -- : C:/workspace/minigun/examples/38_comprehensive_execution.rb:101:in 'block (2 levels) in <class:ComprehensivePipeline>'
C:/workspace/minigun/lib/minigun/stage.rb:109:in 'BasicObject#instance_exec'
C:/workspace/minigun/lib/minigun/stage.rb:109:in 'Minigun::AtomicStage#execute'
C:/workspace/minigun/lib/minigun/execution/executor.rb:62:in 'Minigun::Execution::Executor#run_stage_logic'
C:/workspace/minigun/lib/minigun/execution/executor.rb:99:in 'block in Minigun::Execution::ThreadPoolExecutor#execute_with_strategy'
#<Thread:0x000001bb01638f18 C:/workspace/minigun/lib/minigun/execution/executor.rb:97 run> terminated with exception 
(report_on_exception is true):
C:/workspace/minigun/examples/38_comprehensive_execution.rb:101:in 'block (2 levels) in 
<class:ComprehensivePipeline>': undefined local variable or method 'output' for an instance of ComprehensivePipeline 
(NameError)

      output << results

      ^^^^^^
	from C:/workspace/minigun/lib/minigun/stage.rb:109:in 'BasicObject#instance_exec'
	from C:/workspace/minigun/lib/minigun/stage.rb:109:in 'Minigun::AtomicStage#execute'
	from C:/workspace/minigun/lib/minigun/execution/executor.rb:62:in 'Minigun::Execution::Executor#run_stage_logic'
	from C:/workspace/minigun/lib/minigun/execution/executor.rb:99:in 'block in 
Minigun::Execution::ThreadPoolExecutor#execute_with_strategy'
E, [2025-10-27T13:41:27.549255 #8588] ERROR -- : [Pipeline:default][Stage:save_to_db] Error: undefined local variable or method 'output' for an instance of ComprehensivePipeline
E, [2025-10-27T13:41:27.549449 #8588] ERROR -- : C:/workspace/minigun/examples/38_comprehensive_execution.rb:101:in 'block (2 levels) in <class:ComprehensivePipeline>'
C:/workspace/minigun/lib/minigun/stage.rb:109:in 'BasicObject#instance_exec'
C:/workspace/minigun/lib/minigun/stage.rb:109:in 'Minigun::AtomicStage#execute'
C:/workspace/minigun/lib/minigun/execution/executor.rb:62:in 'Minigun::Execution::Executor#run_stage_logic'
C:/workspace/minigun/lib/minigun/execution/executor.rb:99:in 'block in Minigun::Execution::ThreadPoolExecutor#execute_with_strategy'
#<Thread:0x000001bb015d0a80 C:/workspace/minigun/lib/minigun/execution/executor.rb:97 run> terminated with exception 
(report_on_exception is true):
C:/workspace/minigun/examples/38_comprehensive_execution.rb:101:in 'block (2 levels) in 
<class:ComprehensivePipeline>': undefined local variable or method 'output' for an instance of ComprehensivePipeline 
(NameError)

      output << results

      ^^^^^^
	from C:/workspace/minigun/lib/minigun/stage.rb:109:in 'BasicObject#instance_exec'
	from C:/workspace/minigun/lib/minigun/stage.rb:109:in 'Minigun::AtomicStage#execute'
	from C:/workspace/minigun/lib/minigun/execution/executor.rb:62:in 'Minigun::Execution::Executor#run_stage_logic'
	from C:/workspace/minigun/lib/minigun/execution/executor.rb:99:in 'block in 
Minigun::Execution::ThreadPoolExecutor#execute_with_strategy'
E, [2025-10-27T13:41:27.551957 #8588] ERROR -- : [Pipeline:default][Stage:save_to_db] Error: undefined local variable or method 'output' for an instance of ComprehensivePipeline
E, [2025-10-27T13:41:27.552140 #8588] ERROR -- : C:/workspace/minigun/examples/38_comprehensive_execution.rb:101:in 'block (2 levels) in <class:ComprehensivePipeline>'
C:/workspace/minigun/lib/minigun/stage.rb:109:in 'BasicObject#instance_exec'
C:/workspace/minigun/lib/minigun/stage.rb:109:in 'Minigun::AtomicStage#execute'
C:/workspace/minigun/lib/minigun/execution/executor.rb:62:in 'Minigun::Execution::Executor#run_stage_logic'
C:/workspace/minigun/lib/minigun/execution/executor.rb:99:in 'block in Minigun::Execution::ThreadPoolExecutor#execute_with_strategy'
#<Thread:0x000001bb74b59880 C:/workspace/minigun/lib/minigun/execution/executor.rb:97 run> terminated with exception 
(report_on_exception is true):
C:/workspace/minigun/examples/38_comprehensive_execution.rb:101:in 'block (2 levels) in 
<class:ComprehensivePipeline>': undefined local variable or method 'output' for an instance of ComprehensivePipeline 
(NameError)

      output << results

      ^^^^^^
	from C:/workspace/minigun/lib/minigun/stage.rb:109:in 'BasicObject#instance_exec'
	from C:/workspace/minigun/lib/minigun/stage.rb:109:in 'Minigun::AtomicStage#execute'
	from C:/workspace/minigun/lib/minigun/execution/executor.rb:62:in 'Minigun::Execution::Executor#run_stage_logic'
	from C:/workspace/minigun/lib/minigun/execution/executor.rb:99:in 'block in 
Minigun::Execution::ThreadPoolExecutor#execute_with_strategy'
E, [2025-10-27T13:41:27.554188 #8588] ERROR -- : [Pipeline:default][Stage:save_to_db] Error: undefined local variable or method 'output' for an instance of ComprehensivePipeline
E, [2025-10-27T13:41:27.554373 #8588] ERROR -- : C:/workspace/minigun/examples/38_comprehensive_execution.rb:101:in 'block (2 levels) in <class:ComprehensivePipeline>'
C:/workspace/minigun/lib/minigun/stage.rb:109:in 'BasicObject#instance_exec'
C:/workspace/minigun/lib/minigun/stage.rb:109:in 'Minigun::AtomicStage#execute'
C:/workspace/minigun/lib/minigun/execution/executor.rb:62:in 'Minigun::Execution::Executor#run_stage_logic'
C:/workspace/minigun/lib/minigun/execution/executor.rb:99:in 'block in Minigun::Execution::ThreadPoolExecutor#execute_with_strategy'
#<Thread:0x000001bb74bddd38 C:/workspace/minigun/lib/minigun/execution/executor.rb:97 run> terminated with exception 
(report_on_exception is true):
C:/workspace/minigun/examples/38_comprehensive_execution.rb:101:in 'block (2 levels) in 
<class:ComprehensivePipeline>': undefined local variable or method 'output' for an instance of ComprehensivePipeline 
(NameError)

      output << results

      ^^^^^^
	from C:/workspace/minigun/lib/minigun/stage.rb:109:in 'BasicObject#instance_exec'
	from C:/workspace/minigun/lib/minigun/stage.rb:109:in 'Minigun::AtomicStage#execute'
	from C:/workspace/minigun/lib/minigun/execution/executor.rb:62:in 'Minigun::Execution::Executor#run_stage_logic'
	from C:/workspace/minigun/lib/minigun/execution/executor.rb:99:in 'block in 
Minigun::Execution::ThreadPoolExecutor#execute_with_strategy'
E, [2025-10-27T13:41:27.557188 #8588] ERROR -- : [Pipeline:default][Stage:save_to_db] Error: undefined local variable or method 'output' for an instance of ComprehensivePipeline
E, [2025-10-27T13:41:27.557415 #8588] ERROR -- : C:/workspace/minigun/examples/38_comprehensive_execution.rb:101:in 'block (2 levels) in <class:ComprehensivePipeline>'
C:/workspace/minigun/lib/minigun/stage.rb:109:in 'BasicObject#instance_exec'
C:/workspace/minigun/lib/minigun/stage.rb:109:in 'Minigun::AtomicStage#execute'
C:/workspace/minigun/lib/minigun/execution/executor.rb:62:in 'Minigun::Execution::Executor#run_stage_logic'
C:/workspace/minigun/lib/minigun/execution/executor.rb:99:in 'block in Minigun::Execution::ThreadPoolExecutor#execute_with_strategy'
#<Thread:0x000001bb74cffc48 C:/workspace/minigun/lib/minigun/execution/executor.rb:97 run> terminated with exception 
(report_on_exception is true):
C:/workspace/minigun/examples/38_comprehensive_execution.rb:101:in 'block (2 levels) in 
<class:ComprehensivePipeline>': undefined local variable or method 'output' for an instance of ComprehensivePipeline 
(NameError)

      output << results

      ^^^^^^
	from C:/workspace/minigun/lib/minigun/stage.rb:109:in 'BasicObject#instance_exec'
	from C:/workspace/minigun/lib/minigun/stage.rb:109:in 'Minigun::AtomicStage#execute'
	from C:/workspace/minigun/lib/minigun/execution/executor.rb:62:in 'Minigun::Execution::Executor#run_stage_logic'
	from C:/workspace/minigun/lib/minigun/execution/executor.rb:99:in 'block in 
Minigun::Execution::ThreadPoolExecutor#execute_with_strategy'
E, [2025-10-27T13:41:27.559645 #8588] ERROR -- : [Pipeline:default][Stage:save_to_db] Error: undefined local variable or method 'output' for an instance of ComprehensivePipeline
E, [2025-10-27T13:41:27.559878 #8588] ERROR -- : C:/workspace/minigun/examples/38_comprehensive_execution.rb:101:in 'block (2 levels) in <class:ComprehensivePipeline>'
C:/workspace/minigun/lib/minigun/stage.rb:109:in 'BasicObject#instance_exec'
C:/workspace/minigun/lib/minigun/stage.rb:109:in 'Minigun::AtomicStage#execute'
C:/workspace/minigun/lib/minigun/execution/executor.rb:62:in 'Minigun::Execution::Executor#run_stage_logic'
C:/workspace/minigun/lib/minigun/execution/executor.rb:99:in 'block in Minigun::Execution::ThreadPoolExecutor#execute_with_strategy'
#<Thread:0x000001bb7513dd78 C:/workspace/minigun/lib/minigun/execution/executor.rb:97 run> terminated with exception 
(report_on_exception is true):
C:/workspace/minigun/examples/38_comprehensive_execution.rb:101:in 'block (2 levels) in 
<class:ComprehensivePipeline>': undefined local variable or method 'output' for an instance of ComprehensivePipeline 
(NameError)

      output << results

      ^^^^^^
	from C:/workspace/minigun/lib/minigun/stage.rb:109:in 'BasicObject#instance_exec'
	from C:/workspace/minigun/lib/minigun/stage.rb:109:in 'Minigun::AtomicStage#execute'
	from C:/workspace/minigun/lib/minigun/execution/executor.rb:62:in 'Minigun::Execution::Executor#run_stage_logic'
	from C:/workspace/minigun/lib/minigun/execution/executor.rb:99:in 'block in 
Minigun::Execution::ThreadPoolExecutor#execute_with_strategy'
E, [2025-10-27T13:41:27.561907 #8588] ERROR -- : [Pipeline:default][Stage:save_to_db] Error: undefined local variable or method 'output' for an instance of ComprehensivePipeline
E, [2025-10-27T13:41:27.562203 #8588] ERROR -- : C:/workspace/minigun/examples/38_comprehensive_execution.rb:101:in 'block (2 levels) in <class:ComprehensivePipeline>'
C:/workspace/minigun/lib/minigun/stage.rb:109:in 'BasicObject#instance_exec'
C:/workspace/minigun/lib/minigun/stage.rb:109:in 'Minigun::AtomicStage#execute'
C:/workspace/minigun/lib/minigun/execution/executor.rb:62:in 'Minigun::Execution::Executor#run_stage_logic'
C:/workspace/minigun/lib/minigun/execution/executor.rb:99:in 'block in Minigun::Execution::ThreadPoolExecutor#execute_with_strategy'
#<Thread:0x000001bb74d57b00 C:/workspace/minigun/lib/minigun/execution/executor.rb:97 run> terminated with exception 
(report_on_exception is true):
C:/workspace/minigun/examples/38_comprehensive_execution.rb:101:in 'block (2 levels) in 
<class:ComprehensivePipeline>': undefined local variable or method 'output' for an instance of ComprehensivePipeline 
(NameError)

      output << results

      ^^^^^^
	from C:/workspace/minigun/lib/minigun/stage.rb:109:in 'BasicObject#instance_exec'
	from C:/workspace/minigun/lib/minigun/stage.rb:109:in 'Minigun::AtomicStage#execute'
	from C:/workspace/minigun/lib/minigun/execution/executor.rb:62:in 'Minigun::Execution::Executor#run_stage_logic'
	from C:/workspace/minigun/lib/minigun/execution/executor.rb:99:in 'block in 
Minigun::Execution::ThreadPoolExecutor#execute_with_strategy'
E, [2025-10-27T13:41:27.564346 #8588] ERROR -- : [Pipeline:default][Stage:save_to_db] Error: undefined local variable or method 'output' for an instance of ComprehensivePipeline
E, [2025-10-27T13:41:27.564570 #8588] ERROR -- : C:/workspace/minigun/examples/38_comprehensive_execution.rb:101:in 'block (2 levels) in <class:ComprehensivePipeline>'
C:/workspace/minigun/lib/minigun/stage.rb:109:in 'BasicObject#instance_exec'
C:/workspace/minigun/lib/minigun/stage.rb:109:in 'Minigun::AtomicStage#execute'
C:/workspace/minigun/lib/minigun/execution/executor.rb:62:in 'Minigun::Execution::Executor#run_stage_logic'
C:/workspace/minigun/lib/minigun/execution/executor.rb:99:in 'block in Minigun::Execution::ThreadPoolExecutor#execute_with_strategy'
#<Thread:0x000001bb751f9de8 C:/workspace/minigun/lib/minigun/execution/executor.rb:97 run> terminated with exception 
(report_on_exception is true):
C:/workspace/minigun/examples/38_comprehensive_execution.rb:101:in 'block (2 levels) in 
<class:ComprehensivePipeline>': undefined local variable or method 'output' for an instance of ComprehensivePipeline 
(NameError)

      output << results

      ^^^^^^
	from C:/workspace/minigun/lib/minigun/stage.rb:109:in 'BasicObject#instance_exec'
	from C:/workspace/minigun/lib/minigun/stage.rb:109:in 'Minigun::AtomicStage#execute'
	from C:/workspace/minigun/lib/minigun/execution/executor.rb:62:in 'Minigun::Execution::Executor#run_stage_logic'
	from C:/workspace/minigun/lib/minigun/execution/executor.rb:99:in 'block in 
Minigun::Execution::ThreadPoolExecutor#execute_with_strategy'
E, [2025-10-27T13:41:27.566667 #8588] ERROR -- : [Pipeline:default][Stage:save_to_db] Error: undefined local variable or method 'output' for an instance of ComprehensivePipeline
E, [2025-10-27T13:41:27.566905 #8588] ERROR -- : C:/workspace/minigun/examples/38_comprehensive_execution.rb:101:in 'block (2 levels) in <class:ComprehensivePipeline>'
C:/workspace/minigun/lib/minigun/stage.rb:109:in 'BasicObject#instance_exec'
C:/workspace/minigun/lib/minigun/stage.rb:109:in 'Minigun::AtomicStage#execute'
C:/workspace/minigun/lib/minigun/execution/executor.rb:62:in 'Minigun::Execution::Executor#run_stage_logic'
C:/workspace/minigun/lib/minigun/execution/executor.rb:99:in 'block in Minigun::Execution::ThreadPoolExecutor#execute_with_strategy'
#<Thread:0x000001bb736318e0 C:/workspace/minigun/lib/minigun/execution/executor.rb:97 run> terminated with exception 
(report_on_exception is true):
C:/workspace/minigun/examples/38_comprehensive_execution.rb:101:in 'block (2 levels) in 
<class:ComprehensivePipeline>': undefined local variable or method 'output' for an instance of ComprehensivePipeline 
(NameError)

      output << results

      ^^^^^^
	from C:/workspace/minigun/lib/minigun/stage.rb:109:in 'BasicObject#instance_exec'
	from C:/workspace/minigun/lib/minigun/stage.rb:109:in 'Minigun::AtomicStage#execute'
	from C:/workspace/minigun/lib/minigun/execution/executor.rb:62:in 'Minigun::Execution::Executor#run_stage_logic'
	from C:/workspace/minigun/lib/minigun/execution/executor.rb:99:in 'block in 
Minigun::Execution::ThreadPoolExecutor#execute_with_strategy'
E, [2025-10-27T13:41:27.569101 #8588] ERROR -- : [Pipeline:default][Stage:save_to_db] Error: undefined local variable or method 'output' for an instance of ComprehensivePipeline
E, [2025-10-27T13:41:27.569276 #8588] ERROR -- : C:/workspace/minigun/examples/38_comprehensive_execution.rb:101:in 'block (2 levels) in <class:ComprehensivePipeline>'
C:/workspace/minigun/lib/minigun/stage.rb:109:in 'BasicObject#instance_exec'
C:/workspace/minigun/lib/minigun/stage.rb:109:in 'Minigun::AtomicStage#execute'
C:/workspace/minigun/lib/minigun/execution/executor.rb:62:in 'Minigun::Execution::Executor#run_stage_logic'
C:/workspace/minigun/lib/minigun/execution/executor.rb:99:in 'block in Minigun::Execution::ThreadPoolExecutor#execute_with_strategy'
#<Thread:0x000001bb016393c8 C:/workspace/minigun/lib/minigun/execution/executor.rb:97 run> terminated with exception 
(report_on_exception is true):
C:/workspace/minigun/examples/38_comprehensive_execution.rb:101:in 'block (2 levels) in 
<class:ComprehensivePipeline>': undefined local variable or method 'output' for an instance of ComprehensivePipeline 
(NameError)

      output << results

      ^^^^^^
	from C:/workspace/minigun/lib/minigun/stage.rb:109:in 'BasicObject#instance_exec'
	from C:/workspace/minigun/lib/minigun/stage.rb:109:in 'Minigun::AtomicStage#execute'
	from C:/workspace/minigun/lib/minigun/execution/executor.rb:62:in 'Minigun::Execution::Executor#run_stage_logic'
	from C:/workspace/minigun/lib/minigun/execution/executor.rb:99:in 'block in 
Minigun::Execution::ThreadPoolExecutor#execute_with_strategy'
E, [2025-10-27T13:41:27.571867 #8588] ERROR -- : [Pipeline:default][Stage:save_to_db] Error: undefined local variable or method 'output' for an instance of ComprehensivePipeline
E, [2025-10-27T13:41:27.572162 #8588] ERROR -- : C:/workspace/minigun/examples/38_comprehensive_execution.rb:101:in 'block (2 levels) in <class:ComprehensivePipeline>'
C:/workspace/minigun/lib/minigun/stage.rb:109:in 'BasicObject#instance_exec'
C:/workspace/minigun/lib/minigun/stage.rb:109:in 'Minigun::AtomicStage#execute'
C:/workspace/minigun/lib/minigun/execution/executor.rb:62:in 'Minigun::Execution::Executor#run_stage_logic'
C:/workspace/minigun/lib/minigun/execution/executor.rb:99:in 'block in Minigun::Execution::ThreadPoolExecutor#execute_with_strategy'
#<Thread:0x000001bb015d0d50 C:/workspace/minigun/lib/minigun/execution/executor.rb:97 run> terminated with exception 
(report_on_exception is true):
C:/workspace/minigun/examples/38_comprehensive_execution.rb:101:in 'block (2 levels) in 
<class:ComprehensivePipeline>': undefined local variable or method 'output' for an instance of ComprehensivePipeline 
(NameError)

      output << results

      ^^^^^^
	from C:/workspace/minigun/lib/minigun/stage.rb:109:in 'BasicObject#instance_exec'
	from C:/workspace/minigun/lib/minigun/stage.rb:109:in 'Minigun::AtomicStage#execute'
	from C:/workspace/minigun/lib/minigun/execution/executor.rb:62:in 'Minigun::Execution::Executor#run_stage_logic'
	from C:/workspace/minigun/lib/minigun/execution/executor.rb:99:in 'block in 
Minigun::Execution::ThreadPoolExecutor#execute_with_strategy'
E, [2025-10-27T13:41:27.574544 #8588] ERROR -- : [Pipeline:default][Stage:save_to_db] Error: undefined local variable or method 'output' for an instance of ComprehensivePipeline
E, [2025-10-27T13:41:27.574723 #8588] ERROR -- : C:/workspace/minigun/examples/38_comprehensive_execution.rb:101:in 'block (2 levels) in <class:ComprehensivePipeline>'
C:/workspace/minigun/lib/minigun/stage.rb:109:in 'BasicObject#instance_exec'
C:/workspace/minigun/lib/minigun/stage.rb:109:in 'Minigun::AtomicStage#execute'
C:/workspace/minigun/lib/minigun/execution/executor.rb:62:in 'Minigun::Execution::Executor#run_stage_logic'
C:/workspace/minigun/lib/minigun/execution/executor.rb:99:in 'block in Minigun::Execution::ThreadPoolExecutor#execute_with_strategy'
#<Thread:0x000001bb016d69e8 C:/workspace/minigun/lib/minigun/execution/executor.rb:97 run> terminated with exception 
(report_on_exception is true):
C:/workspace/minigun/examples/38_comprehensive_execution.rb:101:in 'block (2 levels) in 
<class:ComprehensivePipeline>': undefined local variable or method 'output' for an instance of ComprehensivePipeline 
(NameError)

      output << results

      ^^^^^^
	from C:/workspace/minigun/lib/minigun/stage.rb:109:in 'BasicObject#instance_exec'
	from C:/workspace/minigun/lib/minigun/stage.rb:109:in 'Minigun::AtomicStage#execute'
	from C:/workspace/minigun/lib/minigun/execution/executor.rb:62:in 'Minigun::Execution::Executor#run_stage_logic'
	from C:/workspace/minigun/lib/minigun/execution/executor.rb:99:in 'block in 
Minigun::Execution::ThreadPoolExecutor#execute_with_strategy'
E, [2025-10-27T13:41:27.581808 #8588] ERROR -- : [Pipeline:default][Stage:save_to_db] Error: undefined local variable or method 'output' for an instance of ComprehensivePipeline
E, [2025-10-27T13:41:27.582105 #8588] ERROR -- : C:/workspace/minigun/examples/38_comprehensive_execution.rb:101:in 'block (2 levels) in <class:ComprehensivePipeline>'
C:/workspace/minigun/lib/minigun/stage.rb:109:in 'BasicObject#instance_exec'
C:/workspace/minigun/lib/minigun/stage.rb:109:in 'Minigun::AtomicStage#execute'
C:/workspace/minigun/lib/minigun/execution/executor.rb:62:in 'Minigun::Execution::Executor#run_stage_logic'
C:/workspace/minigun/lib/minigun/execution/executor.rb:99:in 'block in Minigun::Execution::ThreadPoolExecutor#execute_with_strategy'
#<Thread:0x000001bb017be108 C:/workspace/minigun/lib/minigun/execution/executor.rb:97 run> terminated with exception 
(report_on_exception is true):
C:/workspace/minigun/examples/38_comprehensive_execution.rb:101:in 'block (2 levels) in 
<class:ComprehensivePipeline>': undefined local variable or method 'output' for an instance of ComprehensivePipeline 
(NameError)

      output << results

      ^^^^^^
	from C:/workspace/minigun/lib/minigun/stage.rb:109:in 'BasicObject#instance_exec'
	from C:/workspace/minigun/lib/minigun/stage.rb:109:in 'Minigun::AtomicStage#execute'
	from C:/workspace/minigun/lib/minigun/execution/executor.rb:62:in 'Minigun::Execution::Executor#run_stage_logic'
	from C:/workspace/minigun/lib/minigun/execution/executor.rb:99:in 'block in 
Minigun::Execution::ThreadPoolExecutor#execute_with_strategy'
E, [2025-10-27T13:41:27.587862 #8588] ERROR -- : [Pipeline:default][Stage:save_to_db] Error: undefined local variable or method 'output' for an instance of ComprehensivePipeline
E, [2025-10-27T13:41:27.588074 #8588] ERROR -- : C:/workspace/minigun/examples/38_comprehensive_execution.rb:101:in 'block (2 levels) in <class:ComprehensivePipeline>'
C:/workspace/minigun/lib/minigun/stage.rb:109:in 'BasicObject#instance_exec'
C:/workspace/minigun/lib/minigun/stage.rb:109:in 'Minigun::AtomicStage#execute'
C:/workspace/minigun/lib/minigun/execution/executor.rb:62:in 'Minigun::Execution::Executor#run_stage_logic'
C:/workspace/minigun/lib/minigun/execution/executor.rb:99:in 'block in Minigun::Execution::ThreadPoolExecutor#execute_with_strategy'
#<Thread:0x000001bb01845c70 C:/workspace/minigun/lib/minigun/execution/executor.rb:97 run> terminated with exception 
(report_on_exception is true):
C:/workspace/minigun/examples/38_comprehensive_execution.rb:101:in 'block (2 levels) in 
<class:ComprehensivePipeline>': undefined local variable or method 'output' for an instance of ComprehensivePipeline 
(NameError)

      output << results

      ^^^^^^
	from C:/workspace/minigun/lib/minigun/stage.rb:109:in 'BasicObject#instance_exec'
	from C:/workspace/minigun/lib/minigun/stage.rb:109:in 'Minigun::AtomicStage#execute'
	from C:/workspace/minigun/lib/minigun/execution/executor.rb:62:in 'Minigun::Execution::Executor#run_stage_logic'
	from C:/workspace/minigun/lib/minigun/execution/executor.rb:99:in 'block in 
Minigun::Execution::ThreadPoolExecutor#execute_with_strategy'
E, [2025-10-27T13:41:27.593909 #8588] ERROR -- : [Pipeline:default][Stage:save_to_db] Error: undefined local variable or method 'output' for an instance of ComprehensivePipeline
E, [2025-10-27T13:41:27.594168 #8588] ERROR -- : C:/workspace/minigun/examples/38_comprehensive_execution.rb:101:in 'block (2 levels) in <class:ComprehensivePipeline>'
C:/workspace/minigun/lib/minigun/stage.rb:109:in 'BasicObject#instance_exec'
C:/workspace/minigun/lib/minigun/stage.rb:109:in 'Minigun::AtomicStage#execute'
C:/workspace/minigun/lib/minigun/execution/executor.rb:62:in 'Minigun::Execution::Executor#run_stage_logic'
C:/workspace/minigun/lib/minigun/execution/executor.rb:99:in 'block in Minigun::Execution::ThreadPoolExecutor#execute_with_strategy'
#<Thread:0x000001bb0167d7a8 C:/workspace/minigun/lib/minigun/execution/executor.rb:97 run> terminated with exception 
(report_on_exception is true):
C:/workspace/minigun/examples/38_comprehensive_execution.rb:101:in 'block (2 levels) in 
<class:ComprehensivePipeline>': undefined local variable or method 'output' for an instance of ComprehensivePipeline 
(NameError)

      output << results

      ^^^^^^
	from C:/workspace/minigun/lib/minigun/stage.rb:109:in 'BasicObject#instance_exec'
	from C:/workspace/minigun/lib/minigun/stage.rb:109:in 'Minigun::AtomicStage#execute'
	from C:/workspace/minigun/lib/minigun/execution/executor.rb:62:in 'Minigun::Execution::Executor#run_stage_logic'
	from C:/workspace/minigun/lib/minigun/execution/executor.rb:99:in 'block in 
Minigun::Execution::ThreadPoolExecutor#execute_with_strategy'
E, [2025-10-27T13:41:27.599636 #8588] ERROR -- : [Pipeline:default][Stage:save_to_db] Error: undefined local variable or method 'output' for an instance of ComprehensivePipeline
E, [2025-10-27T13:41:27.599826 #8588] ERROR -- : C:/workspace/minigun/examples/38_comprehensive_execution.rb:101:in 'block (2 levels) in <class:ComprehensivePipeline>'
C:/workspace/minigun/lib/minigun/stage.rb:109:in 'BasicObject#instance_exec'
C:/workspace/minigun/lib/minigun/stage.rb:109:in 'Minigun::AtomicStage#execute'
C:/workspace/minigun/lib/minigun/execution/executor.rb:62:in 'Minigun::Execution::Executor#run_stage_logic'
C:/workspace/minigun/lib/minigun/execution/executor.rb:99:in 'block in Minigun::Execution::ThreadPoolExecutor#execute_with_strategy'
#<Thread:0x000001bb01595318 C:/workspace/minigun/lib/minigun/execution/executor.rb:97 run> terminated with exception 
(report_on_exception is true):
C:/workspace/minigun/examples/38_comprehensive_execution.rb:101:in 'block (2 levels) in 
<class:ComprehensivePipeline>': undefined local variable or method 'output' for an instance of ComprehensivePipeline 
(NameError)

      output << results

      ^^^^^^
	from C:/workspace/minigun/lib/minigun/stage.rb:109:in 'BasicObject#instance_exec'
	from C:/workspace/minigun/lib/minigun/stage.rb:109:in 'Minigun::AtomicStage#execute'
	from C:/workspace/minigun/lib/minigun/execution/executor.rb:62:in 'Minigun::Execution::Executor#run_stage_logic'
	from C:/workspace/minigun/lib/minigun/execution/executor.rb:99:in 'block in 
Minigun::Execution::ThreadPoolExecutor#execute_with_strategy'
E, [2025-10-27T13:41:27.604979 #8588] ERROR -- : [Pipeline:default][Stage:save_to_db] Error: undefined local variable or method 'output' for an instance of ComprehensivePipeline
E, [2025-10-27T13:41:27.605162 #8588] ERROR -- : C:/workspace/minigun/examples/38_comprehensive_execution.rb:101:in 'block (2 levels) in <class:ComprehensivePipeline>'
C:/workspace/minigun/lib/minigun/stage.rb:109:in 'BasicObject#instance_exec'
C:/workspace/minigun/lib/minigun/stage.rb:109:in 'Minigun::AtomicStage#execute'
C:/workspace/minigun/lib/minigun/execution/executor.rb:62:in 'Minigun::Execution::Executor#run_stage_logic'
C:/workspace/minigun/lib/minigun/execution/executor.rb:99:in 'block in Minigun::Execution::ThreadPoolExecutor#execute_with_strategy'
#<Thread:0x000001bb7499fc60 C:/workspace/minigun/lib/minigun/execution/executor.rb:97 run> terminated with exception 
(report_on_exception is true):
C:/workspace/minigun/examples/38_comprehensive_execution.rb:101:in 'block (2 levels) in 
<class:ComprehensivePipeline>': undefined local variable or method 'output' for an instance of ComprehensivePipeline 
(NameError)

      output << results

      ^^^^^^
	from C:/workspace/minigun/lib/minigun/stage.rb:109:in 'BasicObject#instance_exec'
	from C:/workspace/minigun/lib/minigun/stage.rb:109:in 'Minigun::AtomicStage#execute'
	from C:/workspace/minigun/lib/minigun/execution/executor.rb:62:in 'Minigun::Execution::Executor#run_stage_logic'
	from C:/workspace/minigun/lib/minigun/execution/executor.rb:99:in 'block in 
Minigun::Execution::ThreadPoolExecutor#execute_with_strategy'
E, [2025-10-27T13:41:27.609271 #8588] ERROR -- : [Pipeline:default][Stage:save_to_db] Error: undefined local variable or method 'output' for an instance of ComprehensivePipeline
E, [2025-10-27T13:41:27.609447 #8588] ERROR -- : C:/workspace/minigun/examples/38_comprehensive_execution.rb:101:in 'block (2 levels) in <class:ComprehensivePipeline>'
C:/workspace/minigun/lib/minigun/stage.rb:109:in 'BasicObject#instance_exec'
C:/workspace/minigun/lib/minigun/stage.rb:109:in 'Minigun::AtomicStage#execute'
C:/workspace/minigun/lib/minigun/execution/executor.rb:62:in 'Minigun::Execution::Executor#run_stage_logic'
C:/workspace/minigun/lib/minigun/execution/executor.rb:99:in 'block in Minigun::Execution::ThreadPoolExecutor#execute_with_strategy'
#<Thread:0x000001bb74b5a7d0 C:/workspace/minigun/lib/minigun/execution/executor.rb:97 run> terminated with exception 
(report_on_exception is true):
C:/workspace/minigun/examples/38_comprehensive_execution.rb:101:in 'block (2 levels) in 
<class:ComprehensivePipeline>': undefined local variable or method 'output' for an instance of ComprehensivePipeline 
(NameError)

      output << results

      ^^^^^^
	from C:/workspace/minigun/lib/minigun/stage.rb:109:in 'BasicObject#instance_exec'
	from C:/workspace/minigun/lib/minigun/stage.rb:109:in 'Minigun::AtomicStage#execute'
	from C:/workspace/minigun/lib/minigun/execution/executor.rb:62:in 'Minigun::Execution::Executor#run_stage_logic'
	from C:/workspace/minigun/lib/minigun/execution/executor.rb:99:in 'block in 
Minigun::Execution::ThreadPoolExecutor#execute_with_strategy'
E, [2025-10-27T13:41:27.611346 #8588] ERROR -- : [Pipeline:default][Stage:save_to_db] Error: undefined local variable or method 'output' for an instance of ComprehensivePipeline
E, [2025-10-27T13:41:27.611503 #8588] ERROR -- : C:/workspace/minigun/examples/38_comprehensive_execution.rb:101:in 'block (2 levels) in <class:ComprehensivePipeline>'
C:/workspace/minigun/lib/minigun/stage.rb:109:in 'BasicObject#instance_exec'
C:/workspace/minigun/lib/minigun/stage.rb:109:in 'Minigun::AtomicStage#execute'
C:/workspace/minigun/lib/minigun/execution/executor.rb:62:in 'Minigun::Execution::Executor#run_stage_logic'
C:/workspace/minigun/lib/minigun/execution/executor.rb:99:in 'block in Minigun::Execution::ThreadPoolExecutor#execute_with_strategy'
#<Thread:0x000001bb74bde4b8 C:/workspace/minigun/lib/minigun/execution/executor.rb:97 run> terminated with exception 
(report_on_exception is true):
C:/workspace/minigun/examples/38_comprehensive_execution.rb:101:in 'block (2 levels) in 
<class:ComprehensivePipeline>': undefined local variable or method 'output' for an instance of ComprehensivePipeline 
(NameError)

      output << results

      ^^^^^^
	from C:/workspace/minigun/lib/minigun/stage.rb:109:in 'BasicObject#instance_exec'
	from C:/workspace/minigun/lib/minigun/stage.rb:109:in 'Minigun::AtomicStage#execute'
	from C:/workspace/minigun/lib/minigun/execution/executor.rb:62:in 'Minigun::Execution::Executor#run_stage_logic'
	from C:/workspace/minigun/lib/minigun/execution/executor.rb:99:in 'block in 
Minigun::Execution::ThreadPoolExecutor#execute_with_strategy'
E, [2025-10-27T13:41:27.613718 #8588] ERROR -- : [Pipeline:default][Stage:save_to_db] Error: undefined local variable or method 'output' for an instance of ComprehensivePipeline
E, [2025-10-27T13:41:27.613905 #8588] ERROR -- : C:/workspace/minigun/examples/38_comprehensive_execution.rb:101:in 'block (2 levels) in <class:ComprehensivePipeline>'
C:/workspace/minigun/lib/minigun/stage.rb:109:in 'BasicObject#instance_exec'
C:/workspace/minigun/lib/minigun/stage.rb:109:in 'Minigun::AtomicStage#execute'
C:/workspace/minigun/lib/minigun/execution/executor.rb:62:in 'Minigun::Execution::Executor#run_stage_logic'
C:/workspace/minigun/lib/minigun/execution/executor.rb:99:in 'block in Minigun::Execution::ThreadPoolExecutor#execute_with_strategy'
#<Thread:0x000001bb74b94318 C:/workspace/minigun/lib/minigun/execution/executor.rb:97 run> terminated with exception 
(report_on_exception is true):
C:/workspace/minigun/examples/38_comprehensive_execution.rb:101:in 'block (2 levels) in 
<class:ComprehensivePipeline>': undefined local variable or method 'output' for an instance of ComprehensivePipeline 
(NameError)

      output << results

      ^^^^^^
	from C:/workspace/minigun/lib/minigun/stage.rb:109:in 'BasicObject#instance_exec'
	from C:/workspace/minigun/lib/minigun/stage.rb:109:in 'Minigun::AtomicStage#execute'
	from C:/workspace/minigun/lib/minigun/execution/executor.rb:62:in 'Minigun::Execution::Executor#run_stage_logic'
	from C:/workspace/minigun/lib/minigun/execution/executor.rb:99:in 'block in 
Minigun::Execution::ThreadPoolExecutor#execute_with_strategy'
E, [2025-10-27T13:41:27.615953 #8588] ERROR -- : [Pipeline:default][Stage:save_to_db] Error: undefined local variable or method 'output' for an instance of ComprehensivePipeline
E, [2025-10-27T13:41:27.616126 #8588] ERROR -- : C:/workspace/minigun/examples/38_comprehensive_execution.rb:101:in 'block (2 levels) in <class:ComprehensivePipeline>'
C:/workspace/minigun/lib/minigun/stage.rb:109:in 'BasicObject#instance_exec'
C:/workspace/minigun/lib/minigun/stage.rb:109:in 'Minigun::AtomicStage#execute'
C:/workspace/minigun/lib/minigun/execution/executor.rb:62:in 'Minigun::Execution::Executor#run_stage_logic'
C:/workspace/minigun/lib/minigun/execution/executor.rb:99:in 'block in Minigun::Execution::ThreadPoolExecutor#execute_with_strategy'
#<Thread:0x000001bb7513e4a8 C:/workspace/minigun/lib/minigun/execution/executor.rb:97 run> terminated with exception 
(report_on_exception is true):
C:/workspace/minigun/examples/38_comprehensive_execution.rb:101:in 'block (2 levels) in 
<class:ComprehensivePipeline>': undefined local variable or method 'output' for an instance of ComprehensivePipeline 
(NameError)

      output << results

      ^^^^^^
	from C:/workspace/minigun/lib/minigun/stage.rb:109:in 'BasicObject#instance_exec'
	from C:/workspace/minigun/lib/minigun/stage.rb:109:in 'Minigun::AtomicStage#execute'
	from C:/workspace/minigun/lib/minigun/execution/executor.rb:62:in 'Minigun::Execution::Executor#run_stage_logic'
	from C:/workspace/minigun/lib/minigun/execution/executor.rb:99:in 'block in 
Minigun::Execution::ThreadPoolExecutor#execute_with_strategy'
E, [2025-10-27T13:41:27.618405 #8588] ERROR -- : [Pipeline:default][Stage:save_to_db] Error: undefined local variable or method 'output' for an instance of ComprehensivePipeline
E, [2025-10-27T13:41:27.618556 #8588] ERROR -- : C:/workspace/minigun/examples/38_comprehensive_execution.rb:101:in 'block (2 levels) in <class:ComprehensivePipeline>'
C:/workspace/minigun/lib/minigun/stage.rb:109:in 'BasicObject#instance_exec'
C:/workspace/minigun/lib/minigun/stage.rb:109:in 'Minigun::AtomicStage#execute'
C:/workspace/minigun/lib/minigun/execution/executor.rb:62:in 'Minigun::Execution::Executor#run_stage_logic'
C:/workspace/minigun/lib/minigun/execution/executor.rb:99:in 'block in Minigun::Execution::ThreadPoolExecutor#execute_with_strategy'
#<Thread:0x000001bb017d5fd8 C:/workspace/minigun/lib/minigun/execution/executor.rb:97 run> terminated with exception 
(report_on_exception is true):
C:/workspace/minigun/examples/38_comprehensive_execution.rb:101:in 'block (2 levels) in 
<class:ComprehensivePipeline>': undefined local variable or method 'output' for an instance of ComprehensivePipeline 
(NameError)

      output << results

      ^^^^^^
	from C:/workspace/minigun/lib/minigun/stage.rb:109:in 'BasicObject#instance_exec'
	from C:/workspace/minigun/lib/minigun/stage.rb:109:in 'Minigun::AtomicStage#execute'
	from C:/workspace/minigun/lib/minigun/execution/executor.rb:62:in 'Minigun::Execution::Executor#run_stage_logic'
	from C:/workspace/minigun/lib/minigun/execution/executor.rb:99:in 'block in 
Minigun::Execution::ThreadPoolExecutor#execute_with_strategy'
E, [2025-10-27T13:41:27.620707 #8588] ERROR -- : [Pipeline:default][Stage:save_to_db] Error: undefined local variable or method 'output' for an instance of ComprehensivePipeline
E, [2025-10-27T13:41:27.620881 #8588] ERROR -- : C:/workspace/minigun/examples/38_comprehensive_execution.rb:101:in 'block (2 levels) in <class:ComprehensivePipeline>'
C:/workspace/minigun/lib/minigun/stage.rb:109:in 'BasicObject#instance_exec'
C:/workspace/minigun/lib/minigun/stage.rb:109:in 'Minigun::AtomicStage#execute'
C:/workspace/minigun/lib/minigun/execution/executor.rb:62:in 'Minigun::Execution::Executor#run_stage_logic'
C:/workspace/minigun/lib/minigun/execution/executor.rb:99:in 'block in Minigun::Execution::ThreadPoolExecutor#execute_with_strategy'
#<Thread:0x000001bb0171daa0 C:/workspace/minigun/lib/minigun/execution/executor.rb:97 run> terminated with exception 
(report_on_exception is true):
C:/workspace/minigun/examples/38_comprehensive_execution.rb:101:in 'block (2 levels) in 
<class:ComprehensivePipeline>': undefined local variable or method 'output' for an instance of ComprehensivePipeline 
(NameError)

      output << results

      ^^^^^^
	from C:/workspace/minigun/lib/minigun/stage.rb:109:in 'BasicObject#instance_exec'
	from C:/workspace/minigun/lib/minigun/stage.rb:109:in 'Minigun::AtomicStage#execute'
	from C:/workspace/minigun/lib/minigun/execution/executor.rb:62:in 'Minigun::Execution::Executor#run_stage_logic'
	from C:/workspace/minigun/lib/minigun/execution/executor.rb:99:in 'block in 
Minigun::Execution::ThreadPoolExecutor#execute_with_strategy'
E, [2025-10-27T13:41:27.622808 #8588] ERROR -- : [Pipeline:default][Stage:save_to_db] Error: undefined local variable or method 'output' for an instance of ComprehensivePipeline
E, [2025-10-27T13:41:27.622973 #8588] ERROR -- : C:/workspace/minigun/examples/38_comprehensive_execution.rb:101:in 'block (2 levels) in <class:ComprehensivePipeline>'
C:/workspace/minigun/lib/minigun/stage.rb:109:in 'BasicObject#instance_exec'
C:/workspace/minigun/lib/minigun/stage.rb:109:in 'Minigun::AtomicStage#execute'
C:/workspace/minigun/lib/minigun/execution/executor.rb:62:in 'Minigun::Execution::Executor#run_stage_logic'
C:/workspace/minigun/lib/minigun/execution/executor.rb:99:in 'block in Minigun::Execution::ThreadPoolExecutor#execute_with_strategy'
#<Thread:0x000001bb016d3bf8 C:/workspace/minigun/lib/minigun/execution/executor.rb:97 run> terminated with exception 
(report_on_exception is true):
C:/workspace/minigun/examples/38_comprehensive_execution.rb:101:in 'block (2 levels) in 
<class:ComprehensivePipeline>': undefined local variable or method 'output' for an instance of ComprehensivePipeline 
(NameError)

      output << results

      ^^^^^^
	from C:/workspace/minigun/lib/minigun/stage.rb:109:in 'BasicObject#instance_exec'
	from C:/workspace/minigun/lib/minigun/stage.rb:109:in 'Minigun::AtomicStage#execute'
	from C:/workspace/minigun/lib/minigun/execution/executor.rb:62:in 'Minigun::Execution::Executor#run_stage_logic'
	from C:/workspace/minigun/lib/minigun/execution/executor.rb:99:in 'block in 
Minigun::Execution::ThreadPoolExecutor#execute_with_strategy'
E, [2025-10-27T13:41:27.625420 #8588] ERROR -- : [Pipeline:default][Stage:save_to_db] Error: undefined local variable or method 'output' for an instance of ComprehensivePipeline
E, [2025-10-27T13:41:27.625568 #8588] ERROR -- : C:/workspace/minigun/examples/38_comprehensive_execution.rb:101:in 'block (2 levels) in <class:ComprehensivePipeline>'
C:/workspace/minigun/lib/minigun/stage.rb:109:in 'BasicObject#instance_exec'
C:/workspace/minigun/lib/minigun/stage.rb:109:in 'Minigun::AtomicStage#execute'
C:/workspace/minigun/lib/minigun/execution/executor.rb:62:in 'Minigun::Execution::Executor#run_stage_logic'
C:/workspace/minigun/lib/minigun/execution/executor.rb:99:in 'block in Minigun::Execution::ThreadPoolExecutor#execute_with_strategy'
#<Thread:0x000001bb74b5aac8 C:/workspace/minigun/lib/minigun/execution/executor.rb:97 run> terminated with exception 
(report_on_exception is true):
C:/workspace/minigun/examples/38_comprehensive_execution.rb:101:in 'block (2 levels) in 
<class:ComprehensivePipeline>': undefined local variable or method 'output' for an instance of ComprehensivePipeline 
(NameError)

      output << results

      ^^^^^^
	from C:/workspace/minigun/lib/minigun/stage.rb:109:in 'BasicObject#instance_exec'
	from C:/workspace/minigun/lib/minigun/stage.rb:109:in 'Minigun::AtomicStage#execute'
	from C:/workspace/minigun/lib/minigun/execution/executor.rb:62:in 'Minigun::Execution::Executor#run_stage_logic'
	from C:/workspace/minigun/lib/minigun/execution/executor.rb:99:in 'block in 
Minigun::Execution::ThreadPoolExecutor#execute_with_strategy'
E, [2025-10-27T13:41:27.627526 #8588] ERROR -- : [Pipeline:default][Stage:save_to_db] Error: undefined local variable or method 'output' for an instance of ComprehensivePipeline
E, [2025-10-27T13:41:27.627718 #8588] ERROR -- : C:/workspace/minigun/examples/38_comprehensive_execution.rb:101:in 'block (2 levels) in <class:ComprehensivePipeline>'
C:/workspace/minigun/lib/minigun/stage.rb:109:in 'BasicObject#instance_exec'
C:/workspace/minigun/lib/minigun/stage.rb:109:in 'Minigun::AtomicStage#execute'
C:/workspace/minigun/lib/minigun/execution/executor.rb:62:in 'Minigun::Execution::Executor#run_stage_logic'
C:/workspace/minigun/lib/minigun/execution/executor.rb:99:in 'block in Minigun::Execution::ThreadPoolExecutor#execute_with_strategy'
#<Thread:0x000001bb74bde760 C:/workspace/minigun/lib/minigun/execution/executor.rb:97 run> terminated with exception 
(report_on_exception is true):
C:/workspace/minigun/examples/38_comprehensive_execution.rb:101:in 'block (2 levels) in 
<class:ComprehensivePipeline>': undefined local variable or method 'output' for an instance of ComprehensivePipeline 
(NameError)

      output << results

      ^^^^^^
	from C:/workspace/minigun/lib/minigun/stage.rb:109:in 'BasicObject#instance_exec'
	from C:/workspace/minigun/lib/minigun/stage.rb:109:in 'Minigun::AtomicStage#execute'
	from C:/workspace/minigun/lib/minigun/execution/executor.rb:62:in 'Minigun::Execution::Executor#run_stage_logic'
	from C:/workspace/minigun/lib/minigun/execution/executor.rb:99:in 'block in 
Minigun::Execution::ThreadPoolExecutor#execute_with_strategy'
E, [2025-10-27T13:41:27.629732 #8588] ERROR -- : [Pipeline:default][Stage:save_to_db] Error: undefined local variable or method 'output' for an instance of ComprehensivePipeline
E, [2025-10-27T13:41:27.629912 #8588] ERROR -- : C:/workspace/minigun/examples/38_comprehensive_execution.rb:101:in 'block (2 levels) in <class:ComprehensivePipeline>'
C:/workspace/minigun/lib/minigun/stage.rb:109:in 'BasicObject#instance_exec'
C:/workspace/minigun/lib/minigun/stage.rb:109:in 'Minigun::AtomicStage#execute'
C:/workspace/minigun/lib/minigun/execution/executor.rb:62:in 'Minigun::Execution::Executor#run_stage_logic'
C:/workspace/minigun/lib/minigun/execution/executor.rb:99:in 'block in Minigun::Execution::ThreadPoolExecutor#execute_with_strategy'
#<Thread:0x000001bb74b95c90 C:/workspace/minigun/lib/minigun/execution/executor.rb:97 run> terminated with exception 
(report_on_exception is true):
C:/workspace/minigun/examples/38_comprehensive_execution.rb:101:in 'block (2 levels) in 
<class:ComprehensivePipeline>': undefined local variable or method 'output' for an instance of ComprehensivePipeline 
(NameError)

      output << results

      ^^^^^^
	from C:/workspace/minigun/lib/minigun/stage.rb:109:in 'BasicObject#instance_exec'
	from C:/workspace/minigun/lib/minigun/stage.rb:109:in 'Minigun::AtomicStage#execute'
	from C:/workspace/minigun/lib/minigun/execution/executor.rb:62:in 'Minigun::Execution::Executor#run_stage_logic'
	from C:/workspace/minigun/lib/minigun/execution/executor.rb:99:in 'block in 
Minigun::Execution::ThreadPoolExecutor#execute_with_strategy'
E, [2025-10-27T13:41:27.631827 #8588] ERROR -- : [Pipeline:default][Stage:save_to_db] Error: undefined local variable or method 'output' for an instance of ComprehensivePipeline
E, [2025-10-27T13:41:27.631990 #8588] ERROR -- : C:/workspace/minigun/examples/38_comprehensive_execution.rb:101:in 'block (2 levels) in <class:ComprehensivePipeline>'
C:/workspace/minigun/lib/minigun/stage.rb:109:in 'BasicObject#instance_exec'
C:/workspace/minigun/lib/minigun/stage.rb:109:in 'Minigun::AtomicStage#execute'
C:/workspace/minigun/lib/minigun/execution/executor.rb:62:in 'Minigun::Execution::Executor#run_stage_logic'
C:/workspace/minigun/lib/minigun/execution/executor.rb:99:in 'block in Minigun::Execution::ThreadPoolExecutor#execute_with_strategy'
#<Thread:0x000001bb7513e6d8 C:/workspace/minigun/lib/minigun/execution/executor.rb:97 run> terminated with exception 
(report_on_exception is true):
C:/workspace/minigun/examples/38_comprehensive_execution.rb:101:in 'block (2 levels) in 
<class:ComprehensivePipeline>': undefined local variable or method 'output' for an instance of ComprehensivePipeline 
(NameError)

      output << results

      ^^^^^^
	from C:/workspace/minigun/lib/minigun/stage.rb:109:in 'BasicObject#instance_exec'
	from C:/workspace/minigun/lib/minigun/stage.rb:109:in 'Minigun::AtomicStage#execute'
	from C:/workspace/minigun/lib/minigun/execution/executor.rb:62:in 'Minigun::Execution::Executor#run_stage_logic'
	from C:/workspace/minigun/lib/minigun/execution/executor.rb:99:in 'block in 
Minigun::Execution::ThreadPoolExecutor#execute_with_strategy'
E, [2025-10-27T13:41:27.633732 #8588] ERROR -- : [Pipeline:default][Stage:save_to_db] Error: undefined local variable or method 'output' for an instance of ComprehensivePipeline
E, [2025-10-27T13:41:27.633872 #8588] ERROR -- : C:/workspace/minigun/examples/38_comprehensive_execution.rb:101:in 'block (2 levels) in <class:ComprehensivePipeline>'
C:/workspace/minigun/lib/minigun/stage.rb:109:in 'BasicObject#instance_exec'
C:/workspace/minigun/lib/minigun/stage.rb:109:in 'Minigun::AtomicStage#execute'
C:/workspace/minigun/lib/minigun/execution/executor.rb:62:in 'Minigun::Execution::Executor#run_stage_logic'
C:/workspace/minigun/lib/minigun/execution/executor.rb:99:in 'block in Minigun::Execution::ThreadPoolExecutor#execute_with_strategy'
#<Thread:0x000001bb74d5a5d0 C:/workspace/minigun/lib/minigun/execution/executor.rb:97 run> terminated with exception 
(report_on_exception is true):
C:/workspace/minigun/examples/38_comprehensive_execution.rb:101:in 'block (2 levels) in 
<class:ComprehensivePipeline>': undefined local variable or method 'output' for an instance of ComprehensivePipeline 
(NameError)

      output << results

      ^^^^^^
	from C:/workspace/minigun/lib/minigun/stage.rb:109:in 'BasicObject#instance_exec'
	from C:/workspace/minigun/lib/minigun/stage.rb:109:in 'Minigun::AtomicStage#execute'
	from C:/workspace/minigun/lib/minigun/execution/executor.rb:62:in 'Minigun::Execution::Executor#run_stage_logic'
	from C:/workspace/minigun/lib/minigun/execution/executor.rb:99:in 'block in 
Minigun::Execution::ThreadPoolExecutor#execute_with_strategy'
E, [2025-10-27T13:41:27.635657 #8588] ERROR -- : [Pipeline:default][Stage:save_to_db] Error: undefined local variable or method 'output' for an instance of ComprehensivePipeline
E, [2025-10-27T13:41:27.635850 #8588] ERROR -- : C:/workspace/minigun/examples/38_comprehensive_execution.rb:101:in 'block (2 levels) in <class:ComprehensivePipeline>'
C:/workspace/minigun/lib/minigun/stage.rb:109:in 'BasicObject#instance_exec'
C:/workspace/minigun/lib/minigun/stage.rb:109:in 'Minigun::AtomicStage#execute'
C:/workspace/minigun/lib/minigun/execution/executor.rb:62:in 'Minigun::Execution::Executor#run_stage_logic'
C:/workspace/minigun/lib/minigun/execution/executor.rb:99:in 'block in Minigun::Execution::ThreadPoolExecutor#execute_with_strategy'
#<Thread:0x000001bb751fa680 C:/workspace/minigun/lib/minigun/execution/executor.rb:97 run> terminated with exception 
(report_on_exception is true):
C:/workspace/minigun/examples/38_comprehensive_execution.rb:101:in 'block (2 levels) in 
<class:ComprehensivePipeline>': undefined local variable or method 'output' for an instance of ComprehensivePipeline 
(NameError)

      output << results

      ^^^^^^
	from C:/workspace/minigun/lib/minigun/stage.rb:109:in 'BasicObject#instance_exec'
	from C:/workspace/minigun/lib/minigun/stage.rb:109:in 'Minigun::AtomicStage#execute'
	from C:/workspace/minigun/lib/minigun/execution/executor.rb:62:in 'Minigun::Execution::Executor#run_stage_logic'
	from C:/workspace/minigun/lib/minigun/execution/executor.rb:99:in 'block in 
Minigun::Execution::ThreadPoolExecutor#execute_with_strategy'
E, [2025-10-27T13:41:27.637565 #8588] ERROR -- : [Pipeline:default][Stage:save_to_db] Error: undefined local variable or method 'output' for an instance of ComprehensivePipeline
E, [2025-10-27T13:41:27.637773 #8588] ERROR -- : C:/workspace/minigun/examples/38_comprehensive_execution.rb:101:in 'block (2 levels) in <class:ComprehensivePipeline>'
C:/workspace/minigun/lib/minigun/stage.rb:109:in 'BasicObject#instance_exec'
C:/workspace/minigun/lib/minigun/stage.rb:109:in 'Minigun::AtomicStage#execute'
C:/workspace/minigun/lib/minigun/execution/executor.rb:62:in 'Minigun::Execution::Executor#run_stage_logic'
C:/workspace/minigun/lib/minigun/execution/executor.rb:99:in 'block in Minigun::Execution::ThreadPoolExecutor#execute_with_strategy'
I, [2025-10-27T13:41:27.638034 #8588]  INFO -- : [Pipeline:default][Worker:download] Done
#<Thread:0x000001bb736320b0 C:/workspace/minigun/lib/minigun/execution/executor.rb:97 run> terminated with exception 
(report_on_exception is true):
C:/workspace/minigun/examples/38_comprehensive_execution.rb:101:in 'block (2 levels) in 
<class:ComprehensivePipeline>': undefined local variable or method 'output' for an instance of ComprehensivePipeline 
(NameError)

      output << results

      ^^^^^^
	from C:/workspace/minigun/lib/minigun/stage.rb:109:in 'BasicObject#instance_exec'
	from C:/workspace/minigun/lib/minigun/stage.rb:109:in 'Minigun::AtomicStage#execute'
	from C:/workspace/minigun/lib/minigun/execution/executor.rb:62:in 'Minigun::Execution::Executor#run_stage_logic'
	from C:/workspace/minigun/lib/minigun/execution/executor.rb:99:in 'block in 
Minigun::Execution::ThreadPoolExecutor#execute_with_strategy'
E, [2025-10-27T13:41:27.639552 #8588] ERROR -- : [Pipeline:default][Stage:save_to_db] Error: undefined local variable or method 'output' for an instance of ComprehensivePipeline
E, [2025-10-27T13:41:27.639641 #8588] ERROR -- : C:/workspace/minigun/examples/38_comprehensive_execution.rb:101:in 'block (2 levels) in <class:ComprehensivePipeline>'
C:/workspace/minigun/lib/minigun/stage.rb:109:in 'BasicObject#instance_exec'
C:/workspace/minigun/lib/minigun/stage.rb:109:in 'Minigun::AtomicStage#execute'
C:/workspace/minigun/lib/minigun/execution/executor.rb:62:in 'Minigun::Execution::Executor#run_stage_logic'
C:/workspace/minigun/lib/minigun/execution/executor.rb:99:in 'block in Minigun::Execution::ThreadPoolExecutor#execute_with_strategy'
[Minigun] Process forking not available, falling back to inline
I, [2025-10-27T13:41:27.639950 #8588]  INFO -- : [Pipeline:default][Worker:_batch_0] Done
#<Thread:0x000001bb01639f58 C:/workspace/minigun/lib/minigun/execution/executor.rb:97 run> terminated with exception 
(report_on_exception is true):
C:/workspace/minigun/examples/38_comprehensive_execution.rb:101:in 'block (2 levels) in 
<class:ComprehensivePipeline>': undefined local variable or method 'output' for an instance of ComprehensivePipeline 
(NameError)

      output << results

      ^^^^^^
	from C:/workspace/minigun/lib/minigun/stage.rb:109:in 'BasicObject#instance_exec'
	from C:/workspace/minigun/lib/minigun/stage.rb:109:in 'Minigun::AtomicStage#execute'
	from C:/workspace/minigun/lib/minigun/execution/executor.rb:62:in 'Minigun::Execution::Executor#run_stage_logic'
	from C:/workspace/minigun/lib/minigun/execution/executor.rb:99:in 'block in 
Minigun::Execution::ThreadPoolExecutor#execute_with_strategy'
#<Thread:0x000001bb015d0120 C:/workspace/minigun/lib/minigun/execution/executor.rb:97 run> terminated with exception 
(report_on_exception is true):
E, [2025-10-27T13:41:27.641292 #8588] ERROR -- : [Pipeline:default][Stage:save_to_db] Error: undefined local variable or method 'output' for an instance of ComprehensivePipeline
E, [2025-10-27T13:41:27.641339 #8588] ERROR -- : C:/workspace/minigun/examples/38_comprehensive_execution.rb:101:in 'block (2 levels) in <class:ComprehensivePipeline>'
C:/workspace/minigun/lib/minigun/stage.rb:109:in 'BasicObject#instance_exec'
C:/workspace/minigun/lib/minigun/stage.rb:109:in 'Minigun::AtomicStage#execute'
C:/workspace/minigun/lib/minigun/execution/executor.rb:62:in 'Minigun::Execution::Executor#run_stage_logic'
C:/workspace/minigun/lib/minigun/execution/executor.rb:99:in 'block in Minigun::Execution::ThreadPoolExecutor#execute_with_strategy'
I, [2025-10-27T13:41:27.641231 #8588]  INFO -- : [Pipeline:default][Worker:parse_batch] Done
I, [2025-10-27T13:41:27.637654 #8588]  INFO -- : [Pipeline:default][Worker:check_cache] Done
I, [2025-10-27T13:41:27.639730 #8588]  INFO -- : [Pipeline:default][Worker:extract_metadata] Done
E, [2025-10-27T13:41:27.643032 #8588] ERROR -- : [Pipeline:default][Stage:save_to_db] Error: undefined local variable or method 'output' for an instance of ComprehensivePipeline
E, [2025-10-27T13:41:27.643076 #8588] ERROR -- : C:/workspace/minigun/examples/38_comprehensive_execution.rb:101:in 'block (2 levels) in <class:ComprehensivePipeline>'
C:/workspace/minigun/lib/minigun/stage.rb:109:in 'BasicObject#instance_exec'
C:/workspace/minigun/lib/minigun/stage.rb:109:in 'Minigun::AtomicStage#execute'
C:/workspace/minigun/lib/minigun/execution/executor.rb:62:in 'Minigun::Execution::Executor#run_stage_logic'
C:/workspace/minigun/lib/minigun/execution/executor.rb:99:in 'block in Minigun::Execution::ThreadPoolExecutor#execute_with_strategy'
C:/workspace/minigun/examples/38_comprehensive_execution.rb:101:in 'block (2 levels) in 
<class:ComprehensivePipeline>': undefined local variable or method 'output' for an instance of ComprehensivePipeline 
(NameError)

      output << results

      ^^^^^^
	from C:/workspace/minigun/lib/minigun/stage.rb:109:in 'BasicObject#instance_exec'
	from C:/workspace/minigun/lib/minigun/stage.rb:109:in 'Minigun::AtomicStage#execute'
	from C:/workspace/minigun/lib/minigun/execution/executor.rb:62:in 'Minigun::Execution::Executor#run_stage_logic'
	from C:/workspace/minigun/lib/minigun/execution/executor.rb:99:in 'block in 
Minigun::Execution::ThreadPoolExecutor#execute_with_strategy'
#<Thread:0x000001bb017b86e0 C:/workspace/minigun/lib/minigun/execution/executor.rb:97 run> terminated with exception 
(report_on_exception is true):
C:/workspace/minigun/examples/38_comprehensive_execution.rb:101:in 'block (2 levels) in 
<class:ComprehensivePipeline>': undefined local variable or method 'output' for an instance of ComprehensivePipeline 
(NameError)

      output << results

      ^^^^^^
	from C:/workspace/minigun/lib/minigun/stage.rb:109:in 'BasicObject#instance_exec'
	from C:/workspace/minigun/lib/minigun/stage.rb:109:in 'Minigun::AtomicStage#execute'
	from C:/workspace/minigun/lib/minigun/execution/executor.rb:62:in 'Minigun::Execution::Executor#run_stage_logic'
	from C:/workspace/minigun/lib/minigun/execution/executor.rb:99:in 'block in 
Minigun::Execution::ThreadPoolExecutor#execute_with_strategy'
E, [2025-10-27T13:41:27.644485 #8588] ERROR -- : [Pipeline:default][Stage:save_to_db] Error: undefined local variable or method 'output' for an instance of ComprehensivePipeline
E, [2025-10-27T13:41:27.644539 #8588] ERROR -- : C:/workspace/minigun/examples/38_comprehensive_execution.rb:101:in 'block (2 levels) in <class:ComprehensivePipeline>'
C:/workspace/minigun/lib/minigun/stage.rb:109:in 'BasicObject#instance_exec'
C:/workspace/minigun/lib/minigun/stage.rb:109:in 'Minigun::AtomicStage#execute'
C:/workspace/minigun/lib/minigun/execution/executor.rb:62:in 'Minigun::Execution::Executor#run_stage_logic'
C:/workspace/minigun/lib/minigun/execution/executor.rb:99:in 'block in Minigun::Execution::ThreadPoolExecutor#execute_with_strategy'
#<Thread:0x000001bb016df1d8 C:/workspace/minigun/lib/minigun/execution/executor.rb:97 run> terminated with exception 
(report_on_exception is true):
C:/workspace/minigun/examples/38_comprehensive_execution.rb:101:in 'block (2 levels) in 
<class:ComprehensivePipeline>': undefined local variable or method 'output' for an instance of ComprehensivePipeline 
(NameError)

      output << results

      ^^^^^^
	from C:/workspace/minigun/lib/minigun/stage.rb:109:in 'BasicObject#instance_exec'
	from C:/workspace/minigun/lib/minigun/stage.rb:109:in 'Minigun::AtomicStage#execute'
	from C:/workspace/minigun/lib/minigun/execution/executor.rb:62:in 'Minigun::Execution::Executor#run_stage_logic'
	from C:/workspace/minigun/lib/minigun/execution/executor.rb:99:in 'block in 
Minigun::Execution::ThreadPoolExecutor#execute_with_strategy'
E, [2025-10-27T13:41:27.646474 #8588] ERROR -- : [Pipeline:default][Stage:save_to_db] Error: undefined local variable or method 'output' for an instance of ComprehensivePipeline
E, [2025-10-27T13:41:27.646522 #8588] ERROR -- : C:/workspace/minigun/examples/38_comprehensive_execution.rb:101:in 'block (2 levels) in <class:ComprehensivePipeline>'
C:/workspace/minigun/lib/minigun/stage.rb:109:in 'BasicObject#instance_exec'
C:/workspace/minigun/lib/minigun/stage.rb:109:in 'Minigun::AtomicStage#execute'
C:/workspace/minigun/lib/minigun/execution/executor.rb:62:in 'Minigun::Execution::Executor#run_stage_logic'
C:/workspace/minigun/lib/minigun/execution/executor.rb:99:in 'block in Minigun::Execution::ThreadPoolExecutor#execute_with_strategy'
#<Thread:0x000001bb01847890 C:/workspace/minigun/lib/minigun/execution/executor.rb:97 run> terminated with exception 
(report_on_exception is true):
C:/workspace/minigun/examples/38_comprehensive_execution.rb:101:in 'block (2 levels) in 
<class:ComprehensivePipeline>': undefined local variable or method 'output' for an instance of ComprehensivePipeline 
(NameError)

      output << results

      ^^^^^^
	from C:/workspace/minigun/lib/minigun/stage.rb:109:in 'BasicObject#instance_exec'
	from C:/workspace/minigun/lib/minigun/stage.rb:109:in 'Minigun::AtomicStage#execute'
	from C:/workspace/minigun/lib/minigun/execution/executor.rb:62:in 'Minigun::Execution::Executor#run_stage_logic'
	from C:/workspace/minigun/lib/minigun/execution/executor.rb:99:in 'block in 
Minigun::Execution::ThreadPoolExecutor#execute_with_strategy'
E, [2025-10-27T13:41:27.648110 #8588] ERROR -- : [Pipeline:default][Stage:save_to_db] Error: undefined local variable or method 'output' for an instance of ComprehensivePipeline
E, [2025-10-27T13:41:27.648187 #8588] ERROR -- : C:/workspace/minigun/examples/38_comprehensive_execution.rb:101:in 'block (2 levels) in <class:ComprehensivePipeline>'
C:/workspace/minigun/lib/minigun/stage.rb:109:in 'BasicObject#instance_exec'
C:/workspace/minigun/lib/minigun/stage.rb:109:in 'Minigun::AtomicStage#execute'
C:/workspace/minigun/lib/minigun/execution/executor.rb:62:in 'Minigun::Execution::Executor#run_stage_logic'
C:/workspace/minigun/lib/minigun/execution/executor.rb:99:in 'block in Minigun::Execution::ThreadPoolExecutor#execute_with_strategy'
#<Thread:0x000001bb0167d898 C:/workspace/minigun/lib/minigun/execution/executor.rb:97 run> terminated with exception 
(report_on_exception is true):
C:/workspace/minigun/examples/38_comprehensive_execution.rb:101:in 'block (2 levels) in 
<class:ComprehensivePipeline>': undefined local variable or method 'output' for an instance of ComprehensivePipeline 
(NameError)

      output << results

      ^^^^^^
	from C:/workspace/minigun/lib/minigun/stage.rb:109:in 'BasicObject#instance_exec'
	from C:/workspace/minigun/lib/minigun/stage.rb:109:in 'Minigun::AtomicStage#execute'
	from C:/workspace/minigun/lib/minigun/execution/executor.rb:62:in 'Minigun::Execution::Executor#run_stage_logic'
	from C:/workspace/minigun/lib/minigun/execution/executor.rb:99:in 'block in 
Minigun::Execution::ThreadPoolExecutor#execute_with_strategy'
E, [2025-10-27T13:41:27.649736 #8588] ERROR -- : [Pipeline:default][Stage:save_to_db] Error: undefined local variable or method 'output' for an instance of ComprehensivePipeline
E, [2025-10-27T13:41:27.649819 #8588] ERROR -- : C:/workspace/minigun/examples/38_comprehensive_execution.rb:101:in 'block (2 levels) in <class:ComprehensivePipeline>'
C:/workspace/minigun/lib/minigun/stage.rb:109:in 'BasicObject#instance_exec'
C:/workspace/minigun/lib/minigun/stage.rb:109:in 'Minigun::AtomicStage#execute'
C:/workspace/minigun/lib/minigun/execution/executor.rb:62:in 'Minigun::Execution::Executor#run_stage_logic'
C:/workspace/minigun/lib/minigun/execution/executor.rb:99:in 'block in Minigun::Execution::ThreadPoolExecutor#execute_with_strategy'
#<Thread:0x000001bb01598a18 C:/workspace/minigun/lib/minigun/execution/executor.rb:97 run> terminated with exception 
(report_on_exception is true):
C:/workspace/minigun/examples/38_comprehensive_execution.rb:101:in 'block (2 levels) in 
<class:ComprehensivePipeline>': undefined local variable or method 'output' for an instance of ComprehensivePipeline 
(NameError)

      output << results

      ^^^^^^
	from C:/workspace/minigun/lib/minigun/stage.rb:109:in 'BasicObject#instance_exec'
	from C:/workspace/minigun/lib/minigun/stage.rb:109:in 'Minigun::AtomicStage#execute'
	from C:/workspace/minigun/lib/minigun/execution/executor.rb:62:in 'Minigun::Execution::Executor#run_stage_logic'
	from C:/workspace/minigun/lib/minigun/execution/executor.rb:99:in 'block in 
Minigun::Execution::ThreadPoolExecutor#execute_with_strategy'
E, [2025-10-27T13:41:27.651358 #8588] ERROR -- : [Pipeline:default][Stage:save_to_db] Error: undefined local variable or method 'output' for an instance of ComprehensivePipeline
E, [2025-10-27T13:41:27.651456 #8588] ERROR -- : C:/workspace/minigun/examples/38_comprehensive_execution.rb:101:in 'block (2 levels) in <class:ComprehensivePipeline>'
C:/workspace/minigun/lib/minigun/stage.rb:109:in 'BasicObject#instance_exec'
C:/workspace/minigun/lib/minigun/stage.rb:109:in 'Minigun::AtomicStage#execute'
C:/workspace/minigun/lib/minigun/execution/executor.rb:62:in 'Minigun::Execution::Executor#run_stage_logic'
C:/workspace/minigun/lib/minigun/execution/executor.rb:99:in 'block in Minigun::Execution::ThreadPoolExecutor#execute_with_strategy'
#<Thread:0x000001bb735b0998 C:/workspace/minigun/lib/minigun/execution/executor.rb:97 run> terminated with exception 
(report_on_exception is true):
C:/workspace/minigun/examples/38_comprehensive_execution.rb:101:in 'block (2 levels) in 
<class:ComprehensivePipeline>': undefined local variable or method 'output' for an instance of ComprehensivePipeline 
(NameError)

      output << results

      ^^^^^^
	from C:/workspace/minigun/lib/minigun/stage.rb:109:in 'BasicObject#instance_exec'
	from C:/workspace/minigun/lib/minigun/stage.rb:109:in 'Minigun::AtomicStage#execute'
	from C:/workspace/minigun/lib/minigun/execution/executor.rb:62:in 'Minigun::Execution::Executor#run_stage_logic'
	from C:/workspace/minigun/lib/minigun/execution/executor.rb:99:in 'block in 
Minigun::Execution::ThreadPoolExecutor#execute_with_strategy'
E, [2025-10-27T13:41:27.653131 #8588] ERROR -- : [Pipeline:default][Stage:save_to_db] Error: undefined local variable or method 'output' for an instance of ComprehensivePipeline
E, [2025-10-27T13:41:27.653215 #8588] ERROR -- : C:/workspace/minigun/examples/38_comprehensive_execution.rb:101:in 'block (2 levels) in <class:ComprehensivePipeline>'
C:/workspace/minigun/lib/minigun/stage.rb:109:in 'BasicObject#instance_exec'
C:/workspace/minigun/lib/minigun/stage.rb:109:in 'Minigun::AtomicStage#execute'
C:/workspace/minigun/lib/minigun/execution/executor.rb:62:in 'Minigun::Execution::Executor#run_stage_logic'
C:/workspace/minigun/lib/minigun/execution/executor.rb:99:in 'block in Minigun::Execution::ThreadPoolExecutor#execute_with_strategy'
#<Thread:0x000001bb74d16e98 C:/workspace/minigun/lib/minigun/execution/executor.rb:97 run> terminated with exception 
(report_on_exception is true):
C:/workspace/minigun/examples/38_comprehensive_execution.rb:101:in 'block (2 levels) in 
<class:ComprehensivePipeline>': undefined local variable or method 'output' for an instance of ComprehensivePipeline 
(NameError)

      output << results

      ^^^^^^
	from C:/workspace/minigun/lib/minigun/stage.rb:109:in 'BasicObject#instance_exec'
	from C:/workspace/minigun/lib/minigun/stage.rb:109:in 'Minigun::AtomicStage#execute'
	from C:/workspace/minigun/lib/minigun/execution/executor.rb:62:in 'Minigun::Execution::Executor#run_stage_logic'
	from C:/workspace/minigun/lib/minigun/execution/executor.rb:99:in 'block in 
Minigun::Execution::ThreadPoolExecutor#execute_with_strategy'
E, [2025-10-27T13:41:27.655055 #8588] ERROR -- : [Pipeline:default][Stage:save_to_db] Error: undefined local variable or method 'output' for an instance of ComprehensivePipeline
E, [2025-10-27T13:41:27.655103 #8588] ERROR -- : C:/workspace/minigun/examples/38_comprehensive_execution.rb:101:in 'block (2 levels) in <class:ComprehensivePipeline>'
C:/workspace/minigun/lib/minigun/stage.rb:109:in 'BasicObject#instance_exec'
C:/workspace/minigun/lib/minigun/stage.rb:109:in 'Minigun::AtomicStage#execute'
C:/workspace/minigun/lib/minigun/execution/executor.rb:62:in 'Minigun::Execution::Executor#run_stage_logic'
C:/workspace/minigun/lib/minigun/execution/executor.rb:99:in 'block in Minigun::Execution::ThreadPoolExecutor#execute_with_strategy'
#<Thread:0x000001bb74b759e0 C:/workspace/minigun/lib/minigun/execution/executor.rb:97 run> terminated with exception 
(report_on_exception is true):
C:/workspace/minigun/examples/38_comprehensive_execution.rb:101:in 'block (2 levels) in 
<class:ComprehensivePipeline>': undefined local variable or method 'output' for an instance of ComprehensivePipeline 
(NameError)

      output << results

      ^^^^^^
	from C:/workspace/minigun/lib/minigun/stage.rb:109:in 'BasicObject#instance_exec'
	from C:/workspace/minigun/lib/minigun/stage.rb:109:in 'Minigun::AtomicStage#execute'
	from C:/workspace/minigun/lib/minigun/execution/executor.rb:62:in 'Minigun::Execution::Executor#run_stage_logic'
	from C:/workspace/minigun/lib/minigun/execution/executor.rb:99:in 'block in 
Minigun::Execution::ThreadPoolExecutor#execute_with_strategy'
E, [2025-10-27T13:41:27.657070 #8588] ERROR -- : [Pipeline:default][Stage:save_to_db] Error: undefined local variable or method 'output' for an instance of ComprehensivePipeline
E, [2025-10-27T13:41:27.657129 #8588] ERROR -- : C:/workspace/minigun/examples/38_comprehensive_execution.rb:101:in 'block (2 levels) in <class:ComprehensivePipeline>'
C:/workspace/minigun/lib/minigun/stage.rb:109:in 'BasicObject#instance_exec'
C:/workspace/minigun/lib/minigun/stage.rb:109:in 'Minigun::AtomicStage#execute'
C:/workspace/minigun/lib/minigun/execution/executor.rb:62:in 'Minigun::Execution::Executor#run_stage_logic'
C:/workspace/minigun/lib/minigun/execution/executor.rb:99:in 'block in Minigun::Execution::ThreadPoolExecutor#execute_with_strategy'
#<Thread:0x000001bb732559b0 C:/workspace/minigun/lib/minigun/execution/executor.rb:97 run> terminated with exception 
(report_on_exception is true):
C:/workspace/minigun/examples/38_comprehensive_execution.rb:101:in 'block (2 levels) in 
<class:ComprehensivePipeline>': undefined local variable or method 'output' for an instance of ComprehensivePipeline 
(NameError)

      output << results

      ^^^^^^
	from C:/workspace/minigun/lib/minigun/stage.rb:109:in 'BasicObject#instance_exec'
	from C:/workspace/minigun/lib/minigun/stage.rb:109:in 'Minigun::AtomicStage#execute'
	from C:/workspace/minigun/lib/minigun/execution/executor.rb:62:in 'Minigun::Execution::Executor#run_stage_logic'
	from C:/workspace/minigun/lib/minigun/execution/executor.rb:99:in 'block in 
Minigun::Execution::ThreadPoolExecutor#execute_with_strategy'
E, [2025-10-27T13:41:27.659595 #8588] ERROR -- : [Pipeline:default][Stage:save_to_db] Error: undefined local variable or method 'output' for an instance of ComprehensivePipeline
E, [2025-10-27T13:41:27.659648 #8588] ERROR -- : C:/workspace/minigun/examples/38_comprehensive_execution.rb:101:in 'block (2 levels) in <class:ComprehensivePipeline>'
C:/workspace/minigun/lib/minigun/stage.rb:109:in 'BasicObject#instance_exec'
C:/workspace/minigun/lib/minigun/stage.rb:109:in 'Minigun::AtomicStage#execute'
C:/workspace/minigun/lib/minigun/execution/executor.rb:62:in 'Minigun::Execution::Executor#run_stage_logic'
C:/workspace/minigun/lib/minigun/execution/executor.rb:99:in 'block in Minigun::Execution::ThreadPoolExecutor#execute_with_strategy'
#<Thread:0x000001bb7487b050 C:/workspace/minigun/lib/minigun/execution/executor.rb:97 run> terminated with exception 
(report_on_exception is true):
C:/workspace/minigun/examples/38_comprehensive_execution.rb:101:in 'block (2 levels) in 
<class:ComprehensivePipeline>': undefined local variable or method 'output' for an instance of ComprehensivePipeline 
(NameError)

      output << results

      ^^^^^^
	from C:/workspace/minigun/lib/minigun/stage.rb:109:in 'BasicObject#instance_exec'
	from C:/workspace/minigun/lib/minigun/stage.rb:109:in 'Minigun::AtomicStage#execute'
	from C:/workspace/minigun/lib/minigun/execution/executor.rb:62:in 'Minigun::Execution::Executor#run_stage_logic'
	from C:/workspace/minigun/lib/minigun/execution/executor.rb:99:in 'block in 
Minigun::Execution::ThreadPoolExecutor#execute_with_strategy'
E, [2025-10-27T13:41:27.661493 #8588] ERROR -- : [Pipeline:default][Stage:save_to_db] Error: undefined local variable or method 'output' for an instance of ComprehensivePipeline
E, [2025-10-27T13:41:27.661552 #8588] ERROR -- : C:/workspace/minigun/examples/38_comprehensive_execution.rb:101:in 'block (2 levels) in <class:ComprehensivePipeline>'
C:/workspace/minigun/lib/minigun/stage.rb:109:in 'BasicObject#instance_exec'
C:/workspace/minigun/lib/minigun/stage.rb:109:in 'Minigun::AtomicStage#execute'
C:/workspace/minigun/lib/minigun/execution/executor.rb:62:in 'Minigun::Execution::Executor#run_stage_logic'
C:/workspace/minigun/lib/minigun/execution/executor.rb:99:in 'block in Minigun::Execution::ThreadPoolExecutor#execute_with_strategy'
#<Thread:0x000001bb74b53ca0 C:/workspace/minigun/lib/minigun/execution/executor.rb:97 run> terminated with exception 
(report_on_exception is true):
C:/workspace/minigun/examples/38_comprehensive_execution.rb:101:in 'block (2 levels) in 
<class:ComprehensivePipeline>': undefined local variable or method 'output' for an instance of ComprehensivePipeline 
(NameError)

      output << results

      ^^^^^^
	from C:/workspace/minigun/lib/minigun/stage.rb:109:in 'BasicObject#instance_exec'
	from C:/workspace/minigun/lib/minigun/stage.rb:109:in 'Minigun::AtomicStage#execute'
	from C:/workspace/minigun/lib/minigun/execution/executor.rb:62:in 'Minigun::Execution::Executor#run_stage_logic'
	from C:/workspace/minigun/lib/minigun/execution/executor.rb:99:in 'block in 
Minigun::Execution::ThreadPoolExecutor#execute_with_strategy'
E, [2025-10-27T13:41:27.663312 #8588] ERROR -- : [Pipeline:default][Stage:save_to_db] Error: undefined local variable or method 'output' for an instance of ComprehensivePipeline
E, [2025-10-27T13:41:27.663355 #8588] ERROR -- : C:/workspace/minigun/examples/38_comprehensive_execution.rb:101:in 'block (2 levels) in <class:ComprehensivePipeline>'
C:/workspace/minigun/lib/minigun/stage.rb:109:in 'BasicObject#instance_exec'
C:/workspace/minigun/lib/minigun/stage.rb:109:in 'Minigun::AtomicStage#execute'
C:/workspace/minigun/lib/minigun/execution/executor.rb:62:in 'Minigun::Execution::Executor#run_stage_logic'
C:/workspace/minigun/lib/minigun/execution/executor.rb:99:in 'block in Minigun::Execution::ThreadPoolExecutor#execute_with_strategy'
#<Thread:0x000001bb74bda228 C:/workspace/minigun/lib/minigun/execution/executor.rb:97 run> terminated with exception 
(report_on_exception is true):
C:/workspace/minigun/examples/38_comprehensive_execution.rb:101:in 'block (2 levels) in 
<class:ComprehensivePipeline>': undefined local variable or method 'output' for an instance of ComprehensivePipeline 
(NameError)

      output << results

      ^^^^^^
	from C:/workspace/minigun/lib/minigun/stage.rb:109:in 'BasicObject#instance_exec'
	from C:/workspace/minigun/lib/minigun/stage.rb:109:in 'Minigun::AtomicStage#execute'
	from C:/workspace/minigun/lib/minigun/execution/executor.rb:62:in 'Minigun::Execution::Executor#run_stage_logic'
	from C:/workspace/minigun/lib/minigun/execution/executor.rb:99:in 'block in 
Minigun::Execution::ThreadPoolExecutor#execute_with_strategy'
E, [2025-10-27T13:41:27.664951 #8588] ERROR -- : [Pipeline:default][Stage:save_to_db] Error: undefined local variable or method 'output' for an instance of ComprehensivePipeline
E, [2025-10-27T13:41:27.665005 #8588] ERROR -- : C:/workspace/minigun/examples/38_comprehensive_execution.rb:101:in 'block (2 levels) in <class:ComprehensivePipeline>'
C:/workspace/minigun/lib/minigun/stage.rb:109:in 'BasicObject#instance_exec'
C:/workspace/minigun/lib/minigun/stage.rb:109:in 'Minigun::AtomicStage#execute'
C:/workspace/minigun/lib/minigun/execution/executor.rb:62:in 'Minigun::Execution::Executor#run_stage_logic'
C:/workspace/minigun/lib/minigun/execution/executor.rb:99:in 'block in Minigun::Execution::ThreadPoolExecutor#execute_with_strategy'
#<Thread:0x000001bb74cf9c80 C:/workspace/minigun/lib/minigun/execution/executor.rb:97 run> terminated with exception 
(report_on_exception is true):
C:/workspace/minigun/examples/38_comprehensive_execution.rb:101:in 'block (2 levels) in 
<class:ComprehensivePipeline>': undefined local variable or method 'output' for an instance of ComprehensivePipeline 
(NameError)

      output << results

      ^^^^^^
	from C:/workspace/minigun/lib/minigun/stage.rb:109:in 'BasicObject#instance_exec'
	from C:/workspace/minigun/lib/minigun/stage.rb:109:in 'Minigun::AtomicStage#execute'
	from C:/workspace/minigun/lib/minigun/execution/executor.rb:62:in 'Minigun::Execution::Executor#run_stage_logic'
	from C:/workspace/minigun/lib/minigun/execution/executor.rb:99:in 'block in 
Minigun::Execution::ThreadPoolExecutor#execute_with_strategy'
E, [2025-10-27T13:41:27.666719 #8588] ERROR -- : [Pipeline:default][Stage:save_to_db] Error: undefined local variable or method 'output' for an instance of ComprehensivePipeline
E, [2025-10-27T13:41:27.666767 #8588] ERROR -- : C:/workspace/minigun/examples/38_comprehensive_execution.rb:101:in 'block (2 levels) in <class:ComprehensivePipeline>'
C:/workspace/minigun/lib/minigun/stage.rb:109:in 'BasicObject#instance_exec'
C:/workspace/minigun/lib/minigun/stage.rb:109:in 'Minigun::AtomicStage#execute'
C:/workspace/minigun/lib/minigun/execution/executor.rb:62:in 'Minigun::Execution::Executor#run_stage_logic'
C:/workspace/minigun/lib/minigun/execution/executor.rb:99:in 'block in Minigun::Execution::ThreadPoolExecutor#execute_with_strategy'
#<Thread:0x000001bb7513cef0 C:/workspace/minigun/lib/minigun/execution/executor.rb:97 run> terminated with exception 
(report_on_exception is true):
C:/workspace/minigun/examples/38_comprehensive_execution.rb:101:in 'block (2 levels) in 
<class:ComprehensivePipeline>': undefined local variable or method 'output' for an instance of ComprehensivePipeline 
(NameError)

      output << results

      ^^^^^^
	from C:/workspace/minigun/lib/minigun/stage.rb:109:in 'BasicObject#instance_exec'
	from C:/workspace/minigun/lib/minigun/stage.rb:109:in 'Minigun::AtomicStage#execute'
	from C:/workspace/minigun/lib/minigun/execution/executor.rb:62:in 'Minigun::Execution::Executor#run_stage_logic'
	from C:/workspace/minigun/lib/minigun/execution/executor.rb:99:in 'block in 
Minigun::Execution::ThreadPoolExecutor#execute_with_strategy'
E, [2025-10-27T13:41:27.668355 #8588] ERROR -- : [Pipeline:default][Stage:save_to_db] Error: undefined local variable or method 'output' for an instance of ComprehensivePipeline
E, [2025-10-27T13:41:27.668410 #8588] ERROR -- : C:/workspace/minigun/examples/38_comprehensive_execution.rb:101:in 'block (2 levels) in <class:ComprehensivePipeline>'
C:/workspace/minigun/lib/minigun/stage.rb:109:in 'BasicObject#instance_exec'
C:/workspace/minigun/lib/minigun/stage.rb:109:in 'Minigun::AtomicStage#execute'
C:/workspace/minigun/lib/minigun/execution/executor.rb:62:in 'Minigun::Execution::Executor#run_stage_logic'
C:/workspace/minigun/lib/minigun/execution/executor.rb:99:in 'block in Minigun::Execution::ThreadPoolExecutor#execute_with_strategy'
#<Thread:0x000001bb735b5628 C:/workspace/minigun/lib/minigun/execution/executor.rb:97 run> terminated with exception 
(report_on_exception is true):
C:/workspace/minigun/examples/38_comprehensive_execution.rb:101:in 'block (2 levels) in 
<class:ComprehensivePipeline>': undefined local variable or method 'output' for an instance of ComprehensivePipeline 
(NameError)

      output << results

      ^^^^^^
	from C:/workspace/minigun/lib/minigun/stage.rb:109:in 'BasicObject#instance_exec'
	from C:/workspace/minigun/lib/minigun/stage.rb:109:in 'Minigun::AtomicStage#execute'
	from C:/workspace/minigun/lib/minigun/execution/executor.rb:62:in 'Minigun::Execution::Executor#run_stage_logic'
	from C:/workspace/minigun/lib/minigun/execution/executor.rb:99:in 'block in 
Minigun::Execution::ThreadPoolExecutor#execute_with_strategy'
E, [2025-10-27T13:41:27.670654 #8588] ERROR -- : [Pipeline:default][Stage:save_to_db] Error: undefined local variable or method 'output' for an instance of ComprehensivePipeline
E, [2025-10-27T13:41:27.670704 #8588] ERROR -- : C:/workspace/minigun/examples/38_comprehensive_execution.rb:101:in 'block (2 levels) in <class:ComprehensivePipeline>'
C:/workspace/minigun/lib/minigun/stage.rb:109:in 'BasicObject#instance_exec'
C:/workspace/minigun/lib/minigun/stage.rb:109:in 'Minigun::AtomicStage#execute'
C:/workspace/minigun/lib/minigun/execution/executor.rb:62:in 'Minigun::Execution::Executor#run_stage_logic'
C:/workspace/minigun/lib/minigun/execution/executor.rb:99:in 'block in Minigun::Execution::ThreadPoolExecutor#execute_with_strategy'
#<Thread:0x000001bb0159dd38 C:/workspace/minigun/lib/minigun/execution/executor.rb:97 run> terminated with exception 
(report_on_exception is true):
C:/workspace/minigun/examples/38_comprehensive_execution.rb:101:in 'block (2 levels) in 
<class:ComprehensivePipeline>': undefined local variable or method 'output' for an instance of ComprehensivePipeline 
(NameError)

      output << results

      ^^^^^^
	from C:/workspace/minigun/lib/minigun/stage.rb:109:in 'BasicObject#instance_exec'
	from C:/workspace/minigun/lib/minigun/stage.rb:109:in 'Minigun::AtomicStage#execute'
	from C:/workspace/minigun/lib/minigun/execution/executor.rb:62:in 'Minigun::Execution::Executor#run_stage_logic'
	from C:/workspace/minigun/lib/minigun/execution/executor.rb:99:in 'block in 
Minigun::Execution::ThreadPoolExecutor#execute_with_strategy'
E, [2025-10-27T13:41:27.672455 #8588] ERROR -- : [Pipeline:default][Stage:save_to_db] Error: undefined local variable or method 'output' for an instance of ComprehensivePipeline
E, [2025-10-27T13:41:27.672507 #8588] ERROR -- : C:/workspace/minigun/examples/38_comprehensive_execution.rb:101:in 'block (2 levels) in <class:ComprehensivePipeline>'
C:/workspace/minigun/lib/minigun/stage.rb:109:in 'BasicObject#instance_exec'
C:/workspace/minigun/lib/minigun/stage.rb:109:in 'Minigun::AtomicStage#execute'
C:/workspace/minigun/lib/minigun/execution/executor.rb:62:in 'Minigun::Execution::Executor#run_stage_logic'
C:/workspace/minigun/lib/minigun/execution/executor.rb:99:in 'block in Minigun::Execution::ThreadPoolExecutor#execute_with_strategy'
#<Thread:0x000001bb73636430 C:/workspace/minigun/lib/minigun/execution/executor.rb:97 run> terminated with exception 
(report_on_exception is true):
C:/workspace/minigun/examples/38_comprehensive_execution.rb:101:in 'block (2 levels) in 
<class:ComprehensivePipeline>': undefined local variable or method 'output' for an instance of ComprehensivePipeline 
(NameError)

      output << results

      ^^^^^^
	from C:/workspace/minigun/lib/minigun/stage.rb:109:in 'BasicObject#instance_exec'
	from C:/workspace/minigun/lib/minigun/stage.rb:109:in 'Minigun::AtomicStage#execute'
	from C:/workspace/minigun/lib/minigun/execution/executor.rb:62:in 'Minigun::Execution::Executor#run_stage_logic'
	from C:/workspace/minigun/lib/minigun/execution/executor.rb:99:in 'block in 
Minigun::Execution::ThreadPoolExecutor#execute_with_strategy'
E, [2025-10-27T13:41:27.674147 #8588] ERROR -- : [Pipeline:default][Stage:save_to_db] Error: undefined local variable or method 'output' for an instance of ComprehensivePipeline
E, [2025-10-27T13:41:27.674192 #8588] ERROR -- : C:/workspace/minigun/examples/38_comprehensive_execution.rb:101:in 'block (2 levels) in <class:ComprehensivePipeline>'
C:/workspace/minigun/lib/minigun/stage.rb:109:in 'BasicObject#instance_exec'
C:/workspace/minigun/lib/minigun/stage.rb:109:in 'Minigun::AtomicStage#execute'
C:/workspace/minigun/lib/minigun/execution/executor.rb:62:in 'Minigun::Execution::Executor#run_stage_logic'
C:/workspace/minigun/lib/minigun/execution/executor.rb:99:in 'block in Minigun::Execution::ThreadPoolExecutor#execute_with_strategy'
#<Thread:0x000001bb0163e918 C:/workspace/minigun/lib/minigun/execution/executor.rb:97 run> terminated with exception 
(report_on_exception is true):
C:/workspace/minigun/examples/38_comprehensive_execution.rb:101:in 'block (2 levels) in 
<class:ComprehensivePipeline>': undefined local variable or method 'output' for an instance of ComprehensivePipeline 
(NameError)

      output << results

      ^^^^^^
	from C:/workspace/minigun/lib/minigun/stage.rb:109:in 'BasicObject#instance_exec'
	from C:/workspace/minigun/lib/minigun/stage.rb:109:in 'Minigun::AtomicStage#execute'
	from C:/workspace/minigun/lib/minigun/execution/executor.rb:62:in 'Minigun::Execution::Executor#run_stage_logic'
	from C:/workspace/minigun/lib/minigun/execution/executor.rb:99:in 'block in 
Minigun::Execution::ThreadPoolExecutor#execute_with_strategy'
E, [2025-10-27T13:41:27.675911 #8588] ERROR -- : [Pipeline:default][Stage:save_to_db] Error: undefined local variable or method 'output' for an instance of ComprehensivePipeline
E, [2025-10-27T13:41:27.675977 #8588] ERROR -- : C:/workspace/minigun/examples/38_comprehensive_execution.rb:101:in 'block (2 levels) in <class:ComprehensivePipeline>'
C:/workspace/minigun/lib/minigun/stage.rb:109:in 'BasicObject#instance_exec'
C:/workspace/minigun/lib/minigun/stage.rb:109:in 'Minigun::AtomicStage#execute'
C:/workspace/minigun/lib/minigun/execution/executor.rb:62:in 'Minigun::Execution::Executor#run_stage_logic'
C:/workspace/minigun/lib/minigun/execution/executor.rb:99:in 'block in Minigun::Execution::ThreadPoolExecutor#execute_with_strategy'
#<Thread:0x000001bb01775f20 C:/workspace/minigun/lib/minigun/execution/executor.rb:97 run> terminated with exception 
(report_on_exception is true):
C:/workspace/minigun/examples/38_comprehensive_execution.rb:101:in 'block (2 levels) in 
<class:ComprehensivePipeline>': undefined local variable or method 'output' for an instance of ComprehensivePipeline 
(NameError)

      output << results

      ^^^^^^
	from C:/workspace/minigun/lib/minigun/stage.rb:109:in 'BasicObject#instance_exec'
	from C:/workspace/minigun/lib/minigun/stage.rb:109:in 'Minigun::AtomicStage#execute'
	from C:/workspace/minigun/lib/minigun/execution/executor.rb:62:in 'Minigun::Execution::Executor#run_stage_logic'
	from C:/workspace/minigun/lib/minigun/execution/executor.rb:99:in 'block in 
Minigun::Execution::ThreadPoolExecutor#execute_with_strategy'
E, [2025-10-27T13:41:27.677696 #8588] ERROR -- : [Pipeline:default][Stage:save_to_db] Error: undefined local variable or method 'output' for an instance of ComprehensivePipeline
E, [2025-10-27T13:41:27.677756 #8588] ERROR -- : C:/workspace/minigun/examples/38_comprehensive_execution.rb:101:in 'block (2 levels) in <class:ComprehensivePipeline>'
C:/workspace/minigun/lib/minigun/stage.rb:109:in 'BasicObject#instance_exec'
C:/workspace/minigun/lib/minigun/stage.rb:109:in 'Minigun::AtomicStage#execute'
C:/workspace/minigun/lib/minigun/execution/executor.rb:62:in 'Minigun::Execution::Executor#run_stage_logic'
C:/workspace/minigun/lib/minigun/execution/executor.rb:99:in 'block in Minigun::Execution::ThreadPoolExecutor#execute_with_strategy'
#<Thread:0x000001bb0184c9f8 C:/workspace/minigun/lib/minigun/execution/executor.rb:97 run> terminated with exception 
(report_on_exception is true):
C:/workspace/minigun/examples/38_comprehensive_execution.rb:101:in 'block (2 levels) in 
<class:ComprehensivePipeline>': undefined local variable or method 'output' for an instance of ComprehensivePipeline 
(NameError)

      output << results

      ^^^^^^
	from C:/workspace/minigun/lib/minigun/stage.rb:109:in 'BasicObject#instance_exec'
	from C:/workspace/minigun/lib/minigun/stage.rb:109:in 'Minigun::AtomicStage#execute'
	from C:/workspace/minigun/lib/minigun/execution/executor.rb:62:in 'Minigun::Execution::Executor#run_stage_logic'
	from C:/workspace/minigun/lib/minigun/execution/executor.rb:99:in 'block in 
Minigun::Execution::ThreadPoolExecutor#execute_with_strategy'
E, [2025-10-27T13:41:27.679317 #8588] ERROR -- : [Pipeline:default][Stage:save_to_db] Error: undefined local variable or method 'output' for an instance of ComprehensivePipeline
E, [2025-10-27T13:41:27.679368 #8588] ERROR -- : C:/workspace/minigun/examples/38_comprehensive_execution.rb:101:in 'block (2 levels) in <class:ComprehensivePipeline>'
C:/workspace/minigun/lib/minigun/stage.rb:109:in 'BasicObject#instance_exec'
C:/workspace/minigun/lib/minigun/stage.rb:109:in 'Minigun::AtomicStage#execute'
C:/workspace/minigun/lib/minigun/execution/executor.rb:62:in 'Minigun::Execution::Executor#run_stage_logic'
C:/workspace/minigun/lib/minigun/execution/executor.rb:99:in 'block in Minigun::Execution::ThreadPoolExecutor#execute_with_strategy'
#<Thread:0x000001bb017d50b0 C:/workspace/minigun/lib/minigun/execution/executor.rb:97 run> terminated with exception 
(report_on_exception is true):
C:/workspace/minigun/examples/38_comprehensive_execution.rb:101:in 'block (2 levels) in 
<class:ComprehensivePipeline>': undefined local variable or method 'output' for an instance of ComprehensivePipeline 
(NameError)

      output << results

      ^^^^^^
	from C:/workspace/minigun/lib/minigun/stage.rb:109:in 'BasicObject#instance_exec'
	from C:/workspace/minigun/lib/minigun/stage.rb:109:in 'Minigun::AtomicStage#execute'
	from C:/workspace/minigun/lib/minigun/execution/executor.rb:62:in 'Minigun::Execution::Executor#run_stage_logic'
	from C:/workspace/minigun/lib/minigun/execution/executor.rb:99:in 'block in 
Minigun::Execution::ThreadPoolExecutor#execute_with_strategy'
E, [2025-10-27T13:41:27.680932 #8588] ERROR -- : [Pipeline:default][Stage:save_to_db] Error: undefined local variable or method 'output' for an instance of ComprehensivePipeline
E, [2025-10-27T13:41:27.681003 #8588] ERROR -- : C:/workspace/minigun/examples/38_comprehensive_execution.rb:101:in 'block (2 levels) in <class:ComprehensivePipeline>'
C:/workspace/minigun/lib/minigun/stage.rb:109:in 'BasicObject#instance_exec'
C:/workspace/minigun/lib/minigun/stage.rb:109:in 'Minigun::AtomicStage#execute'
C:/workspace/minigun/lib/minigun/execution/executor.rb:62:in 'Minigun::Execution::Executor#run_stage_logic'
C:/workspace/minigun/lib/minigun/execution/executor.rb:99:in 'block in Minigun::Execution::ThreadPoolExecutor#execute_with_strategy'
#<Thread:0x000001bb016dd798 C:/workspace/minigun/lib/minigun/execution/executor.rb:97 run> terminated with exception 
(report_on_exception is true):
C:/workspace/minigun/examples/38_comprehensive_execution.rb:101:in 'block (2 levels) in 
<class:ComprehensivePipeline>': undefined local variable or method 'output' for an instance of ComprehensivePipeline 
(NameError)

      output << results

      ^^^^^^
	from C:/workspace/minigun/lib/minigun/stage.rb:109:in 'BasicObject#instance_exec'
	from C:/workspace/minigun/lib/minigun/stage.rb:109:in 'Minigun::AtomicStage#execute'
	from C:/workspace/minigun/lib/minigun/execution/executor.rb:62:in 'Minigun::Execution::Executor#run_stage_logic'
	from C:/workspace/minigun/lib/minigun/execution/executor.rb:99:in 'block in 
Minigun::Execution::ThreadPoolExecutor#execute_with_strategy'
E, [2025-10-27T13:41:27.682525 #8588] ERROR -- : [Pipeline:default][Stage:save_to_db] Error: undefined local variable or method 'output' for an instance of ComprehensivePipeline
E, [2025-10-27T13:41:27.682571 #8588] ERROR -- : C:/workspace/minigun/examples/38_comprehensive_execution.rb:101:in 'block (2 levels) in <class:ComprehensivePipeline>'
C:/workspace/minigun/lib/minigun/stage.rb:109:in 'BasicObject#instance_exec'
C:/workspace/minigun/lib/minigun/stage.rb:109:in 'Minigun::AtomicStage#execute'
C:/workspace/minigun/lib/minigun/execution/executor.rb:62:in 'Minigun::Execution::Executor#run_stage_logic'
C:/workspace/minigun/lib/minigun/execution/executor.rb:99:in 'block in Minigun::Execution::ThreadPoolExecutor#execute_with_strategy'
#<Thread:0x000001bb015d5e40 C:/workspace/minigun/lib/minigun/execution/executor.rb:97 run> terminated with exception 
(report_on_exception is true):
C:/workspace/minigun/examples/38_comprehensive_execution.rb:101:in 'block (2 levels) in 
<class:ComprehensivePipeline>': undefined local variable or method 'output' for an instance of ComprehensivePipeline 
(NameError)

      output << results

      ^^^^^^
	from C:/workspace/minigun/lib/minigun/stage.rb:109:in 'BasicObject#instance_exec'
	from C:/workspace/minigun/lib/minigun/stage.rb:109:in 'Minigun::AtomicStage#execute'
	from C:/workspace/minigun/lib/minigun/execution/executor.rb:62:in 'Minigun::Execution::Executor#run_stage_logic'
	from C:/workspace/minigun/lib/minigun/execution/executor.rb:99:in 'block in 
Minigun::Execution::ThreadPoolExecutor#execute_with_strategy'
#<Thread:0x000001bb751fe3e8 C:/workspace/minigun/lib/minigun/execution/executor.rb:97 run> terminated with exception 
(report_on_exception is true):
E, [2025-10-27T13:41:27.684105 #8588] ERROR -- : [Pipeline:default][Stage:save_to_db] Error: undefined local variable or method 'output' for an instance of ComprehensivePipeline
E, [2025-10-27T13:41:27.684160 #8588] ERROR -- : C:/workspace/minigun/examples/38_comprehensive_execution.rb:101:in 'block (2 levels) in <class:ComprehensivePipeline>'
C:/workspace/minigun/lib/minigun/stage.rb:109:in 'BasicObject#instance_exec'
C:/workspace/minigun/lib/minigun/stage.rb:109:in 'Minigun::AtomicStage#execute'
C:/workspace/minigun/lib/minigun/execution/executor.rb:62:in 'Minigun::Execution::Executor#run_stage_logic'
C:/workspace/minigun/lib/minigun/execution/executor.rb:99:in 'block in Minigun::Execution::ThreadPoolExecutor#execute_with_strategy'
C:/workspace/minigun/examples/38_comprehensive_execution.rb:101:in 'block (2 levels) in 
<class:ComprehensivePipeline>': undefined local variable or method 'output' for an instance of ComprehensivePipeline 
(NameError)

      output << results

      ^^^^^^
	from C:/workspace/minigun/lib/minigun/stage.rb:109:in 'BasicObject#instance_exec'
	from C:/workspace/minigun/lib/minigun/stage.rb:109:in 'Minigun::AtomicStage#execute'
	from C:/workspace/minigun/lib/minigun/execution/executor.rb:62:in 'Minigun::Execution::Executor#run_stage_logic'
	from C:/workspace/minigun/lib/minigun/execution/executor.rb:99:in 'block in 
Minigun::Execution::ThreadPoolExecutor#execute_with_strategy'
#<Thread:0x000001bb74d5d028 C:/workspace/minigun/lib/minigun/execution/executor.rb:97 run> terminated with exception 
(report_on_exception is true):
C:/workspace/minigun/examples/38_comprehensive_execution.rb:101:in 'block (2 levels) in 
<class:ComprehensivePipeline>': undefined local variable or method 'output' for an instance of ComprehensivePipeline 
(NameError)

      output << results

      ^^^^^^
	from C:/workspace/minigun/lib/minigun/stage.rb:109:in 'BasicObject#instance_exec'
	from C:/workspace/minigun/lib/minigun/stage.rb:109:in 'Minigun::AtomicStage#execute'
	from C:/workspace/minigun/lib/minigun/execution/executor.rb:62:in 'Minigun::Execution::Executor#run_stage_logic'
	from C:/workspace/minigun/lib/minigun/execution/executor.rb:99:in 'block in 
Minigun::Execution::ThreadPoolExecutor#execute_with_strategy'
#<Thread:0x000001bb74bb7250 C:/workspace/minigun/lib/minigun/execution/executor.rb:97 run> terminated with exception 
(report_on_exception is true):
E, [2025-10-27T13:41:27.685663 #8588] ERROR -- : [Pipeline:default][Stage:save_to_db] Error: undefined local variable or method 'output' for an instance of ComprehensivePipeline
E, [2025-10-27T13:41:27.685705 #8588] ERROR -- : C:/workspace/minigun/examples/38_comprehensive_execution.rb:101:in 'block (2 levels) in <class:ComprehensivePipeline>'
C:/workspace/minigun/lib/minigun/stage.rb:109:in 'BasicObject#instance_exec'
C:/workspace/minigun/lib/minigun/stage.rb:109:in 'Minigun::AtomicStage#execute'
C:/workspace/minigun/lib/minigun/execution/executor.rb:62:in 'Minigun::Execution::Executor#run_stage_logic'
C:/workspace/minigun/lib/minigun/execution/executor.rb:99:in 'block in Minigun::Execution::ThreadPoolExecutor#execute_with_strategy'
E, [2025-10-27T13:41:27.687227 #8588] ERROR -- : [Pipeline:default][Stage:save_to_db] Error: undefined local variable or method 'output' for an instance of ComprehensivePipeline
E, [2025-10-27T13:41:27.687269 #8588] ERROR -- : C:/workspace/minigun/examples/38_comprehensive_execution.rb:101:in 'block (2 levels) in <class:ComprehensivePipeline>'
C:/workspace/minigun/lib/minigun/stage.rb:109:in 'BasicObject#instance_exec'
C:/workspace/minigun/lib/minigun/stage.rb:109:in 'Minigun::AtomicStage#execute'
C:/workspace/minigun/lib/minigun/execution/executor.rb:62:in 'Minigun::Execution::Executor#run_stage_logic'
C:/workspace/minigun/lib/minigun/execution/executor.rb:99:in 'block in Minigun::Execution::ThreadPoolExecutor#execute_with_strategy'
C:/workspace/minigun/examples/38_comprehensive_execution.rb:101:in 'block (2 levels) in 
<class:ComprehensivePipeline>': undefined local variable or method 'output' for an instance of ComprehensivePipeline 
(NameError)

      output << results

      ^^^^^^
	from C:/workspace/minigun/lib/minigun/stage.rb:109:in 'BasicObject#instance_exec'
	from C:/workspace/minigun/lib/minigun/stage.rb:109:in 'Minigun::AtomicStage#execute'
	from C:/workspace/minigun/lib/minigun/execution/executor.rb:62:in 'Minigun::Execution::Executor#run_stage_logic'
	from C:/workspace/minigun/lib/minigun/execution/executor.rb:99:in 'block in 
Minigun::Execution::ThreadPoolExecutor#execute_with_strategy'
#<Thread:0x000001bb74a96970 C:/workspace/minigun/lib/minigun/execution/executor.rb:97 run> terminated with exception 
(report_on_exception is true):
C:/workspace/minigun/examples/38_comprehensive_execution.rb:101:in 'block (2 levels) in 
<class:ComprehensivePipeline>': undefined local variable or method 'output' for an instance of ComprehensivePipeline 
(NameError)

      output << results

      ^^^^^^
	from C:/workspace/minigun/lib/minigun/stage.rb:109:in 'BasicObject#instance_exec'
	from C:/workspace/minigun/lib/minigun/stage.rb:109:in 'Minigun::AtomicStage#execute'
	from C:/workspace/minigun/lib/minigun/execution/executor.rb:62:in 'Minigun::Execution::Executor#run_stage_logic'
	from C:/workspace/minigun/lib/minigun/execution/executor.rb:99:in 'block in 
Minigun::Execution::ThreadPoolExecutor#execute_with_strategy'
#<Thread:0x000001bb749ee068 C:/workspace/minigun/lib/minigun/execution/executor.rb:97 run> terminated with exception 
(report_on_exception is true):
E, [2025-10-27T13:41:27.688831 #8588] ERROR -- : [Pipeline:default][Stage:save_to_db] Error: undefined local variable or method 'output' for an instance of ComprehensivePipeline
E, [2025-10-27T13:41:27.688878 #8588] ERROR -- : C:/workspace/minigun/examples/38_comprehensive_execution.rb:101:in 'block (2 levels) in <class:ComprehensivePipeline>'
C:/workspace/minigun/lib/minigun/stage.rb:109:in 'BasicObject#instance_exec'
C:/workspace/minigun/lib/minigun/stage.rb:109:in 'Minigun::AtomicStage#execute'
C:/workspace/minigun/lib/minigun/execution/executor.rb:62:in 'Minigun::Execution::Executor#run_stage_logic'
C:/workspace/minigun/lib/minigun/execution/executor.rb:99:in 'block in Minigun::Execution::ThreadPoolExecutor#execute_with_strategy'
E, [2025-10-27T13:41:27.691158 #8588] ERROR -- : [Pipeline:default][Stage:save_to_db] Error: undefined local variable or method 'output' for an instance of ComprehensivePipeline
E, [2025-10-27T13:41:27.691201 #8588] ERROR -- : C:/workspace/minigun/examples/38_comprehensive_execution.rb:101:in 'block (2 levels) in <class:ComprehensivePipeline>'
C:/workspace/minigun/lib/minigun/stage.rb:109:in 'BasicObject#instance_exec'
C:/workspace/minigun/lib/minigun/stage.rb:109:in 'Minigun::AtomicStage#execute'
C:/workspace/minigun/lib/minigun/execution/executor.rb:62:in 'Minigun::Execution::Executor#run_stage_logic'
C:/workspace/minigun/lib/minigun/execution/executor.rb:99:in 'block in Minigun::Execution::ThreadPoolExecutor#execute_with_strategy'
C:/workspace/minigun/examples/38_comprehensive_execution.rb:101:in 'block (2 levels) in 
<class:ComprehensivePipeline>': undefined local variable or method 'output' for an instance of ComprehensivePipeline 
(NameError)

      output << results

      ^^^^^^
	from C:/workspace/minigun/lib/minigun/stage.rb:109:in 'BasicObject#instance_exec'
	from C:/workspace/minigun/lib/minigun/stage.rb:109:in 'Minigun::AtomicStage#execute'
	from C:/workspace/minigun/lib/minigun/execution/executor.rb:62:in 'Minigun::Execution::Executor#run_stage_logic'
	from C:/workspace/minigun/lib/minigun/execution/executor.rb:99:in 'block in 
Minigun::Execution::ThreadPoolExecutor#execute_with_strategy'
#<Thread:0x000001bb74b5bec8 C:/workspace/minigun/lib/minigun/execution/executor.rb:97 run> terminated with exception 
(report_on_exception is true):
C:/workspace/minigun/examples/38_comprehensive_execution.rb:101:in 'block (2 levels) in 
<class:ComprehensivePipeline>': undefined local variable or method 'output' for an instance of ComprehensivePipeline 
(NameError)

      output << results

      ^^^^^^
	from C:/workspace/minigun/lib/minigun/stage.rb:109:in 'BasicObject#instance_exec'
	from C:/workspace/minigun/lib/minigun/stage.rb:109:in 'Minigun::AtomicStage#execute'
	from C:/workspace/minigun/lib/minigun/execution/executor.rb:62:in 'Minigun::Execution::Executor#run_stage_logic'
	from C:/workspace/minigun/lib/minigun/execution/executor.rb:99:in 'block in 
Minigun::Execution::ThreadPoolExecutor#execute_with_strategy'
#<Thread:0x000001bb74bf17e8 C:/workspace/minigun/lib/minigun/execution/executor.rb:97 run> terminated with exception 
(report_on_exception is true):
E, [2025-10-27T13:41:27.692806 #8588] ERROR -- : [Pipeline:default][Stage:save_to_db] Error: undefined local variable or method 'output' for an instance of ComprehensivePipeline
E, [2025-10-27T13:41:27.692856 #8588] ERROR -- : C:/workspace/minigun/examples/38_comprehensive_execution.rb:101:in 'block (2 levels) in <class:ComprehensivePipeline>'
C:/workspace/minigun/lib/minigun/stage.rb:109:in 'BasicObject#instance_exec'
C:/workspace/minigun/lib/minigun/stage.rb:109:in 'Minigun::AtomicStage#execute'
C:/workspace/minigun/lib/minigun/execution/executor.rb:62:in 'Minigun::Execution::Executor#run_stage_logic'
C:/workspace/minigun/lib/minigun/execution/executor.rb:99:in 'block in Minigun::Execution::ThreadPoolExecutor#execute_with_strategy'
E, [2025-10-27T13:41:27.694511 #8588] ERROR -- : [Pipeline:default][Stage:save_to_db] Error: undefined local variable or method 'output' for an instance of ComprehensivePipeline
E, [2025-10-27T13:41:27.694553 #8588] ERROR -- : C:/workspace/minigun/examples/38_comprehensive_execution.rb:101:in 'block (2 levels) in <class:ComprehensivePipeline>'
C:/workspace/minigun/lib/minigun/stage.rb:109:in 'BasicObject#instance_exec'
C:/workspace/minigun/lib/minigun/stage.rb:109:in 'Minigun::AtomicStage#execute'
C:/workspace/minigun/lib/minigun/execution/executor.rb:62:in 'Minigun::Execution::Executor#run_stage_logic'
C:/workspace/minigun/lib/minigun/execution/executor.rb:99:in 'block in Minigun::Execution::ThreadPoolExecutor#execute_with_strategy'
E, [2025-10-27T13:41:27.696052 #8588] ERROR -- : [Pipeline:default][Stage:save_to_db] Error: undefined local variable or method 'output' for an instance of ComprehensivePipeline
E, [2025-10-27T13:41:27.696102 #8588] ERROR -- : C:/workspace/minigun/examples/38_comprehensive_execution.rb:101:in 'block (2 levels) in <class:ComprehensivePipeline>'
C:/workspace/minigun/lib/minigun/stage.rb:109:in 'BasicObject#instance_exec'
C:/workspace/minigun/lib/minigun/stage.rb:109:in 'Minigun::AtomicStage#execute'
C:/workspace/minigun/lib/minigun/execution/executor.rb:62:in 'Minigun::Execution::Executor#run_stage_logic'
C:/workspace/minigun/lib/minigun/execution/executor.rb:99:in 'block in Minigun::Execution::ThreadPoolExecutor#execute_with_strategy'
E, [2025-10-27T13:41:27.697595 #8588] ERROR -- : [Pipeline:default][Stage:save_to_db] Error: undefined local variable or method 'output' for an instance of ComprehensivePipeline
E, [2025-10-27T13:41:27.697636 #8588] ERROR -- : C:/workspace/minigun/examples/38_comprehensive_execution.rb:101:in 'block (2 levels) in <class:ComprehensivePipeline>'
C:/workspace/minigun/lib/minigun/stage.rb:109:in 'BasicObject#instance_exec'
C:/workspace/minigun/lib/minigun/stage.rb:109:in 'Minigun::AtomicStage#execute'
C:/workspace/minigun/lib/minigun/execution/executor.rb:62:in 'Minigun::Execution::Executor#run_stage_logic'
C:/workspace/minigun/lib/minigun/execution/executor.rb:99:in 'block in Minigun::Execution::ThreadPoolExecutor#execute_with_strategy'
C:/workspace/minigun/examples/38_comprehensive_execution.rb:101:in 'block (2 levels) in 
<class:ComprehensivePipeline>': undefined local variable or method 'output' for an instance of ComprehensivePipeline 
(NameError)

      output << results

      ^^^^^^
	from C:/workspace/minigun/lib/minigun/stage.rb:109:in 'BasicObject#instance_exec'
	from C:/workspace/minigun/lib/minigun/stage.rb:109:in 'Minigun::AtomicStage#execute'
	from C:/workspace/minigun/lib/minigun/execution/executor.rb:62:in 'Minigun::Execution::Executor#run_stage_logic'
	from C:/workspace/minigun/lib/minigun/execution/executor.rb:99:in 'block in 
Minigun::Execution::ThreadPoolExecutor#execute_with_strategy'
#<Thread:0x000001bb74d13dd8 C:/workspace/minigun/lib/minigun/execution/executor.rb:97 run> terminated with exception 
(report_on_exception is true):
C:/workspace/minigun/examples/38_comprehensive_execution.rb:101:in 'block (2 levels) in 
<class:ComprehensivePipeline>': undefined local variable or method 'output' for an instance of ComprehensivePipeline 
(NameError)

      output << results

      ^^^^^^
	from C:/workspace/minigun/lib/minigun/stage.rb:109:in 'BasicObject#instance_exec'
	from C:/workspace/minigun/lib/minigun/stage.rb:109:in 'Minigun::AtomicStage#execute'
	from C:/workspace/minigun/lib/minigun/execution/executor.rb:62:in 'Minigun::Execution::Executor#run_stage_logic'
	from C:/workspace/minigun/lib/minigun/execution/executor.rb:99:in 'block in 
Minigun::Execution::ThreadPoolExecutor#execute_with_strategy'
#<Thread:0x000001bb75173810 C:/workspace/minigun/lib/minigun/execution/executor.rb:97 run> terminated with exception 
(report_on_exception is true):
C:/workspace/minigun/examples/38_comprehensive_execution.rb:101:in 'block (2 levels) in 
<class:ComprehensivePipeline>': undefined local variable or method 'output' for an instance of ComprehensivePipeline 
(NameError)

      output << results

      ^^^^^^
	from C:/workspace/minigun/lib/minigun/stage.rb:109:in 'BasicObject#instance_exec'
	from C:/workspace/minigun/lib/minigun/stage.rb:109:in 'Minigun::AtomicStage#execute'
	from C:/workspace/minigun/lib/minigun/execution/executor.rb:62:in 'Minigun::Execution::Executor#run_stage_logic'
	from C:/workspace/minigun/lib/minigun/execution/executor.rb:99:in 'block in 
Minigun::Execution::ThreadPoolExecutor#execute_with_strategy'
#<Thread:0x000001bb735bbde8 C:/workspace/minigun/lib/minigun/execution/executor.rb:97 run> terminated with exception 
(report_on_exception is true):
C:/workspace/minigun/examples/38_comprehensive_execution.rb:101:in 'block (2 levels) in 
<class:ComprehensivePipeline>': undefined local variable or method 'output' for an instance of ComprehensivePipeline 
(NameError)

      output << results

      ^^^^^^
	from C:/workspace/minigun/lib/minigun/stage.rb:109:in 'BasicObject#instance_exec'
	from C:/workspace/minigun/lib/minigun/stage.rb:109:in 'Minigun::AtomicStage#execute'
	from C:/workspace/minigun/lib/minigun/execution/executor.rb:62:in 'Minigun::Execution::Executor#run_stage_logic'
	from C:/workspace/minigun/lib/minigun/execution/executor.rb:99:in 'block in 
Minigun::Execution::ThreadPoolExecutor#execute_with_strategy'
#<Thread:0x000001bb752b4530 C:/workspace/minigun/lib/minigun/execution/executor.rb:97 run> terminated with exception 
(report_on_exception is true):
C:/workspace/minigun/examples/38_comprehensive_execution.rb:101:in 'block (2 levels) in 
<class:ComprehensivePipeline>': undefined local variable or method 'output' for an instance of ComprehensivePipeline 
(NameError)

      output << results

      ^^^^^^
	from C:/workspace/minigun/lib/minigun/stage.rb:109:in 'BasicObject#instance_exec'
	from C:/workspace/minigun/lib/minigun/stage.rb:109:in 'Minigun::AtomicStage#execute'
	from C:/workspace/minigun/lib/minigun/execution/executor.rb:62:in 'Minigun::Execution::Executor#run_stage_logic'
	from C:/workspace/minigun/lib/minigun/execution/executor.rb:99:in 'block in 
Minigun::Execution::ThreadPoolExecutor#execute_with_strategy'
#<Thread:0x000001bb7363cbf0 C:/workspace/minigun/lib/minigun/execution/executor.rb:97 run> terminated with exception 
(report_on_exception is true):
C:/workspace/minigun/examples/38_comprehensive_execution.rb:101:in 'block (2 levels) in 
<class:ComprehensivePipeline>': undefined local variable or method 'output' for an instance of ComprehensivePipeline 
(NameError)

      output << results

      ^^^^^^
	from C:/workspace/minigun/lib/minigun/stage.rb:109:in 'BasicObject#instance_exec'
	from C:/workspace/minigun/lib/minigun/stage.rb:109:in 'Minigun::AtomicStage#execute'
	from C:/workspace/minigun/lib/minigun/execution/executor.rb:62:in 'Minigun::Execution::Executor#run_stage_logic'
	from C:/workspace/minigun/lib/minigun/execution/executor.rb:99:in 'block in 
Minigun::Execution::ThreadPoolExecutor#execute_with_strategy'
#<Thread:0x000001bb016750f8 C:/workspace/minigun/lib/minigun/execution/executor.rb:97 run> terminated with exception 
(report_on_exception is true):
C:/workspace/minigun/examples/38_comprehensive_execution.rb:101:in 'block (2 levels) in 
<class:ComprehensivePipeline>': undefined local variable or method 'output' for an instance of ComprehensivePipeline 
(NameError)

      output << results

      ^^^^^^
	from C:/workspace/minigun/lib/minigun/stage.rb:109:in 'BasicObject#instance_exec'
	from C:/workspace/minigun/lib/minigun/stage.rb:109:in 'Minigun::AtomicStage#execute'
	from C:/workspace/minigun/lib/minigun/execution/executor.rb:62:in 'Minigun::Execution::Executor#run_stage_logic'
	from C:/workspace/minigun/lib/minigun/execution/executor.rb:99:in 'block in 
Minigun::Execution::ThreadPoolExecutor#execute_with_strategy'
#<Thread:0x000001bb0177c6e0 C:/workspace/minigun/lib/minigun/execution/executor.rb:97 run> terminated with exception 
(report_on_exception is true):
C:/workspace/minigun/examples/38_comprehensive_execution.rb:101:in 'block (2 levels) in 
<class:ComprehensivePipeline>': undefined local variable or method 'output' for an instance of ComprehensivePipeline 
(NameError)

      output << results

      ^^^^^^
	from C:/workspace/minigun/lib/minigun/stage.rb:109:in 'BasicObject#instance_exec'
	from C:/workspace/minigun/lib/minigun/stage.rb:109:in 'Minigun::AtomicStage#execute'
	from C:/workspace/minigun/lib/minigun/execution/executor.rb:62:in 'Minigun::Execution::Executor#run_stage_logic'
	from C:/workspace/minigun/lib/minigun/execution/executor.rb:99:in 'block in 
Minigun::Execution::ThreadPoolExecutor#execute_with_strategy'
E, [2025-10-27T13:41:27.699112 #8588] ERROR -- : [Pipeline:default][Stage:save_to_db] Error: undefined local variable or method 'output' for an instance of ComprehensivePipeline
E, [2025-10-27T13:41:27.699159 #8588] ERROR -- : C:/workspace/minigun/examples/38_comprehensive_execution.rb:101:in 'block (2 levels) in <class:ComprehensivePipeline>'
C:/workspace/minigun/lib/minigun/stage.rb:109:in 'BasicObject#instance_exec'
C:/workspace/minigun/lib/minigun/stage.rb:109:in 'Minigun::AtomicStage#execute'
C:/workspace/minigun/lib/minigun/execution/executor.rb:62:in 'Minigun::Execution::Executor#run_stage_logic'
C:/workspace/minigun/lib/minigun/execution/executor.rb:99:in 'block in Minigun::Execution::ThreadPoolExecutor#execute_with_strategy'
E, [2025-10-27T13:41:27.700541 #8588] ERROR -- : [Pipeline:default][Stage:save_to_db] Error: undefined local variable or method 'output' for an instance of ComprehensivePipeline
E, [2025-10-27T13:41:27.700599 #8588] ERROR -- : C:/workspace/minigun/examples/38_comprehensive_execution.rb:101:in 'block (2 levels) in <class:ComprehensivePipeline>'
C:/workspace/minigun/lib/minigun/stage.rb:109:in 'BasicObject#instance_exec'
C:/workspace/minigun/lib/minigun/stage.rb:109:in 'Minigun::AtomicStage#execute'
C:/workspace/minigun/lib/minigun/execution/executor.rb:62:in 'Minigun::Execution::Executor#run_stage_logic'
C:/workspace/minigun/lib/minigun/execution/executor.rb:99:in 'block in Minigun::Execution::ThreadPoolExecutor#execute_with_strategy'
E, [2025-10-27T13:41:27.702213 #8588] ERROR -- : [Pipeline:default][Stage:save_to_db] Error: undefined local variable or method 'output' for an instance of ComprehensivePipeline
E, [2025-10-27T13:41:27.702255 #8588] ERROR -- : C:/workspace/minigun/examples/38_comprehensive_execution.rb:101:in 'block (2 levels) in <class:ComprehensivePipeline>'
C:/workspace/minigun/lib/minigun/stage.rb:109:in 'BasicObject#instance_exec'
C:/workspace/minigun/lib/minigun/stage.rb:109:in 'Minigun::AtomicStage#execute'
C:/workspace/minigun/lib/minigun/execution/executor.rb:62:in 'Minigun::Execution::Executor#run_stage_logic'
C:/workspace/minigun/lib/minigun/execution/executor.rb:99:in 'block in Minigun::Execution::ThreadPoolExecutor#execute_with_strategy'
E, [2025-10-27T13:41:27.703863 #8588] ERROR -- : [Pipeline:default][Stage:save_to_db] Error: undefined local variable or method 'output' for an instance of ComprehensivePipeline
E, [2025-10-27T13:41:27.703914 #8588] ERROR -- : C:/workspace/minigun/examples/38_comprehensive_execution.rb:101:in 'block (2 levels) in <class:ComprehensivePipeline>'
C:/workspace/minigun/lib/minigun/stage.rb:109:in 'BasicObject#instance_exec'
C:/workspace/minigun/lib/minigun/stage.rb:109:in 'Minigun::AtomicStage#execute'
C:/workspace/minigun/lib/minigun/execution/executor.rb:62:in 'Minigun::Execution::Executor#run_stage_logic'
C:/workspace/minigun/lib/minigun/execution/executor.rb:99:in 'block in Minigun::Execution::ThreadPoolExecutor#execute_with_strategy'
E, [2025-10-27T13:41:27.705388 #8588] ERROR -- : [Pipeline:default][Stage:save_to_db] Error: undefined local variable or method 'output' for an instance of ComprehensivePipeline
E, [2025-10-27T13:41:27.705437 #8588] ERROR -- : C:/workspace/minigun/examples/38_comprehensive_execution.rb:101:in 'block (2 levels) in <class:ComprehensivePipeline>'
C:/workspace/minigun/lib/minigun/stage.rb:109:in 'BasicObject#instance_exec'
C:/workspace/minigun/lib/minigun/stage.rb:109:in 'Minigun::AtomicStage#execute'
C:/workspace/minigun/lib/minigun/execution/executor.rb:62:in 'Minigun::Execution::Executor#run_stage_logic'
C:/workspace/minigun/lib/minigun/execution/executor.rb:99:in 'block in Minigun::Execution::ThreadPoolExecutor#execute_with_strategy'
E, [2025-10-27T13:41:27.706958 #8588] ERROR -- : [Pipeline:default][Stage:save_to_db] Error: undefined local variable or method 'output' for an instance of ComprehensivePipeline
E, [2025-10-27T13:41:27.706990 #8588] ERROR -- : C:/workspace/minigun/examples/38_comprehensive_execution.rb:101:in 'block (2 levels) in <class:ComprehensivePipeline>'
C:/workspace/minigun/lib/minigun/stage.rb:109:in 'BasicObject#instance_exec'
C:/workspace/minigun/lib/minigun/stage.rb:109:in 'Minigun::AtomicStage#execute'
C:/workspace/minigun/lib/minigun/execution/executor.rb:62:in 'Minigun::Execution::Executor#run_stage_logic'
C:/workspace/minigun/lib/minigun/execution/executor.rb:99:in 'block in Minigun::Execution::ThreadPoolExecutor#execute_with_strategy'
E, [2025-10-27T13:41:27.709643 #8588] ERROR -- : [Pipeline:default][Stage:save_to_db] Error: undefined local variable or method 'output' for an instance of ComprehensivePipeline
E, [2025-10-27T13:41:27.709714 #8588] ERROR -- : C:/workspace/minigun/examples/38_comprehensive_execution.rb:101:in 'block (2 levels) in <class:ComprehensivePipeline>'
C:/workspace/minigun/lib/minigun/stage.rb:109:in 'BasicObject#instance_exec'
C:/workspace/minigun/lib/minigun/stage.rb:109:in 'Minigun::AtomicStage#execute'
C:/workspace/minigun/lib/minigun/execution/executor.rb:62:in 'Minigun::Execution::Executor#run_stage_logic'
C:/workspace/minigun/lib/minigun/execution/executor.rb:99:in 'block in Minigun::Execution::ThreadPoolExecutor#execute_with_strategy'
E, [2025-10-27T13:41:27.711174 #8588] ERROR -- : [Pipeline:default][Stage:save_to_db] Error: undefined local variable or method 'output' for an instance of ComprehensivePipeline
E, [2025-10-27T13:41:27.711210 #8588] ERROR -- : C:/workspace/minigun/examples/38_comprehensive_execution.rb:101:in 'block (2 levels) in <class:ComprehensivePipeline>'
C:/workspace/minigun/lib/minigun/stage.rb:109:in 'BasicObject#instance_exec'
C:/workspace/minigun/lib/minigun/stage.rb:109:in 'Minigun::AtomicStage#execute'
C:/workspace/minigun/lib/minigun/execution/executor.rb:62:in 'Minigun::Execution::Executor#run_stage_logic'
C:/workspace/minigun/lib/minigun/execution/executor.rb:99:in 'block in Minigun::Execution::ThreadPoolExecutor#execute_with_strategy'
E, [2025-10-27T13:41:27.712684 #8588] ERROR -- : [Pipeline:default][Stage:save_to_db] Error: undefined local variable or method 'output' for an instance of ComprehensivePipeline
E, [2025-10-27T13:41:27.712727 #8588] ERROR -- : C:/workspace/minigun/examples/38_comprehensive_execution.rb:101:in 'block (2 levels) in <class:ComprehensivePipeline>'
C:/workspace/minigun/lib/minigun/stage.rb:109:in 'BasicObject#instance_exec'
C:/workspace/minigun/lib/minigun/stage.rb:109:in 'Minigun::AtomicStage#execute'
C:/workspace/minigun/lib/minigun/execution/executor.rb:62:in 'Minigun::Execution::Executor#run_stage_logic'
C:/workspace/minigun/lib/minigun/execution/executor.rb:99:in 'block in Minigun::Execution::ThreadPoolExecutor#execute_with_strategy'
E, [2025-10-27T13:41:27.714195 #8588] ERROR -- : [Pipeline:default][Stage:save_to_db] Error: undefined local variable or method 'output' for an instance of ComprehensivePipeline
E, [2025-10-27T13:41:27.714234 #8588] ERROR -- : C:/workspace/minigun/examples/38_comprehensive_execution.rb:101:in 'block (2 levels) in <class:ComprehensivePipeline>'
C:/workspace/minigun/lib/minigun/stage.rb:109:in 'BasicObject#instance_exec'
C:/workspace/minigun/lib/minigun/stage.rb:109:in 'Minigun::AtomicStage#execute'
C:/workspace/minigun/lib/minigun/execution/executor.rb:62:in 'Minigun::Execution::Executor#run_stage_logic'
C:/workspace/minigun/lib/minigun/execution/executor.rb:99:in 'block in Minigun::Execution::ThreadPoolExecutor#execute_with_strategy'
E, [2025-10-27T13:41:27.715698 #8588] ERROR -- : [Pipeline:default][Stage:save_to_db] Error: undefined local variable or method 'output' for an instance of ComprehensivePipeline
E, [2025-10-27T13:41:27.715742 #8588] ERROR -- : C:/workspace/minigun/examples/38_comprehensive_execution.rb:101:in 'block (2 levels) in <class:ComprehensivePipeline>'
C:/workspace/minigun/lib/minigun/stage.rb:109:in 'BasicObject#instance_exec'
C:/workspace/minigun/lib/minigun/stage.rb:109:in 'Minigun::AtomicStage#execute'
C:/workspace/minigun/lib/minigun/execution/executor.rb:62:in 'Minigun::Execution::Executor#run_stage_logic'
C:/workspace/minigun/lib/minigun/execution/executor.rb:99:in 'block in Minigun::Execution::ThreadPoolExecutor#execute_with_strategy'
#<Thread:0x000001bb017131e0 C:/workspace/minigun/lib/minigun/execution/executor.rb:97 run> terminated with exception 
(report_on_exception is true):
C:/workspace/minigun/examples/38_comprehensive_execution.rb:101:in 'block (2 levels) in 
<class:ComprehensivePipeline>': undefined local variable or method 'output' for an instance of ComprehensivePipeline 
(NameError)

      output << results

      ^^^^^^
	from C:/workspace/minigun/lib/minigun/stage.rb:109:in 'BasicObject#instance_exec'
	from C:/workspace/minigun/lib/minigun/stage.rb:109:in 'Minigun::AtomicStage#execute'
	from C:/workspace/minigun/lib/minigun/execution/executor.rb:62:in 'Minigun::Execution::Executor#run_stage_logic'
	from C:/workspace/minigun/lib/minigun/execution/executor.rb:99:in 'block in 
Minigun::Execution::ThreadPoolExecutor#execute_with_strategy'
#<Thread:0x000001bb017db8c0 C:/workspace/minigun/lib/minigun/execution/executor.rb:97 run> terminated with exception 
(report_on_exception is true):
C:/workspace/minigun/examples/38_comprehensive_execution.rb:101:in 'block (2 levels) in 
<class:ComprehensivePipeline>': undefined local variable or method 'output' for an instance of ComprehensivePipeline 
(NameError)

      output << results

      ^^^^^^
	from C:/workspace/minigun/lib/minigun/stage.rb:109:in 'BasicObject#instance_exec'
	from C:/workspace/minigun/lib/minigun/stage.rb:109:in 'Minigun::AtomicStage#execute'
	from C:/workspace/minigun/lib/minigun/execution/executor.rb:62:in 'Minigun::Execution::Executor#run_stage_logic'
	from C:/workspace/minigun/lib/minigun/execution/executor.rb:99:in 'block in 
Minigun::Execution::ThreadPoolExecutor#execute_with_strategy'
#<Thread:0x000001bb017b3f78 C:/workspace/minigun/lib/minigun/execution/executor.rb:97 run> terminated with exception 
(report_on_exception is true):
C:/workspace/minigun/examples/38_comprehensive_execution.rb:101:in 'block (2 levels) in 
<class:ComprehensivePipeline>': undefined local variable or method 'output' for an instance of ComprehensivePipeline 
(NameError)

      output << results

      ^^^^^^
	from C:/workspace/minigun/lib/minigun/stage.rb:109:in 'BasicObject#instance_exec'
	from C:/workspace/minigun/lib/minigun/stage.rb:109:in 'Minigun::AtomicStage#execute'
	from C:/workspace/minigun/lib/minigun/execution/executor.rb:62:in 'Minigun::Execution::Executor#run_stage_logic'
	from C:/workspace/minigun/lib/minigun/execution/executor.rb:99:in 'block in 
Minigun::Execution::ThreadPoolExecutor#execute_with_strategy'
#<Thread:0x000001bb015dc600 C:/workspace/minigun/lib/minigun/execution/executor.rb:97 run> terminated with exception 
(report_on_exception is true):
C:/workspace/minigun/examples/38_comprehensive_execution.rb:101:in 'block (2 levels) in 
<class:ComprehensivePipeline>': undefined local variable or method 'output' for an instance of ComprehensivePipeline 
(NameError)

      output << results

      ^^^^^^
	from C:/workspace/minigun/lib/minigun/stage.rb:109:in 'BasicObject#instance_exec'
	from C:/workspace/minigun/lib/minigun/stage.rb:109:in 'Minigun::AtomicStage#execute'
	from C:/workspace/minigun/lib/minigun/execution/executor.rb:62:in 'Minigun::Execution::Executor#run_stage_logic'
	from C:/workspace/minigun/lib/minigun/execution/executor.rb:99:in 'block in 
Minigun::Execution::ThreadPoolExecutor#execute_with_strategy'
#<Thread:0x000001bb735f4be8 C:/workspace/minigun/lib/minigun/execution/executor.rb:97 run> terminated with exception 
(report_on_exception is true):
C:/workspace/minigun/examples/38_comprehensive_execution.rb:101:in 'block (2 levels) in 
<class:ComprehensivePipeline>': undefined local variable or method 'output' for an instance of ComprehensivePipeline 
(NameError)

      output << results

      ^^^^^^
	from C:/workspace/minigun/lib/minigun/stage.rb:109:in 'BasicObject#instance_exec'
	from C:/workspace/minigun/lib/minigun/stage.rb:109:in 'Minigun::AtomicStage#execute'
	from C:/workspace/minigun/lib/minigun/execution/executor.rb:62:in 'Minigun::Execution::Executor#run_stage_logic'
	from C:/workspace/minigun/lib/minigun/execution/executor.rb:99:in 'block in 
Minigun::Execution::ThreadPoolExecutor#execute_with_strategy'
#<Thread:0x000001bb74db5f98 C:/workspace/minigun/lib/minigun/execution/executor.rb:97 run> terminated with exception 
(report_on_exception is true):
C:/workspace/minigun/examples/38_comprehensive_execution.rb:101:in 'block (2 levels) in 
<class:ComprehensivePipeline>': undefined local variable or method 'output' for an instance of ComprehensivePipeline 
(NameError)

      output << results

      ^^^^^^
	from C:/workspace/minigun/lib/minigun/stage.rb:109:in 'BasicObject#instance_exec'
	from C:/workspace/minigun/lib/minigun/stage.rb:109:in 'Minigun::AtomicStage#execute'
	from C:/workspace/minigun/lib/minigun/execution/executor.rb:62:in 'Minigun::Execution::Executor#run_stage_logic'
	from C:/workspace/minigun/lib/minigun/execution/executor.rb:99:in 'block in 
Minigun::Execution::ThreadPoolExecutor#execute_with_strategy'
#<Thread:0x000001bb74c10b20 C:/workspace/minigun/lib/minigun/execution/executor.rb:97 run> terminated with exception 
(report_on_exception is true):
C:/workspace/minigun/examples/38_comprehensive_execution.rb:101:in 'block (2 levels) in 
<class:ComprehensivePipeline>': undefined local variable or method 'output' for an instance of ComprehensivePipeline 
(NameError)

      output << results

      ^^^^^^
	from C:/workspace/minigun/lib/minigun/stage.rb:109:in 'BasicObject#instance_exec'
	from C:/workspace/minigun/lib/minigun/stage.rb:109:in 'Minigun::AtomicStage#execute'
	from C:/workspace/minigun/lib/minigun/execution/executor.rb:62:in 'Minigun::Execution::Executor#run_stage_logic'
	from C:/workspace/minigun/lib/minigun/execution/executor.rb:99:in 'block in 
Minigun::Execution::ThreadPoolExecutor#execute_with_strategy'
#<Thread:0x000001bb74ab1d10 C:/workspace/minigun/lib/minigun/execution/executor.rb:97 run> terminated with exception 
(report_on_exception is true):
C:/workspace/minigun/examples/38_comprehensive_execution.rb:101:in 'block (2 levels) in 
<class:ComprehensivePipeline>': undefined local variable or method 'output' for an instance of ComprehensivePipeline 
(NameError)

      output << results

      ^^^^^^
	from C:/workspace/minigun/lib/minigun/stage.rb:109:in 'BasicObject#instance_exec'
	from C:/workspace/minigun/lib/minigun/stage.rb:109:in 'Minigun::AtomicStage#execute'
	from C:/workspace/minigun/lib/minigun/execution/executor.rb:62:in 'Minigun::Execution::Executor#run_stage_logic'
	from C:/workspace/minigun/lib/minigun/execution/executor.rb:99:in 'block in 
Minigun::Execution::ThreadPoolExecutor#execute_with_strategy'
#<Thread:0x000001bb74a398b0 C:/workspace/minigun/lib/minigun/execution/executor.rb:97 run> terminated with exception 
(report_on_exception is true):
C:/workspace/minigun/examples/38_comprehensive_execution.rb:101:in 'block (2 levels) in 
<class:ComprehensivePipeline>': undefined local variable or method 'output' for an instance of ComprehensivePipeline 
(NameError)

      output << results

      ^^^^^^
	from C:/workspace/minigun/lib/minigun/stage.rb:109:in 'BasicObject#instance_exec'
	from C:/workspace/minigun/lib/minigun/stage.rb:109:in 'Minigun::AtomicStage#execute'
	from C:/workspace/minigun/lib/minigun/execution/executor.rb:62:in 'Minigun::Execution::Executor#run_stage_logic'
	from C:/workspace/minigun/lib/minigun/execution/executor.rb:99:in 'block in 
Minigun::Execution::ThreadPoolExecutor#execute_with_strategy'
#<Thread:0x000001bb74b708f0 C:/workspace/minigun/lib/minigun/execution/executor.rb:97 run> terminated with exception 
(report_on_exception is true):
C:/workspace/minigun/examples/38_comprehensive_execution.rb:101:in 'block (2 levels) in 
<class:ComprehensivePipeline>': undefined local variable or method 'output' for an instance of ComprehensivePipeline 
(NameError)

      output << results

      ^^^^^^
	from C:/workspace/minigun/lib/minigun/stage.rb:109:in 'BasicObject#instance_exec'
	from C:/workspace/minigun/lib/minigun/stage.rb:109:in 'Minigun::AtomicStage#execute'
	from C:/workspace/minigun/lib/minigun/execution/executor.rb:62:in 'Minigun::Execution::Executor#run_stage_logic'
	from C:/workspace/minigun/lib/minigun/execution/executor.rb:99:in 'block in 
Minigun::Execution::ThreadPoolExecutor#execute_with_strategy'
#<Thread:0x000001bb74bf2440 C:/workspace/minigun/lib/minigun/execution/executor.rb:97 run> terminated with exception 
(report_on_exception is true):
C:/workspace/minigun/examples/38_comprehensive_execution.rb:101:in 'block (2 levels) in 
<class:ComprehensivePipeline>': undefined local variable or method 'output' for an instance of ComprehensivePipeline 
(NameError)

      output << results

      ^^^^^^
	from C:/workspace/minigun/lib/minigun/stage.rb:109:in 'BasicObject#instance_exec'
	from C:/workspace/minigun/lib/minigun/stage.rb:109:in 'Minigun::AtomicStage#execute'
	from C:/workspace/minigun/lib/minigun/execution/executor.rb:62:in 'Minigun::Execution::Executor#run_stage_logic'
	from C:/workspace/minigun/lib/minigun/execution/executor.rb:99:in 'block in 
Minigun::Execution::ThreadPoolExecutor#execute_with_strategy'
E, [2025-10-27T13:41:27.717691 #8588] ERROR -- : [Pipeline:default][Stage:save_to_db] Error: undefined local variable or method 'output' for an instance of ComprehensivePipeline
E, [2025-10-27T13:41:27.717743 #8588] ERROR -- : C:/workspace/minigun/examples/38_comprehensive_execution.rb:101:in 'block (2 levels) in <class:ComprehensivePipeline>'
C:/workspace/minigun/lib/minigun/stage.rb:109:in 'BasicObject#instance_exec'
C:/workspace/minigun/lib/minigun/stage.rb:109:in 'Minigun::AtomicStage#execute'
C:/workspace/minigun/lib/minigun/execution/executor.rb:62:in 'Minigun::Execution::Executor#run_stage_logic'
C:/workspace/minigun/lib/minigun/execution/executor.rb:99:in 'block in Minigun::Execution::ThreadPoolExecutor#execute_with_strategy'
E, [2025-10-27T13:41:27.719284 #8588] ERROR -- : [Pipeline:default][Stage:save_to_db] Error: undefined local variable or method 'output' for an instance of ComprehensivePipeline
E, [2025-10-27T13:41:27.719339 #8588] ERROR -- : C:/workspace/minigun/examples/38_comprehensive_execution.rb:101:in 'block (2 levels) in <class:ComprehensivePipeline>'
C:/workspace/minigun/lib/minigun/stage.rb:109:in 'BasicObject#instance_exec'
C:/workspace/minigun/lib/minigun/stage.rb:109:in 'Minigun::AtomicStage#execute'
C:/workspace/minigun/lib/minigun/execution/executor.rb:62:in 'Minigun::Execution::Executor#run_stage_logic'
C:/workspace/minigun/lib/minigun/execution/executor.rb:99:in 'block in Minigun::Execution::ThreadPoolExecutor#execute_with_strategy'
E, [2025-10-27T13:41:27.721517 #8588] ERROR -- : [Pipeline:default][Stage:save_to_db] Error: undefined local variable or method 'output' for an instance of ComprehensivePipeline
E, [2025-10-27T13:41:27.721554 #8588] ERROR -- : C:/workspace/minigun/examples/38_comprehensive_execution.rb:101:in 'block (2 levels) in <class:ComprehensivePipeline>'
C:/workspace/minigun/lib/minigun/stage.rb:109:in 'BasicObject#instance_exec'
C:/workspace/minigun/lib/minigun/stage.rb:109:in 'Minigun::AtomicStage#execute'
C:/workspace/minigun/lib/minigun/execution/executor.rb:62:in 'Minigun::Execution::Executor#run_stage_logic'
C:/workspace/minigun/lib/minigun/execution/executor.rb:99:in 'block in Minigun::Execution::ThreadPoolExecutor#execute_with_strategy'
E, [2025-10-27T13:41:27.723103 #8588] ERROR -- : [Pipeline:default][Stage:save_to_db] Error: undefined local variable or method 'output' for an instance of ComprehensivePipeline
E, [2025-10-27T13:41:27.723147 #8588] ERROR -- : C:/workspace/minigun/examples/38_comprehensive_execution.rb:101:in 'block (2 levels) in <class:ComprehensivePipeline>'
C:/workspace/minigun/lib/minigun/stage.rb:109:in 'BasicObject#instance_exec'
C:/workspace/minigun/lib/minigun/stage.rb:109:in 'Minigun::AtomicStage#execute'
C:/workspace/minigun/lib/minigun/execution/executor.rb:62:in 'Minigun::Execution::Executor#run_stage_logic'
C:/workspace/minigun/lib/minigun/execution/executor.rb:99:in 'block in Minigun::Execution::ThreadPoolExecutor#execute_with_strategy'
E, [2025-10-27T13:41:27.724709 #8588] ERROR -- : [Pipeline:default][Stage:save_to_db] Error: undefined local variable or method 'output' for an instance of ComprehensivePipeline
E, [2025-10-27T13:41:27.724755 #8588] ERROR -- : C:/workspace/minigun/examples/38_comprehensive_execution.rb:101:in 'block (2 levels) in <class:ComprehensivePipeline>'
C:/workspace/minigun/lib/minigun/stage.rb:109:in 'BasicObject#instance_exec'
C:/workspace/minigun/lib/minigun/stage.rb:109:in 'Minigun::AtomicStage#execute'
C:/workspace/minigun/lib/minigun/execution/executor.rb:62:in 'Minigun::Execution::Executor#run_stage_logic'
C:/workspace/minigun/lib/minigun/execution/executor.rb:99:in 'block in Minigun::Execution::ThreadPoolExecutor#execute_with_strategy'
E, [2025-10-27T13:41:27.726275 #8588] ERROR -- : [Pipeline:default][Stage:save_to_db] Error: undefined local variable or method 'output' for an instance of ComprehensivePipeline
E, [2025-10-27T13:41:27.726325 #8588] ERROR -- : C:/workspace/minigun/examples/38_comprehensive_execution.rb:101:in 'block (2 levels) in <class:ComprehensivePipeline>'
C:/workspace/minigun/lib/minigun/stage.rb:109:in 'BasicObject#instance_exec'
C:/workspace/minigun/lib/minigun/stage.rb:109:in 'Minigun::AtomicStage#execute'
C:/workspace/minigun/lib/minigun/execution/executor.rb:62:in 'Minigun::Execution::Executor#run_stage_logic'
C:/workspace/minigun/lib/minigun/execution/executor.rb:99:in 'block in Minigun::Execution::ThreadPoolExecutor#execute_with_strategy'
E, [2025-10-27T13:41:27.730044 #8588] ERROR -- : [Pipeline:default][Stage:save_to_db] Error: undefined local variable or method 'output' for an instance of ComprehensivePipeline
E, [2025-10-27T13:41:27.730095 #8588] ERROR -- : C:/workspace/minigun/examples/38_comprehensive_execution.rb:101:in 'block (2 levels) in <class:ComprehensivePipeline>'
C:/workspace/minigun/lib/minigun/stage.rb:109:in 'BasicObject#instance_exec'
C:/workspace/minigun/lib/minigun/stage.rb:109:in 'Minigun::AtomicStage#execute'
C:/workspace/minigun/lib/minigun/execution/executor.rb:62:in 'Minigun::Execution::Executor#run_stage_logic'
C:/workspace/minigun/lib/minigun/execution/executor.rb:99:in 'block in Minigun::Execution::ThreadPoolExecutor#execute_with_strategy'
E, [2025-10-27T13:41:27.731635 #8588] ERROR -- : [Pipeline:default][Stage:save_to_db] Error: undefined local variable or method 'output' for an instance of ComprehensivePipeline
E, [2025-10-27T13:41:27.731688 #8588] ERROR -- : C:/workspace/minigun/examples/38_comprehensive_execution.rb:101:in 'block (2 levels) in <class:ComprehensivePipeline>'
C:/workspace/minigun/lib/minigun/stage.rb:109:in 'BasicObject#instance_exec'
C:/workspace/minigun/lib/minigun/stage.rb:109:in 'Minigun::AtomicStage#execute'
C:/workspace/minigun/lib/minigun/execution/executor.rb:62:in 'Minigun::Execution::Executor#run_stage_logic'
C:/workspace/minigun/lib/minigun/execution/executor.rb:99:in 'block in Minigun::Execution::ThreadPoolExecutor#execute_with_strategy'
E, [2025-10-27T13:41:27.733160 #8588] ERROR -- : [Pipeline:default][Stage:save_to_db] Error: undefined local variable or method 'output' for an instance of ComprehensivePipeline
E, [2025-10-27T13:41:27.733238 #8588] ERROR -- : C:/workspace/minigun/examples/38_comprehensive_execution.rb:101:in 'block (2 levels) in <class:ComprehensivePipeline>'
C:/workspace/minigun/lib/minigun/stage.rb:109:in 'BasicObject#instance_exec'
C:/workspace/minigun/lib/minigun/stage.rb:109:in 'Minigun::AtomicStage#execute'
C:/workspace/minigun/lib/minigun/execution/executor.rb:62:in 'Minigun::Execution::Executor#run_stage_logic'
C:/workspace/minigun/lib/minigun/execution/executor.rb:99:in 'block in Minigun::Execution::ThreadPoolExecutor#execute_with_strategy'
#<Thread:0x000001bb74d14bc0 C:/workspace/minigun/lib/minigun/execution/executor.rb:97 run> terminated with exception 
(report_on_exception is true):
C:/workspace/minigun/examples/38_comprehensive_execution.rb:101:in 'block (2 levels) in 
<class:ComprehensivePipeline>': undefined local variable or method 'output' for an instance of ComprehensivePipeline 
(NameError)

      output << results

      ^^^^^^
	from C:/workspace/minigun/lib/minigun/stage.rb:109:in 'BasicObject#instance_exec'
	from C:/workspace/minigun/lib/minigun/stage.rb:109:in 'Minigun::AtomicStage#execute'
	from C:/workspace/minigun/lib/minigun/execution/executor.rb:62:in 'Minigun::Execution::Executor#run_stage_logic'
	from C:/workspace/minigun/lib/minigun/execution/executor.rb:99:in 'block in 
Minigun::Execution::ThreadPoolExecutor#execute_with_strategy'
#<Thread:0x000001bb75174378 C:/workspace/minigun/lib/minigun/execution/executor.rb:97 run> terminated with exception 
(report_on_exception is true):
C:/workspace/minigun/examples/38_comprehensive_execution.rb:101:in 'block (2 levels) in 
<class:ComprehensivePipeline>': undefined local variable or method 'output' for an instance of ComprehensivePipeline 
(NameError)

      output << results

      ^^^^^^
	from C:/workspace/minigun/lib/minigun/stage.rb:109:in 'BasicObject#instance_exec'
	from C:/workspace/minigun/lib/minigun/stage.rb:109:in 'Minigun::AtomicStage#execute'
	from C:/workspace/minigun/lib/minigun/execution/executor.rb:62:in 'Minigun::Execution::Executor#run_stage_logic'
	from C:/workspace/minigun/lib/minigun/execution/executor.rb:99:in 'block in 
Minigun::Execution::ThreadPoolExecutor#execute_with_strategy'
#<Thread:0x000001bb735bc950 C:/workspace/minigun/lib/minigun/execution/executor.rb:97 run> terminated with exception 
(report_on_exception is true):
C:/workspace/minigun/examples/38_comprehensive_execution.rb:101:in 'block (2 levels) in 
<class:ComprehensivePipeline>': undefined local variable or method 'output' for an instance of ComprehensivePipeline 
(NameError)

      output << results

      ^^^^^^
	from C:/workspace/minigun/lib/minigun/stage.rb:109:in 'BasicObject#instance_exec'
	from C:/workspace/minigun/lib/minigun/stage.rb:109:in 'Minigun::AtomicStage#execute'
	from C:/workspace/minigun/lib/minigun/execution/executor.rb:62:in 'Minigun::Execution::Executor#run_stage_logic'
	from C:/workspace/minigun/lib/minigun/execution/executor.rb:99:in 'block in 
Minigun::Execution::ThreadPoolExecutor#execute_with_strategy'
#<Thread:0x000001bb752b5098 C:/workspace/minigun/lib/minigun/execution/executor.rb:97 run> terminated with exception 
(report_on_exception is true):
C:/workspace/minigun/examples/38_comprehensive_execution.rb:101:in 'block (2 levels) in 
<class:ComprehensivePipeline>': undefined local variable or method 'output' for an instance of ComprehensivePipeline 
(NameError)

      output << results

      ^^^^^^
	from C:/workspace/minigun/lib/minigun/stage.rb:109:in 'BasicObject#instance_exec'
	from C:/workspace/minigun/lib/minigun/stage.rb:109:in 'Minigun::AtomicStage#execute'
	from C:/workspace/minigun/lib/minigun/execution/executor.rb:62:in 'Minigun::Execution::Executor#run_stage_logic'
	from C:/workspace/minigun/lib/minigun/execution/executor.rb:99:in 'block in 
Minigun::Execution::ThreadPoolExecutor#execute_with_strategy'
#<Thread:0x000001bb7363d758 C:/workspace/minigun/lib/minigun/execution/executor.rb:97 run> terminated with exception 
(report_on_exception is true):
C:/workspace/minigun/examples/38_comprehensive_execution.rb:101:in 'block (2 levels) in 
<class:ComprehensivePipeline>': undefined local variable or method 'output' for an instance of ComprehensivePipeline 
(NameError)

      output << results

      ^^^^^^
	from C:/workspace/minigun/lib/minigun/stage.rb:109:in 'BasicObject#instance_exec'
	from C:/workspace/minigun/lib/minigun/stage.rb:109:in 'Minigun::AtomicStage#execute'
	from C:/workspace/minigun/lib/minigun/execution/executor.rb:62:in 'Minigun::Execution::Executor#run_stage_logic'
	from C:/workspace/minigun/lib/minigun/execution/executor.rb:99:in 'block in 
Minigun::Execution::ThreadPoolExecutor#execute_with_strategy'
#<Thread:0x000001bb01675c60 C:/workspace/minigun/lib/minigun/execution/executor.rb:97 run> terminated with exception 
(report_on_exception is true):
C:/workspace/minigun/examples/38_comprehensive_execution.rb:101:in 'block (2 levels) in 
<class:ComprehensivePipeline>': undefined local variable or method 'output' for an instance of ComprehensivePipeline 
(NameError)

      output << results

      ^^^^^^
	from C:/workspace/minigun/lib/minigun/stage.rb:109:in 'BasicObject#instance_exec'
	from C:/workspace/minigun/lib/minigun/stage.rb:109:in 'Minigun::AtomicStage#execute'
	from C:/workspace/minigun/lib/minigun/execution/executor.rb:62:in 'Minigun::Execution::Executor#run_stage_logic'
	from C:/workspace/minigun/lib/minigun/execution/executor.rb:99:in 'block in 
Minigun::Execution::ThreadPoolExecutor#execute_with_strategy'
#<Thread:0x000001bb0177d248 C:/workspace/minigun/lib/minigun/execution/executor.rb:97 run> terminated with exception 
(report_on_exception is true):
C:/workspace/minigun/examples/38_comprehensive_execution.rb:101:in 'block (2 levels) in 
<class:ComprehensivePipeline>': undefined local variable or method 'output' for an instance of ComprehensivePipeline 
(NameError)

      output << results

      ^^^^^^
	from C:/workspace/minigun/lib/minigun/stage.rb:109:in 'BasicObject#instance_exec'
	from C:/workspace/minigun/lib/minigun/stage.rb:109:in 'Minigun::AtomicStage#execute'
	from C:/workspace/minigun/lib/minigun/execution/executor.rb:62:in 'Minigun::Execution::Executor#run_stage_logic'
	from C:/workspace/minigun/lib/minigun/execution/executor.rb:99:in 'block in 
Minigun::Execution::ThreadPoolExecutor#execute_with_strategy'
#<Thread:0x000001bb01713d48 C:/workspace/minigun/lib/minigun/execution/executor.rb:97 run> terminated with exception 
(report_on_exception is true):
C:/workspace/minigun/examples/38_comprehensive_execution.rb:101:in 'block (2 levels) in 
<class:ComprehensivePipeline>': undefined local variable or method 'output' for an instance of ComprehensivePipeline 
(NameError)

      output << results

      ^^^^^^
	from C:/workspace/minigun/lib/minigun/stage.rb:109:in 'BasicObject#instance_exec'
	from C:/workspace/minigun/lib/minigun/stage.rb:109:in 'Minigun::AtomicStage#execute'
	from C:/workspace/minigun/lib/minigun/execution/executor.rb:62:in 'Minigun::Execution::Executor#run_stage_logic'
	from C:/workspace/minigun/lib/minigun/execution/executor.rb:99:in 'block in 
Minigun::Execution::ThreadPoolExecutor#execute_with_strategy'
#<Thread:0x000001bb017dc428 C:/workspace/minigun/lib/minigun/execution/executor.rb:97 run> terminated with exception 
(report_on_exception is true):
C:/workspace/minigun/examples/38_comprehensive_execution.rb:101:in 'block (2 levels) in 
<class:ComprehensivePipeline>': undefined local variable or method 'output' for an instance of ComprehensivePipeline 
(NameError)

      output << results

      ^^^^^^
	from C:/workspace/minigun/lib/minigun/stage.rb:109:in 'BasicObject#instance_exec'
	from C:/workspace/minigun/lib/minigun/stage.rb:109:in 'Minigun::AtomicStage#execute'
	from C:/workspace/minigun/lib/minigun/execution/executor.rb:62:in 'Minigun::Execution::Executor#run_stage_logic'
	from C:/workspace/minigun/lib/minigun/execution/executor.rb:99:in 'block in 
Minigun::Execution::ThreadPoolExecutor#execute_with_strategy'
E, [2025-10-27T13:41:27.734752 #8588] ERROR -- : [Pipeline:default][Stage:save_to_db] Error: undefined local variable or method 'output' for an instance of ComprehensivePipeline
E, [2025-10-27T13:41:27.734788 #8588] ERROR -- : C:/workspace/minigun/examples/38_comprehensive_execution.rb:101:in 'block (2 levels) in <class:ComprehensivePipeline>'
C:/workspace/minigun/lib/minigun/stage.rb:109:in 'BasicObject#instance_exec'
C:/workspace/minigun/lib/minigun/stage.rb:109:in 'Minigun::AtomicStage#execute'
C:/workspace/minigun/lib/minigun/execution/executor.rb:62:in 'Minigun::Execution::Executor#run_stage_logic'
C:/workspace/minigun/lib/minigun/execution/executor.rb:99:in 'block in Minigun::Execution::ThreadPoolExecutor#execute_with_strategy'
E, [2025-10-27T13:41:27.736251 #8588] ERROR -- : [Pipeline:default][Stage:save_to_db] Error: undefined local variable or method 'output' for an instance of ComprehensivePipeline
E, [2025-10-27T13:41:27.736291 #8588] ERROR -- : C:/workspace/minigun/examples/38_comprehensive_execution.rb:101:in 'block (2 levels) in <class:ComprehensivePipeline>'
C:/workspace/minigun/lib/minigun/stage.rb:109:in 'BasicObject#instance_exec'
C:/workspace/minigun/lib/minigun/stage.rb:109:in 'Minigun::AtomicStage#execute'
C:/workspace/minigun/lib/minigun/execution/executor.rb:62:in 'Minigun::Execution::Executor#run_stage_logic'
C:/workspace/minigun/lib/minigun/execution/executor.rb:99:in 'block in Minigun::Execution::ThreadPoolExecutor#execute_with_strategy'
E, [2025-10-27T13:41:27.737840 #8588] ERROR -- : [Pipeline:default][Stage:save_to_db] Error: undefined local variable or method 'output' for an instance of ComprehensivePipeline
E, [2025-10-27T13:41:27.737878 #8588] ERROR -- : C:/workspace/minigun/examples/38_comprehensive_execution.rb:101:in 'block (2 levels) in <class:ComprehensivePipeline>'
C:/workspace/minigun/lib/minigun/stage.rb:109:in 'BasicObject#instance_exec'
C:/workspace/minigun/lib/minigun/stage.rb:109:in 'Minigun::AtomicStage#execute'
C:/workspace/minigun/lib/minigun/execution/executor.rb:62:in 'Minigun::Execution::Executor#run_stage_logic'
C:/workspace/minigun/lib/minigun/execution/executor.rb:99:in 'block in Minigun::Execution::ThreadPoolExecutor#execute_with_strategy'
E, [2025-10-27T13:41:27.739300 #8588] ERROR -- : [Pipeline:default][Stage:save_to_db] Error: undefined local variable or method 'output' for an instance of ComprehensivePipeline
E, [2025-10-27T13:41:27.739362 #8588] ERROR -- : C:/workspace/minigun/examples/38_comprehensive_execution.rb:101:in 'block (2 levels) in <class:ComprehensivePipeline>'
C:/workspace/minigun/lib/minigun/stage.rb:109:in 'BasicObject#instance_exec'
C:/workspace/minigun/lib/minigun/stage.rb:109:in 'Minigun::AtomicStage#execute'
C:/workspace/minigun/lib/minigun/execution/executor.rb:62:in 'Minigun::Execution::Executor#run_stage_logic'
C:/workspace/minigun/lib/minigun/execution/executor.rb:99:in 'block in Minigun::Execution::ThreadPoolExecutor#execute_with_strategy'
E, [2025-10-27T13:41:27.740855 #8588] ERROR -- : [Pipeline:default][Stage:save_to_db] Error: undefined local variable or method 'output' for an instance of ComprehensivePipeline
E, [2025-10-27T13:41:27.740910 #8588] ERROR -- : C:/workspace/minigun/examples/38_comprehensive_execution.rb:101:in 'block (2 levels) in <class:ComprehensivePipeline>'
C:/workspace/minigun/lib/minigun/stage.rb:109:in 'BasicObject#instance_exec'
C:/workspace/minigun/lib/minigun/stage.rb:109:in 'Minigun::AtomicStage#execute'
C:/workspace/minigun/lib/minigun/execution/executor.rb:62:in 'Minigun::Execution::Executor#run_stage_logic'
C:/workspace/minigun/lib/minigun/execution/executor.rb:99:in 'block in Minigun::Execution::ThreadPoolExecutor#execute_with_strategy'
E, [2025-10-27T13:41:27.742344 #8588] ERROR -- : [Pipeline:default][Stage:save_to_db] Error: undefined local variable or method 'output' for an instance of ComprehensivePipeline
E, [2025-10-27T13:41:27.742396 #8588] ERROR -- : C:/workspace/minigun/examples/38_comprehensive_execution.rb:101:in 'block (2 levels) in <class:ComprehensivePipeline>'
C:/workspace/minigun/lib/minigun/stage.rb:109:in 'BasicObject#instance_exec'
C:/workspace/minigun/lib/minigun/stage.rb:109:in 'Minigun::AtomicStage#execute'
C:/workspace/minigun/lib/minigun/execution/executor.rb:62:in 'Minigun::Execution::Executor#run_stage_logic'
C:/workspace/minigun/lib/minigun/execution/executor.rb:99:in 'block in Minigun::Execution::ThreadPoolExecutor#execute_with_strategy'
#<Thread:0x000001bb017b4ae0 C:/workspace/minigun/lib/minigun/execution/executor.rb:97 run> terminated with exception 
(report_on_exception is true):
C:/workspace/minigun/examples/38_comprehensive_execution.rb:101:in 'block (2 levels) in 
<class:ComprehensivePipeline>': undefined local variable or method 'output' for an instance of ComprehensivePipeline 
(NameError)

      output << results

      ^^^^^^
	from C:/workspace/minigun/lib/minigun/stage.rb:109:in 'BasicObject#instance_exec'
	from C:/workspace/minigun/lib/minigun/stage.rb:109:in 'Minigun::AtomicStage#execute'
	from C:/workspace/minigun/lib/minigun/execution/executor.rb:62:in 'Minigun::Execution::Executor#run_stage_logic'
	from C:/workspace/minigun/lib/minigun/execution/executor.rb:99:in 'block in 
Minigun::Execution::ThreadPoolExecutor#execute_with_strategy'
#<Thread:0x000001bb015dd168 C:/workspace/minigun/lib/minigun/execution/executor.rb:97 run> terminated with exception 
(report_on_exception is true):
E, [2025-10-27T13:41:27.749891 #8588] ERROR -- : [Pipeline:default][Stage:save_to_db] Error: undefined local variable or method 'output' for an instance of ComprehensivePipeline
E, [2025-10-27T13:41:27.749949 #8588] ERROR -- : C:/workspace/minigun/examples/38_comprehensive_execution.rb:101:in 'block (2 levels) in <class:ComprehensivePipeline>'
C:/workspace/minigun/lib/minigun/stage.rb:109:in 'BasicObject#instance_exec'
C:/workspace/minigun/lib/minigun/stage.rb:109:in 'Minigun::AtomicStage#execute'
C:/workspace/minigun/lib/minigun/execution/executor.rb:62:in 'Minigun::Execution::Executor#run_stage_logic'
C:/workspace/minigun/lib/minigun/execution/executor.rb:99:in 'block in Minigun::Execution::ThreadPoolExecutor#execute_with_strategy'
E, [2025-10-27T13:41:27.751503 #8588] ERROR -- : [Pipeline:default][Stage:save_to_db] Error: undefined local variable or method 'output' for an instance of ComprehensivePipeline
E, [2025-10-27T13:41:27.751551 #8588] ERROR -- : C:/workspace/minigun/examples/38_comprehensive_execution.rb:101:in 'block (2 levels) in <class:ComprehensivePipeline>'
C:/workspace/minigun/lib/minigun/stage.rb:109:in 'BasicObject#instance_exec'
C:/workspace/minigun/lib/minigun/stage.rb:109:in 'Minigun::AtomicStage#execute'
C:/workspace/minigun/lib/minigun/execution/executor.rb:62:in 'Minigun::Execution::Executor#run_stage_logic'
C:/workspace/minigun/lib/minigun/execution/executor.rb:99:in 'block in Minigun::Execution::ThreadPoolExecutor#execute_with_strategy'
E, [2025-10-27T13:41:27.753058 #8588] ERROR -- : [Pipeline:default][Stage:save_to_db] Error: undefined local variable or method 'output' for an instance of ComprehensivePipeline
E, [2025-10-27T13:41:27.753108 #8588] ERROR -- : C:/workspace/minigun/examples/38_comprehensive_execution.rb:101:in 'block (2 levels) in <class:ComprehensivePipeline>'
C:/workspace/minigun/lib/minigun/stage.rb:109:in 'BasicObject#instance_exec'
C:/workspace/minigun/lib/minigun/stage.rb:109:in 'Minigun::AtomicStage#execute'
C:/workspace/minigun/lib/minigun/execution/executor.rb:62:in 'Minigun::Execution::Executor#run_stage_logic'
C:/workspace/minigun/lib/minigun/execution/executor.rb:99:in 'block in Minigun::Execution::ThreadPoolExecutor#execute_with_strategy'
C:/workspace/minigun/examples/38_comprehensive_execution.rb:101:in 'block (2 levels) in 
<class:ComprehensivePipeline>': undefined local variable or method 'output' for an instance of ComprehensivePipeline 
(NameError)

      output << results

      ^^^^^^
	from C:/workspace/minigun/lib/minigun/stage.rb:109:in 'BasicObject#instance_exec'
	from C:/workspace/minigun/lib/minigun/stage.rb:109:in 'Minigun::AtomicStage#execute'
	from C:/workspace/minigun/lib/minigun/execution/executor.rb:62:in 'Minigun::Execution::Executor#run_stage_logic'
	from C:/workspace/minigun/lib/minigun/execution/executor.rb:99:in 'block in 
Minigun::Execution::ThreadPoolExecutor#execute_with_strategy'
#<Thread:0x000001bb735f5750 C:/workspace/minigun/lib/minigun/execution/executor.rb:97 run> terminated with exception 
(report_on_exception is true):
C:/workspace/minigun/examples/38_comprehensive_execution.rb:101:in 'block (2 levels) in 
<class:ComprehensivePipeline>': undefined local variable or method 'output' for an instance of ComprehensivePipeline 
(NameError)

      output << results

      ^^^^^^
	from C:/workspace/minigun/lib/minigun/stage.rb:109:in 'BasicObject#instance_exec'
	from C:/workspace/minigun/lib/minigun/stage.rb:109:in 'Minigun::AtomicStage#execute'
	from C:/workspace/minigun/lib/minigun/execution/executor.rb:62:in 'Minigun::Execution::Executor#run_stage_logic'
	from C:/workspace/minigun/lib/minigun/execution/executor.rb:99:in 'block in 
Minigun::Execution::ThreadPoolExecutor#execute_with_strategy'
#<Thread:0x000001bb74db7118 C:/workspace/minigun/lib/minigun/execution/executor.rb:97 run> terminated with exception 
(report_on_exception is true):
C:/workspace/minigun/examples/38_comprehensive_execution.rb:101:in 'block (2 levels) in 
<class:ComprehensivePipeline>': undefined local variable or method 'output' for an instance of ComprehensivePipeline 
(NameError)

      output << results

      ^^^^^^
	from C:/workspace/minigun/lib/minigun/stage.rb:109:in 'BasicObject#instance_exec'
	from C:/workspace/minigun/lib/minigun/stage.rb:109:in 'Minigun::AtomicStage#execute'
	from C:/workspace/minigun/lib/minigun/execution/executor.rb:62:in 'Minigun::Execution::Executor#run_stage_logic'
	from C:/workspace/minigun/lib/minigun/execution/executor.rb:99:in 'block in 
Minigun::Execution::ThreadPoolExecutor#execute_with_strategy'
#<Thread:0x000001bb74c13aa0 C:/workspace/minigun/lib/minigun/execution/executor.rb:97 run> terminated with exception 
(report_on_exception is true):
C:/workspace/minigun/examples/38_comprehensive_execution.rb:101:in 'block (2 levels) in 
<class:ComprehensivePipeline>': undefined local variable or method 'output' for an instance of ComprehensivePipeline 
(NameError)

      output << results

      ^^^^^^
	from C:/workspace/minigun/lib/minigun/stage.rb:109:in 'BasicObject#instance_exec'
	from C:/workspace/minigun/lib/minigun/stage.rb:109:in 'Minigun::AtomicStage#execute'
	from C:/workspace/minigun/lib/minigun/execution/executor.rb:62:in 'Minigun::Execution::Executor#run_stage_logic'
	from C:/workspace/minigun/lib/minigun/execution/executor.rb:99:in 'block in 
Minigun::Execution::ThreadPoolExecutor#execute_with_strategy'
#<Thread:0x000001bb74ab5ed8 C:/workspace/minigun/lib/minigun/execution/executor.rb:97 run> terminated with exception 
(report_on_exception is true):
C:/workspace/minigun/examples/38_comprehensive_execution.rb:101:in 'block (2 levels) in 
<class:ComprehensivePipeline>': undefined local variable or method 'output' for an instance of ComprehensivePipeline 
(NameError)

      output << results

      ^^^^^^
	from C:/workspace/minigun/lib/minigun/stage.rb:109:in 'BasicObject#instance_exec'
	from C:/workspace/minigun/lib/minigun/stage.rb:109:in 'Minigun::AtomicStage#execute'
	from C:/workspace/minigun/lib/minigun/execution/executor.rb:62:in 'Minigun::Execution::Executor#run_stage_logic'
	from C:/workspace/minigun/lib/minigun/execution/executor.rb:99:in 'block in 
Minigun::Execution::ThreadPoolExecutor#execute_with_strategy'
#<Thread:0x000001bb74a398b0 C:/workspace/minigun/lib/minigun/execution/executor.rb:97 run> terminated with exception 
(report_on_exception is true):
C:/workspace/minigun/examples/38_comprehensive_execution.rb:101:in 'block (2 levels) in 
<class:ComprehensivePipeline>': undefined local variable or method 'output' for an instance of ComprehensivePipeline 
(NameError)

      output << results

      ^^^^^^
	from C:/workspace/minigun/lib/minigun/stage.rb:109:in 'BasicObject#instance_exec'
	from C:/workspace/minigun/lib/minigun/stage.rb:109:in 'Minigun::AtomicStage#execute'
	from C:/workspace/minigun/lib/minigun/execution/executor.rb:62:in 'Minigun::Execution::Executor#run_stage_logic'
	from C:/workspace/minigun/lib/minigun/execution/executor.rb:99:in 'block in 
Minigun::Execution::ThreadPoolExecutor#execute_with_strategy'
#<Thread:0x000001bb74b708f0 C:/workspace/minigun/lib/minigun/execution/executor.rb:97 run> terminated with exception 
(report_on_exception is true):
C:/workspace/minigun/examples/38_comprehensive_execution.rb:101:in 'block (2 levels) in 
<class:ComprehensivePipeline>': undefined local variable or method 'output' for an instance of ComprehensivePipeline 
(NameError)

      output << results

      ^^^^^^
	from C:/workspace/minigun/lib/minigun/stage.rb:109:in 'BasicObject#instance_exec'
	from C:/workspace/minigun/lib/minigun/stage.rb:109:in 'Minigun::AtomicStage#execute'
	from C:/workspace/minigun/lib/minigun/execution/executor.rb:62:in 'Minigun::Execution::Executor#run_stage_logic'
	from C:/workspace/minigun/lib/minigun/execution/executor.rb:99:in 'block in 
Minigun::Execution::ThreadPoolExecutor#execute_with_strategy'
#<Thread:0x000001bb74bf06e0 C:/workspace/minigun/lib/minigun/execution/executor.rb:97 run> terminated with exception 
(report_on_exception is true):
C:/workspace/minigun/examples/38_comprehensive_execution.rb:101:in 'block (2 levels) in 
<class:ComprehensivePipeline>': undefined local variable or method 'output' for an instance of ComprehensivePipeline 
(NameError)

      output << results

      ^^^^^^
	from C:/workspace/minigun/lib/minigun/stage.rb:109:in 'BasicObject#instance_exec'
	from C:/workspace/minigun/lib/minigun/stage.rb:109:in 'Minigun::AtomicStage#execute'
	from C:/workspace/minigun/lib/minigun/execution/executor.rb:62:in 'Minigun::Execution::Executor#run_stage_logic'
	from C:/workspace/minigun/lib/minigun/execution/executor.rb:99:in 'block in 
Minigun::Execution::ThreadPoolExecutor#execute_with_strategy'
E, [2025-10-27T13:41:27.754564 #8588] ERROR -- : [Pipeline:default][Stage:save_to_db] Error: undefined local variable or method 'output' for an instance of ComprehensivePipeline
E, [2025-10-27T13:41:27.754610 #8588] ERROR -- : C:/workspace/minigun/examples/38_comprehensive_execution.rb:101:in 'block (2 levels) in <class:ComprehensivePipeline>'
C:/workspace/minigun/lib/minigun/stage.rb:109:in 'BasicObject#instance_exec'
C:/workspace/minigun/lib/minigun/stage.rb:109:in 'Minigun::AtomicStage#execute'
C:/workspace/minigun/lib/minigun/execution/executor.rb:62:in 'Minigun::Execution::Executor#run_stage_logic'
C:/workspace/minigun/lib/minigun/execution/executor.rb:99:in 'block in Minigun::Execution::ThreadPoolExecutor#execute_with_strategy'
E, [2025-10-27T13:41:27.756115 #8588] ERROR -- : [Pipeline:default][Stage:save_to_db] Error: undefined local variable or method 'output' for an instance of ComprehensivePipeline
E, [2025-10-27T13:41:27.756152 #8588] ERROR -- : C:/workspace/minigun/examples/38_comprehensive_execution.rb:101:in 'block (2 levels) in <class:ComprehensivePipeline>'
C:/workspace/minigun/lib/minigun/stage.rb:109:in 'BasicObject#instance_exec'
C:/workspace/minigun/lib/minigun/stage.rb:109:in 'Minigun::AtomicStage#execute'
C:/workspace/minigun/lib/minigun/execution/executor.rb:62:in 'Minigun::Execution::Executor#run_stage_logic'
C:/workspace/minigun/lib/minigun/execution/executor.rb:99:in 'block in Minigun::Execution::ThreadPoolExecutor#execute_with_strategy'
E, [2025-10-27T13:41:27.758405 #8588] ERROR -- : [Pipeline:default][Stage:save_to_db] Error: undefined local variable or method 'output' for an instance of ComprehensivePipeline
E, [2025-10-27T13:41:27.758456 #8588] ERROR -- : C:/workspace/minigun/examples/38_comprehensive_execution.rb:101:in 'block (2 levels) in <class:ComprehensivePipeline>'
C:/workspace/minigun/lib/minigun/stage.rb:109:in 'BasicObject#instance_exec'
C:/workspace/minigun/lib/minigun/stage.rb:109:in 'Minigun::AtomicStage#execute'
C:/workspace/minigun/lib/minigun/execution/executor.rb:62:in 'Minigun::Execution::Executor#run_stage_logic'
C:/workspace/minigun/lib/minigun/execution/executor.rb:99:in 'block in Minigun::Execution::ThreadPoolExecutor#execute_with_strategy'
E, [2025-10-27T13:41:27.760081 #8588] ERROR -- : [Pipeline:default][Stage:save_to_db] Error: undefined local variable or method 'output' for an instance of ComprehensivePipeline
E, [2025-10-27T13:41:27.760129 #8588] ERROR -- : C:/workspace/minigun/examples/38_comprehensive_execution.rb:101:in 'block (2 levels) in <class:ComprehensivePipeline>'
C:/workspace/minigun/lib/minigun/stage.rb:109:in 'BasicObject#instance_exec'
C:/workspace/minigun/lib/minigun/stage.rb:109:in 'Minigun::AtomicStage#execute'
C:/workspace/minigun/lib/minigun/execution/executor.rb:62:in 'Minigun::Execution::Executor#run_stage_logic'
C:/workspace/minigun/lib/minigun/execution/executor.rb:99:in 'block in Minigun::Execution::ThreadPoolExecutor#execute_with_strategy'
E, [2025-10-27T13:41:27.761642 #8588] ERROR -- : [Pipeline:default][Stage:save_to_db] Error: undefined local variable or method 'output' for an instance of ComprehensivePipeline
E, [2025-10-27T13:41:27.761686 #8588] ERROR -- : C:/workspace/minigun/examples/38_comprehensive_execution.rb:101:in 'block (2 levels) in <class:ComprehensivePipeline>'
C:/workspace/minigun/lib/minigun/stage.rb:109:in 'BasicObject#instance_exec'
C:/workspace/minigun/lib/minigun/stage.rb:109:in 'Minigun::AtomicStage#execute'
C:/workspace/minigun/lib/minigun/execution/executor.rb:62:in 'Minigun::Execution::Executor#run_stage_logic'
C:/workspace/minigun/lib/minigun/execution/executor.rb:99:in 'block in Minigun::Execution::ThreadPoolExecutor#execute_with_strategy'
E, [2025-10-27T13:41:27.763212 #8588] ERROR -- : [Pipeline:default][Stage:save_to_db] Error: undefined local variable or method 'output' for an instance of ComprehensivePipeline
E, [2025-10-27T13:41:27.763263 #8588] ERROR -- : C:/workspace/minigun/examples/38_comprehensive_execution.rb:101:in 'block (2 levels) in <class:ComprehensivePipeline>'
C:/workspace/minigun/lib/minigun/stage.rb:109:in 'BasicObject#instance_exec'
C:/workspace/minigun/lib/minigun/stage.rb:109:in 'Minigun::AtomicStage#execute'
#<Thread:0x000001bb74d12ca8 C:/workspace/minigun/lib/minigun/execution/executor.rb:97 run> terminated with exception 
(report_on_exception is true):
C:/workspace/minigun/examples/38_comprehensive_execution.rb:101:in 'block (2 levels) in 
<class:ComprehensivePipeline>': undefined local variable or method 'output' for an instance of ComprehensivePipeline 
(NameError)

      output << results

      ^^^^^^
	from C:/workspace/minigun/lib/minigun/stage.rb:109:in 'BasicObject#instance_exec'
	from C:/workspace/minigun/lib/minigun/stage.rb:109:in 'Minigun::AtomicStage#execute'
	from C:/workspace/minigun/lib/minigun/execution/executor.rb:62:in 'Minigun::Execution::Executor#run_stage_logic'
	from C:/workspace/minigun/lib/minigun/execution/executor.rb:99:in 'block in 
Minigun::Execution::ThreadPoolExecutor#execute_with_strategy'
#<Thread:0x000001bb751727f8 C:/workspace/minigun/lib/minigun/execution/executor.rb:97 run> terminated with exception 
(report_on_exception is true):
C:/workspace/minigun/examples/38_comprehensive_execution.rb:101:in 'block (2 levels) in 
<class:ComprehensivePipeline>': undefined local variable or method 'output' for an instance of ComprehensivePipeline 
(NameError)

      output << results

      ^^^^^^
	from C:/workspace/minigun/lib/minigun/stage.rb:109:in 'BasicObject#instance_exec'
	from C:/workspace/minigun/lib/minigun/stage.rb:109:in 'Minigun::AtomicStage#execute'
	from C:/workspace/minigun/lib/minigun/execution/executor.rb:62:in 'Minigun::Execution::Executor#run_stage_logic'
	from C:/workspace/minigun/lib/minigun/execution/executor.rb:99:in 'block in 
Minigun::Execution::ThreadPoolExecutor#execute_with_strategy'
#<Thread:0x000001bb735badd0 C:/workspace/minigun/lib/minigun/execution/executor.rb:97 run> terminated with exception 
(report_on_exception is true):
C:/workspace/minigun/examples/38_comprehensive_execution.rb:101:in 'block (2 levels) in 
<class:ComprehensivePipeline>': undefined local variable or method 'output' for an instance of ComprehensivePipeline 
(NameError)

      output << results

      ^^^^^^
	from C:/workspace/minigun/lib/minigun/stage.rb:109:in 'BasicObject#instance_exec'
	from C:/workspace/minigun/lib/minigun/stage.rb:109:in 'Minigun::AtomicStage#execute'
	from C:/workspace/minigun/lib/minigun/execution/executor.rb:62:in 'Minigun::Execution::Executor#run_stage_logic'
	from C:/workspace/minigun/lib/minigun/execution/executor.rb:99:in 'block in 
Minigun::Execution::ThreadPoolExecutor#execute_with_strategy'
#<Thread:0x000001bb752b3518 C:/workspace/minigun/lib/minigun/execution/executor.rb:97 run> terminated with exception 
(report_on_exception is true):
C:/workspace/minigun/examples/38_comprehensive_execution.rb:101:in 'block (2 levels) in 
<class:ComprehensivePipeline>': undefined local variable or method 'output' for an instance of ComprehensivePipeline 
(NameError)

      output << results

      ^^^^^^
	from C:/workspace/minigun/lib/minigun/stage.rb:109:in 'BasicObject#instance_exec'
	from C:/workspace/minigun/lib/minigun/stage.rb:109:in 'Minigun::AtomicStage#execute'
	from C:/workspace/minigun/lib/minigun/execution/executor.rb:62:in 'Minigun::Execution::Executor#run_stage_logic'
	from C:/workspace/minigun/lib/minigun/execution/executor.rb:99:in 'block in 
Minigun::Execution::ThreadPoolExecutor#execute_with_strategy'
#<Thread:0x000001bb7363bbd8 C:/workspace/minigun/lib/minigun/execution/executor.rb:97 run> terminated with exception 
(report_on_exception is true):
C:/workspace/minigun/examples/38_comprehensive_execution.rb:101:in 'block (2 levels) in 
<class:ComprehensivePipeline>': undefined local variable or method 'output' for an instance of ComprehensivePipeline 
(NameError)

      output << results

      ^^^^^^
	from C:/workspace/minigun/lib/minigun/stage.rb:109:in 'BasicObject#instance_exec'
	from C:/workspace/minigun/lib/minigun/stage.rb:109:in 'Minigun::AtomicStage#execute'
	from C:/workspace/minigun/lib/minigun/execution/executor.rb:62:in 'Minigun::Execution::Executor#run_stage_logic'
	from C:/workspace/minigun/lib/minigun/execution/executor.rb:99:in 'block in 
Minigun::Execution::ThreadPoolExecutor#execute_with_strategy'
#<Thread:0x000001bb016740e0 C:/workspace/minigun/lib/minigun/execution/executor.rb:97 run> terminated with exception 
(report_on_exception is true):
C:/workspace/minigun/examples/38_comprehensive_execution.rb:101:in 'block (2 levels) in 
<class:ComprehensivePipeline>': undefined local variable or method 'output' for an instance of ComprehensivePipeline 
(NameError)

      output << results

      ^^^^^^
	from C:/workspace/minigun/lib/minigun/stage.rb:109:in 'BasicObject#instance_exec'
	from C:/workspace/minigun/lib/minigun/stage.rb:109:in 'Minigun::AtomicStage#execute'
	from C:/workspace/minigun/lib/minigun/execution/executor.rb:62:in 'Minigun::Execution::Executor#run_stage_logic'
	from C:/workspace/minigun/lib/minigun/execution/executor.rb:99:in 'block in 
Minigun::Execution::ThreadPoolExecutor#execute_with_strategy'
#<Thread:0x000001bb0177b6c8 C:/workspace/minigun/lib/minigun/execution/executor.rb:97 run> terminated with exception 
(report_on_exception is true):
C:/workspace/minigun/examples/38_comprehensive_execution.rb:101:in 'block (2 levels) in 
<class:ComprehensivePipeline>': undefined local variable or method 'output' for an instance of ComprehensivePipeline 
(NameError)

      output << results

      ^^^^^^
	from C:/workspace/minigun/lib/minigun/stage.rb:109:in 'BasicObject#instance_exec'
	from C:/workspace/minigun/lib/minigun/stage.rb:109:in 'Minigun::AtomicStage#execute'
	from C:/workspace/minigun/lib/minigun/execution/executor.rb:62:in 'Minigun::Execution::Executor#run_stage_logic'
	from C:/workspace/minigun/lib/minigun/execution/executor.rb:99:in 'block in 
Minigun::Execution::ThreadPoolExecutor#execute_with_strategy'
C:/workspace/minigun/lib/minigun/execution/executor.rb:62:in 'Minigun::Execution::Executor#run_stage_logic'
C:/workspace/minigun/lib/minigun/execution/executor.rb:99:in 'block in Minigun::Execution::ThreadPoolExecutor#execute_with_strategy'
E, [2025-10-27T13:41:27.765117 #8588] ERROR -- : [Pipeline:default][Stage:save_to_db] Error: undefined local variable or method 'output' for an instance of ComprehensivePipeline
E, [2025-10-27T13:41:27.765149 #8588] ERROR -- : C:/workspace/minigun/examples/38_comprehensive_execution.rb:101:in 'block (2 levels) in <class:ComprehensivePipeline>'
C:/workspace/minigun/lib/minigun/stage.rb:109:in 'BasicObject#instance_exec'
C:/workspace/minigun/lib/minigun/stage.rb:109:in 'Minigun::AtomicStage#execute'
C:/workspace/minigun/lib/minigun/execution/executor.rb:62:in 'Minigun::Execution::Executor#run_stage_logic'
C:/workspace/minigun/lib/minigun/execution/executor.rb:99:in 'block in Minigun::Execution::ThreadPoolExecutor#execute_with_strategy'
E, [2025-10-27T13:41:27.766661 #8588] ERROR -- : [Pipeline:default][Stage:save_to_db] Error: undefined local variable or method 'output' for an instance of ComprehensivePipeline
E, [2025-10-27T13:41:27.766738 #8588] ERROR -- : C:/workspace/minigun/examples/38_comprehensive_execution.rb:101:in 'block (2 levels) in <class:ComprehensivePipeline>'
C:/workspace/minigun/lib/minigun/stage.rb:109:in 'BasicObject#instance_exec'
C:/workspace/minigun/lib/minigun/stage.rb:109:in 'Minigun::AtomicStage#execute'
C:/workspace/minigun/lib/minigun/execution/executor.rb:62:in 'Minigun::Execution::Executor#run_stage_logic'
C:/workspace/minigun/lib/minigun/execution/executor.rb:99:in 'block in Minigun::Execution::ThreadPoolExecutor#execute_with_strategy'
E, [2025-10-27T13:41:27.768185 #8588] ERROR -- : [Pipeline:default][Stage:save_to_db] Error: undefined local variable or method 'output' for an instance of ComprehensivePipeline
E, [2025-10-27T13:41:27.768246 #8588] ERROR -- : C:/workspace/minigun/examples/38_comprehensive_execution.rb:101:in 'block (2 levels) in <class:ComprehensivePipeline>'
C:/workspace/minigun/lib/minigun/stage.rb:109:in 'BasicObject#instance_exec'
C:/workspace/minigun/lib/minigun/stage.rb:109:in 'Minigun::AtomicStage#execute'
C:/workspace/minigun/lib/minigun/execution/executor.rb:62:in 'Minigun::Execution::Executor#run_stage_logic'
C:/workspace/minigun/lib/minigun/execution/executor.rb:99:in 'block in Minigun::Execution::ThreadPoolExecutor#execute_with_strategy'
E, [2025-10-27T13:41:27.769707 #8588] ERROR -- : [Pipeline:default][Stage:save_to_db] Error: undefined local variable or method 'output' for an instance of ComprehensivePipeline
E, [2025-10-27T13:41:27.769757 #8588] ERROR -- : C:/workspace/minigun/examples/38_comprehensive_execution.rb:101:in 'block (2 levels) in <class:ComprehensivePipeline>'
C:/workspace/minigun/lib/minigun/stage.rb:109:in 'BasicObject#instance_exec'
C:/workspace/minigun/lib/minigun/stage.rb:109:in 'Minigun::AtomicStage#execute'
C:/workspace/minigun/lib/minigun/execution/executor.rb:62:in 'Minigun::Execution::Executor#run_stage_logic'
C:/workspace/minigun/lib/minigun/execution/executor.rb:99:in 'block in Minigun::Execution::ThreadPoolExecutor#execute_with_strategy'
E, [2025-10-27T13:41:27.771241 #8588] ERROR -- : [Pipeline:default][Stage:save_to_db] Error: undefined local variable or method 'output' for an instance of ComprehensivePipeline
E, [2025-10-27T13:41:27.771289 #8588] ERROR -- : C:/workspace/minigun/examples/38_comprehensive_execution.rb:101:in 'block (2 levels) in <class:ComprehensivePipeline>'
C:/workspace/minigun/lib/minigun/stage.rb:109:in 'BasicObject#instance_exec'
C:/workspace/minigun/lib/minigun/stage.rb:109:in 'Minigun::AtomicStage#execute'
C:/workspace/minigun/lib/minigun/execution/executor.rb:62:in 'Minigun::Execution::Executor#run_stage_logic'
C:/workspace/minigun/lib/minigun/execution/executor.rb:99:in 'block in Minigun::Execution::ThreadPoolExecutor#execute_with_strategy'
E, [2025-10-27T13:41:27.772780 #8588] ERROR -- : [Pipeline:default][Stage:save_to_db] Error: undefined local variable or method 'output' for an instance of ComprehensivePipeline
E, [2025-10-27T13:41:27.772880 #8588] ERROR -- : C:/workspace/minigun/examples/38_comprehensive_execution.rb:101:in 'block (2 levels) in <class:ComprehensivePipeline>'
C:/workspace/minigun/lib/minigun/stage.rb:109:in 'BasicObject#instance_exec'
C:/workspace/minigun/lib/minigun/stage.rb:109:in 'Minigun::AtomicStage#execute'
C:/workspace/minigun/lib/minigun/execution/executor.rb:62:in 'Minigun::Execution::Executor#run_stage_logic'
C:/workspace/minigun/lib/minigun/execution/executor.rb:99:in 'block in Minigun::Execution::ThreadPoolExecutor#execute_with_strategy'
E, [2025-10-27T13:41:27.774838 #8588] ERROR -- : [Pipeline:default][Stage:save_to_db] Error: undefined local variable or method 'output' for an instance of ComprehensivePipeline
E, [2025-10-27T13:41:27.774898 #8588] ERROR -- : C:/workspace/minigun/examples/38_comprehensive_execution.rb:101:in 'block (2 levels) in <class:ComprehensivePipeline>'
C:/workspace/minigun/lib/minigun/stage.rb:109:in 'BasicObject#instance_exec'
C:/workspace/minigun/lib/minigun/stage.rb:109:in 'Minigun::AtomicStage#execute'
C:/workspace/minigun/lib/minigun/execution/executor.rb:62:in 'Minigun::Execution::Executor#run_stage_logic'
C:/workspace/minigun/lib/minigun/execution/executor.rb:99:in 'block in Minigun::Execution::ThreadPoolExecutor#execute_with_strategy'
E, [2025-10-27T13:41:27.780507 #8588] ERROR -- : [Pipeline:default][Stage:save_to_db] Error: undefined local variable or method 'output' for an instance of ComprehensivePipeline
E, [2025-10-27T13:41:27.780573 #8588] ERROR -- : C:/workspace/minigun/examples/38_comprehensive_execution.rb:101:in 'block (2 levels) in <class:ComprehensivePipeline>'
C:/workspace/minigun/lib/minigun/stage.rb:109:in 'BasicObject#instance_exec'
C:/workspace/minigun/lib/minigun/stage.rb:109:in 'Minigun::AtomicStage#execute'
C:/workspace/minigun/lib/minigun/execution/executor.rb:62:in 'Minigun::Execution::Executor#run_stage_logic'
C:/workspace/minigun/lib/minigun/execution/executor.rb:99:in 'block in Minigun::Execution::ThreadPoolExecutor#execute_with_strategy'
E, [2025-10-27T13:41:27.781999 #8588] ERROR -- : [Pipeline:default][Stage:save_to_db] Error: undefined local variable or method 'output' for an instance of ComprehensivePipeline
E, [2025-10-27T13:41:27.782050 #8588] ERROR -- : C:/workspace/minigun/examples/38_comprehensive_execution.rb:101:in 'block (2 levels) in <class:ComprehensivePipeline>'
C:/workspace/minigun/lib/minigun/stage.rb:109:in 'BasicObject#instance_exec'
C:/workspace/minigun/lib/minigun/stage.rb:109:in 'Minigun::AtomicStage#execute'
C:/workspace/minigun/lib/minigun/execution/executor.rb:62:in 'Minigun::Execution::Executor#run_stage_logic'
C:/workspace/minigun/lib/minigun/execution/executor.rb:99:in 'block in Minigun::Execution::ThreadPoolExecutor#execute_with_strategy'
E, [2025-10-27T13:41:27.783556 #8588] ERROR -- : [Pipeline:default][Stage:save_to_db] Error: undefined local variable or method 'output' for an instance of ComprehensivePipeline
E, [2025-10-27T13:41:27.783603 #8588] ERROR -- : C:/workspace/minigun/examples/38_comprehensive_execution.rb:101:in 'block (2 levels) in <class:ComprehensivePipeline>'
C:/workspace/minigun/lib/minigun/stage.rb:109:in 'BasicObject#instance_exec'
C:/workspace/minigun/lib/minigun/stage.rb:109:in 'Minigun::AtomicStage#execute'
C:/workspace/minigun/lib/minigun/execution/executor.rb:62:in 'Minigun::Execution::Executor#run_stage_logic'
C:/workspace/minigun/lib/minigun/execution/executor.rb:99:in 'block in Minigun::Execution::ThreadPoolExecutor#execute_with_strategy'
#<Thread:0x000001bb017121c8 C:/workspace/minigun/lib/minigun/execution/executor.rb:97 run> terminated with exception 
(report_on_exception is true):
C:/workspace/minigun/examples/38_comprehensive_execution.rb:101:in 'block (2 levels) in 
<class:ComprehensivePipeline>': undefined local variable or method 'output' for an instance of ComprehensivePipeline 
(NameError)

      output << results

      ^^^^^^
	from C:/workspace/minigun/lib/minigun/stage.rb:109:in 'BasicObject#instance_exec'
	from C:/workspace/minigun/lib/minigun/stage.rb:109:in 'Minigun::AtomicStage#execute'
	from C:/workspace/minigun/lib/minigun/execution/executor.rb:62:in 'Minigun::Execution::Executor#run_stage_logic'
	from C:/workspace/minigun/lib/minigun/execution/executor.rb:99:in 'block in 
Minigun::Execution::ThreadPoolExecutor#execute_with_strategy'
#<Thread:0x000001bb017da8a8 C:/workspace/minigun/lib/minigun/execution/executor.rb:97 run> terminated with exception 
(report_on_exception is true):
C:/workspace/minigun/examples/38_comprehensive_execution.rb:101:in 'block (2 levels) in 
<class:ComprehensivePipeline>': undefined local variable or method 'output' for an instance of ComprehensivePipeline 
(NameError)

      output << results

      ^^^^^^
	from C:/workspace/minigun/lib/minigun/stage.rb:109:in 'BasicObject#instance_exec'
	from C:/workspace/minigun/lib/minigun/stage.rb:109:in 'Minigun::AtomicStage#execute'
	from C:/workspace/minigun/lib/minigun/execution/executor.rb:62:in 'Minigun::Execution::Executor#run_stage_logic'
	from C:/workspace/minigun/lib/minigun/execution/executor.rb:99:in 'block in 
Minigun::Execution::ThreadPoolExecutor#execute_with_strategy'
#<Thread:0x000001bb017b2f60 C:/workspace/minigun/lib/minigun/execution/executor.rb:97 run> terminated with exception 
(report_on_exception is true):
C:/workspace/minigun/examples/38_comprehensive_execution.rb:101:in 'block (2 levels) in 
<class:ComprehensivePipeline>': undefined local variable or method 'output' for an instance of ComprehensivePipeline 
(NameError)

      output << results

      ^^^^^^
	from C:/workspace/minigun/lib/minigun/stage.rb:109:in 'BasicObject#instance_exec'
	from C:/workspace/minigun/lib/minigun/stage.rb:109:in 'Minigun::AtomicStage#execute'
	from C:/workspace/minigun/lib/minigun/execution/executor.rb:62:in 'Minigun::Execution::Executor#run_stage_logic'
	from C:/workspace/minigun/lib/minigun/execution/executor.rb:99:in 'block in 
Minigun::Execution::ThreadPoolExecutor#execute_with_strategy'
#<Thread:0x000001bb015db5e8 C:/workspace/minigun/lib/minigun/execution/executor.rb:97 run> terminated with exception 
(report_on_exception is true):
C:/workspace/minigun/examples/38_comprehensive_execution.rb:101:in 'block (2 levels) in 
<class:ComprehensivePipeline>': undefined local variable or method 'output' for an instance of ComprehensivePipeline 
(NameError)

      output << results

      ^^^^^^
	from C:/workspace/minigun/lib/minigun/stage.rb:109:in 'BasicObject#instance_exec'
	from C:/workspace/minigun/lib/minigun/stage.rb:109:in 'Minigun::AtomicStage#execute'
	from C:/workspace/minigun/lib/minigun/execution/executor.rb:62:in 'Minigun::Execution::Executor#run_stage_logic'
	from C:/workspace/minigun/lib/minigun/execution/executor.rb:99:in 'block in 
Minigun::Execution::ThreadPoolExecutor#execute_with_strategy'
#<Thread:0x000001bb735f3bd0 C:/workspace/minigun/lib/minigun/execution/executor.rb:97 run> terminated with exception 
(report_on_exception is true):
C:/workspace/minigun/examples/38_comprehensive_execution.rb:101:in 'block (2 levels) in 
<class:ComprehensivePipeline>': undefined local variable or method 'output' for an instance of ComprehensivePipeline 
(NameError)

      output << results

      ^^^^^^
	from C:/workspace/minigun/lib/minigun/stage.rb:109:in 'BasicObject#instance_exec'
	from C:/workspace/minigun/lib/minigun/stage.rb:109:in 'Minigun::AtomicStage#execute'
	from C:/workspace/minigun/lib/minigun/execution/executor.rb:62:in 'Minigun::Execution::Executor#run_stage_logic'
	from C:/workspace/minigun/lib/minigun/execution/executor.rb:99:in 'block in 
Minigun::Execution::ThreadPoolExecutor#execute_with_strategy'
#<Thread:0x000001bb74db3e00 C:/workspace/minigun/lib/minigun/execution/executor.rb:97 run> terminated with exception 
(report_on_exception is true):
C:/workspace/minigun/examples/38_comprehensive_execution.rb:101:in 'block (2 levels) in 
<class:ComprehensivePipeline>': undefined local variable or method 'output' for an instance of ComprehensivePipeline 
(NameError)

      output << results

      ^^^^^^
	from C:/workspace/minigun/lib/minigun/stage.rb:109:in 'BasicObject#instance_exec'
	from C:/workspace/minigun/lib/minigun/stage.rb:109:in 'Minigun::AtomicStage#execute'
	from C:/workspace/minigun/lib/minigun/execution/executor.rb:62:in 'Minigun::Execution::Executor#run_stage_logic'
	from C:/workspace/minigun/lib/minigun/execution/executor.rb:99:in 'block in 
Minigun::Execution::ThreadPoolExecutor#execute_with_strategy'
#<Thread:0x000001bb74bbf7e8 C:/workspace/minigun/lib/minigun/execution/executor.rb:97 run> terminated with exception 
(report_on_exception is true):
C:/workspace/minigun/examples/38_comprehensive_execution.rb:101:in 'block (2 levels) in 
<class:ComprehensivePipeline>': undefined local variable or method 'output' for an instance of ComprehensivePipeline 
(NameError)

      output << results

      ^^^^^^
	from C:/workspace/minigun/lib/minigun/stage.rb:109:in 'BasicObject#instance_exec'
	from C:/workspace/minigun/lib/minigun/stage.rb:109:in 'Minigun::AtomicStage#execute'
	from C:/workspace/minigun/lib/minigun/execution/executor.rb:62:in 'Minigun::Execution::Executor#run_stage_logic'
	from C:/workspace/minigun/lib/minigun/execution/executor.rb:99:in 'block in 
Minigun::Execution::ThreadPoolExecutor#execute_with_strategy'
#<Thread:0x000001bb74ab5eb0 C:/workspace/minigun/lib/minigun/execution/executor.rb:97 run> terminated with exception 
(report_on_exception is true):
C:/workspace/minigun/examples/38_comprehensive_execution.rb:101:in 'block (2 levels) in 
<class:ComprehensivePipeline>': undefined local variable or method 'output' for an instance of ComprehensivePipeline 
(NameError)

      output << results

      ^^^^^^
	from C:/workspace/minigun/lib/minigun/stage.rb:109:in 'BasicObject#instance_exec'
	from C:/workspace/minigun/lib/minigun/stage.rb:109:in 'Minigun::AtomicStage#execute'
	from C:/workspace/minigun/lib/minigun/execution/executor.rb:62:in 'Minigun::Execution::Executor#run_stage_logic'
	from C:/workspace/minigun/lib/minigun/execution/executor.rb:99:in 'block in 
Minigun::Execution::ThreadPoolExecutor#execute_with_strategy'
#<Thread:0x000001bb74a398b0 C:/workspace/minigun/lib/minigun/execution/executor.rb:97 run> terminated with exception 
(report_on_exception is true):
C:/workspace/minigun/examples/38_comprehensive_execution.rb:101:in 'block (2 levels) in 
<class:ComprehensivePipeline>': undefined local variable or method 'output' for an instance of ComprehensivePipeline 
(NameError)

      output << results

      ^^^^^^
	from C:/workspace/minigun/lib/minigun/stage.rb:109:in 'BasicObject#instance_exec'
	from C:/workspace/minigun/lib/minigun/stage.rb:109:in 'Minigun::AtomicStage#execute'
	from C:/workspace/minigun/lib/minigun/execution/executor.rb:62:in 'Minigun::Execution::Executor#run_stage_logic'
	from C:/workspace/minigun/lib/minigun/execution/executor.rb:99:in 'block in 
Minigun::Execution::ThreadPoolExecutor#execute_with_strategy'
E, [2025-10-27T13:41:27.784974 #8588] ERROR -- : [Pipeline:default][Stage:save_to_db] Error: undefined local variable or method 'output' for an instance of ComprehensivePipeline
E, [2025-10-27T13:41:27.785011 #8588] ERROR -- : C:/workspace/minigun/examples/38_comprehensive_execution.rb:101:in 'block (2 levels) in <class:ComprehensivePipeline>'
C:/workspace/minigun/lib/minigun/stage.rb:109:in 'BasicObject#instance_exec'
C:/workspace/minigun/lib/minigun/stage.rb:109:in 'Minigun::AtomicStage#execute'
C:/workspace/minigun/lib/minigun/execution/executor.rb:62:in 'Minigun::Execution::Executor#run_stage_logic'
C:/workspace/minigun/lib/minigun/execution/executor.rb:99:in 'block in Minigun::Execution::ThreadPoolExecutor#execute_with_strategy'
E, [2025-10-27T13:41:27.786477 #8588] ERROR -- : [Pipeline:default][Stage:save_to_db] Error: undefined local variable or method 'output' for an instance of ComprehensivePipeline
E, [2025-10-27T13:41:27.786521 #8588] ERROR -- : C:/workspace/minigun/examples/38_comprehensive_execution.rb:101:in 'block (2 levels) in <class:ComprehensivePipeline>'
C:/workspace/minigun/lib/minigun/stage.rb:109:in 'BasicObject#instance_exec'
C:/workspace/minigun/lib/minigun/stage.rb:109:in 'Minigun::AtomicStage#execute'
C:/workspace/minigun/lib/minigun/execution/executor.rb:62:in 'Minigun::Execution::Executor#run_stage_logic'
C:/workspace/minigun/lib/minigun/execution/executor.rb:99:in 'block in Minigun::Execution::ThreadPoolExecutor#execute_with_strategy'
E, [2025-10-27T13:41:27.788008 #8588] ERROR -- : [Pipeline:default][Stage:save_to_db] Error: undefined local variable or method 'output' for an instance of ComprehensivePipeline
E, [2025-10-27T13:41:27.788037 #8588] ERROR -- : C:/workspace/minigun/examples/38_comprehensive_execution.rb:101:in 'block (2 levels) in <class:ComprehensivePipeline>'
C:/workspace/minigun/lib/minigun/stage.rb:109:in 'BasicObject#instance_exec'
C:/workspace/minigun/lib/minigun/stage.rb:109:in 'Minigun::AtomicStage#execute'
C:/workspace/minigun/lib/minigun/execution/executor.rb:62:in 'Minigun::Execution::Executor#run_stage_logic'
C:/workspace/minigun/lib/minigun/execution/executor.rb:99:in 'block in Minigun::Execution::ThreadPoolExecutor#execute_with_strategy'
E, [2025-10-27T13:41:27.789564 #8588] ERROR -- : [Pipeline:default][Stage:save_to_db] Error: undefined local variable or method 'output' for an instance of ComprehensivePipeline
E, [2025-10-27T13:41:27.789615 #8588] ERROR -- : C:/workspace/minigun/examples/38_comprehensive_execution.rb:101:in 'block (2 levels) in <class:ComprehensivePipeline>'
C:/workspace/minigun/lib/minigun/stage.rb:109:in 'BasicObject#instance_exec'
C:/workspace/minigun/lib/minigun/stage.rb:109:in 'Minigun::AtomicStage#execute'
C:/workspace/minigun/lib/minigun/execution/executor.rb:62:in 'Minigun::Execution::Executor#run_stage_logic'
C:/workspace/minigun/lib/minigun/execution/executor.rb:99:in 'block in Minigun::Execution::ThreadPoolExecutor#execute_with_strategy'
E, [2025-10-27T13:41:27.791830 #8588] ERROR -- : [Pipeline:default][Stage:save_to_db] Error: undefined local variable or method 'output' for an instance of ComprehensivePipeline
E, [2025-10-27T13:41:27.791879 #8588] ERROR -- : C:/workspace/minigun/examples/38_comprehensive_execution.rb:101:in 'block (2 levels) in <class:ComprehensivePipeline>'
C:/workspace/minigun/lib/minigun/stage.rb:109:in 'BasicObject#instance_exec'
C:/workspace/minigun/lib/minigun/stage.rb:109:in 'Minigun::AtomicStage#execute'
C:/workspace/minigun/lib/minigun/execution/executor.rb:62:in 'Minigun::Execution::Executor#run_stage_logic'
C:/workspace/minigun/lib/minigun/execution/executor.rb:99:in 'block in Minigun::Execution::ThreadPoolExecutor#execute_with_strategy'
E, [2025-10-27T13:41:27.793442 #8588] ERROR -- : [Pipeline:default][Stage:save_to_db] Error: undefined local variable or method 'output' for an instance of ComprehensivePipeline
E, [2025-10-27T13:41:27.793490 #8588] ERROR -- : C:/workspace/minigun/examples/38_comprehensive_execution.rb:101:in 'block (2 levels) in <class:ComprehensivePipeline>'
C:/workspace/minigun/lib/minigun/stage.rb:109:in 'BasicObject#instance_exec'
C:/workspace/minigun/lib/minigun/stage.rb:109:in 'Minigun::AtomicStage#execute'
#<Thread:0x000001bb74b708f0 C:/workspace/minigun/lib/minigun/execution/executor.rb:97 run> terminated with exception 
(report_on_exception is true):
C:/workspace/minigun/lib/minigun/execution/executor.rb:62:in 'Minigun::Execution::Executor#run_stage_logic'
C:/workspace/minigun/lib/minigun/execution/executor.rb:99:in 'block in Minigun::Execution::ThreadPoolExecutor#execute_with_strategy'
C:/workspace/minigun/examples/38_comprehensive_execution.rb:101:in 'block (2 levels) in 
<class:ComprehensivePipeline>': undefined local variable or method 'output' for an instance of ComprehensivePipeline 
(NameError)

      output << results

      ^^^^^^
	from C:/workspace/minigun/lib/minigun/stage.rb:109:in 'BasicObject#instance_exec'
	from C:/workspace/minigun/lib/minigun/stage.rb:109:in 'Minigun::AtomicStage#execute'
	from C:/workspace/minigun/lib/minigun/execution/executor.rb:62:in 'Minigun::Execution::Executor#run_stage_logic'
	from C:/workspace/minigun/lib/minigun/execution/executor.rb:99:in 'block in 
Minigun::Execution::ThreadPoolExecutor#execute_with_strategy'
#<Thread:0x000001bb74bf2440 C:/workspace/minigun/lib/minigun/execution/executor.rb:97 run> terminated with exception 
(report_on_exception is true):
E, [2025-10-27T13:41:27.797294 #8588] ERROR -- : [Pipeline:default][Stage:save_to_db] Error: undefined local variable or method 'output' for an instance of ComprehensivePipeline
E, [2025-10-27T13:41:27.797337 #8588] ERROR -- : C:/workspace/minigun/examples/38_comprehensive_execution.rb:101:in 'block (2 levels) in <class:ComprehensivePipeline>'
C:/workspace/minigun/lib/minigun/stage.rb:109:in 'BasicObject#instance_exec'
C:/workspace/minigun/lib/minigun/stage.rb:109:in 'Minigun::AtomicStage#execute'
C:/workspace/minigun/lib/minigun/execution/executor.rb:62:in 'Minigun::Execution::Executor#run_stage_logic'
C:/workspace/minigun/lib/minigun/execution/executor.rb:99:in 'block in Minigun::Execution::ThreadPoolExecutor#execute_with_strategy'
C:/workspace/minigun/examples/38_comprehensive_execution.rb:101:in 'block (2 levels) in 
<class:ComprehensivePipeline>': undefined local variable or method 'output' for an instance of ComprehensivePipeline 
(NameError)

      output << results

      ^^^^^^
	from C:/workspace/minigun/lib/minigun/stage.rb:109:in 'BasicObject#instance_exec'
	from C:/workspace/minigun/lib/minigun/stage.rb:109:in 'Minigun::AtomicStage#execute'
	from C:/workspace/minigun/lib/minigun/execution/executor.rb:62:in 'Minigun::Execution::Executor#run_stage_logic'
	from C:/workspace/minigun/lib/minigun/execution/executor.rb:99:in 'block in 
Minigun::Execution::ThreadPoolExecutor#execute_with_strategy'
#<Thread:0x000001bb74d14bc0 C:/workspace/minigun/lib/minigun/execution/executor.rb:97 run> terminated with exception 
(report_on_exception is true):
C:/workspace/minigun/examples/38_comprehensive_execution.rb:101:in 'block (2 levels) in 
<class:ComprehensivePipeline>': undefined local variable or method 'output' for an instance of ComprehensivePipeline 
(NameError)

      output << results

      ^^^^^^
	from C:/workspace/minigun/lib/minigun/stage.rb:109:in 'BasicObject#instance_exec'
	from C:/workspace/minigun/lib/minigun/stage.rb:109:in 'Minigun::AtomicStage#execute'
	from C:/workspace/minigun/lib/minigun/execution/executor.rb:62:in 'Minigun::Execution::Executor#run_stage_logic'
E, [2025-10-27T13:41:27.798852 #8588] ERROR -- : [Pipeline:default][Stage:save_to_db] Error: undefined local variable or method 'output' for an instance of ComprehensivePipeline
E, [2025-10-27T13:41:27.798922 #8588] ERROR -- : C:/workspace/minigun/examples/38_comprehensive_execution.rb:101:in 'block (2 levels) in <class:ComprehensivePipeline>'
C:/workspace/minigun/lib/minigun/stage.rb:109:in 'BasicObject#instance_exec'
C:/workspace/minigun/lib/minigun/stage.rb:109:in 'Minigun::AtomicStage#execute'
C:/workspace/minigun/lib/minigun/execution/executor.rb:62:in 'Minigun::Execution::Executor#run_stage_logic'
C:/workspace/minigun/lib/minigun/execution/executor.rb:99:in 'block in Minigun::Execution::ThreadPoolExecutor#execute_with_strategy'
E, [2025-10-27T13:41:27.800484 #8588] ERROR -- : [Pipeline:default][Stage:save_to_db] Error: undefined local variable or method 'output' for an instance of ComprehensivePipeline
E, [2025-10-27T13:41:27.800527 #8588] ERROR -- : C:/workspace/minigun/examples/38_comprehensive_execution.rb:101:in 'block (2 levels) in <class:ComprehensivePipeline>'
C:/workspace/minigun/lib/minigun/stage.rb:109:in 'BasicObject#instance_exec'
C:/workspace/minigun/lib/minigun/stage.rb:109:in 'Minigun::AtomicStage#execute'
C:/workspace/minigun/lib/minigun/execution/executor.rb:62:in 'Minigun::Execution::Executor#run_stage_logic'
C:/workspace/minigun/lib/minigun/execution/executor.rb:99:in 'block in Minigun::Execution::ThreadPoolExecutor#execute_with_strategy'
E, [2025-10-27T13:41:27.801940 #8588] ERROR -- : [Pipeline:default][Stage:save_to_db] Error: undefined local variable or method 'output' for an instance of ComprehensivePipeline
E, [2025-10-27T13:41:27.801990 #8588] ERROR -- : C:/workspace/minigun/examples/38_comprehensive_execution.rb:101:in 'block (2 levels) in <class:ComprehensivePipeline>'
C:/workspace/minigun/lib/minigun/stage.rb:109:in 'BasicObject#instance_exec'
C:/workspace/minigun/lib/minigun/stage.rb:109:in 'Minigun::AtomicStage#execute'
C:/workspace/minigun/lib/minigun/execution/executor.rb:62:in 'Minigun::Execution::Executor#run_stage_logic'
C:/workspace/minigun/lib/minigun/execution/executor.rb:99:in 'block in Minigun::Execution::ThreadPoolExecutor#execute_with_strategy'
E, [2025-10-27T13:41:27.803432 #8588] ERROR -- : [Pipeline:default][Stage:save_to_db] Error: undefined local variable or method 'output' for an instance of ComprehensivePipeline
E, [2025-10-27T13:41:27.803482 #8588] ERROR -- : C:/workspace/minigun/examples/38_comprehensive_execution.rb:101:in 'block (2 levels) in <class:ComprehensivePipeline>'
C:/workspace/minigun/lib/minigun/stage.rb:109:in 'BasicObject#instance_exec'
C:/workspace/minigun/lib/minigun/stage.rb:109:in 'Minigun::AtomicStage#execute'
C:/workspace/minigun/lib/minigun/execution/executor.rb:62:in 'Minigun::Execution::Executor#run_stage_logic'
C:/workspace/minigun/lib/minigun/execution/executor.rb:99:in 'block in Minigun::Execution::ThreadPoolExecutor#execute_with_strategy'
E, [2025-10-27T13:41:27.804973 #8588] ERROR -- : [Pipeline:default][Stage:save_to_db] Error: undefined local variable or method 'output' for an instance of ComprehensivePipeline
E, [2025-10-27T13:41:27.805025 #8588] ERROR -- : C:/workspace/minigun/examples/38_comprehensive_execution.rb:101:in 'block (2 levels) in <class:ComprehensivePipeline>'
C:/workspace/minigun/lib/minigun/stage.rb:109:in 'BasicObject#instance_exec'
C:/workspace/minigun/lib/minigun/stage.rb:109:in 'Minigun::AtomicStage#execute'
C:/workspace/minigun/lib/minigun/execution/executor.rb:62:in 'Minigun::Execution::Executor#run_stage_logic'
C:/workspace/minigun/lib/minigun/execution/executor.rb:99:in 'block in Minigun::Execution::ThreadPoolExecutor#execute_with_strategy'
E, [2025-10-27T13:41:27.806469 #8588] ERROR -- : [Pipeline:default][Stage:save_to_db] Error: undefined local variable or method 'output' for an instance of ComprehensivePipeline
E, [2025-10-27T13:41:27.806524 #8588] ERROR -- : C:/workspace/minigun/examples/38_comprehensive_execution.rb:101:in 'block (2 levels) in <class:ComprehensivePipeline>'
C:/workspace/minigun/lib/minigun/stage.rb:109:in 'BasicObject#instance_exec'
C:/workspace/minigun/lib/minigun/stage.rb:109:in 'Minigun::AtomicStage#execute'
C:/workspace/minigun/lib/minigun/execution/executor.rb:62:in 'Minigun::Execution::Executor#run_stage_logic'
C:/workspace/minigun/lib/minigun/execution/executor.rb:99:in 'block in Minigun::Execution::ThreadPoolExecutor#execute_with_strategy'
	from C:/workspace/minigun/lib/minigun/execution/executor.rb:99:in 'block in 
Minigun::Execution::ThreadPoolExecutor#execute_with_strategy'
#<Thread:0x000001bb75174378 C:/workspace/minigun/lib/minigun/execution/executor.rb:97 run> terminated with exception 
(report_on_exception is true):
C:/workspace/minigun/examples/38_comprehensive_execution.rb:101:in 'block (2 levels) in 
<class:ComprehensivePipeline>': undefined local variable or method 'output' for an instance of ComprehensivePipeline 
(NameError)

      output << results

      ^^^^^^
	from C:/workspace/minigun/lib/minigun/stage.rb:109:in 'BasicObject#instance_exec'
	from C:/workspace/minigun/lib/minigun/stage.rb:109:in 'Minigun::AtomicStage#execute'
	from C:/workspace/minigun/lib/minigun/execution/executor.rb:62:in 'Minigun::Execution::Executor#run_stage_logic'
	from C:/workspace/minigun/lib/minigun/execution/executor.rb:99:in 'block in 
Minigun::Execution::ThreadPoolExecutor#execute_with_strategy'
#<Thread:0x000001bb735bc950 C:/workspace/minigun/lib/minigun/execution/executor.rb:97 run> terminated with exception 
(report_on_exception is true):
C:/workspace/minigun/examples/38_comprehensive_execution.rb:101:in 'block (2 levels) in 
<class:ComprehensivePipeline>': undefined local variable or method 'output' for an instance of ComprehensivePipeline 
(NameError)

      output << results

      ^^^^^^
	from C:/workspace/minigun/lib/minigun/stage.rb:109:in 'BasicObject#instance_exec'
	from C:/workspace/minigun/lib/minigun/stage.rb:109:in 'Minigun::AtomicStage#execute'
	from C:/workspace/minigun/lib/minigun/execution/executor.rb:62:in 'Minigun::Execution::Executor#run_stage_logic'
	from C:/workspace/minigun/lib/minigun/execution/executor.rb:99:in 'block in 
Minigun::Execution::ThreadPoolExecutor#execute_with_strategy'
#<Thread:0x000001bb752b5098 C:/workspace/minigun/lib/minigun/execution/executor.rb:97 run> terminated with exception 
(report_on_exception is true):
E, [2025-10-27T13:41:27.808054 #8588] ERROR -- : [Pipeline:default][Stage:save_to_db] Error: undefined local variable or method 'output' for an instance of ComprehensivePipeline
E, [2025-10-27T13:41:27.808099 #8588] ERROR -- : C:/workspace/minigun/examples/38_comprehensive_execution.rb:101:in 'block (2 levels) in <class:ComprehensivePipeline>'
C:/workspace/minigun/lib/minigun/stage.rb:109:in 'BasicObject#instance_exec'
C:/workspace/minigun/lib/minigun/stage.rb:109:in 'Minigun::AtomicStage#execute'
C:/workspace/minigun/lib/minigun/execution/executor.rb:62:in 'Minigun::Execution::Executor#run_stage_logic'
C:/workspace/minigun/lib/minigun/execution/executor.rb:99:in 'block in Minigun::Execution::ThreadPoolExecutor#execute_with_strategy'
E, [2025-10-27T13:41:27.809535 #8588] ERROR -- : [Pipeline:default][Stage:save_to_db] Error: undefined local variable or method 'output' for an instance of ComprehensivePipeline
E, [2025-10-27T13:41:27.809578 #8588] ERROR -- : C:/workspace/minigun/examples/38_comprehensive_execution.rb:101:in 'block (2 levels) in <class:ComprehensivePipeline>'
C:/workspace/minigun/lib/minigun/stage.rb:109:in 'BasicObject#instance_exec'
C:/workspace/minigun/lib/minigun/stage.rb:109:in 'Minigun::AtomicStage#execute'
C:/workspace/minigun/lib/minigun/execution/executor.rb:62:in 'Minigun::Execution::Executor#run_stage_logic'
C:/workspace/minigun/lib/minigun/execution/executor.rb:99:in 'block in Minigun::Execution::ThreadPoolExecutor#execute_with_strategy'
E, [2025-10-27T13:41:27.811045 #8588] ERROR -- : [Pipeline:default][Stage:save_to_db] Error: undefined local variable or method 'output' for an instance of ComprehensivePipeline
E, [2025-10-27T13:41:27.811094 #8588] ERROR -- : C:/workspace/minigun/examples/38_comprehensive_execution.rb:101:in 'block (2 levels) in <class:ComprehensivePipeline>'
C:/workspace/minigun/lib/minigun/stage.rb:109:in 'BasicObject#instance_exec'
C:/workspace/minigun/lib/minigun/stage.rb:109:in 'Minigun::AtomicStage#execute'
C:/workspace/minigun/lib/minigun/execution/executor.rb:62:in 'Minigun::Execution::Executor#run_stage_logic'
C:/workspace/minigun/lib/minigun/execution/executor.rb:99:in 'block in Minigun::Execution::ThreadPoolExecutor#execute_with_strategy'
C:/workspace/minigun/examples/38_comprehensive_execution.rb:101:in 'block (2 levels) in 
<class:ComprehensivePipeline>': undefined local variable or method 'output' for an instance of ComprehensivePipeline 
(NameError)

      output << results

      ^^^^^^
	from C:/workspace/minigun/lib/minigun/stage.rb:109:in 'BasicObject#instance_exec'
	from C:/workspace/minigun/lib/minigun/stage.rb:109:in 'Minigun::AtomicStage#execute'
	from C:/workspace/minigun/lib/minigun/execution/executor.rb:62:in 'Minigun::Execution::Executor#run_stage_logic'
	from C:/workspace/minigun/lib/minigun/execution/executor.rb:99:in 'block in 
Minigun::Execution::ThreadPoolExecutor#execute_with_strategy'
#<Thread:0x000001bb7363d758 C:/workspace/minigun/lib/minigun/execution/executor.rb:97 run> terminated with exception 
(report_on_exception is true):
C:/workspace/minigun/examples/38_comprehensive_execution.rb:101:in 'block (2 levels) in 
<class:ComprehensivePipeline>': undefined local variable or method 'output' for an instance of ComprehensivePipeline 
(NameError)

      output << results

      ^^^^^^
	from C:/workspace/minigun/lib/minigun/stage.rb:109:in 'BasicObject#instance_exec'
	from C:/workspace/minigun/lib/minigun/stage.rb:109:in 'Minigun::AtomicStage#execute'
	from C:/workspace/minigun/lib/minigun/execution/executor.rb:62:in 'Minigun::Execution::Executor#run_stage_logic'
	from C:/workspace/minigun/lib/minigun/execution/executor.rb:99:in 'block in 
Minigun::Execution::ThreadPoolExecutor#execute_with_strategy'
#<Thread:0x000001bb01675c60 C:/workspace/minigun/lib/minigun/execution/executor.rb:97 run> terminated with exception 
(report_on_exception is true):
C:/workspace/minigun/examples/38_comprehensive_execution.rb:101:in 'block (2 levels) in 
<class:ComprehensivePipeline>': undefined local variable or method 'output' for an instance of ComprehensivePipeline 
(NameError)

      output << results

      ^^^^^^
	from C:/workspace/minigun/lib/minigun/stage.rb:109:in 'BasicObject#instance_exec'
	from C:/workspace/minigun/lib/minigun/stage.rb:109:in 'Minigun::AtomicStage#execute'
	from C:/workspace/minigun/lib/minigun/execution/executor.rb:62:in 'Minigun::Execution::Executor#run_stage_logic'
	from C:/workspace/minigun/lib/minigun/execution/executor.rb:99:in 'block in 
Minigun::Execution::ThreadPoolExecutor#execute_with_strategy'
#<Thread:0x000001bb0177d248 C:/workspace/minigun/lib/minigun/execution/executor.rb:97 run> terminated with exception 
(report_on_exception is true):
C:/workspace/minigun/examples/38_comprehensive_execution.rb:101:in 'block (2 levels) in 
<class:ComprehensivePipeline>': undefined local variable or method 'output' for an instance of ComprehensivePipeline 
(NameError)

      output << results

      ^^^^^^
	from C:/workspace/minigun/lib/minigun/stage.rb:109:in 'BasicObject#instance_exec'
	from C:/workspace/minigun/lib/minigun/stage.rb:109:in 'Minigun::AtomicStage#execute'
	from C:/workspace/minigun/lib/minigun/execution/executor.rb:62:in 'Minigun::Execution::Executor#run_stage_logic'
	from C:/workspace/minigun/lib/minigun/execution/executor.rb:99:in 'block in 
Minigun::Execution::ThreadPoolExecutor#execute_with_strategy'
#<Thread:0x000001bb01713d48 C:/workspace/minigun/lib/minigun/execution/executor.rb:97 run> terminated with exception 
(report_on_exception is true):
C:/workspace/minigun/examples/38_comprehensive_execution.rb:101:in 'block (2 levels) in 
<class:ComprehensivePipeline>': undefined local variable or method 'output' for an instance of ComprehensivePipeline 
(NameError)

      output << results

      ^^^^^^
	from C:/workspace/minigun/lib/minigun/stage.rb:109:in 'BasicObject#instance_exec'
	from C:/workspace/minigun/lib/minigun/stage.rb:109:in 'Minigun::AtomicStage#execute'
	from C:/workspace/minigun/lib/minigun/execution/executor.rb:62:in 'Minigun::Execution::Executor#run_stage_logic'
	from C:/workspace/minigun/lib/minigun/execution/executor.rb:99:in 'block in 
Minigun::Execution::ThreadPoolExecutor#execute_with_strategy'
#<Thread:0x000001bb017dc428 C:/workspace/minigun/lib/minigun/execution/executor.rb:97 run> terminated with exception 
(report_on_exception is true):
C:/workspace/minigun/examples/38_comprehensive_execution.rb:101:in 'block (2 levels) in 
<class:ComprehensivePipeline>': undefined local variable or method 'output' for an instance of ComprehensivePipeline 
(NameError)

      output << results

      ^^^^^^
	from C:/workspace/minigun/lib/minigun/stage.rb:109:in 'BasicObject#instance_exec'
	from C:/workspace/minigun/lib/minigun/stage.rb:109:in 'Minigun::AtomicStage#execute'
	from C:/workspace/minigun/lib/minigun/execution/executor.rb:62:in 'Minigun::Execution::Executor#run_stage_logic'
	from C:/workspace/minigun/lib/minigun/execution/executor.rb:99:in 'block in 
Minigun::Execution::ThreadPoolExecutor#execute_with_strategy'
#<Thread:0x000001bb017b4ae0 C:/workspace/minigun/lib/minigun/execution/executor.rb:97 run> terminated with exception 
(report_on_exception is true):
E, [2025-10-27T13:41:27.812462 #8588] ERROR -- : [Pipeline:default][Stage:save_to_db] Error: undefined local variable or method 'output' for an instance of ComprehensivePipeline
C:/workspace/minigun/examples/38_comprehensive_execution.rb:101:in 'block (2 levels) in 
<class:ComprehensivePipeline>': undefined local variable or method 'output' for an instance of ComprehensivePipeline 
(NameError)

      output << results

      ^^^^^^
	from C:/workspace/minigun/lib/minigun/stage.rb:109:in 'BasicObject#instance_exec'
	from C:/workspace/minigun/lib/minigun/stage.rb:109:in 'Minigun::AtomicStage#execute'
	from C:/workspace/minigun/lib/minigun/execution/executor.rb:62:in 'Minigun::Execution::Executor#run_stage_logic'
	from C:/workspace/minigun/lib/minigun/execution/executor.rb:99:in 'block in 
Minigun::Execution::ThreadPoolExecutor#execute_with_strategy'
#<Thread:0x000001bb015dd168 C:/workspace/minigun/lib/minigun/execution/executor.rb:97 run> terminated with exception 
(report_on_exception is true):
C:/workspace/minigun/examples/38_comprehensive_execution.rb:101:in 'block (2 levels) in 
<class:ComprehensivePipeline>': undefined local variable or method 'output' for an instance of ComprehensivePipeline 
(NameError)

      output << results

      ^^^^^^
	from C:/workspace/minigun/lib/minigun/stage.rb:109:in 'BasicObject#instance_exec'
	from C:/workspace/minigun/lib/minigun/stage.rb:109:in 'Minigun::AtomicStage#execute'
	from C:/workspace/minigun/lib/minigun/execution/executor.rb:62:in 'Minigun::Execution::Executor#run_stage_logic'
	from C:/workspace/minigun/lib/minigun/execution/executor.rb:99:in 'block in 
Minigun::Execution::ThreadPoolExecutor#execute_with_strategy'
#<Thread:0x000001bb735f5750 C:/workspace/minigun/lib/minigun/execution/executor.rb:97 run> terminated with exception 
(report_on_exception is true):
C:/workspace/minigun/examples/38_comprehensive_execution.rb:101:in 'block (2 levels) in 
<class:ComprehensivePipeline>': undefined local variable or method 'output' for an instance of ComprehensivePipeline 
(NameError)

      output << results

      ^^^^^^
	from C:/workspace/minigun/lib/minigun/stage.rb:109:in 'BasicObject#instance_exec'
	from C:/workspace/minigun/lib/minigun/stage.rb:109:in 'Minigun::AtomicStage#execute'
	from C:/workspace/minigun/lib/minigun/execution/executor.rb:62:in 'Minigun::Execution::Executor#run_stage_logic'
	from C:/workspace/minigun/lib/minigun/execution/executor.rb:99:in 'block in 
Minigun::Execution::ThreadPoolExecutor#execute_with_strategy'
#<Thread:0x000001bb74db7118 C:/workspace/minigun/lib/minigun/execution/executor.rb:97 run> terminated with exception 
(report_on_exception is true):
C:/workspace/minigun/examples/38_comprehensive_execution.rb:101:in 'block (2 levels) in 
<class:ComprehensivePipeline>': undefined local variable or method 'output' for an instance of ComprehensivePipeline 
(NameError)

      output << results

      ^^^^^^
	from C:/workspace/minigun/lib/minigun/stage.rb:109:in 'BasicObject#instance_exec'
	from C:/workspace/minigun/lib/minigun/stage.rb:109:in 'Minigun::AtomicStage#execute'
	from C:/workspace/minigun/lib/minigun/execution/executor.rb:62:in 'Minigun::Execution::Executor#run_stage_logic'
	from C:/workspace/minigun/lib/minigun/execution/executor.rb:99:in 'block in 
Minigun::Execution::ThreadPoolExecutor#execute_with_strategy'
#<Thread:0x000001bb74c13aa0 C:/workspace/minigun/lib/minigun/execution/executor.rb:97 run> terminated with exception 
(report_on_exception is true):
C:/workspace/minigun/examples/38_comprehensive_execution.rb:101:in 'block (2 levels) in 
<class:ComprehensivePipeline>': undefined local variable or method 'output' for an instance of ComprehensivePipeline 
(NameError)

      output << results

      ^^^^^^
	from C:/workspace/minigun/lib/minigun/stage.rb:109:in 'BasicObject#instance_exec'
	from C:/workspace/minigun/lib/minigun/stage.rb:109:in 'Minigun::AtomicStage#execute'
	from C:/workspace/minigun/lib/minigun/execution/executor.rb:62:in 'Minigun::Execution::Executor#run_stage_logic'
	from C:/workspace/minigun/lib/minigun/execution/executor.rb:99:in 'block in 
Minigun::Execution::ThreadPoolExecutor#execute_with_strategy'
#<Thread:0x000001bb74ab5ed8 C:/workspace/minigun/lib/minigun/execution/executor.rb:97 run> terminated with exception 
(report_on_exception is true):
C:/workspace/minigun/examples/38_comprehensive_execution.rb:101:in 'block (2 levels) in 
<class:ComprehensivePipeline>': undefined local variable or method 'output' for an instance of ComprehensivePipeline 
(NameError)

      output << results

      ^^^^^^
	from C:/workspace/minigun/lib/minigun/stage.rb:109:in 'BasicObject#instance_exec'
	from C:/workspace/minigun/lib/minigun/stage.rb:109:in 'Minigun::AtomicStage#execute'
	from C:/workspace/minigun/lib/minigun/execution/executor.rb:62:in 'Minigun::Execution::Executor#run_stage_logic'
	from C:/workspace/minigun/lib/minigun/execution/executor.rb:99:in 'block in 
Minigun::Execution::ThreadPoolExecutor#execute_with_strategy'
#<Thread:0x000001bb74a398b0 C:/workspace/minigun/lib/minigun/execution/executor.rb:97 run> terminated with exception 
(report_on_exception is true):
E, [2025-10-27T13:41:27.812505 #8588] ERROR -- : C:/workspace/minigun/examples/38_comprehensive_execution.rb:101:in 'block (2 levels) in <class:ComprehensivePipeline>'
C:/workspace/minigun/lib/minigun/stage.rb:109:in 'BasicObject#instance_exec'
C:/workspace/minigun/lib/minigun/stage.rb:109:in 'Minigun::AtomicStage#execute'
C:/workspace/minigun/lib/minigun/execution/executor.rb:62:in 'Minigun::Execution::Executor#run_stage_logic'
C:/workspace/minigun/lib/minigun/execution/executor.rb:99:in 'block in Minigun::Execution::ThreadPoolExecutor#execute_with_strategy'
E, [2025-10-27T13:41:27.813913 #8588] ERROR -- : [Pipeline:default][Stage:save_to_db] Error: undefined local variable or method 'output' for an instance of ComprehensivePipeline
E, [2025-10-27T13:41:27.813959 #8588] ERROR -- : C:/workspace/minigun/examples/38_comprehensive_execution.rb:101:in 'block (2 levels) in <class:ComprehensivePipeline>'
C:/workspace/minigun/lib/minigun/stage.rb:109:in 'BasicObject#instance_exec'
C:/workspace/minigun/lib/minigun/stage.rb:109:in 'Minigun::AtomicStage#execute'
C:/workspace/minigun/lib/minigun/execution/executor.rb:62:in 'Minigun::Execution::Executor#run_stage_logic'
C:/workspace/minigun/lib/minigun/execution/executor.rb:99:in 'block in Minigun::Execution::ThreadPoolExecutor#execute_with_strategy'
E, [2025-10-27T13:41:27.815414 #8588] ERROR -- : [Pipeline:default][Stage:save_to_db] Error: undefined local variable or method 'output' for an instance of ComprehensivePipeline
E, [2025-10-27T13:41:27.815456 #8588] ERROR -- : C:/workspace/minigun/examples/38_comprehensive_execution.rb:101:in 'block (2 levels) in <class:ComprehensivePipeline>'
C:/workspace/minigun/lib/minigun/stage.rb:109:in 'BasicObject#instance_exec'
C:/workspace/minigun/lib/minigun/stage.rb:109:in 'Minigun::AtomicStage#execute'
C:/workspace/minigun/lib/minigun/execution/executor.rb:62:in 'Minigun::Execution::Executor#run_stage_logic'
C:/workspace/minigun/lib/minigun/execution/executor.rb:99:in 'block in Minigun::Execution::ThreadPoolExecutor#execute_with_strategy'
E, [2025-10-27T13:41:27.816926 #8588] ERROR -- : [Pipeline:default][Stage:save_to_db] Error: undefined local variable or method 'output' for an instance of ComprehensivePipeline
E, [2025-10-27T13:41:27.816977 #8588] ERROR -- : C:/workspace/minigun/examples/38_comprehensive_execution.rb:101:in 'block (2 levels) in <class:ComprehensivePipeline>'
C:/workspace/minigun/lib/minigun/stage.rb:109:in 'BasicObject#instance_exec'
C:/workspace/minigun/lib/minigun/stage.rb:109:in 'Minigun::AtomicStage#execute'
C:/workspace/minigun/lib/minigun/execution/executor.rb:62:in 'Minigun::Execution::Executor#run_stage_logic'
C:/workspace/minigun/lib/minigun/execution/executor.rb:99:in 'block in Minigun::Execution::ThreadPoolExecutor#execute_with_strategy'
E, [2025-10-27T13:41:27.818450 #8588] ERROR -- : [Pipeline:default][Stage:save_to_db] Error: undefined local variable or method 'output' for an instance of ComprehensivePipeline
E, [2025-10-27T13:41:27.818500 #8588] ERROR -- : C:/workspace/minigun/examples/38_comprehensive_execution.rb:101:in 'block (2 levels) in <class:ComprehensivePipeline>'
C:/workspace/minigun/lib/minigun/stage.rb:109:in 'BasicObject#instance_exec'
C:/workspace/minigun/lib/minigun/stage.rb:109:in 'Minigun::AtomicStage#execute'
C:/workspace/minigun/lib/minigun/execution/executor.rb:62:in 'Minigun::Execution::Executor#run_stage_logic'
C:/workspace/minigun/lib/minigun/execution/executor.rb:99:in 'block in Minigun::Execution::ThreadPoolExecutor#execute_with_strategy'
E, [2025-10-27T13:41:27.820067 #8588] ERROR -- : [Pipeline:default][Stage:save_to_db] Error: undefined local variable or method 'output' for an instance of ComprehensivePipeline
E, [2025-10-27T13:41:27.820111 #8588] ERROR -- : C:/workspace/minigun/examples/38_comprehensive_execution.rb:101:in 'block (2 levels) in <class:ComprehensivePipeline>'
C:/workspace/minigun/lib/minigun/stage.rb:109:in 'BasicObject#instance_exec'
C:/workspace/minigun/lib/minigun/stage.rb:109:in 'Minigun::AtomicStage#execute'
C:/workspace/minigun/lib/minigun/execution/executor.rb:62:in 'Minigun::Execution::Executor#run_stage_logic'
C:/workspace/minigun/lib/minigun/execution/executor.rb:99:in 'block in Minigun::Execution::ThreadPoolExecutor#execute_with_strategy'
E, [2025-10-27T13:41:27.822314 #8588] ERROR -- : [Pipeline:default][Stage:save_to_db] Error: undefined local variable or method 'output' for an instance of ComprehensivePipeline
E, [2025-10-27T13:41:27.822397 #8588] ERROR -- : C:/workspace/minigun/examples/38_comprehensive_execution.rb:101:in 'block (2 levels) in <class:ComprehensivePipeline>'
C:/workspace/minigun/lib/minigun/stage.rb:109:in 'BasicObject#instance_exec'
C:/workspace/minigun/lib/minigun/stage.rb:109:in 'Minigun::AtomicStage#execute'
C:/workspace/minigun/lib/minigun/execution/executor.rb:62:in 'Minigun::Execution::Executor#run_stage_logic'
C:/workspace/minigun/lib/minigun/execution/executor.rb:99:in 'block in Minigun::Execution::ThreadPoolExecutor#execute_with_strategy'
E, [2025-10-27T13:41:27.823990 #8588] ERROR -- : [Pipeline:default][Stage:save_to_db] Error: undefined local variable or method 'output' for an instance of ComprehensivePipeline
E, [2025-10-27T13:41:27.824033 #8588] ERROR -- : C:/workspace/minigun/examples/38_comprehensive_execution.rb:101:in 'block (2 levels) in <class:ComprehensivePipeline>'
C:/workspace/minigun/lib/minigun/stage.rb:109:in 'BasicObject#instance_exec'
C:/workspace/minigun/lib/minigun/stage.rb:109:in 'Minigun::AtomicStage#execute'
C:/workspace/minigun/lib/minigun/execution/executor.rb:62:in 'Minigun::Execution::Executor#run_stage_logic'
C:/workspace/minigun/lib/minigun/execution/executor.rb:99:in 'block in Minigun::Execution::ThreadPoolExecutor#execute_with_strategy'
E, [2025-10-27T13:41:27.825510 #8588] ERROR -- : [Pipeline:default][Stage:save_to_db] Error: undefined local variable or method 'output' for an instance of ComprehensivePipeline
E, [2025-10-27T13:41:27.825556 #8588] ERROR -- : C:/workspace/minigun/examples/38_comprehensive_execution.rb:101:in 'block (2 levels) in <class:ComprehensivePipeline>'
C:/workspace/minigun/lib/minigun/stage.rb:109:in 'BasicObject#instance_exec'
C:/workspace/minigun/lib/minigun/stage.rb:109:in 'Minigun::AtomicStage#execute'
C:/workspace/minigun/lib/minigun/execution/executor.rb:62:in 'Minigun::Execution::Executor#run_stage_logic'
C:/workspace/minigun/lib/minigun/execution/executor.rb:99:in 'block in Minigun::Execution::ThreadPoolExecutor#execute_with_strategy'
E, [2025-10-27T13:41:27.827075 #8588] ERROR -- : [Pipeline:default][Stage:save_to_db] Error: undefined local variable or method 'output' for an instance of ComprehensivePipeline
E, [2025-10-27T13:41:27.827117 #8588] ERROR -- : C:/workspace/minigun/examples/38_comprehensive_execution.rb:101:in 'block (2 levels) in <class:ComprehensivePipeline>'
C:/workspace/minigun/lib/minigun/stage.rb:109:in 'BasicObject#instance_exec'
C:/workspace/minigun/lib/minigun/stage.rb:109:in 'Minigun::AtomicStage#execute'
C:/workspace/minigun/lib/minigun/execution/executor.rb:62:in 'Minigun::Execution::Executor#run_stage_logic'
C:/workspace/minigun/lib/minigun/execution/executor.rb:99:in 'block in Minigun::Execution::ThreadPoolExecutor#execute_with_strategy'
E, [2025-10-27T13:41:27.828649 #8588] ERROR -- : [Pipeline:default][Stage:save_to_db] Error: undefined local variable or method 'output' for an instance of ComprehensivePipeline
E, [2025-10-27T13:41:27.828691 #8588] ERROR -- : C:/workspace/minigun/examples/38_comprehensive_execution.rb:101:in 'block (2 levels) in <class:ComprehensivePipeline>'
C:/workspace/minigun/lib/minigun/stage.rb:109:in 'BasicObject#instance_exec'
C:/workspace/minigun/lib/minigun/stage.rb:109:in 'Minigun::AtomicStage#execute'
C:/workspace/minigun/lib/minigun/execution/executor.rb:62:in 'Minigun::Execution::Executor#run_stage_logic'
C:/workspace/minigun/lib/minigun/execution/executor.rb:99:in 'block in Minigun::Execution::ThreadPoolExecutor#execute_with_strategy'
E, [2025-10-27T13:41:27.830091 #8588] ERROR -- : [Pipeline:default][Stage:save_to_db] Error: undefined local variable or method 'output' for an instance of ComprehensivePipeline
E, [2025-10-27T13:41:27.830140 #8588] ERROR -- : C:/workspace/minigun/examples/38_comprehensive_execution.rb:101:in 'block (2 levels) in <class:ComprehensivePipeline>'
C:/workspace/minigun/lib/minigun/stage.rb:109:in 'BasicObject#instance_exec'
C:/workspace/minigun/lib/minigun/stage.rb:109:in 'Minigun::AtomicStage#execute'
C:/workspace/minigun/lib/minigun/execution/executor.rb:62:in 'Minigun::Execution::Executor#run_stage_logic'
C:/workspace/minigun/lib/minigun/execution/executor.rb:99:in 'block in Minigun::Execution::ThreadPoolExecutor#execute_with_strategy'
C:/workspace/minigun/examples/38_comprehensive_execution.rb:101:in 'block (2 levels) in 
<class:ComprehensivePipeline>': undefined local variable or method 'output' for an instance of ComprehensivePipeline 
(NameError)

      output << results

      ^^^^^^
	from C:/workspace/minigun/lib/minigun/stage.rb:109:in 'BasicObject#instance_exec'
	from C:/workspace/minigun/lib/minigun/stage.rb:109:in 'Minigun::AtomicStage#execute'
	from C:/workspace/minigun/lib/minigun/execution/executor.rb:62:in 'Minigun::Execution::Executor#run_stage_logic'
	from C:/workspace/minigun/lib/minigun/execution/executor.rb:99:in 'block in 
Minigun::Execution::ThreadPoolExecutor#execute_with_strategy'
#<Thread:0x000001bb74b708f0 C:/workspace/minigun/lib/minigun/execution/executor.rb:97 run> terminated with exception 
(report_on_exception is true):
C:/workspace/minigun/examples/38_comprehensive_execution.rb:101:in 'block (2 levels) in 
<class:ComprehensivePipeline>': undefined local variable or method 'output' for an instance of ComprehensivePipeline 
(NameError)

      output << results

      ^^^^^^
	from C:/workspace/minigun/lib/minigun/stage.rb:109:in 'BasicObject#instance_exec'
	from C:/workspace/minigun/lib/minigun/stage.rb:109:in 'Minigun::AtomicStage#execute'
	from C:/workspace/minigun/lib/minigun/execution/executor.rb:62:in 'Minigun::Execution::Executor#run_stage_logic'
	from C:/workspace/minigun/lib/minigun/execution/executor.rb:99:in 'block in 
Minigun::Execution::ThreadPoolExecutor#execute_with_strategy'
#<Thread:0x000001bb74bf06e0 C:/workspace/minigun/lib/minigun/execution/executor.rb:97 run> terminated with exception 
(report_on_exception is true):
C:/workspace/minigun/examples/38_comprehensive_execution.rb:101:in 'block (2 levels) in 
<class:ComprehensivePipeline>': undefined local variable or method 'output' for an instance of ComprehensivePipeline 
(NameError)

      output << results

      ^^^^^^
	from C:/workspace/minigun/lib/minigun/stage.rb:109:in 'BasicObject#instance_exec'
	from C:/workspace/minigun/lib/minigun/stage.rb:109:in 'Minigun::AtomicStage#execute'
	from C:/workspace/minigun/lib/minigun/execution/executor.rb:62:in 'Minigun::Execution::Executor#run_stage_logic'
	from C:/workspace/minigun/lib/minigun/execution/executor.rb:99:in 'block in 
Minigun::Execution::ThreadPoolExecutor#execute_with_strategy'
#<Thread:0x000001bb74d12ca8 C:/workspace/minigun/lib/minigun/execution/executor.rb:97 run> terminated with exception 
(report_on_exception is true):
C:/workspace/minigun/examples/38_comprehensive_execution.rb:101:in 'block (2 levels) in 
<class:ComprehensivePipeline>': undefined local variable or method 'output' for an instance of ComprehensivePipeline 
(NameError)

      output << results

      ^^^^^^
	from C:/workspace/minigun/lib/minigun/stage.rb:109:in 'BasicObject#instance_exec'
	from C:/workspace/minigun/lib/minigun/stage.rb:109:in 'Minigun::AtomicStage#execute'
	from C:/workspace/minigun/lib/minigun/execution/executor.rb:62:in 'Minigun::Execution::Executor#run_stage_logic'
	from C:/workspace/minigun/lib/minigun/execution/executor.rb:99:in 'block in 
Minigun::Execution::ThreadPoolExecutor#execute_with_strategy'
#<Thread:0x000001bb751727f8 C:/workspace/minigun/lib/minigun/execution/executor.rb:97 run> terminated with exception 
(report_on_exception is true):
C:/workspace/minigun/examples/38_comprehensive_execution.rb:101:in 'block (2 levels) in 
<class:ComprehensivePipeline>': undefined local variable or method 'output' for an instance of ComprehensivePipeline 
(NameError)

      output << results

      ^^^^^^
	from C:/workspace/minigun/lib/minigun/stage.rb:109:in 'BasicObject#instance_exec'
	from C:/workspace/minigun/lib/minigun/stage.rb:109:in 'Minigun::AtomicStage#execute'
	from C:/workspace/minigun/lib/minigun/execution/executor.rb:62:in 'Minigun::Execution::Executor#run_stage_logic'
	from C:/workspace/minigun/lib/minigun/execution/executor.rb:99:in 'block in 
Minigun::Execution::ThreadPoolExecutor#execute_with_strategy'
#<Thread:0x000001bb735badd0 C:/workspace/minigun/lib/minigun/execution/executor.rb:97 run> terminated with exception 
(report_on_exception is true):
C:/workspace/minigun/examples/38_comprehensive_execution.rb:101:in 'block (2 levels) in 
<class:ComprehensivePipeline>': undefined local variable or method 'output' for an instance of ComprehensivePipeline 
(NameError)

      output << results

      ^^^^^^
	from C:/workspace/minigun/lib/minigun/stage.rb:109:in 'BasicObject#instance_exec'
	from C:/workspace/minigun/lib/minigun/stage.rb:109:in 'Minigun::AtomicStage#execute'
	from C:/workspace/minigun/lib/minigun/execution/executor.rb:62:in 'Minigun::Execution::Executor#run_stage_logic'
	from C:/workspace/minigun/lib/minigun/execution/executor.rb:99:in 'block in 
Minigun::Execution::ThreadPoolExecutor#execute_with_strategy'
#<Thread:0x000001bb752b3518 C:/workspace/minigun/lib/minigun/execution/executor.rb:97 run> terminated with exception 
(report_on_exception is true):
C:/workspace/minigun/examples/38_comprehensive_execution.rb:101:in 'block (2 levels) in 
<class:ComprehensivePipeline>': undefined local variable or method 'output' for an instance of ComprehensivePipeline 
(NameError)

      output << results

      ^^^^^^
	from C:/workspace/minigun/lib/minigun/stage.rb:109:in 'BasicObject#instance_exec'
	from C:/workspace/minigun/lib/minigun/stage.rb:109:in 'Minigun::AtomicStage#execute'
	from C:/workspace/minigun/lib/minigun/execution/executor.rb:62:in 'Minigun::Execution::Executor#run_stage_logic'
	from C:/workspace/minigun/lib/minigun/execution/executor.rb:99:in 'block in 
Minigun::Execution::ThreadPoolExecutor#execute_with_strategy'
#<Thread:0x000001bb7363bbd8 C:/workspace/minigun/lib/minigun/execution/executor.rb:97 run> terminated with exception 
(report_on_exception is true):
C:/workspace/minigun/examples/38_comprehensive_execution.rb:101:in 'block (2 levels) in 
<class:ComprehensivePipeline>': undefined local variable or method 'output' for an instance of ComprehensivePipeline 
(NameError)

      output << results

      ^^^^^^
	from C:/workspace/minigun/lib/minigun/stage.rb:109:in 'BasicObject#instance_exec'
	from C:/workspace/minigun/lib/minigun/stage.rb:109:in 'Minigun::AtomicStage#execute'
	from C:/workspace/minigun/lib/minigun/execution/executor.rb:62:in 'Minigun::Execution::Executor#run_stage_logic'
	from C:/workspace/minigun/lib/minigun/execution/executor.rb:99:in 'block in 
Minigun::Execution::ThreadPoolExecutor#execute_with_strategy'
#<Thread:0x000001bb016740e0 C:/workspace/minigun/lib/minigun/execution/executor.rb:97 run> terminated with exception 
(report_on_exception is true):
C:/workspace/minigun/examples/38_comprehensive_execution.rb:101:in 'block (2 levels) in 
<class:ComprehensivePipeline>': undefined local variable or method 'output' for an instance of ComprehensivePipeline 
(NameError)

      output << results

      ^^^^^^
	from C:/workspace/minigun/lib/minigun/stage.rb:109:in 'BasicObject#instance_exec'
	from C:/workspace/minigun/lib/minigun/stage.rb:109:in 'Minigun::AtomicStage#execute'
	from C:/workspace/minigun/lib/minigun/execution/executor.rb:62:in 'Minigun::Execution::Executor#run_stage_logic'
	from C:/workspace/minigun/lib/minigun/execution/executor.rb:99:in 'block in 
Minigun::Execution::ThreadPoolExecutor#execute_with_strategy'
#<Thread:0x000001bb0177b6c8 C:/workspace/minigun/lib/minigun/execution/executor.rb:97 run> terminated with exception 
(report_on_exception is true):
C:/workspace/minigun/examples/38_comprehensive_execution.rb:101:in 'block (2 levels) in 
<class:ComprehensivePipeline>': undefined local variable or method 'output' for an instance of ComprehensivePipeline 
(NameError)

      output << results

      ^^^^^^
	from C:/workspace/minigun/lib/minigun/stage.rb:109:in 'BasicObject#instance_exec'
	from C:/workspace/minigun/lib/minigun/stage.rb:109:in 'Minigun::AtomicStage#execute'
	from C:/workspace/minigun/lib/minigun/execution/executor.rb:62:in 'Minigun::Execution::Executor#run_stage_logic'
	from C:/workspace/minigun/lib/minigun/execution/executor.rb:99:in 'block in 
Minigun::Execution::ThreadPoolExecutor#execute_with_strategy'
#<Thread:0x000001bb017121c8 C:/workspace/minigun/lib/minigun/execution/executor.rb:97 run> terminated with exception 
(report_on_exception is true):
C:/workspace/minigun/examples/38_comprehensive_execution.rb:101:in 'block (2 levels) in 
<class:ComprehensivePipeline>': undefined local variable or method 'output' for an instance of ComprehensivePipeline 
(NameError)

      output << results

      ^^^^^^
	from C:/workspace/minigun/lib/minigun/stage.rb:109:in 'BasicObject#instance_exec'
	from C:/workspace/minigun/lib/minigun/stage.rb:109:in 'Minigun::AtomicStage#execute'
	from C:/workspace/minigun/lib/minigun/execution/executor.rb:62:in 'Minigun::Execution::Executor#run_stage_logic'
	from C:/workspace/minigun/lib/minigun/execution/executor.rb:99:in 'block in 
Minigun::Execution::ThreadPoolExecutor#execute_with_strategy'
E, [2025-10-27T13:41:27.834781 #8588] ERROR -- : [Pipeline:default][Stage:save_to_db] Error: undefined local variable or method 'output' for an instance of ComprehensivePipeline
E, [2025-10-27T13:41:27.834830 #8588] ERROR -- : C:/workspace/minigun/examples/38_comprehensive_execution.rb:101:in 'block (2 levels) in <class:ComprehensivePipeline>'
C:/workspace/minigun/lib/minigun/stage.rb:109:in 'BasicObject#instance_exec'
C:/workspace/minigun/lib/minigun/stage.rb:109:in 'Minigun::AtomicStage#execute'
C:/workspace/minigun/lib/minigun/execution/executor.rb:62:in 'Minigun::Execution::Executor#run_stage_logic'
C:/workspace/minigun/lib/minigun/execution/executor.rb:99:in 'block in Minigun::Execution::ThreadPoolExecutor#execute_with_strategy'
E, [2025-10-27T13:41:27.836276 #8588] ERROR -- : [Pipeline:default][Stage:save_to_db] Error: undefined local variable or method 'output' for an instance of ComprehensivePipeline
E, [2025-10-27T13:41:27.836308 #8588] ERROR -- : C:/workspace/minigun/examples/38_comprehensive_execution.rb:101:in 'block (2 levels) in <class:ComprehensivePipeline>'
C:/workspace/minigun/lib/minigun/stage.rb:109:in 'BasicObject#instance_exec'
C:/workspace/minigun/lib/minigun/stage.rb:109:in 'Minigun::AtomicStage#execute'
C:/workspace/minigun/lib/minigun/execution/executor.rb:62:in 'Minigun::Execution::Executor#run_stage_logic'
C:/workspace/minigun/lib/minigun/execution/executor.rb:99:in 'block in Minigun::Execution::ThreadPoolExecutor#execute_with_strategy'
E, [2025-10-27T13:41:27.837758 #8588] ERROR -- : [Pipeline:default][Stage:save_to_db] Error: undefined local variable or method 'output' for an instance of ComprehensivePipeline
E, [2025-10-27T13:41:27.837802 #8588] ERROR -- : C:/workspace/minigun/examples/38_comprehensive_execution.rb:101:in 'block (2 levels) in <class:ComprehensivePipeline>'
C:/workspace/minigun/lib/minigun/stage.rb:109:in 'BasicObject#instance_exec'
C:/workspace/minigun/lib/minigun/stage.rb:109:in 'Minigun::AtomicStage#execute'
C:/workspace/minigun/lib/minigun/execution/executor.rb:62:in 'Minigun::Execution::Executor#run_stage_logic'
C:/workspace/minigun/lib/minigun/execution/executor.rb:99:in 'block in Minigun::Execution::ThreadPoolExecutor#execute_with_strategy'
E, [2025-10-27T13:41:27.839392 #8588] ERROR -- : [Pipeline:default][Stage:save_to_db] Error: undefined local variable or method 'output' for an instance of ComprehensivePipeline
E, [2025-10-27T13:41:27.839436 #8588] ERROR -- : C:/workspace/minigun/examples/38_comprehensive_execution.rb:101:in 'block (2 levels) in <class:ComprehensivePipeline>'
C:/workspace/minigun/lib/minigun/stage.rb:109:in 'BasicObject#instance_exec'
C:/workspace/minigun/lib/minigun/stage.rb:109:in 'Minigun::AtomicStage#execute'
C:/workspace/minigun/lib/minigun/execution/executor.rb:62:in 'Minigun::Execution::Executor#run_stage_logic'
C:/workspace/minigun/lib/minigun/execution/executor.rb:99:in 'block in Minigun::Execution::ThreadPoolExecutor#execute_with_strategy'
E, [2025-10-27T13:41:27.840965 #8588] ERROR -- : [Pipeline:default][Stage:save_to_db] Error: undefined local variable or method 'output' for an instance of ComprehensivePipeline
E, [2025-10-27T13:41:27.841017 #8588] ERROR -- : C:/workspace/minigun/examples/38_comprehensive_execution.rb:101:in 'block (2 levels) in <class:ComprehensivePipeline>'
C:/workspace/minigun/lib/minigun/stage.rb:109:in 'BasicObject#instance_exec'
C:/workspace/minigun/lib/minigun/stage.rb:109:in 'Minigun::AtomicStage#execute'
C:/workspace/minigun/lib/minigun/execution/executor.rb:62:in 'Minigun::Execution::Executor#run_stage_logic'
C:/workspace/minigun/lib/minigun/execution/executor.rb:99:in 'block in Minigun::Execution::ThreadPoolExecutor#execute_with_strategy'
E, [2025-10-27T13:41:27.842463 #8588] ERROR -- : [Pipeline:default][Stage:save_to_db] Error: undefined local variable or method 'output' for an instance of ComprehensivePipeline
E, [2025-10-27T13:41:27.842510 #8588] ERROR -- : C:/workspace/minigun/examples/38_comprehensive_execution.rb:101:in 'block (2 levels) in <class:ComprehensivePipeline>'
C:/workspace/minigun/lib/minigun/stage.rb:109:in 'BasicObject#instance_exec'
C:/workspace/minigun/lib/minigun/stage.rb:109:in 'Minigun::AtomicStage#execute'
C:/workspace/minigun/lib/minigun/execution/executor.rb:62:in 'Minigun::Execution::Executor#run_stage_logic'
C:/workspace/minigun/lib/minigun/execution/executor.rb:99:in 'block in Minigun::Execution::ThreadPoolExecutor#execute_with_strategy'
E, [2025-10-27T13:41:27.846958 #8588] ERROR -- : [Pipeline:default][Stage:save_to_db] Error: undefined local variable or method 'output' for an instance of ComprehensivePipeline
E, [2025-10-27T13:41:27.847002 #8588] ERROR -- : C:/workspace/minigun/examples/38_comprehensive_execution.rb:101:in 'block (2 levels) in <class:ComprehensivePipeline>'
C:/workspace/minigun/lib/minigun/stage.rb:109:in 'BasicObject#instance_exec'
C:/workspace/minigun/lib/minigun/stage.rb:109:in 'Minigun::AtomicStage#execute'
C:/workspace/minigun/lib/minigun/execution/executor.rb:62:in 'Minigun::Execution::Executor#run_stage_logic'
C:/workspace/minigun/lib/minigun/execution/executor.rb:99:in 'block in Minigun::Execution::ThreadPoolExecutor#execute_with_strategy'
E, [2025-10-27T13:41:27.848404 #8588] ERROR -- : [Pipeline:default][Stage:save_to_db] Error: undefined local variable or method 'output' for an instance of ComprehensivePipeline
E, [2025-10-27T13:41:27.848443 #8588] ERROR -- : C:/workspace/minigun/examples/38_comprehensive_execution.rb:101:in 'block (2 levels) in <class:ComprehensivePipeline>'
C:/workspace/minigun/lib/minigun/stage.rb:109:in 'BasicObject#instance_exec'
C:/workspace/minigun/lib/minigun/stage.rb:109:in 'Minigun::AtomicStage#execute'
C:/workspace/minigun/lib/minigun/execution/executor.rb:62:in 'Minigun::Execution::Executor#run_stage_logic'
C:/workspace/minigun/lib/minigun/execution/executor.rb:99:in 'block in Minigun::Execution::ThreadPoolExecutor#execute_with_strategy'
E, [2025-10-27T13:41:27.849832 #8588] ERROR -- : [Pipeline:default][Stage:save_to_db] Error: undefined local variable or method 'output' for an instance of ComprehensivePipeline
E, [2025-10-27T13:41:27.849918 #8588] ERROR -- : C:/workspace/minigun/examples/38_comprehensive_execution.rb:101:in 'block (2 levels) in <class:ComprehensivePipeline>'
C:/workspace/minigun/lib/minigun/stage.rb:109:in 'BasicObject#instance_exec'
C:/workspace/minigun/lib/minigun/stage.rb:109:in 'Minigun::AtomicStage#execute'
#<Thread:0x000001bb017da8a8 C:/workspace/minigun/lib/minigun/execution/executor.rb:97 run> terminated with exception 
(report_on_exception is true):
C:/workspace/minigun/examples/38_comprehensive_execution.rb:101:in 'block (2 levels) in 
<class:ComprehensivePipeline>': undefined local variable or method 'output' for an instance of ComprehensivePipeline 
(NameError)

      output << results

      ^^^^^^
	from C:/workspace/minigun/lib/minigun/stage.rb:109:in 'BasicObject#instance_exec'
	from C:/workspace/minigun/lib/minigun/stage.rb:109:in 'Minigun::AtomicStage#execute'
	from C:/workspace/minigun/lib/minigun/execution/executor.rb:62:in 'Minigun::Execution::Executor#run_stage_logic'
	from C:/workspace/minigun/lib/minigun/execution/executor.rb:99:in 'block in 
Minigun::Execution::ThreadPoolExecutor#execute_with_strategy'
#<Thread:0x000001bb017b2f60 C:/workspace/minigun/lib/minigun/execution/executor.rb:97 run> terminated with exception 
(report_on_exception is true):
C:/workspace/minigun/examples/38_comprehensive_execution.rb:101:in 'block (2 levels) in 
<class:ComprehensivePipeline>': undefined local variable or method 'output' for an instance of ComprehensivePipeline 
(NameError)

      output << results

      ^^^^^^
	from C:/workspace/minigun/lib/minigun/stage.rb:109:in 'BasicObject#instance_exec'
	from C:/workspace/minigun/lib/minigun/stage.rb:109:in 'Minigun::AtomicStage#execute'
	from C:/workspace/minigun/lib/minigun/execution/executor.rb:62:in 'Minigun::Execution::Executor#run_stage_logic'
	from C:/workspace/minigun/lib/minigun/execution/executor.rb:99:in 'block in 
Minigun::Execution::ThreadPoolExecutor#execute_with_strategy'
#<Thread:0x000001bb015db5e8 C:/workspace/minigun/lib/minigun/execution/executor.rb:97 run> terminated with exception 
(report_on_exception is true):
C:/workspace/minigun/examples/38_comprehensive_execution.rb:101:in 'block (2 levels) in 
<class:ComprehensivePipeline>': undefined local variable or method 'output' for an instance of ComprehensivePipeline 
(NameError)

      output << results

      ^^^^^^
	from C:/workspace/minigun/lib/minigun/stage.rb:109:in 'BasicObject#instance_exec'
	from C:/workspace/minigun/lib/minigun/stage.rb:109:in 'Minigun::AtomicStage#execute'
	from C:/workspace/minigun/lib/minigun/execution/executor.rb:62:in 'Minigun::Execution::Executor#run_stage_logic'
	from C:/workspace/minigun/lib/minigun/execution/executor.rb:99:in 'block in 
Minigun::Execution::ThreadPoolExecutor#execute_with_strategy'
#<Thread:0x000001bb735f3bd0 C:/workspace/minigun/lib/minigun/execution/executor.rb:97 run> terminated with exception 
(report_on_exception is true):
C:/workspace/minigun/examples/38_comprehensive_execution.rb:101:in 'block (2 levels) in 
<class:ComprehensivePipeline>': undefined local variable or method 'output' for an instance of ComprehensivePipeline 
(NameError)

      output << results

      ^^^^^^
	from C:/workspace/minigun/lib/minigun/stage.rb:109:in 'BasicObject#instance_exec'
	from C:/workspace/minigun/lib/minigun/stage.rb:109:in 'Minigun::AtomicStage#execute'
	from C:/workspace/minigun/lib/minigun/execution/executor.rb:62:in 'Minigun::Execution::Executor#run_stage_logic'
	from C:/workspace/minigun/lib/minigun/execution/executor.rb:99:in 'block in 
Minigun::Execution::ThreadPoolExecutor#execute_with_strategy'
#<Thread:0x000001bb74db3e00 C:/workspace/minigun/lib/minigun/execution/executor.rb:97 run> terminated with exception 
(report_on_exception is true):
C:/workspace/minigun/examples/38_comprehensive_execution.rb:101:in 'block (2 levels) in 
<class:ComprehensivePipeline>': undefined local variable or method 'output' for an instance of ComprehensivePipeline 
(NameError)

      output << results

      ^^^^^^
	from C:/workspace/minigun/lib/minigun/stage.rb:109:in 'BasicObject#instance_exec'
	from C:/workspace/minigun/lib/minigun/stage.rb:109:in 'Minigun::AtomicStage#execute'
	from C:/workspace/minigun/lib/minigun/execution/executor.rb:62:in 'Minigun::Execution::Executor#run_stage_logic'
	from C:/workspace/minigun/lib/minigun/execution/executor.rb:99:in 'block in 
Minigun::Execution::ThreadPoolExecutor#execute_with_strategy'
#<Thread:0x000001bb74bbf7e8 C:/workspace/minigun/lib/minigun/execution/executor.rb:97 run> terminated with exception 
(report_on_exception is true):
C:/workspace/minigun/examples/38_comprehensive_execution.rb:101:in 'block (2 levels) in 
<class:ComprehensivePipeline>': undefined local variable or method 'output' for an instance of ComprehensivePipeline 
(NameError)

      output << results

C:/workspace/minigun/lib/minigun/execution/executor.rb:62:in 'Minigun::Execution::Executor#run_stage_logic'
C:/workspace/minigun/lib/minigun/execution/executor.rb:99:in 'block in Minigun::Execution::ThreadPoolExecutor#execute_with_strategy'
E, [2025-10-27T13:41:27.851392 #8588] ERROR -- : [Pipeline:default][Stage:save_to_db] Error: undefined local variable or method 'output' for an instance of ComprehensivePipeline
E, [2025-10-27T13:41:27.851435 #8588] ERROR -- : C:/workspace/minigun/examples/38_comprehensive_execution.rb:101:in 'block (2 levels) in <class:ComprehensivePipeline>'
C:/workspace/minigun/lib/minigun/stage.rb:109:in 'BasicObject#instance_exec'
C:/workspace/minigun/lib/minigun/stage.rb:109:in 'Minigun::AtomicStage#execute'
C:/workspace/minigun/lib/minigun/execution/executor.rb:62:in 'Minigun::Execution::Executor#run_stage_logic'
C:/workspace/minigun/lib/minigun/execution/executor.rb:99:in 'block in Minigun::Execution::ThreadPoolExecutor#execute_with_strategy'
E, [2025-10-27T13:41:27.852938 #8588] ERROR -- : [Pipeline:default][Stage:save_to_db] Error: undefined local variable or method 'output' for an instance of ComprehensivePipeline
E, [2025-10-27T13:41:27.852981 #8588] ERROR -- : C:/workspace/minigun/examples/38_comprehensive_execution.rb:101:in 'block (2 levels) in <class:ComprehensivePipeline>'
C:/workspace/minigun/lib/minigun/stage.rb:109:in 'BasicObject#instance_exec'
C:/workspace/minigun/lib/minigun/stage.rb:109:in 'Minigun::AtomicStage#execute'
C:/workspace/minigun/lib/minigun/execution/executor.rb:62:in 'Minigun::Execution::Executor#run_stage_logic'
C:/workspace/minigun/lib/minigun/execution/executor.rb:99:in 'block in Minigun::Execution::ThreadPoolExecutor#execute_with_strategy'
E, [2025-10-27T13:41:27.855689 #8588] ERROR -- : [Pipeline:default][Stage:save_to_db] Error: undefined local variable or method 'output' for an instance of ComprehensivePipeline
      ^^^^^^
	from C:/workspace/minigun/lib/minigun/stage.rb:109:in 'BasicObject#instance_exec'
	from C:/workspace/minigun/lib/minigun/stage.rb:109:in 'Minigun::AtomicStage#execute'
	from C:/workspace/minigun/lib/minigun/execution/executor.rb:62:in 'Minigun::Execution::Executor#run_stage_logic'
	from C:/workspace/minigun/lib/minigun/execution/executor.rb:99:in 'block in 
Minigun::Execution::ThreadPoolExecutor#execute_with_strategy'
#<Thread:0x000001bb74ab5eb0 C:/workspace/minigun/lib/minigun/execution/executor.rb:97 run> terminated with exception 
(report_on_exception is true):
C:/workspace/minigun/examples/38_comprehensive_execution.rb:101:in 'block (2 levels) in 
<class:ComprehensivePipeline>': undefined local variable or method 'output' for an instance of ComprehensivePipeline 
(NameError)

      output << results

      ^^^^^^
	from C:/workspace/minigun/lib/minigun/stage.rb:109:in 'BasicObject#instance_exec'
	from C:/workspace/minigun/lib/minigun/stage.rb:109:in 'Minigun::AtomicStage#execute'
	from C:/workspace/minigun/lib/minigun/execution/executor.rb:62:in 'Minigun::Execution::Executor#run_stage_logic'
	from C:/workspace/minigun/lib/minigun/execution/executor.rb:99:in 'block in 
Minigun::Execution::ThreadPoolExecutor#execute_with_strategy'
#<Thread:0x000001bb74a398b0 C:/workspace/minigun/lib/minigun/execution/executor.rb:97 run> terminated with exception 
(report_on_exception is true):
C:/workspace/minigun/examples/38_comprehensive_execution.rb:101:in 'block (2 levels) in 
<class:ComprehensivePipeline>': undefined local variable or method 'output' for an instance of ComprehensivePipeline 
(NameError)

      output << results

      ^^^^^^
	from C:/workspace/minigun/lib/minigun/stage.rb:109:in 'BasicObject#instance_exec'
	from C:/workspace/minigun/lib/minigun/stage.rb:109:in 'Minigun::AtomicStage#execute'
	from C:/workspace/minigun/lib/minigun/execution/executor.rb:62:in 'Minigun::Execution::Executor#run_stage_logic'
	from C:/workspace/minigun/lib/minigun/execution/executor.rb:99:in 'block in 
Minigun::Execution::ThreadPoolExecutor#execute_with_strategy'
#<Thread:0x000001bb74b708f0 C:/workspace/minigun/lib/minigun/execution/executor.rb:97 run> terminated with exception 
(report_on_exception is true):
C:/workspace/minigun/examples/38_comprehensive_execution.rb:101:in 'block (2 levels) in 
<class:ComprehensivePipeline>': undefined local variable or method 'output' for an instance of ComprehensivePipeline 
(NameError)

      output << results

      ^^^^^^
	from C:/workspace/minigun/lib/minigun/stage.rb:109:in 'BasicObject#instance_exec'
	from C:/workspace/minigun/lib/minigun/stage.rb:109:in 'Minigun::AtomicStage#execute'
	from C:/workspace/minigun/lib/minigun/execution/executor.rb:62:in 'Minigun::Execution::Executor#run_stage_logic'
	from C:/workspace/minigun/lib/minigun/execution/executor.rb:99:in 'block in 
Minigun::Execution::ThreadPoolExecutor#execute_with_strategy'
#<Thread:0x000001bb74bf2440 C:/workspace/minigun/lib/minigun/execution/executor.rb:97 run> terminated with exception 
(report_on_exception is true):
C:/workspace/minigun/examples/38_comprehensive_execution.rb:101:in 'block (2 levels) in 
<class:ComprehensivePipeline>': undefined local variable or method 'output' for an instance of ComprehensivePipeline 
(NameError)

      output << results

      ^^^^^^
	from C:/workspace/minigun/lib/minigun/stage.rb:109:in 'BasicObject#instance_exec'
	from C:/workspace/minigun/lib/minigun/stage.rb:109:in 'Minigun::AtomicStage#execute'
	from C:/workspace/minigun/lib/minigun/execution/executor.rb:62:in 'Minigun::Execution::Executor#run_stage_logic'
	from C:/workspace/minigun/lib/minigun/execution/executor.rb:99:in 'block in 
Minigun::Execution::ThreadPoolExecutor#execute_with_strategy'
#<Thread:0x000001bb74d14bc0 C:/workspace/minigun/lib/minigun/execution/executor.rb:97 run> terminated with exception 
(report_on_exception is true):
C:/workspace/minigun/examples/38_comprehensive_execution.rb:101:in 'block (2 levels) in 
<class:ComprehensivePipeline>': undefined local variable or method 'output' for an instance of ComprehensivePipeline 
(NameError)

      output << results

      ^^^^^^
	from C:/workspace/minigun/lib/minigun/stage.rb:109:in 'BasicObject#instance_exec'
	from C:/workspace/minigun/lib/minigun/stage.rb:109:in 'Minigun::AtomicStage#execute'
	from C:/workspace/minigun/lib/minigun/execution/executor.rb:62:in 'Minigun::Execution::Executor#run_stage_logic'
	from C:/workspace/minigun/lib/minigun/execution/executor.rb:99:in 'block in 
Minigun::Execution::ThreadPoolExecutor#execute_with_strategy'
#<Thread:0x000001bb75174378 C:/workspace/minigun/lib/minigun/execution/executor.rb:97 run> terminated with exception 
(report_on_exception is true):
C:/workspace/minigun/examples/38_comprehensive_execution.rb:101:in 'block (2 levels) in 
<class:ComprehensivePipeline>': undefined local variable or method 'output' for an instance of ComprehensivePipeline 
(NameError)

      output << results

      ^^^^^^
	from C:/workspace/minigun/lib/minigun/stage.rb:109:in 'BasicObject#instance_exec'
	from C:/workspace/minigun/lib/minigun/stage.rb:109:in 'Minigun::AtomicStage#execute'
	from C:/workspace/minigun/lib/minigun/execution/executor.rb:62:in 'Minigun::Execution::Executor#run_stage_logic'
	from C:/workspace/minigun/lib/minigun/execution/executor.rb:99:in 'block in 
Minigun::Execution::ThreadPoolExecutor#execute_with_strategy'
#<Thread:0x000001bb735bc950 C:/workspace/minigun/lib/minigun/execution/executor.rb:97 run> terminated with exception 
(report_on_exception is true):
C:/workspace/minigun/examples/38_comprehensive_execution.rb:101:in 'block (2 levels) in 
<class:ComprehensivePipeline>': undefined local variable or method 'output' for an instance of ComprehensivePipeline 
(NameError)

      output << results

      ^^^^^^
	from C:/workspace/minigun/lib/minigun/stage.rb:109:in 'BasicObject#instance_exec'
	from C:/workspace/minigun/lib/minigun/stage.rb:109:in 'Minigun::AtomicStage#execute'
	from C:/workspace/minigun/lib/minigun/execution/executor.rb:62:in 'Minigun::Execution::Executor#run_stage_logic'
	from C:/workspace/minigun/lib/minigun/execution/executor.rb:99:in 'block in 
Minigun::Execution::ThreadPoolExecutor#execute_with_strategy'
#<Thread:0x000001bb752b5098 C:/workspace/minigun/lib/minigun/execution/executor.rb:97 run> terminated with exception 
(report_on_exception is true):
C:/workspace/minigun/examples/38_comprehensive_execution.rb:101:in 'block (2 levels) in 
<class:ComprehensivePipeline>': undefined local variable or method 'output' for an instance of ComprehensivePipeline 
(NameError)

      output << results

      ^^^^^^
	from C:/workspace/minigun/lib/minigun/stage.rb:109:in 'BasicObject#instance_exec'
	from C:/workspace/minigun/lib/minigun/stage.rb:109:in 'Minigun::AtomicStage#execute'
	from C:/workspace/minigun/lib/minigun/execution/executor.rb:62:in 'Minigun::Execution::Executor#run_stage_logic'
	from C:/workspace/minigun/lib/minigun/execution/executor.rb:99:in 'block in 
Minigun::Execution::ThreadPoolExecutor#execute_with_strategy'
E, [2025-10-27T13:41:27.855731 #8588] ERROR -- : C:/workspace/minigun/examples/38_comprehensive_execution.rb:101:in 'block (2 levels) in <class:ComprehensivePipeline>'
C:/workspace/minigun/lib/minigun/stage.rb:109:in 'BasicObject#instance_exec'
C:/workspace/minigun/lib/minigun/stage.rb:109:in 'Minigun::AtomicStage#execute'
C:/workspace/minigun/lib/minigun/execution/executor.rb:62:in 'Minigun::Execution::Executor#run_stage_logic'
C:/workspace/minigun/lib/minigun/execution/executor.rb:99:in 'block in Minigun::Execution::ThreadPoolExecutor#execute_with_strategy'
E, [2025-10-27T13:41:27.858067 #8588] ERROR -- : [Pipeline:default][Stage:save_to_db] Error: undefined local variable or method 'output' for an instance of ComprehensivePipeline
E, [2025-10-27T13:41:27.858114 #8588] ERROR -- : C:/workspace/minigun/examples/38_comprehensive_execution.rb:101:in 'block (2 levels) in <class:ComprehensivePipeline>'
C:/workspace/minigun/lib/minigun/stage.rb:109:in 'BasicObject#instance_exec'
C:/workspace/minigun/lib/minigun/stage.rb:109:in 'Minigun::AtomicStage#execute'
C:/workspace/minigun/lib/minigun/execution/executor.rb:62:in 'Minigun::Execution::Executor#run_stage_logic'
C:/workspace/minigun/lib/minigun/execution/executor.rb:99:in 'block in Minigun::Execution::ThreadPoolExecutor#execute_with_strategy'
E, [2025-10-27T13:41:27.859697 #8588] ERROR -- : [Pipeline:default][Stage:save_to_db] Error: undefined local variable or method 'output' for an instance of ComprehensivePipeline
E, [2025-10-27T13:41:27.859738 #8588] ERROR -- : C:/workspace/minigun/examples/38_comprehensive_execution.rb:101:in 'block (2 levels) in <class:ComprehensivePipeline>'
C:/workspace/minigun/lib/minigun/stage.rb:109:in 'BasicObject#instance_exec'
C:/workspace/minigun/lib/minigun/stage.rb:109:in 'Minigun::AtomicStage#execute'
C:/workspace/minigun/lib/minigun/execution/executor.rb:62:in 'Minigun::Execution::Executor#run_stage_logic'
C:/workspace/minigun/lib/minigun/execution/executor.rb:99:in 'block in Minigun::Execution::ThreadPoolExecutor#execute_with_strategy'
E, [2025-10-27T13:41:27.861220 #8588] ERROR -- : [Pipeline:default][Stage:save_to_db] Error: undefined local variable or method 'output' for an instance of ComprehensivePipeline
E, [2025-10-27T13:41:27.861261 #8588] ERROR -- : C:/workspace/minigun/examples/38_comprehensive_execution.rb:101:in 'block (2 levels) in <class:ComprehensivePipeline>'
C:/workspace/minigun/lib/minigun/stage.rb:109:in 'BasicObject#instance_exec'
C:/workspace/minigun/lib/minigun/stage.rb:109:in 'Minigun::AtomicStage#execute'
C:/workspace/minigun/lib/minigun/execution/executor.rb:62:in 'Minigun::Execution::Executor#run_stage_logic'
C:/workspace/minigun/lib/minigun/execution/executor.rb:99:in 'block in Minigun::Execution::ThreadPoolExecutor#execute_with_strategy'
E, [2025-10-27T13:41:27.863937 #8588] ERROR -- : [Pipeline:default][Stage:save_to_db] Error: undefined local variable or method 'output' for an instance of ComprehensivePipeline
E, [2025-10-27T13:41:27.863979 #8588] ERROR -- : C:/workspace/minigun/examples/38_comprehensive_execution.rb:101:in 'block (2 levels) in <class:ComprehensivePipeline>'
C:/workspace/minigun/lib/minigun/stage.rb:109:in 'BasicObject#instance_exec'
C:/workspace/minigun/lib/minigun/stage.rb:109:in 'Minigun::AtomicStage#execute'
C:/workspace/minigun/lib/minigun/execution/executor.rb:62:in 'Minigun::Execution::Executor#run_stage_logic'
C:/workspace/minigun/lib/minigun/execution/executor.rb:99:in 'block in Minigun::Execution::ThreadPoolExecutor#execute_with_strategy'
E, [2025-10-27T13:41:27.865461 #8588] ERROR -- : [Pipeline:default][Stage:save_to_db] Error: undefined local variable or method 'output' for an instance of ComprehensivePipeline
E, [2025-10-27T13:41:27.865497 #8588] ERROR -- : C:/workspace/minigun/examples/38_comprehensive_execution.rb:101:in 'block (2 levels) in <class:ComprehensivePipeline>'
C:/workspace/minigun/lib/minigun/stage.rb:109:in 'BasicObject#instance_exec'
C:/workspace/minigun/lib/minigun/stage.rb:109:in 'Minigun::AtomicStage#execute'
C:/workspace/minigun/lib/minigun/execution/executor.rb:62:in 'Minigun::Execution::Executor#run_stage_logic'
C:/workspace/minigun/lib/minigun/execution/executor.rb:99:in 'block in Minigun::Execution::ThreadPoolExecutor#execute_with_strategy'
E, [2025-10-27T13:41:27.867024 #8588] ERROR -- : [Pipeline:default][Stage:save_to_db] Error: undefined local variable or method 'output' for an instance of ComprehensivePipeline
E, [2025-10-27T13:41:27.867074 #8588] ERROR -- : C:/workspace/minigun/examples/38_comprehensive_execution.rb:101:in 'block (2 levels) in <class:ComprehensivePipeline>'
C:/workspace/minigun/lib/minigun/stage.rb:109:in 'BasicObject#instance_exec'
C:/workspace/minigun/lib/minigun/stage.rb:109:in 'Minigun::AtomicStage#execute'
C:/workspace/minigun/lib/minigun/execution/executor.rb:62:in 'Minigun::Execution::Executor#run_stage_logic'
C:/workspace/minigun/lib/minigun/execution/executor.rb:99:in 'block in Minigun::Execution::ThreadPoolExecutor#execute_with_strategy'
E, [2025-10-27T13:41:27.868467 #8588] ERROR -- : [Pipeline:default][Stage:save_to_db] Error: undefined local variable or method 'output' for an instance of ComprehensivePipeline
E, [2025-10-27T13:41:27.868512 #8588] ERROR -- : C:/workspace/minigun/examples/38_comprehensive_execution.rb:101:in 'block (2 levels) in <class:ComprehensivePipeline>'
C:/workspace/minigun/lib/minigun/stage.rb:109:in 'BasicObject#instance_exec'
C:/workspace/minigun/lib/minigun/stage.rb:109:in 'Minigun::AtomicStage#execute'
C:/workspace/minigun/lib/minigun/execution/executor.rb:62:in 'Minigun::Execution::Executor#run_stage_logic'
C:/workspace/minigun/lib/minigun/execution/executor.rb:99:in 'block in Minigun::Execution::ThreadPoolExecutor#execute_with_strategy'
E, [2025-10-27T13:41:27.869880 #8588] ERROR -- : [Pipeline:default][Stage:save_to_db] Error: undefined local variable or method 'output' for an instance of ComprehensivePipeline
E, [2025-10-27T13:41:27.869948 #8588] ERROR -- : C:/workspace/minigun/examples/38_comprehensive_execution.rb:101:in 'block (2 levels) in <class:ComprehensivePipeline>'
C:/workspace/minigun/lib/minigun/stage.rb:109:in 'BasicObject#instance_exec'
C:/workspace/minigun/lib/minigun/stage.rb:109:in 'Minigun::AtomicStage#execute'
C:/workspace/minigun/lib/minigun/execution/executor.rb:62:in 'Minigun::Execution::Executor#run_stage_logic'
C:/workspace/minigun/lib/minigun/execution/executor.rb:99:in 'block in Minigun::Execution::ThreadPoolExecutor#execute_with_strategy'
E, [2025-10-27T13:41:27.876407 #8588] ERROR -- : [Pipeline:default][Stage:save_to_db] Error: undefined local variable or method 'output' for an instance of ComprehensivePipeline
E, [2025-10-27T13:41:27.876450 #8588] ERROR -- : C:/workspace/minigun/examples/38_comprehensive_execution.rb:101:in 'block (2 levels) in <class:ComprehensivePipeline>'
C:/workspace/minigun/lib/minigun/stage.rb:109:in 'BasicObject#instance_exec'
C:/workspace/minigun/lib/minigun/stage.rb:109:in 'Minigun::AtomicStage#execute'
C:/workspace/minigun/lib/minigun/execution/executor.rb:62:in 'Minigun::Execution::Executor#run_stage_logic'
C:/workspace/minigun/lib/minigun/execution/executor.rb:99:in 'block in Minigun::Execution::ThreadPoolExecutor#execute_with_strategy'
E, [2025-10-27T13:41:27.877887 #8588] ERROR -- : [Pipeline:default][Stage:save_to_db] Error: undefined local variable or method 'output' for an instance of ComprehensivePipeline
E, [2025-10-27T13:41:27.877939 #8588] ERROR -- : C:/workspace/minigun/examples/38_comprehensive_execution.rb:101:in 'block (2 levels) in <class:ComprehensivePipeline>'
C:/workspace/minigun/lib/minigun/stage.rb:109:in 'BasicObject#instance_exec'
C:/workspace/minigun/lib/minigun/stage.rb:109:in 'Minigun::AtomicStage#execute'
C:/workspace/minigun/lib/minigun/execution/executor.rb:62:in 'Minigun::Execution::Executor#run_stage_logic'
C:/workspace/minigun/lib/minigun/execution/executor.rb:99:in 'block in Minigun::Execution::ThreadPoolExecutor#execute_with_strategy'
E, [2025-10-27T13:41:27.879437 #8588] ERROR -- : [Pipeline:default][Stage:save_to_db] Error: undefined local variable or method 'output' for an instance of ComprehensivePipeline
E, [2025-10-27T13:41:27.879484 #8588] ERROR -- : C:/workspace/minigun/examples/38_comprehensive_execution.rb:101:in 'block (2 levels) in <class:ComprehensivePipeline>'
C:/workspace/minigun/lib/minigun/stage.rb:109:in 'BasicObject#instance_exec'
C:/workspace/minigun/lib/minigun/stage.rb:109:in 'Minigun::AtomicStage#execute'
C:/workspace/minigun/lib/minigun/execution/executor.rb:62:in 'Minigun::Execution::Executor#run_stage_logic'
C:/workspace/minigun/lib/minigun/execution/executor.rb:99:in 'block in Minigun::Execution::ThreadPoolExecutor#execute_with_strategy'
E, [2025-10-27T13:41:27.880989 #8588] ERROR -- : [Pipeline:default][Stage:save_to_db] Error: undefined local variable or method 'output' for an instance of ComprehensivePipeline
E, [2025-10-27T13:41:27.881031 #8588] ERROR -- : C:/workspace/minigun/examples/38_comprehensive_execution.rb:101:in 'block (2 levels) in <class:ComprehensivePipeline>'
C:/workspace/minigun/lib/minigun/stage.rb:109:in 'BasicObject#instance_exec'
C:/workspace/minigun/lib/minigun/stage.rb:109:in 'Minigun::AtomicStage#execute'
C:/workspace/minigun/lib/minigun/execution/executor.rb:62:in 'Minigun::Execution::Executor#run_stage_logic'
C:/workspace/minigun/lib/minigun/execution/executor.rb:99:in 'block in Minigun::Execution::ThreadPoolExecutor#execute_with_strategy'
E, [2025-10-27T13:41:27.882446 #8588] ERROR -- : [Pipeline:default][Stage:save_to_db] Error: undefined local variable or method 'output' for an instance of ComprehensivePipeline
E, [2025-10-27T13:41:27.882494 #8588] ERROR -- : C:/workspace/minigun/examples/38_comprehensive_execution.rb:101:in 'block (2 levels) in <class:ComprehensivePipeline>'
C:/workspace/minigun/lib/minigun/stage.rb:109:in 'BasicObject#instance_exec'
C:/workspace/minigun/lib/minigun/stage.rb:109:in 'Minigun::AtomicStage#execute'
C:/workspace/minigun/lib/minigun/execution/executor.rb:62:in 'Minigun::Execution::Executor#run_stage_logic'
C:/workspace/minigun/lib/minigun/execution/executor.rb:99:in 'block in Minigun::Execution::ThreadPoolExecutor#execute_with_strategy'
#<Thread:0x000001bb7363d758 C:/workspace/minigun/lib/minigun/execution/executor.rb:97 run> terminated with exception 
(report_on_exception is true):
C:/workspace/minigun/examples/38_comprehensive_execution.rb:101:in 'block (2 levels) in 
<class:ComprehensivePipeline>': undefined local variable or method 'output' for an instance of ComprehensivePipeline 
(NameError)

      output << results

      ^^^^^^
	from C:/workspace/minigun/lib/minigun/stage.rb:109:in 'BasicObject#instance_exec'
	from C:/workspace/minigun/lib/minigun/stage.rb:109:in 'Minigun::AtomicStage#execute'
	from C:/workspace/minigun/lib/minigun/execution/executor.rb:62:in 'Minigun::Execution::Executor#run_stage_logic'
	from C:/workspace/minigun/lib/minigun/execution/executor.rb:99:in 'block in 
Minigun::Execution::ThreadPoolExecutor#execute_with_strategy'
#<Thread:0x000001bb01675c60 C:/workspace/minigun/lib/minigun/execution/executor.rb:97 run> terminated with exception 
(report_on_exception is true):
C:/workspace/minigun/examples/38_comprehensive_execution.rb:101:in 'block (2 levels) in 
<class:ComprehensivePipeline>': undefined local variable or method 'output' for an instance of ComprehensivePipeline 
(NameError)

      output << results

      ^^^^^^
	from C:/workspace/minigun/lib/minigun/stage.rb:109:in 'BasicObject#instance_exec'
	from C:/workspace/minigun/lib/minigun/stage.rb:109:in 'Minigun::AtomicStage#execute'
	from C:/workspace/minigun/lib/minigun/execution/executor.rb:62:in 'Minigun::Execution::Executor#run_stage_logic'
	from C:/workspace/minigun/lib/minigun/execution/executor.rb:99:in 'block in 
Minigun::Execution::ThreadPoolExecutor#execute_with_strategy'
#<Thread:0x000001bb0177d248 C:/workspace/minigun/lib/minigun/execution/executor.rb:97 run> terminated with exception 
(report_on_exception is true):
C:/workspace/minigun/examples/38_comprehensive_execution.rb:101:in 'block (2 levels) in 
<class:ComprehensivePipeline>': undefined local variable or method 'output' for an instance of ComprehensivePipeline 
(NameError)

      output << results

      ^^^^^^
	from C:/workspace/minigun/lib/minigun/stage.rb:109:in 'BasicObject#instance_exec'
	from C:/workspace/minigun/lib/minigun/stage.rb:109:in 'Minigun::AtomicStage#execute'
	from C:/workspace/minigun/lib/minigun/execution/executor.rb:62:in 'Minigun::Execution::Executor#run_stage_logic'
	from C:/workspace/minigun/lib/minigun/execution/executor.rb:99:in 'block in 
Minigun::Execution::ThreadPoolExecutor#execute_with_strategy'
#<Thread:0x000001bb01713d48 C:/workspace/minigun/lib/minigun/execution/executor.rb:97 run> terminated with exception 
(report_on_exception is true):
C:/workspace/minigun/examples/38_comprehensive_execution.rb:101:in 'block (2 levels) in 
<class:ComprehensivePipeline>': undefined local variable or method 'output' for an instance of ComprehensivePipeline 
(NameError)

      output << results

      ^^^^^^
	from C:/workspace/minigun/lib/minigun/stage.rb:109:in 'BasicObject#instance_exec'
	from C:/workspace/minigun/lib/minigun/stage.rb:109:in 'Minigun::AtomicStage#execute'
	from C:/workspace/minigun/lib/minigun/execution/executor.rb:62:in 'Minigun::Execution::Executor#run_stage_logic'
	from C:/workspace/minigun/lib/minigun/execution/executor.rb:99:in 'block in 
Minigun::Execution::ThreadPoolExecutor#execute_with_strategy'
#<Thread:0x000001bb017dc428 C:/workspace/minigun/lib/minigun/execution/executor.rb:97 run> terminated with exception 
(report_on_exception is true):
C:/workspace/minigun/examples/38_comprehensive_execution.rb:101:in 'block (2 levels) in 
<class:ComprehensivePipeline>': undefined local variable or method 'output' for an instance of ComprehensivePipeline 
(NameError)

      output << results

      ^^^^^^
	from C:/workspace/minigun/lib/minigun/stage.rb:109:in 'BasicObject#instance_exec'
	from C:/workspace/minigun/lib/minigun/stage.rb:109:in 'Minigun::AtomicStage#execute'
	from C:/workspace/minigun/lib/minigun/execution/executor.rb:62:in 'Minigun::Execution::Executor#run_stage_logic'
	from C:/workspace/minigun/lib/minigun/execution/executor.rb:99:in 'block in 
Minigun::Execution::ThreadPoolExecutor#execute_with_strategy'
#<Thread:0x000001bb017b4ae0 C:/workspace/minigun/lib/minigun/execution/executor.rb:97 run> terminated with exception 
(report_on_exception is true):
C:/workspace/minigun/examples/38_comprehensive_execution.rb:101:in 'block (2 levels) in 
<class:ComprehensivePipeline>': undefined local variable or method 'output' for an instance of ComprehensivePipeline 
(NameError)

      output << results

      ^^^^^^
	from C:/workspace/minigun/lib/minigun/stage.rb:109:in 'BasicObject#instance_exec'
	from C:/workspace/minigun/lib/minigun/stage.rb:109:in 'Minigun::AtomicStage#execute'
	from C:/workspace/minigun/lib/minigun/execution/executor.rb:62:in 'Minigun::Execution::Executor#run_stage_logic'
	from C:/workspace/minigun/lib/minigun/execution/executor.rb:99:in 'block in 
Minigun::Execution::ThreadPoolExecutor#execute_with_strategy'
#<Thread:0x000001bb015dd168 C:/workspace/minigun/lib/minigun/execution/executor.rb:97 run> terminated with exception 
(report_on_exception is true):
C:/workspace/minigun/examples/38_comprehensive_execution.rb:101:in 'block (2 levels) in 
<class:ComprehensivePipeline>': undefined local variable or method 'output' for an instance of ComprehensivePipeline 
(NameError)

      output << results

      ^^^^^^
	from C:/workspace/minigun/lib/minigun/stage.rb:109:in 'BasicObject#instance_exec'
	from C:/workspace/minigun/lib/minigun/stage.rb:109:in 'Minigun::AtomicStage#execute'
	from C:/workspace/minigun/lib/minigun/execution/executor.rb:62:in 'Minigun::Execution::Executor#run_stage_logic'
	from C:/workspace/minigun/lib/minigun/execution/executor.rb:99:in 'block in 
Minigun::Execution::ThreadPoolExecutor#execute_with_strategy'
#<Thread:0x000001bb735f5750 C:/workspace/minigun/lib/minigun/execution/executor.rb:97 run> terminated with exception 
(report_on_exception is true):
C:/workspace/minigun/examples/38_comprehensive_execution.rb:101:in 'block (2 levels) in 
<class:ComprehensivePipeline>': undefined local variable or method 'output' for an instance of ComprehensivePipeline 
(NameError)

      output << results

      ^^^^^^
	from C:/workspace/minigun/lib/minigun/stage.rb:109:in 'BasicObject#instance_exec'
	from C:/workspace/minigun/lib/minigun/stage.rb:109:in 'Minigun::AtomicStage#execute'
	from C:/workspace/minigun/lib/minigun/execution/executor.rb:62:in 'Minigun::Execution::Executor#run_stage_logic'
	from C:/workspace/minigun/lib/minigun/execution/executor.rb:99:in 'block in 
Minigun::Execution::ThreadPoolExecutor#execute_with_strategy'
#<Thread:0x000001bb74db7118 C:/workspace/minigun/lib/minigun/execution/executor.rb:97 run> terminated with exception 
(report_on_exception is true):
C:/workspace/minigun/examples/38_comprehensive_execution.rb:101:in 'block (2 levels) in 
<class:ComprehensivePipeline>': undefined local variable or method 'output' for an instance of ComprehensivePipeline 
(NameError)

      output << results

      ^^^^^^
	from C:/workspace/minigun/lib/minigun/stage.rb:109:in 'BasicObject#instance_exec'
	from C:/workspace/minigun/lib/minigun/stage.rb:109:in 'Minigun::AtomicStage#execute'
	from C:/workspace/minigun/lib/minigun/execution/executor.rb:62:in 'Minigun::Execution::Executor#run_stage_logic'
	from C:/workspace/minigun/lib/minigun/execution/executor.rb:99:in 'block in 
Minigun::Execution::ThreadPoolExecutor#execute_with_strategy'
#<Thread:0x000001bb74c13aa0 C:/workspace/minigun/lib/minigun/execution/executor.rb:97 run> terminated with exception 
(report_on_exception is true):
C:/workspace/minigun/examples/38_comprehensive_execution.rb:101:in 'block (2 levels) in 
<class:ComprehensivePipeline>': undefined local variable or method 'output' for an instance of ComprehensivePipeline 
(NameError)

      output << results

      ^^^^^^
	from C:/workspace/minigun/lib/minigun/stage.rb:109:in 'BasicObject#instance_exec'
	from C:/workspace/minigun/lib/minigun/stage.rb:109:in 'Minigun::AtomicStage#execute'
	from C:/workspace/minigun/lib/minigun/execution/executor.rb:62:in 'Minigun::Execution::Executor#run_stage_logic'
	from C:/workspace/minigun/lib/minigun/execution/executor.rb:99:in 'block in 
Minigun::Execution::ThreadPoolExecutor#execute_with_strategy'
#<Thread:0x000001bb74ab5ed8 C:/workspace/minigun/lib/minigun/execution/executor.rb:97 run> terminated with exception 
(report_on_exception is true):
C:/workspace/minigun/examples/38_comprehensive_execution.rb:101:in 'block (2 levels) in 
<class:ComprehensivePipeline>': undefined local variable or method 'output' for an instance of ComprehensivePipeline 
(NameError)

      output << results

      ^^^^^^
	from C:/workspace/minigun/lib/minigun/stage.rb:109:in 'BasicObject#instance_exec'
	from C:/workspace/minigun/lib/minigun/stage.rb:109:in 'Minigun::AtomicStage#execute'
	from C:/workspace/minigun/lib/minigun/execution/executor.rb:62:in 'Minigun::Execution::Executor#run_stage_logic'
	from C:/workspace/minigun/lib/minigun/execution/executor.rb:99:in 'block in 
Minigun::Execution::ThreadPoolExecutor#execute_with_strategy'
E, [2025-10-27T13:41:27.885295 #8588] ERROR -- : [Pipeline:default][Stage:save_to_db] Error: undefined local variable or method 'output' for an instance of ComprehensivePipeline
E, [2025-10-27T13:41:27.885344 #8588] ERROR -- : C:/workspace/minigun/examples/38_comprehensive_execution.rb:101:in 'block (2 levels) in <class:ComprehensivePipeline>'
C:/workspace/minigun/lib/minigun/stage.rb:109:in 'BasicObject#instance_exec'
C:/workspace/minigun/lib/minigun/stage.rb:109:in 'Minigun::AtomicStage#execute'
C:/workspace/minigun/lib/minigun/execution/executor.rb:62:in 'Minigun::Execution::Executor#run_stage_logic'
C:/workspace/minigun/lib/minigun/execution/executor.rb:99:in 'block in Minigun::Execution::ThreadPoolExecutor#execute_with_strategy'
E, [2025-10-27T13:41:27.886747 #8588] ERROR -- : [Pipeline:default][Stage:save_to_db] Error: undefined local variable or method 'output' for an instance of ComprehensivePipeline
E, [2025-10-27T13:41:27.886788 #8588] ERROR -- : C:/workspace/minigun/examples/38_comprehensive_execution.rb:101:in 'block (2 levels) in <class:ComprehensivePipeline>'
C:/workspace/minigun/lib/minigun/stage.rb:109:in 'BasicObject#instance_exec'
C:/workspace/minigun/lib/minigun/stage.rb:109:in 'Minigun::AtomicStage#execute'
C:/workspace/minigun/lib/minigun/execution/executor.rb:62:in 'Minigun::Execution::Executor#run_stage_logic'
C:/workspace/minigun/lib/minigun/execution/executor.rb:99:in 'block in Minigun::Execution::ThreadPoolExecutor#execute_with_strategy'
E, [2025-10-27T13:41:27.888158 #8588] ERROR -- : [Pipeline:default][Stage:save_to_db] Error: undefined local variable or method 'output' for an instance of ComprehensivePipeline
E, [2025-10-27T13:41:27.888199 #8588] ERROR -- : C:/workspace/minigun/examples/38_comprehensive_execution.rb:101:in 'block (2 levels) in <class:ComprehensivePipeline>'
C:/workspace/minigun/lib/minigun/stage.rb:109:in 'BasicObject#instance_exec'
C:/workspace/minigun/lib/minigun/stage.rb:109:in 'Minigun::AtomicStage#execute'
C:/workspace/minigun/lib/minigun/execution/executor.rb:62:in 'Minigun::Execution::Executor#run_stage_logic'
C:/workspace/minigun/lib/minigun/execution/executor.rb:99:in 'block in Minigun::Execution::ThreadPoolExecutor#execute_with_strategy'
E, [2025-10-27T13:41:27.889598 #8588] ERROR -- : [Pipeline:default][Stage:save_to_db] Error: undefined local variable or method 'output' for an instance of ComprehensivePipeline
E, [2025-10-27T13:41:27.889642 #8588] ERROR -- : C:/workspace/minigun/examples/38_comprehensive_execution.rb:101:in 'block (2 levels) in <class:ComprehensivePipeline>'
C:/workspace/minigun/lib/minigun/stage.rb:109:in 'BasicObject#instance_exec'
C:/workspace/minigun/lib/minigun/stage.rb:109:in 'Minigun::AtomicStage#execute'
C:/workspace/minigun/lib/minigun/execution/executor.rb:62:in 'Minigun::Execution::Executor#run_stage_logic'
C:/workspace/minigun/lib/minigun/execution/executor.rb:99:in 'block in Minigun::Execution::ThreadPoolExecutor#execute_with_strategy'
E, [2025-10-27T13:41:27.891156 #8588] ERROR -- : [Pipeline:default][Stage:save_to_db] Error: undefined local variable or method 'output' for an instance of ComprehensivePipeline
E, [2025-10-27T13:41:27.891195 #8588] ERROR -- : C:/workspace/minigun/examples/38_comprehensive_execution.rb:101:in 'block (2 levels) in <class:ComprehensivePipeline>'
C:/workspace/minigun/lib/minigun/stage.rb:109:in 'BasicObject#instance_exec'
C:/workspace/minigun/lib/minigun/stage.rb:109:in 'Minigun::AtomicStage#execute'
C:/workspace/minigun/lib/minigun/execution/executor.rb:62:in 'Minigun::Execution::Executor#run_stage_logic'
C:/workspace/minigun/lib/minigun/execution/executor.rb:99:in 'block in Minigun::Execution::ThreadPoolExecutor#execute_with_strategy'
E, [2025-10-27T13:41:27.893304 #8588] ERROR -- : [Pipeline:default][Stage:save_to_db] Error: undefined local variable or method 'output' for an instance of ComprehensivePipeline
E, [2025-10-27T13:41:27.893348 #8588] ERROR -- : C:/workspace/minigun/examples/38_comprehensive_execution.rb:101:in 'block (2 levels) in <class:ComprehensivePipeline>'
C:/workspace/minigun/lib/minigun/stage.rb:109:in 'BasicObject#instance_exec'
C:/workspace/minigun/lib/minigun/stage.rb:109:in 'Minigun::AtomicStage#execute'
C:/workspace/minigun/lib/minigun/execution/executor.rb:62:in 'Minigun::Execution::Executor#run_stage_logic'
C:/workspace/minigun/lib/minigun/execution/executor.rb:99:in 'block in Minigun::Execution::ThreadPoolExecutor#execute_with_strategy'
E, [2025-10-27T13:41:27.895053 #8588] ERROR -- : [Pipeline:default][Stage:save_to_db] Error: undefined local variable or method 'output' for an instance of ComprehensivePipeline
E, [2025-10-27T13:41:27.895095 #8588] ERROR -- : C:/workspace/minigun/examples/38_comprehensive_execution.rb:101:in 'block (2 levels) in <class:ComprehensivePipeline>'
C:/workspace/minigun/lib/minigun/stage.rb:109:in 'BasicObject#instance_exec'
C:/workspace/minigun/lib/minigun/stage.rb:109:in 'Minigun::AtomicStage#execute'
C:/workspace/minigun/lib/minigun/execution/executor.rb:62:in 'Minigun::Execution::Executor#run_stage_logic'
C:/workspace/minigun/lib/minigun/execution/executor.rb:99:in 'block in Minigun::Execution::ThreadPoolExecutor#execute_with_strategy'
E, [2025-10-27T13:41:27.896519 #8588] ERROR -- : [Pipeline:default][Stage:save_to_db] Error: undefined local variable or method 'output' for an instance of ComprehensivePipeline
E, [2025-10-27T13:41:27.896561 #8588] ERROR -- : C:/workspace/minigun/examples/38_comprehensive_execution.rb:101:in 'block (2 levels) in <class:ComprehensivePipeline>'
C:/workspace/minigun/lib/minigun/stage.rb:109:in 'BasicObject#instance_exec'
C:/workspace/minigun/lib/minigun/stage.rb:109:in 'Minigun::AtomicStage#execute'
C:/workspace/minigun/lib/minigun/execution/executor.rb:62:in 'Minigun::Execution::Executor#run_stage_logic'
C:/workspace/minigun/lib/minigun/execution/executor.rb:99:in 'block in Minigun::Execution::ThreadPoolExecutor#execute_with_strategy'
E, [2025-10-27T13:41:27.898039 #8588] ERROR -- : [Pipeline:default][Stage:save_to_db] Error: undefined local variable or method 'output' for an instance of ComprehensivePipeline
E, [2025-10-27T13:41:27.898080 #8588] ERROR -- : C:/workspace/minigun/examples/38_comprehensive_execution.rb:101:in 'block (2 levels) in <class:ComprehensivePipeline>'
C:/workspace/minigun/lib/minigun/stage.rb:109:in 'BasicObject#instance_exec'
C:/workspace/minigun/lib/minigun/stage.rb:109:in 'Minigun::AtomicStage#execute'
C:/workspace/minigun/lib/minigun/execution/executor.rb:62:in 'Minigun::Execution::Executor#run_stage_logic'
C:/workspace/minigun/lib/minigun/execution/executor.rb:99:in 'block in Minigun::Execution::ThreadPoolExecutor#execute_with_strategy'
E, [2025-10-27T13:41:27.899561 #8588] ERROR -- : [Pipeline:default][Stage:save_to_db] Error: undefined local variable or method 'output' for an instance of ComprehensivePipeline
E, [2025-10-27T13:41:27.899603 #8588] ERROR -- : C:/workspace/minigun/examples/38_comprehensive_execution.rb:101:in 'block (2 levels) in <class:ComprehensivePipeline>'
C:/workspace/minigun/lib/minigun/stage.rb:109:in 'BasicObject#instance_exec'
C:/workspace/minigun/lib/minigun/stage.rb:109:in 'Minigun::AtomicStage#execute'
C:/workspace/minigun/lib/minigun/execution/executor.rb:62:in 'Minigun::Execution::Executor#run_stage_logic'
C:/workspace/minigun/lib/minigun/execution/executor.rb:99:in 'block in Minigun::Execution::ThreadPoolExecutor#execute_with_strategy'
E, [2025-10-27T13:41:27.901100 #8588] ERROR -- : [Pipeline:default][Stage:save_to_db] Error: undefined local variable or method 'output' for an instance of ComprehensivePipeline
E, [2025-10-27T13:41:27.901150 #8588] ERROR -- : C:/workspace/minigun/examples/38_comprehensive_execution.rb:101:in 'block (2 levels) in <class:ComprehensivePipeline>'
C:/workspace/minigun/lib/minigun/stage.rb:109:in 'BasicObject#instance_exec'
C:/workspace/minigun/lib/minigun/stage.rb:109:in 'Minigun::AtomicStage#execute'
C:/workspace/minigun/lib/minigun/execution/executor.rb:62:in 'Minigun::Execution::Executor#run_stage_logic'
C:/workspace/minigun/lib/minigun/execution/executor.rb:99:in 'block in Minigun::Execution::ThreadPoolExecutor#execute_with_strategy'
#<Thread:0x000001bb74a398b0 C:/workspace/minigun/lib/minigun/execution/executor.rb:97 run> terminated with exception 
(report_on_exception is true):
C:/workspace/minigun/examples/38_comprehensive_execution.rb:101:in 'block (2 levels) in 
<class:ComprehensivePipeline>': undefined local variable or method 'output' for an instance of ComprehensivePipeline 
(NameError)

      output << results

      ^^^^^^
	from C:/workspace/minigun/lib/minigun/stage.rb:109:in 'BasicObject#instance_exec'
	from C:/workspace/minigun/lib/minigun/stage.rb:109:in 'Minigun::AtomicStage#execute'
	from C:/workspace/minigun/lib/minigun/execution/executor.rb:62:in 'Minigun::Execution::Executor#run_stage_logic'
	from C:/workspace/minigun/lib/minigun/execution/executor.rb:99:in 'block in 
Minigun::Execution::ThreadPoolExecutor#execute_with_strategy'
#<Thread:0x000001bb74b708f0 C:/workspace/minigun/lib/minigun/execution/executor.rb:97 run> terminated with exception 
(report_on_exception is true):
C:/workspace/minigun/examples/38_comprehensive_execution.rb:101:in 'block (2 levels) in 
<class:ComprehensivePipeline>': undefined local variable or method 'output' for an instance of ComprehensivePipeline 
(NameError)

      output << results

      ^^^^^^
	from C:/workspace/minigun/lib/minigun/stage.rb:109:in 'BasicObject#instance_exec'
	from C:/workspace/minigun/lib/minigun/stage.rb:109:in 'Minigun::AtomicStage#execute'
	from C:/workspace/minigun/lib/minigun/execution/executor.rb:62:in 'Minigun::Execution::Executor#run_stage_logic'
	from C:/workspace/minigun/lib/minigun/execution/executor.rb:99:in 'block in 
Minigun::Execution::ThreadPoolExecutor#execute_with_strategy'
#<Thread:0x000001bb74bf06e0 C:/workspace/minigun/lib/minigun/execution/executor.rb:97 run> terminated with exception 
(report_on_exception is true):
C:/workspace/minigun/examples/38_comprehensive_execution.rb:101:in 'block (2 levels) in 
<class:ComprehensivePipeline>': undefined local variable or method 'output' for an instance of ComprehensivePipeline 
(NameError)

      output << results

      ^^^^^^
	from C:/workspace/minigun/lib/minigun/stage.rb:109:in 'BasicObject#instance_exec'
	from C:/workspace/minigun/lib/minigun/stage.rb:109:in 'Minigun::AtomicStage#execute'
	from C:/workspace/minigun/lib/minigun/execution/executor.rb:62:in 'Minigun::Execution::Executor#run_stage_logic'
	from C:/workspace/minigun/lib/minigun/execution/executor.rb:99:in 'block in 
Minigun::Execution::ThreadPoolExecutor#execute_with_strategy'
#<Thread:0x000001bb74d12ca8 C:/workspace/minigun/lib/minigun/execution/executor.rb:97 run> terminated with exception 
(report_on_exception is true):
C:/workspace/minigun/examples/38_comprehensive_execution.rb:101:in 'block (2 levels) in 
<class:ComprehensivePipeline>': undefined local variable or method 'output' for an instance of ComprehensivePipeline 
(NameError)

      output << results

      ^^^^^^
	from C:/workspace/minigun/lib/minigun/stage.rb:109:in 'BasicObject#instance_exec'
	from C:/workspace/minigun/lib/minigun/stage.rb:109:in 'Minigun::AtomicStage#execute'
	from C:/workspace/minigun/lib/minigun/execution/executor.rb:62:in 'Minigun::Execution::Executor#run_stage_logic'
	from C:/workspace/minigun/lib/minigun/execution/executor.rb:99:in 'block in 
Minigun::Execution::ThreadPoolExecutor#execute_with_strategy'
#<Thread:0x000001bb751727f8 C:/workspace/minigun/lib/minigun/execution/executor.rb:97 run> terminated with exception 
(report_on_exception is true):
C:/workspace/minigun/examples/38_comprehensive_execution.rb:101:in 'block (2 levels) in 
<class:ComprehensivePipeline>': undefined local variable or method 'output' for an instance of ComprehensivePipeline 
(NameError)

      output << results

      ^^^^^^
	from C:/workspace/minigun/lib/minigun/stage.rb:109:in 'BasicObject#instance_exec'
	from C:/workspace/minigun/lib/minigun/stage.rb:109:in 'Minigun::AtomicStage#execute'
	from C:/workspace/minigun/lib/minigun/execution/executor.rb:62:in 'Minigun::Execution::Executor#run_stage_logic'
	from C:/workspace/minigun/lib/minigun/execution/executor.rb:99:in 'block in 
Minigun::Execution::ThreadPoolExecutor#execute_with_strategy'
#<Thread:0x000001bb735badd0 C:/workspace/minigun/lib/minigun/execution/executor.rb:97 run> terminated with exception 
(report_on_exception is true):
C:/workspace/minigun/examples/38_comprehensive_execution.rb:101:in 'block (2 levels) in 
<class:ComprehensivePipeline>': undefined local variable or method 'output' for an instance of ComprehensivePipeline 
(NameError)

      output << results

      ^^^^^^
	from C:/workspace/minigun/lib/minigun/stage.rb:109:in 'BasicObject#instance_exec'
	from C:/workspace/minigun/lib/minigun/stage.rb:109:in 'Minigun::AtomicStage#execute'
	from C:/workspace/minigun/lib/minigun/execution/executor.rb:62:in 'Minigun::Execution::Executor#run_stage_logic'
	from C:/workspace/minigun/lib/minigun/execution/executor.rb:99:in 'block in 
Minigun::Execution::ThreadPoolExecutor#execute_with_strategy'
#<Thread:0x000001bb752b3518 C:/workspace/minigun/lib/minigun/execution/executor.rb:97 run> terminated with exception 
(report_on_exception is true):
C:/workspace/minigun/examples/38_comprehensive_execution.rb:101:in 'block (2 levels) in 
<class:ComprehensivePipeline>': undefined local variable or method 'output' for an instance of ComprehensivePipeline 
(NameError)

      output << results

      ^^^^^^
	from C:/workspace/minigun/lib/minigun/stage.rb:109:in 'BasicObject#instance_exec'
	from C:/workspace/minigun/lib/minigun/stage.rb:109:in 'Minigun::AtomicStage#execute'
	from C:/workspace/minigun/lib/minigun/execution/executor.rb:62:in 'Minigun::Execution::Executor#run_stage_logic'
	from C:/workspace/minigun/lib/minigun/execution/executor.rb:99:in 'block in 
Minigun::Execution::ThreadPoolExecutor#execute_with_strategy'
#<Thread:0x000001bb7363bbd8 C:/workspace/minigun/lib/minigun/execution/executor.rb:97 run> terminated with exception 
(report_on_exception is true):
C:/workspace/minigun/examples/38_comprehensive_execution.rb:101:in 'block (2 levels) in 
<class:ComprehensivePipeline>': undefined local variable or method 'output' for an instance of ComprehensivePipeline 
(NameError)

      output << results

      ^^^^^^
	from C:/workspace/minigun/lib/minigun/stage.rb:109:in 'BasicObject#instance_exec'
	from C:/workspace/minigun/lib/minigun/stage.rb:109:in 'Minigun::AtomicStage#execute'
	from C:/workspace/minigun/lib/minigun/execution/executor.rb:62:in 'Minigun::Execution::Executor#run_stage_logic'
	from C:/workspace/minigun/lib/minigun/execution/executor.rb:99:in 'block in 
Minigun::Execution::ThreadPoolExecutor#execute_with_strategy'
#<Thread:0x000001bb016740e0 C:/workspace/minigun/lib/minigun/execution/executor.rb:97 run> terminated with exception 
(report_on_exception is true):
C:/workspace/minigun/examples/38_comprehensive_execution.rb:101:in 'block (2 levels) in 
<class:ComprehensivePipeline>': undefined local variable or method 'output' for an instance of ComprehensivePipeline 
(NameError)

      output << results

      ^^^^^^
	from C:/workspace/minigun/lib/minigun/stage.rb:109:in 'BasicObject#instance_exec'
	from C:/workspace/minigun/lib/minigun/stage.rb:109:in 'Minigun::AtomicStage#execute'
	from C:/workspace/minigun/lib/minigun/execution/executor.rb:62:in 'Minigun::Execution::Executor#run_stage_logic'
	from C:/workspace/minigun/lib/minigun/execution/executor.rb:99:in 'block in 
Minigun::Execution::ThreadPoolExecutor#execute_with_strategy'
#<Thread:0x000001bb0177b6c8 C:/workspace/minigun/lib/minigun/execution/executor.rb:97 run> terminated with exception 
(report_on_exception is true):
C:/workspace/minigun/examples/38_comprehensive_execution.rb:101:in 'block (2 levels) in 
<class:ComprehensivePipeline>': undefined local variable or method 'output' for an instance of ComprehensivePipeline 
(NameError)

      output << results

      ^^^^^^
	from C:/workspace/minigun/lib/minigun/stage.rb:109:in 'BasicObject#instance_exec'
	from C:/workspace/minigun/lib/minigun/stage.rb:109:in 'Minigun::AtomicStage#execute'
	from C:/workspace/minigun/lib/minigun/execution/executor.rb:62:in 'Minigun::Execution::Executor#run_stage_logic'
	from C:/workspace/minigun/lib/minigun/execution/executor.rb:99:in 'block in 
Minigun::Execution::ThreadPoolExecutor#execute_with_strategy'
#<Thread:0x000001bb017121c8 C:/workspace/minigun/lib/minigun/execution/executor.rb:97 run> terminated with exception 
(report_on_exception is true):
C:/workspace/minigun/examples/38_comprehensive_execution.rb:101:in 'block (2 levels) in 
<class:ComprehensivePipeline>': undefined local variable or method 'output' for an instance of ComprehensivePipeline 
(NameError)

      output << results

      ^^^^^^
	from C:/workspace/minigun/lib/minigun/stage.rb:109:in 'BasicObject#instance_exec'
	from C:/workspace/minigun/lib/minigun/stage.rb:109:in 'Minigun::AtomicStage#execute'
	from C:/workspace/minigun/lib/minigun/execution/executor.rb:62:in 'Minigun::Execution::Executor#run_stage_logic'
	from C:/workspace/minigun/lib/minigun/execution/executor.rb:99:in 'block in 
Minigun::Execution::ThreadPoolExecutor#execute_with_strategy'
E, [2025-10-27T13:41:27.903062 #8588] ERROR -- : [Pipeline:default][Stage:save_to_db] Error: undefined local variable or method 'output' for an instance of ComprehensivePipeline
E, [2025-10-27T13:41:27.903105 #8588] ERROR -- : C:/workspace/minigun/examples/38_comprehensive_execution.rb:101:in 'block (2 levels) in <class:ComprehensivePipeline>'
C:/workspace/minigun/lib/minigun/stage.rb:109:in 'BasicObject#instance_exec'
C:/workspace/minigun/lib/minigun/stage.rb:109:in 'Minigun::AtomicStage#execute'
C:/workspace/minigun/lib/minigun/execution/executor.rb:62:in 'Minigun::Execution::Executor#run_stage_logic'
C:/workspace/minigun/lib/minigun/execution/executor.rb:99:in 'block in Minigun::Execution::ThreadPoolExecutor#execute_with_strategy'
E, [2025-10-27T13:41:27.904649 #8588] ERROR -- : [Pipeline:default][Stage:save_to_db] Error: undefined local variable or method 'output' for an instance of ComprehensivePipeline
E, [2025-10-27T13:41:27.904727 #8588] ERROR -- : C:/workspace/minigun/examples/38_comprehensive_execution.rb:101:in 'block (2 levels) in <class:ComprehensivePipeline>'
C:/workspace/minigun/lib/minigun/stage.rb:109:in 'BasicObject#instance_exec'
C:/workspace/minigun/lib/minigun/stage.rb:109:in 'Minigun::AtomicStage#execute'
C:/workspace/minigun/lib/minigun/execution/executor.rb:62:in 'Minigun::Execution::Executor#run_stage_logic'
C:/workspace/minigun/lib/minigun/execution/executor.rb:99:in 'block in Minigun::Execution::ThreadPoolExecutor#execute_with_strategy'
E, [2025-10-27T13:41:27.906180 #8588] ERROR -- : [Pipeline:default][Stage:save_to_db] Error: undefined local variable or method 'output' for an instance of ComprehensivePipeline
E, [2025-10-27T13:41:27.906231 #8588] ERROR -- : C:/workspace/minigun/examples/38_comprehensive_execution.rb:101:in 'block (2 levels) in <class:ComprehensivePipeline>'
C:/workspace/minigun/lib/minigun/stage.rb:109:in 'BasicObject#instance_exec'
C:/workspace/minigun/lib/minigun/stage.rb:109:in 'Minigun::AtomicStage#execute'
C:/workspace/minigun/lib/minigun/execution/executor.rb:62:in 'Minigun::Execution::Executor#run_stage_logic'
C:/workspace/minigun/lib/minigun/execution/executor.rb:99:in 'block in Minigun::Execution::ThreadPoolExecutor#execute_with_strategy'
E, [2025-10-27T13:41:27.907773 #8588] ERROR -- : [Pipeline:default][Stage:save_to_db] Error: undefined local variable or method 'output' for an instance of ComprehensivePipeline
E, [2025-10-27T13:41:27.907816 #8588] ERROR -- : C:/workspace/minigun/examples/38_comprehensive_execution.rb:101:in 'block (2 levels) in <class:ComprehensivePipeline>'
C:/workspace/minigun/lib/minigun/stage.rb:109:in 'BasicObject#instance_exec'
C:/workspace/minigun/lib/minigun/stage.rb:109:in 'Minigun::AtomicStage#execute'
C:/workspace/minigun/lib/minigun/execution/executor.rb:62:in 'Minigun::Execution::Executor#run_stage_logic'
C:/workspace/minigun/lib/minigun/execution/executor.rb:99:in 'block in Minigun::Execution::ThreadPoolExecutor#execute_with_strategy'
E, [2025-10-27T13:41:27.910040 #8588] ERROR -- : [Pipeline:default][Stage:save_to_db] Error: undefined local variable or method 'output' for an instance of ComprehensivePipeline
E, [2025-10-27T13:41:27.910081 #8588] ERROR -- : C:/workspace/minigun/examples/38_comprehensive_execution.rb:101:in 'block (2 levels) in <class:ComprehensivePipeline>'
C:/workspace/minigun/lib/minigun/stage.rb:109:in 'BasicObject#instance_exec'
C:/workspace/minigun/lib/minigun/stage.rb:109:in 'Minigun::AtomicStage#execute'
C:/workspace/minigun/lib/minigun/execution/executor.rb:62:in 'Minigun::Execution::Executor#run_stage_logic'
C:/workspace/minigun/lib/minigun/execution/executor.rb:99:in 'block in Minigun::Execution::ThreadPoolExecutor#execute_with_strategy'
E, [2025-10-27T13:41:27.911612 #8588] ERROR -- : [Pipeline:default][Stage:save_to_db] Error: undefined local variable or method 'output' for an instance of ComprehensivePipeline
E, [2025-10-27T13:41:27.911678 #8588] ERROR -- : C:/workspace/minigun/examples/38_comprehensive_execution.rb:101:in 'block (2 levels) in <class:ComprehensivePipeline>'
C:/workspace/minigun/lib/minigun/stage.rb:109:in 'BasicObject#instance_exec'
C:/workspace/minigun/lib/minigun/stage.rb:109:in 'Minigun::AtomicStage#execute'
C:/workspace/minigun/lib/minigun/execution/executor.rb:62:in 'Minigun::Execution::Executor#run_stage_logic'
C:/workspace/minigun/lib/minigun/execution/executor.rb:99:in 'block in Minigun::Execution::ThreadPoolExecutor#execute_with_strategy'
E, [2025-10-27T13:41:27.915587 #8588] ERROR -- : [Pipeline:default][Stage:save_to_db] Error: undefined local variable or method 'output' for an instance of ComprehensivePipeline
E, [2025-10-27T13:41:27.915641 #8588] ERROR -- : C:/workspace/minigun/examples/38_comprehensive_execution.rb:101:in 'block (2 levels) in <class:ComprehensivePipeline>'
C:/workspace/minigun/lib/minigun/stage.rb:109:in 'BasicObject#instance_exec'
C:/workspace/minigun/lib/minigun/stage.rb:109:in 'Minigun::AtomicStage#execute'
C:/workspace/minigun/lib/minigun/execution/executor.rb:62:in 'Minigun::Execution::Executor#run_stage_logic'
C:/workspace/minigun/lib/minigun/execution/executor.rb:99:in 'block in Minigun::Execution::ThreadPoolExecutor#execute_with_strategy'
E, [2025-10-27T13:41:27.917057 #8588] ERROR -- : [Pipeline:default][Stage:save_to_db] Error: undefined local variable or method 'output' for an instance of ComprehensivePipeline
E, [2025-10-27T13:41:27.917102 #8588] ERROR -- : C:/workspace/minigun/examples/38_comprehensive_execution.rb:101:in 'block (2 levels) in <class:ComprehensivePipeline>'
C:/workspace/minigun/lib/minigun/stage.rb:109:in 'BasicObject#instance_exec'
C:/workspace/minigun/lib/minigun/stage.rb:109:in 'Minigun::AtomicStage#execute'
C:/workspace/minigun/lib/minigun/execution/executor.rb:62:in 'Minigun::Execution::Executor#run_stage_logic'
C:/workspace/minigun/lib/minigun/execution/executor.rb:99:in 'block in Minigun::Execution::ThreadPoolExecutor#execute_with_strategy'
I, [2025-10-27T13:41:27.917187 #8588]  INFO -- : [Pipeline:default][Worker:save_to_db] Done
I, [2025-10-27T13:41:27.917235 #8588]  INFO -- : [Pipeline:default][Worker:upload_to_s3] Done
I, [2025-10-27T13:41:27.917366 #8588]  INFO -- : [Job:ae878398][Pipeline:default] Finished in 0.46s
I, [2025-10-27T13:41:27.917438 #8588]  INFO -- : [Job:ae878398] ComprehensivePipeline finished
I, [2025-10-27T13:41:27.917468 #8588]  INFO -- : [Job:ae878398] Runtime: 0.46s
I, [2025-10-27T13:41:27.917509 #8588]  INFO -- : [Job:ae878398] Pipeline 'default': 0 produced, 0 consumed, 0.0 items/s
I, [2025-10-27T13:41:27.917568 #8588]  INFO -- : [Job:ae878398] Bottleneck: generate_urls (0.0 items/s)
I, [2025-10-27T13:41:27.917621 #8588]  INFO -- : [Job:ae878398] Total: 0 items, 0.0 items/min

Results (high concurrency):
  Downloaded: 200 items
  Parsed: 200 items
  Uploaded: 0 items

Γ£ô Same pipeline, different configuration
Γ£ô Adapt to available resources
Γ£ô Clean, declarative syntax

============================================================
Summary of Refactor 2 Features
============================================================

Γ£ô Execution Blocks:
  - threads(N) do ... end
  - processes(N) do ... end
  - ractors(N) do ... end

Γ£ô Per-Batch Spawning:
  - thread_per_batch(max: N) do ... end
  - process_per_batch(max: N) do ... end
  - ractor_per_batch(max: N) do ... end

Γ£ô Batching:
  - batch N (creates accumulator stage)
  - Multiple batch stages per pipeline
  - Runtime-configurable sizes

Γ£ô Named Contexts:
  - execution_context :name, :type, size
  - processor :stage, execution_context: :name
  - Reusable, declarative

Γ£ô Nesting:
  - Natural context inheritance
  - Inner contexts override outer
  - Batching works within any context

Γ£ô Configuration:
  - Instance variables (@threads, @batch_size)
  - Runtime-configurable
  - Environment-aware

Benefits:
Γ£ô Clear intent (what work, what context)
Γ£ô No strategy: options needed
Γ£ô Composable and reusable
Γ£ô Type-safe context management
Γ£ô Optimal resource utilization
I, [2025-10-27T13:41:27.917771 #8588]  INFO -- : [Job:855d256f] ComprehensivePipeline started
I, [2025-10-27T13:41:27.917818 #8588]  INFO -- : [Job:855d256f] Configuration: max_processes=2, max_threads=5
I, [2025-10-27T13:41:27.917858 #8588]  INFO -- : [Job:855d256f][Pipeline:default] Starting
[DAG BUILD] BEFORE handle_multiple_producers: edges=generate_urls->check_cache | check_cache->download | download->extract_metadata | extract_metadata->_batch_0 | _batch_0->parse_batch | parse_batch->save_to_db | save_to_db->upload_to_s3 | upload_to_s3->
[DAG BUILD] AFTER handle_multiple_producers: edges=generate_urls->check_cache | check_cache->download | download->extract_metadata | extract_metadata->_batch_0 | _batch_0->parse_batch | parse_batch->save_to_db | save_to_db->upload_to_s3 | upload_to_s3->
[DAG BUILD] AFTER fill_sequential_gaps: edges=generate_urls->check_cache | check_cache->download | download->extract_metadata | extract_metadata->_batch_0 | _batch_0->parse_batch | parse_batch->save_to_db | save_to_db->upload_to_s3 | upload_to_s3->
I, [2025-10-27T13:41:27.918006 #8588]  INFO -- : [Job:855d256f][Pipeline:default] DAG: generate_urls -> check_cache -> download -> extract_metadata -> _batch_0 -> parse_batch -> save_to_db -> upload_to_s3
I, [2025-10-27T13:41:27.918291 #8588]  INFO -- : [Pipeline:default][Producer:generate_urls] Starting 
I, [2025-10-27T13:41:27.918593 #8588]  INFO -- : [Pipeline:default][Producer:generate_urls] Done
I, [2025-10-27T13:41:27.918401 #8588]  INFO -- : [Pipeline:default][Worker:extract_metadata] Starting
I, [2025-10-27T13:41:27.918488 #8588]  INFO -- : [Pipeline:default][Worker:parse_batch] Starting
I, [2025-10-27T13:41:27.918641 #8588]  INFO -- : [Pipeline:default][Worker:_batch_0] Starting
I, [2025-10-27T13:41:27.918672 #8588]  INFO -- : [Pipeline:default][Worker:download] Starting
I, [2025-10-27T13:41:27.918722 #8588]  INFO -- : [Pipeline:default][Worker:save_to_db] Starting
I, [2025-10-27T13:41:27.918774 #8588]  INFO -- : [Pipeline:default][Worker:upload_to_s3] Starting
I, [2025-10-27T13:41:27.918358 #8588]  INFO -- : [Pipeline:default][Worker:check_cache] Starting
#<Thread:0x000001bb017da8a8 C:/workspace/minigun/lib/minigun/execution/executor.rb:97 run> terminated with exception 
(report_on_exception is true):
C:/workspace/minigun/examples/38_comprehensive_execution.rb:101:in 'block (2 levels) in 
<class:ComprehensivePipeline>': undefined local variable or method 'output' for an instance of ComprehensivePipeline 
(NameError)

      output << results

      ^^^^^^
	from C:/workspace/minigun/lib/minigun/stage.rb:109:in 'BasicObject#instance_exec'
	from C:/workspace/minigun/lib/minigun/stage.rb:109:in 'Minigun::AtomicStage#execute'
	from C:/workspace/minigun/lib/minigun/execution/executor.rb:62:in 'Minigun::Execution::Executor#run_stage_logic'
	from C:/workspace/minigun/lib/minigun/execution/executor.rb:99:in 'block in 
Minigun::Execution::ThreadPoolExecutor#execute_with_strategy'
#<Thread:0x000001bb017b2f60 C:/workspace/minigun/lib/minigun/execution/executor.rb:97 run> terminated with exception 
(report_on_exception is true):
C:/workspace/minigun/examples/38_comprehensive_execution.rb:101:in 'block (2 levels) in 
<class:ComprehensivePipeline>': undefined local variable or method 'output' for an instance of ComprehensivePipeline 
(NameError)

      output << results

      ^^^^^^
	from C:/workspace/minigun/lib/minigun/stage.rb:109:in 'BasicObject#instance_exec'
	from C:/workspace/minigun/lib/minigun/stage.rb:109:in 'Minigun::AtomicStage#execute'
	from C:/workspace/minigun/lib/minigun/execution/executor.rb:62:in 'Minigun::Execution::Executor#run_stage_logic'
	from C:/workspace/minigun/lib/minigun/execution/executor.rb:99:in 'block in 
Minigun::Execution::ThreadPoolExecutor#execute_with_strategy'
[Minigun] Process forking not available, falling back to inline
#<Thread:0x000001bb017dd530 C:/workspace/minigun/lib/minigun/execution/executor.rb:97 run> terminated with exception 
(report_on_exception is true):
C:/workspace/minigun/examples/38_comprehensive_execution.rb:101:in 'block (2 levels) in 
<class:ComprehensivePipeline>': undefined local variable or method 'output' for an instance of ComprehensivePipeline 
(NameError)

      output << results

      ^^^^^^
	from C:/workspace/minigun/lib/minigun/stage.rb:109:in 'BasicObject#instance_exec'
	from C:/workspace/minigun/lib/minigun/stage.rb:109:in 'Minigun::AtomicStage#execute'
	from C:/workspace/minigun/lib/minigun/execution/executor.rb:62:in 'Minigun::Execution::Executor#run_stage_logic'
	from C:/workspace/minigun/lib/minigun/execution/executor.rb:99:in 'block in 
Minigun::Execution::ThreadPoolExecutor#execute_with_strategy'
E, [2025-10-27T13:41:27.950608 #8588] ERROR -- : [Pipeline:default][Stage:save_to_db] Error: undefined local variable or method 'output' for an instance of ComprehensivePipeline
E, [2025-10-27T13:41:27.950819 #8588] ERROR -- : C:/workspace/minigun/examples/38_comprehensive_execution.rb:101:in 'block (2 levels) in <class:ComprehensivePipeline>'
C:/workspace/minigun/lib/minigun/stage.rb:109:in 'BasicObject#instance_exec'
C:/workspace/minigun/lib/minigun/stage.rb:109:in 'Minigun::AtomicStage#execute'
C:/workspace/minigun/lib/minigun/execution/executor.rb:62:in 'Minigun::Execution::Executor#run_stage_logic'
C:/workspace/minigun/lib/minigun/execution/executor.rb:99:in 'block in Minigun::Execution::ThreadPoolExecutor#execute_with_strategy'
#<Thread:0x000001bb017b5008 C:/workspace/minigun/lib/minigun/execution/executor.rb:97 run> terminated with exception 
(report_on_exception is true):
C:/workspace/minigun/examples/38_comprehensive_execution.rb:101:in 'block (2 levels) in 
<class:ComprehensivePipeline>': undefined local variable or method 'output' for an instance of ComprehensivePipeline 
(NameError)

      output << results

      ^^^^^^
	from C:/workspace/minigun/lib/minigun/stage.rb:109:in 'BasicObject#instance_exec'
	from C:/workspace/minigun/lib/minigun/stage.rb:109:in 'Minigun::AtomicStage#execute'
	from C:/workspace/minigun/lib/minigun/execution/executor.rb:62:in 'Minigun::Execution::Executor#run_stage_logic'
	from C:/workspace/minigun/lib/minigun/execution/executor.rb:99:in 'block in 
Minigun::Execution::ThreadPoolExecutor#execute_with_strategy'
E, [2025-10-27T13:41:27.952959 #8588] ERROR -- : [Pipeline:default][Stage:save_to_db] Error: undefined local variable or method 'output' for an instance of ComprehensivePipeline
E, [2025-10-27T13:41:27.953145 #8588] ERROR -- : C:/workspace/minigun/examples/38_comprehensive_execution.rb:101:in 'block (2 levels) in <class:ComprehensivePipeline>'
C:/workspace/minigun/lib/minigun/stage.rb:109:in 'BasicObject#instance_exec'
C:/workspace/minigun/lib/minigun/stage.rb:109:in 'Minigun::AtomicStage#execute'
C:/workspace/minigun/lib/minigun/execution/executor.rb:62:in 'Minigun::Execution::Executor#run_stage_logic'
C:/workspace/minigun/lib/minigun/execution/executor.rb:99:in 'block in Minigun::Execution::ThreadPoolExecutor#execute_with_strategy'
#<Thread:0x000001bb016daf20 C:/workspace/minigun/lib/minigun/execution/executor.rb:97 run> terminated with exception 
(report_on_exception is true):
C:/workspace/minigun/examples/38_comprehensive_execution.rb:101:in 'block (2 levels) in 
<class:ComprehensivePipeline>': undefined local variable or method 'output' for an instance of ComprehensivePipeline 
(NameError)

      output << results

      ^^^^^^
	from C:/workspace/minigun/lib/minigun/stage.rb:109:in 'BasicObject#instance_exec'
	from C:/workspace/minigun/lib/minigun/stage.rb:109:in 'Minigun::AtomicStage#execute'
	from C:/workspace/minigun/lib/minigun/execution/executor.rb:62:in 'Minigun::Execution::Executor#run_stage_logic'
	from C:/workspace/minigun/lib/minigun/execution/executor.rb:99:in 'block in 
Minigun::Execution::ThreadPoolExecutor#execute_with_strategy'
E, [2025-10-27T13:41:27.955455 #8588] ERROR -- : [Pipeline:default][Stage:save_to_db] Error: undefined local variable or method 'output' for an instance of ComprehensivePipeline
E, [2025-10-27T13:41:27.955632 #8588] ERROR -- : C:/workspace/minigun/examples/38_comprehensive_execution.rb:101:in 'block (2 levels) in <class:ComprehensivePipeline>'
C:/workspace/minigun/lib/minigun/stage.rb:109:in 'BasicObject#instance_exec'
C:/workspace/minigun/lib/minigun/stage.rb:109:in 'Minigun::AtomicStage#execute'
C:/workspace/minigun/lib/minigun/execution/executor.rb:62:in 'Minigun::Execution::Executor#run_stage_logic'
C:/workspace/minigun/lib/minigun/execution/executor.rb:99:in 'block in Minigun::Execution::ThreadPoolExecutor#execute_with_strategy'
#<Thread:0x000001bb74b5fd48 C:/workspace/minigun/lib/minigun/execution/executor.rb:97 run> terminated with exception 
(report_on_exception is true):
C:/workspace/minigun/examples/38_comprehensive_execution.rb:101:in 'block (2 levels) in 
<class:ComprehensivePipeline>': undefined local variable or method 'output' for an instance of ComprehensivePipeline 
(NameError)

      output << results

      ^^^^^^
	from C:/workspace/minigun/lib/minigun/stage.rb:109:in 'BasicObject#instance_exec'
	from C:/workspace/minigun/lib/minigun/stage.rb:109:in 'Minigun::AtomicStage#execute'
	from C:/workspace/minigun/lib/minigun/execution/executor.rb:62:in 'Minigun::Execution::Executor#run_stage_logic'
	from C:/workspace/minigun/lib/minigun/execution/executor.rb:99:in 'block in 
Minigun::Execution::ThreadPoolExecutor#execute_with_strategy'
E, [2025-10-27T13:41:27.957561 #8588] ERROR -- : [Pipeline:default][Stage:save_to_db] Error: undefined local variable or method 'output' for an instance of ComprehensivePipeline
E, [2025-10-27T13:41:27.957728 #8588] ERROR -- : C:/workspace/minigun/examples/38_comprehensive_execution.rb:101:in 'block (2 levels) in <class:ComprehensivePipeline>'
C:/workspace/minigun/lib/minigun/stage.rb:109:in 'BasicObject#instance_exec'
C:/workspace/minigun/lib/minigun/stage.rb:109:in 'Minigun::AtomicStage#execute'
C:/workspace/minigun/lib/minigun/execution/executor.rb:62:in 'Minigun::Execution::Executor#run_stage_logic'
C:/workspace/minigun/lib/minigun/execution/executor.rb:99:in 'block in Minigun::Execution::ThreadPoolExecutor#execute_with_strategy'
#<Thread:0x000001bb74ab76c0 C:/workspace/minigun/lib/minigun/execution/executor.rb:97 run> terminated with exception 
(report_on_exception is true):
C:/workspace/minigun/examples/38_comprehensive_execution.rb:101:in 'block (2 levels) in 
<class:ComprehensivePipeline>': undefined local variable or method 'output' for an instance of ComprehensivePipeline 
(NameError)

      output << results

      ^^^^^^
	from C:/workspace/minigun/lib/minigun/stage.rb:109:in 'BasicObject#instance_exec'
	from C:/workspace/minigun/lib/minigun/stage.rb:109:in 'Minigun::AtomicStage#execute'
	from C:/workspace/minigun/lib/minigun/execution/executor.rb:62:in 'Minigun::Execution::Executor#run_stage_logic'
	from C:/workspace/minigun/lib/minigun/execution/executor.rb:99:in 'block in 
Minigun::Execution::ThreadPoolExecutor#execute_with_strategy'
E, [2025-10-27T13:41:27.959652 #8588] ERROR -- : [Pipeline:default][Stage:save_to_db] Error: undefined local variable or method 'output' for an instance of ComprehensivePipeline
E, [2025-10-27T13:41:27.959827 #8588] ERROR -- : C:/workspace/minigun/examples/38_comprehensive_execution.rb:101:in 'block (2 levels) in <class:ComprehensivePipeline>'
C:/workspace/minigun/lib/minigun/stage.rb:109:in 'BasicObject#instance_exec'
C:/workspace/minigun/lib/minigun/stage.rb:109:in 'Minigun::AtomicStage#execute'
C:/workspace/minigun/lib/minigun/execution/executor.rb:62:in 'Minigun::Execution::Executor#run_stage_logic'
C:/workspace/minigun/lib/minigun/execution/executor.rb:99:in 'block in Minigun::Execution::ThreadPoolExecutor#execute_with_strategy'
#<Thread:0x000001bb74bb3240 C:/workspace/minigun/lib/minigun/execution/executor.rb:97 run> terminated with exception 
(report_on_exception is true):
C:/workspace/minigun/examples/38_comprehensive_execution.rb:101:in 'block (2 levels) in 
<class:ComprehensivePipeline>': undefined local variable or method 'output' for an instance of ComprehensivePipeline 
(NameError)

      output << results

      ^^^^^^
	from C:/workspace/minigun/lib/minigun/stage.rb:109:in 'BasicObject#instance_exec'
	from C:/workspace/minigun/lib/minigun/stage.rb:109:in 'Minigun::AtomicStage#execute'
	from C:/workspace/minigun/lib/minigun/execution/executor.rb:62:in 'Minigun::Execution::Executor#run_stage_logic'
	from C:/workspace/minigun/lib/minigun/execution/executor.rb:99:in 'block in 
Minigun::Execution::ThreadPoolExecutor#execute_with_strategy'
E, [2025-10-27T13:41:27.962100 #8588] ERROR -- : [Pipeline:default][Stage:save_to_db] Error: undefined local variable or method 'output' for an instance of ComprehensivePipeline
E, [2025-10-27T13:41:27.962286 #8588] ERROR -- : C:/workspace/minigun/examples/38_comprehensive_execution.rb:101:in 'block (2 levels) in <class:ComprehensivePipeline>'
C:/workspace/minigun/lib/minigun/stage.rb:109:in 'BasicObject#instance_exec'
C:/workspace/minigun/lib/minigun/stage.rb:109:in 'Minigun::AtomicStage#execute'
C:/workspace/minigun/lib/minigun/execution/executor.rb:62:in 'Minigun::Execution::Executor#run_stage_logic'
C:/workspace/minigun/lib/minigun/execution/executor.rb:99:in 'block in Minigun::Execution::ThreadPoolExecutor#execute_with_strategy'
#<Thread:0x000001bb74c14888 C:/workspace/minigun/lib/minigun/execution/executor.rb:97 run> terminated with exception 
(report_on_exception is true):
C:/workspace/minigun/examples/38_comprehensive_execution.rb:101:in 'block (2 levels) in 
<class:ComprehensivePipeline>': undefined local variable or method 'output' for an instance of ComprehensivePipeline 
(NameError)

      output << results

      ^^^^^^
	from C:/workspace/minigun/lib/minigun/stage.rb:109:in 'BasicObject#instance_exec'
	from C:/workspace/minigun/lib/minigun/stage.rb:109:in 'Minigun::AtomicStage#execute'
	from C:/workspace/minigun/lib/minigun/execution/executor.rb:62:in 'Minigun::Execution::Executor#run_stage_logic'
	from C:/workspace/minigun/lib/minigun/execution/executor.rb:99:in 'block in 
Minigun::Execution::ThreadPoolExecutor#execute_with_strategy'
E, [2025-10-27T13:41:27.964427 #8588] ERROR -- : [Pipeline:default][Stage:save_to_db] Error: undefined local variable or method 'output' for an instance of ComprehensivePipeline
E, [2025-10-27T13:41:27.964783 #8588] ERROR -- : C:/workspace/minigun/examples/38_comprehensive_execution.rb:101:in 'block (2 levels) in <class:ComprehensivePipeline>'
C:/workspace/minigun/lib/minigun/stage.rb:109:in 'BasicObject#instance_exec'
C:/workspace/minigun/lib/minigun/stage.rb:109:in 'Minigun::AtomicStage#execute'
C:/workspace/minigun/lib/minigun/execution/executor.rb:62:in 'Minigun::Execution::Executor#run_stage_logic'
C:/workspace/minigun/lib/minigun/execution/executor.rb:99:in 'block in Minigun::Execution::ThreadPoolExecutor#execute_with_strategy'
#<Thread:0x000001bb74db02a0 C:/workspace/minigun/lib/minigun/execution/executor.rb:97 run> terminated with exception 
(report_on_exception is true):
C:/workspace/minigun/examples/38_comprehensive_execution.rb:101:in 'block (2 levels) in 
<class:ComprehensivePipeline>': undefined local variable or method 'output' for an instance of ComprehensivePipeline 
(NameError)

      output << results

      ^^^^^^
	from C:/workspace/minigun/lib/minigun/stage.rb:109:in 'BasicObject#instance_exec'
	from C:/workspace/minigun/lib/minigun/stage.rb:109:in 'Minigun::AtomicStage#execute'
	from C:/workspace/minigun/lib/minigun/execution/executor.rb:62:in 'Minigun::Execution::Executor#run_stage_logic'
	from C:/workspace/minigun/lib/minigun/execution/executor.rb:99:in 'block in 
Minigun::Execution::ThreadPoolExecutor#execute_with_strategy'
E, [2025-10-27T13:41:27.966642 #8588] ERROR -- : [Pipeline:default][Stage:save_to_db] Error: undefined local variable or method 'output' for an instance of ComprehensivePipeline
E, [2025-10-27T13:41:27.966884 #8588] ERROR -- : C:/workspace/minigun/examples/38_comprehensive_execution.rb:101:in 'block (2 levels) in <class:ComprehensivePipeline>'
C:/workspace/minigun/lib/minigun/stage.rb:109:in 'BasicObject#instance_exec'
C:/workspace/minigun/lib/minigun/stage.rb:109:in 'Minigun::AtomicStage#execute'
C:/workspace/minigun/lib/minigun/execution/executor.rb:62:in 'Minigun::Execution::Executor#run_stage_logic'
C:/workspace/minigun/lib/minigun/execution/executor.rb:99:in 'block in Minigun::Execution::ThreadPoolExecutor#execute_with_strategy'
#<Thread:0x000001bb017b6a48 C:/workspace/minigun/lib/minigun/execution/executor.rb:97 run> terminated with exception 
(report_on_exception is true):
C:/workspace/minigun/examples/38_comprehensive_execution.rb:101:in 'block (2 levels) in 
<class:ComprehensivePipeline>': undefined local variable or method 'output' for an instance of ComprehensivePipeline 
(NameError)

      output << results

      ^^^^^^
	from C:/workspace/minigun/lib/minigun/stage.rb:109:in 'BasicObject#instance_exec'
	from C:/workspace/minigun/lib/minigun/stage.rb:109:in 'Minigun::AtomicStage#execute'
	from C:/workspace/minigun/lib/minigun/execution/executor.rb:62:in 'Minigun::Execution::Executor#run_stage_logic'
	from C:/workspace/minigun/lib/minigun/execution/executor.rb:99:in 'block in 
Minigun::Execution::ThreadPoolExecutor#execute_with_strategy'
E, [2025-10-27T13:41:27.968920 #8588] ERROR -- : [Pipeline:default][Stage:save_to_db] Error: undefined local variable or method 'output' for an instance of ComprehensivePipeline
E, [2025-10-27T13:41:27.969099 #8588] ERROR -- : C:/workspace/minigun/examples/38_comprehensive_execution.rb:101:in 'block (2 levels) in <class:ComprehensivePipeline>'
C:/workspace/minigun/lib/minigun/stage.rb:109:in 'BasicObject#instance_exec'
C:/workspace/minigun/lib/minigun/stage.rb:109:in 'Minigun::AtomicStage#execute'
C:/workspace/minigun/lib/minigun/execution/executor.rb:62:in 'Minigun::Execution::Executor#run_stage_logic'
C:/workspace/minigun/lib/minigun/execution/executor.rb:99:in 'block in Minigun::Execution::ThreadPoolExecutor#execute_with_strategy'
#<Thread:0x000001bb016dc910 C:/workspace/minigun/lib/minigun/execution/executor.rb:97 run> terminated with exception 
(report_on_exception is true):
C:/workspace/minigun/examples/38_comprehensive_execution.rb:101:in 'block (2 levels) in 
<class:ComprehensivePipeline>': undefined local variable or method 'output' for an instance of ComprehensivePipeline 
(NameError)

      output << results

      ^^^^^^
	from C:/workspace/minigun/lib/minigun/stage.rb:109:in 'BasicObject#instance_exec'
	from C:/workspace/minigun/lib/minigun/stage.rb:109:in 'Minigun::AtomicStage#execute'
	from C:/workspace/minigun/lib/minigun/execution/executor.rb:62:in 'Minigun::Execution::Executor#run_stage_logic'
	from C:/workspace/minigun/lib/minigun/execution/executor.rb:99:in 'block in 
Minigun::Execution::ThreadPoolExecutor#execute_with_strategy'
E, [2025-10-27T13:41:27.971324 #8588] ERROR -- : [Pipeline:default][Stage:save_to_db] Error: undefined local variable or method 'output' for an instance of ComprehensivePipeline
E, [2025-10-27T13:41:27.971488 #8588] ERROR -- : C:/workspace/minigun/examples/38_comprehensive_execution.rb:101:in 'block (2 levels) in <class:ComprehensivePipeline>'
C:/workspace/minigun/lib/minigun/stage.rb:109:in 'BasicObject#instance_exec'
C:/workspace/minigun/lib/minigun/stage.rb:109:in 'Minigun::AtomicStage#execute'
C:/workspace/minigun/lib/minigun/execution/executor.rb:62:in 'Minigun::Execution::Executor#run_stage_logic'
C:/workspace/minigun/lib/minigun/execution/executor.rb:99:in 'block in Minigun::Execution::ThreadPoolExecutor#execute_with_strategy'
#<Thread:0x000001bb74b5fa50 C:/workspace/minigun/lib/minigun/execution/executor.rb:97 run> terminated with exception 
(report_on_exception is true):
C:/workspace/minigun/examples/38_comprehensive_execution.rb:101:in 'block (2 levels) in 
<class:ComprehensivePipeline>': undefined local variable or method 'output' for an instance of ComprehensivePipeline 
(NameError)

      output << results

      ^^^^^^
	from C:/workspace/minigun/lib/minigun/stage.rb:109:in 'BasicObject#instance_exec'
	from C:/workspace/minigun/lib/minigun/stage.rb:109:in 'Minigun::AtomicStage#execute'
	from C:/workspace/minigun/lib/minigun/execution/executor.rb:62:in 'Minigun::Execution::Executor#run_stage_logic'
	from C:/workspace/minigun/lib/minigun/execution/executor.rb:99:in 'block in 
Minigun::Execution::ThreadPoolExecutor#execute_with_strategy'
E, [2025-10-27T13:41:27.973493 #8588] ERROR -- : [Pipeline:default][Stage:save_to_db] Error: undefined local variable or method 'output' for an instance of ComprehensivePipeline
E, [2025-10-27T13:41:27.973706 #8588] ERROR -- : C:/workspace/minigun/examples/38_comprehensive_execution.rb:101:in 'block (2 levels) in <class:ComprehensivePipeline>'
C:/workspace/minigun/lib/minigun/stage.rb:109:in 'BasicObject#instance_exec'
C:/workspace/minigun/lib/minigun/stage.rb:109:in 'Minigun::AtomicStage#execute'
C:/workspace/minigun/lib/minigun/execution/executor.rb:62:in 'Minigun::Execution::Executor#run_stage_logic'
C:/workspace/minigun/lib/minigun/execution/executor.rb:99:in 'block in Minigun::Execution::ThreadPoolExecutor#execute_with_strategy'
#<Thread:0x000001bb74ab2d28 C:/workspace/minigun/lib/minigun/execution/executor.rb:97 run> terminated with exception 
(report_on_exception is true):
C:/workspace/minigun/examples/38_comprehensive_execution.rb:101:in 'block (2 levels) in 
<class:ComprehensivePipeline>': undefined local variable or method 'output' for an instance of ComprehensivePipeline 
(NameError)

      output << results

      ^^^^^^
	from C:/workspace/minigun/lib/minigun/stage.rb:109:in 'BasicObject#instance_exec'
	from C:/workspace/minigun/lib/minigun/stage.rb:109:in 'Minigun::AtomicStage#execute'
	from C:/workspace/minigun/lib/minigun/execution/executor.rb:62:in 'Minigun::Execution::Executor#run_stage_logic'
	from C:/workspace/minigun/lib/minigun/execution/executor.rb:99:in 'block in 
Minigun::Execution::ThreadPoolExecutor#execute_with_strategy'
E, [2025-10-27T13:41:27.975599 #8588] ERROR -- : [Pipeline:default][Stage:save_to_db] Error: undefined local variable or method 'output' for an instance of ComprehensivePipeline
E, [2025-10-27T13:41:27.975785 #8588] ERROR -- : C:/workspace/minigun/examples/38_comprehensive_execution.rb:101:in 'block (2 levels) in <class:ComprehensivePipeline>'
C:/workspace/minigun/lib/minigun/stage.rb:109:in 'BasicObject#instance_exec'
C:/workspace/minigun/lib/minigun/stage.rb:109:in 'Minigun::AtomicStage#execute'
C:/workspace/minigun/lib/minigun/execution/executor.rb:62:in 'Minigun::Execution::Executor#run_stage_logic'
C:/workspace/minigun/lib/minigun/execution/executor.rb:99:in 'block in Minigun::Execution::ThreadPoolExecutor#execute_with_strategy'
#<Thread:0x000001bb74bb2fc0 C:/workspace/minigun/lib/minigun/execution/executor.rb:97 run> terminated with exception 
(report_on_exception is true):
C:/workspace/minigun/examples/38_comprehensive_execution.rb:101:in 'block (2 levels) in 
<class:ComprehensivePipeline>': undefined local variable or method 'output' for an instance of ComprehensivePipeline 
(NameError)

      output << results

      ^^^^^^
	from C:/workspace/minigun/lib/minigun/stage.rb:109:in 'BasicObject#instance_exec'
	from C:/workspace/minigun/lib/minigun/stage.rb:109:in 'Minigun::AtomicStage#execute'
	from C:/workspace/minigun/lib/minigun/execution/executor.rb:62:in 'Minigun::Execution::Executor#run_stage_logic'
	from C:/workspace/minigun/lib/minigun/execution/executor.rb:99:in 'block in 
Minigun::Execution::ThreadPoolExecutor#execute_with_strategy'
E, [2025-10-27T13:41:27.977633 #8588] ERROR -- : [Pipeline:default][Stage:save_to_db] Error: undefined local variable or method 'output' for an instance of ComprehensivePipeline
E, [2025-10-27T13:41:27.977814 #8588] ERROR -- : C:/workspace/minigun/examples/38_comprehensive_execution.rb:101:in 'block (2 levels) in <class:ComprehensivePipeline>'
C:/workspace/minigun/lib/minigun/stage.rb:109:in 'BasicObject#instance_exec'
C:/workspace/minigun/lib/minigun/stage.rb:109:in 'Minigun::AtomicStage#execute'
C:/workspace/minigun/lib/minigun/execution/executor.rb:62:in 'Minigun::Execution::Executor#run_stage_logic'
C:/workspace/minigun/lib/minigun/execution/executor.rb:99:in 'block in Minigun::Execution::ThreadPoolExecutor#execute_with_strategy'
#<Thread:0x000001bb74c13f50 C:/workspace/minigun/lib/minigun/execution/executor.rb:97 run> terminated with exception 
(report_on_exception is true):
C:/workspace/minigun/examples/38_comprehensive_execution.rb:101:in 'block (2 levels) in 
<class:ComprehensivePipeline>': undefined local variable or method 'output' for an instance of ComprehensivePipeline 
(NameError)

      output << results

      ^^^^^^
	from C:/workspace/minigun/lib/minigun/stage.rb:109:in 'BasicObject#instance_exec'
	from C:/workspace/minigun/lib/minigun/stage.rb:109:in 'Minigun::AtomicStage#execute'
	from C:/workspace/minigun/lib/minigun/execution/executor.rb:62:in 'Minigun::Execution::Executor#run_stage_logic'
	from C:/workspace/minigun/lib/minigun/execution/executor.rb:99:in 'block in 
Minigun::Execution::ThreadPoolExecutor#execute_with_strategy'
E, [2025-10-27T13:41:27.979686 #8588] ERROR -- : [Pipeline:default][Stage:save_to_db] Error: undefined local variable or method 'output' for an instance of ComprehensivePipeline
E, [2025-10-27T13:41:27.979910 #8588] ERROR -- : C:/workspace/minigun/examples/38_comprehensive_execution.rb:101:in 'block (2 levels) in <class:ComprehensivePipeline>'
C:/workspace/minigun/lib/minigun/stage.rb:109:in 'BasicObject#instance_exec'
C:/workspace/minigun/lib/minigun/stage.rb:109:in 'Minigun::AtomicStage#execute'
C:/workspace/minigun/lib/minigun/execution/executor.rb:62:in 'Minigun::Execution::Executor#run_stage_logic'
C:/workspace/minigun/lib/minigun/execution/executor.rb:99:in 'block in Minigun::Execution::ThreadPoolExecutor#execute_with_strategy'
#<Thread:0x000001bb74d5fd28 C:/workspace/minigun/lib/minigun/execution/executor.rb:97 run> terminated with exception 
(report_on_exception is true):
C:/workspace/minigun/examples/38_comprehensive_execution.rb:101:in 'block (2 levels) in 
<class:ComprehensivePipeline>': undefined local variable or method 'output' for an instance of ComprehensivePipeline 
(NameError)

      output << results

      ^^^^^^
	from C:/workspace/minigun/lib/minigun/stage.rb:109:in 'BasicObject#instance_exec'
	from C:/workspace/minigun/lib/minigun/stage.rb:109:in 'Minigun::AtomicStage#execute'
	from C:/workspace/minigun/lib/minigun/execution/executor.rb:62:in 'Minigun::Execution::Executor#run_stage_logic'
	from C:/workspace/minigun/lib/minigun/execution/executor.rb:99:in 'block in 
Minigun::Execution::ThreadPoolExecutor#execute_with_strategy'
E, [2025-10-27T13:41:27.981863 #8588] ERROR -- : [Pipeline:default][Stage:save_to_db] Error: undefined local variable or method 'output' for an instance of ComprehensivePipeline
E, [2025-10-27T13:41:27.982062 #8588] ERROR -- : C:/workspace/minigun/examples/38_comprehensive_execution.rb:101:in 'block (2 levels) in <class:ComprehensivePipeline>'
C:/workspace/minigun/lib/minigun/stage.rb:109:in 'BasicObject#instance_exec'
C:/workspace/minigun/lib/minigun/stage.rb:109:in 'Minigun::AtomicStage#execute'
C:/workspace/minigun/lib/minigun/execution/executor.rb:62:in 'Minigun::Execution::Executor#run_stage_logic'
C:/workspace/minigun/lib/minigun/execution/executor.rb:99:in 'block in Minigun::Execution::ThreadPoolExecutor#execute_with_strategy'
#<Thread:0x000001bb751fd7b8 C:/workspace/minigun/lib/minigun/execution/executor.rb:97 run> terminated with exception 
(report_on_exception is true):
C:/workspace/minigun/examples/38_comprehensive_execution.rb:101:in 'block (2 levels) in 
<class:ComprehensivePipeline>': undefined local variable or method 'output' for an instance of ComprehensivePipeline 
(NameError)

      output << results

      ^^^^^^
	from C:/workspace/minigun/lib/minigun/stage.rb:109:in 'BasicObject#instance_exec'
	from C:/workspace/minigun/lib/minigun/stage.rb:109:in 'Minigun::AtomicStage#execute'
	from C:/workspace/minigun/lib/minigun/execution/executor.rb:62:in 'Minigun::Execution::Executor#run_stage_logic'
	from C:/workspace/minigun/lib/minigun/execution/executor.rb:99:in 'block in 
Minigun::Execution::ThreadPoolExecutor#execute_with_strategy'
E, [2025-10-27T13:41:27.983892 #8588] ERROR -- : [Pipeline:default][Stage:save_to_db] Error: undefined local variable or method 'output' for an instance of ComprehensivePipeline
E, [2025-10-27T13:41:27.984073 #8588] ERROR -- : C:/workspace/minigun/examples/38_comprehensive_execution.rb:101:in 'block (2 levels) in <class:ComprehensivePipeline>'
C:/workspace/minigun/lib/minigun/stage.rb:109:in 'BasicObject#instance_exec'
C:/workspace/minigun/lib/minigun/stage.rb:109:in 'Minigun::AtomicStage#execute'
C:/workspace/minigun/lib/minigun/execution/executor.rb:62:in 'Minigun::Execution::Executor#run_stage_logic'
C:/workspace/minigun/lib/minigun/execution/executor.rb:99:in 'block in Minigun::Execution::ThreadPoolExecutor#execute_with_strategy'
#<Thread:0x000001bb73635210 C:/workspace/minigun/lib/minigun/execution/executor.rb:97 run> terminated with exception 
(report_on_exception is true):
C:/workspace/minigun/examples/38_comprehensive_execution.rb:101:in 'block (2 levels) in 
<class:ComprehensivePipeline>': undefined local variable or method 'output' for an instance of ComprehensivePipeline 
(NameError)

      output << results

      ^^^^^^
	from C:/workspace/minigun/lib/minigun/stage.rb:109:in 'BasicObject#instance_exec'
	from C:/workspace/minigun/lib/minigun/stage.rb:109:in 'Minigun::AtomicStage#execute'
	from C:/workspace/minigun/lib/minigun/execution/executor.rb:62:in 'Minigun::Execution::Executor#run_stage_logic'
	from C:/workspace/minigun/lib/minigun/execution/executor.rb:99:in 'block in 
Minigun::Execution::ThreadPoolExecutor#execute_with_strategy'
E, [2025-10-27T13:41:27.985957 #8588] ERROR -- : [Pipeline:default][Stage:save_to_db] Error: undefined local variable or method 'output' for an instance of ComprehensivePipeline
E, [2025-10-27T13:41:27.986144 #8588] ERROR -- : C:/workspace/minigun/examples/38_comprehensive_execution.rb:101:in 'block (2 levels) in <class:ComprehensivePipeline>'
C:/workspace/minigun/lib/minigun/stage.rb:109:in 'BasicObject#instance_exec'
C:/workspace/minigun/lib/minigun/stage.rb:109:in 'Minigun::AtomicStage#execute'
C:/workspace/minigun/lib/minigun/execution/executor.rb:62:in 'Minigun::Execution::Executor#run_stage_logic'
C:/workspace/minigun/lib/minigun/execution/executor.rb:99:in 'block in Minigun::Execution::ThreadPoolExecutor#execute_with_strategy'
#<Thread:0x000001bb0163cb68 C:/workspace/minigun/lib/minigun/execution/executor.rb:97 run> terminated with exception 
(report_on_exception is true):
C:/workspace/minigun/examples/38_comprehensive_execution.rb:101:in 'block (2 levels) in 
<class:ComprehensivePipeline>': undefined local variable or method 'output' for an instance of ComprehensivePipeline 
(NameError)

      output << results

      ^^^^^^
	from C:/workspace/minigun/lib/minigun/stage.rb:109:in 'BasicObject#instance_exec'
	from C:/workspace/minigun/lib/minigun/stage.rb:109:in 'Minigun::AtomicStage#execute'
	from C:/workspace/minigun/lib/minigun/execution/executor.rb:62:in 'Minigun::Execution::Executor#run_stage_logic'
	from C:/workspace/minigun/lib/minigun/execution/executor.rb:99:in 'block in 
Minigun::Execution::ThreadPoolExecutor#execute_with_strategy'
E, [2025-10-27T13:41:27.988309 #8588] ERROR -- : [Pipeline:default][Stage:save_to_db] Error: undefined local variable or method 'output' for an instance of ComprehensivePipeline
E, [2025-10-27T13:41:27.988501 #8588] ERROR -- : C:/workspace/minigun/examples/38_comprehensive_execution.rb:101:in 'block (2 levels) in <class:ComprehensivePipeline>'
C:/workspace/minigun/lib/minigun/stage.rb:109:in 'BasicObject#instance_exec'
C:/workspace/minigun/lib/minigun/stage.rb:109:in 'Minigun::AtomicStage#execute'
C:/workspace/minigun/lib/minigun/execution/executor.rb:62:in 'Minigun::Execution::Executor#run_stage_logic'
C:/workspace/minigun/lib/minigun/execution/executor.rb:99:in 'block in Minigun::Execution::ThreadPoolExecutor#execute_with_strategy'
#<Thread:0x000001bb017d2518 C:/workspace/minigun/lib/minigun/execution/executor.rb:97 run> terminated with exception 
(report_on_exception is true):
C:/workspace/minigun/examples/38_comprehensive_execution.rb:101:in 'block (2 levels) in 
<class:ComprehensivePipeline>': undefined local variable or method 'output' for an instance of ComprehensivePipeline 
(NameError)

      output << results

      ^^^^^^
	from C:/workspace/minigun/lib/minigun/stage.rb:109:in 'BasicObject#instance_exec'
	from C:/workspace/minigun/lib/minigun/stage.rb:109:in 'Minigun::AtomicStage#execute'
	from C:/workspace/minigun/lib/minigun/execution/executor.rb:62:in 'Minigun::Execution::Executor#run_stage_logic'
	from C:/workspace/minigun/lib/minigun/execution/executor.rb:99:in 'block in 
Minigun::Execution::ThreadPoolExecutor#execute_with_strategy'
E, [2025-10-27T13:41:27.990350 #8588] ERROR -- : [Pipeline:default][Stage:save_to_db] Error: undefined local variable or method 'output' for an instance of ComprehensivePipeline
E, [2025-10-27T13:41:27.990591 #8588] ERROR -- : C:/workspace/minigun/examples/38_comprehensive_execution.rb:101:in 'block (2 levels) in <class:ComprehensivePipeline>'
C:/workspace/minigun/lib/minigun/stage.rb:109:in 'BasicObject#instance_exec'
C:/workspace/minigun/lib/minigun/stage.rb:109:in 'Minigun::AtomicStage#execute'
C:/workspace/minigun/lib/minigun/execution/executor.rb:62:in 'Minigun::Execution::Executor#run_stage_logic'
C:/workspace/minigun/lib/minigun/execution/executor.rb:99:in 'block in Minigun::Execution::ThreadPoolExecutor#execute_with_strategy'
#<Thread:0x000001bb017199f0 C:/workspace/minigun/lib/minigun/execution/executor.rb:97 run> terminated with exception 
(report_on_exception is true):
C:/workspace/minigun/examples/38_comprehensive_execution.rb:101:in 'block (2 levels) in 
<class:ComprehensivePipeline>': undefined local variable or method 'output' for an instance of ComprehensivePipeline 
(NameError)

      output << results

      ^^^^^^
	from C:/workspace/minigun/lib/minigun/stage.rb:109:in 'BasicObject#instance_exec'
	from C:/workspace/minigun/lib/minigun/stage.rb:109:in 'Minigun::AtomicStage#execute'
	from C:/workspace/minigun/lib/minigun/execution/executor.rb:62:in 'Minigun::Execution::Executor#run_stage_logic'
	from C:/workspace/minigun/lib/minigun/execution/executor.rb:99:in 'block in 
Minigun::Execution::ThreadPoolExecutor#execute_with_strategy'
E, [2025-10-27T13:41:27.992873 #8588] ERROR -- : [Pipeline:default][Stage:save_to_db] Error: undefined local variable or method 'output' for an instance of ComprehensivePipeline
E, [2025-10-27T13:41:27.993096 #8588] ERROR -- : C:/workspace/minigun/examples/38_comprehensive_execution.rb:101:in 'block (2 levels) in <class:ComprehensivePipeline>'
C:/workspace/minigun/lib/minigun/stage.rb:109:in 'BasicObject#instance_exec'
C:/workspace/minigun/lib/minigun/stage.rb:109:in 'Minigun::AtomicStage#execute'
C:/workspace/minigun/lib/minigun/execution/executor.rb:62:in 'Minigun::Execution::Executor#run_stage_logic'
C:/workspace/minigun/lib/minigun/execution/executor.rb:99:in 'block in Minigun::Execution::ThreadPoolExecutor#execute_with_strategy'
#<Thread:0x000001bb74b5f9b0 C:/workspace/minigun/lib/minigun/execution/executor.rb:97 run> terminated with exception 
(report_on_exception is true):
C:/workspace/minigun/examples/38_comprehensive_execution.rb:101:in 'block (2 levels) in 
<class:ComprehensivePipeline>': undefined local variable or method 'output' for an instance of ComprehensivePipeline 
(NameError)

      output << results

      ^^^^^^
	from C:/workspace/minigun/lib/minigun/stage.rb:109:in 'BasicObject#instance_exec'
	from C:/workspace/minigun/lib/minigun/stage.rb:109:in 'Minigun::AtomicStage#execute'
	from C:/workspace/minigun/lib/minigun/execution/executor.rb:62:in 'Minigun::Execution::Executor#run_stage_logic'
	from C:/workspace/minigun/lib/minigun/execution/executor.rb:99:in 'block in 
Minigun::Execution::ThreadPoolExecutor#execute_with_strategy'
E, [2025-10-27T13:41:27.994955 #8588] ERROR -- : [Pipeline:default][Stage:save_to_db] Error: undefined local variable or method 'output' for an instance of ComprehensivePipeline
E, [2025-10-27T13:41:27.995118 #8588] ERROR -- : C:/workspace/minigun/examples/38_comprehensive_execution.rb:101:in 'block (2 levels) in <class:ComprehensivePipeline>'
C:/workspace/minigun/lib/minigun/stage.rb:109:in 'BasicObject#instance_exec'
C:/workspace/minigun/lib/minigun/stage.rb:109:in 'Minigun::AtomicStage#execute'
C:/workspace/minigun/lib/minigun/execution/executor.rb:62:in 'Minigun::Execution::Executor#run_stage_logic'
C:/workspace/minigun/lib/minigun/execution/executor.rb:99:in 'block in Minigun::Execution::ThreadPoolExecutor#execute_with_strategy'
#<Thread:0x000001bb74ab2c10 C:/workspace/minigun/lib/minigun/execution/executor.rb:97 run> terminated with exception 
(report_on_exception is true):
C:/workspace/minigun/examples/38_comprehensive_execution.rb:101:in 'block (2 levels) in 
<class:ComprehensivePipeline>': undefined local variable or method 'output' for an instance of ComprehensivePipeline 
(NameError)

      output << results

      ^^^^^^
	from C:/workspace/minigun/lib/minigun/stage.rb:109:in 'BasicObject#instance_exec'
	from C:/workspace/minigun/lib/minigun/stage.rb:109:in 'Minigun::AtomicStage#execute'
	from C:/workspace/minigun/lib/minigun/execution/executor.rb:62:in 'Minigun::Execution::Executor#run_stage_logic'
	from C:/workspace/minigun/lib/minigun/execution/executor.rb:99:in 'block in 
Minigun::Execution::ThreadPoolExecutor#execute_with_strategy'
E, [2025-10-27T13:41:27.996962 #8588] ERROR -- : [Pipeline:default][Stage:save_to_db] Error: undefined local variable or method 'output' for an instance of ComprehensivePipeline
E, [2025-10-27T13:41:27.997135 #8588] ERROR -- : C:/workspace/minigun/examples/38_comprehensive_execution.rb:101:in 'block (2 levels) in <class:ComprehensivePipeline>'
C:/workspace/minigun/lib/minigun/stage.rb:109:in 'BasicObject#instance_exec'
C:/workspace/minigun/lib/minigun/stage.rb:109:in 'Minigun::AtomicStage#execute'
C:/workspace/minigun/lib/minigun/execution/executor.rb:62:in 'Minigun::Execution::Executor#run_stage_logic'
C:/workspace/minigun/lib/minigun/execution/executor.rb:99:in 'block in Minigun::Execution::ThreadPoolExecutor#execute_with_strategy'
#<Thread:0x000001bb74bb2ea8 C:/workspace/minigun/lib/minigun/execution/executor.rb:97 run> terminated with exception 
(report_on_exception is true):
C:/workspace/minigun/examples/38_comprehensive_execution.rb:101:in 'block (2 levels) in 
<class:ComprehensivePipeline>': undefined local variable or method 'output' for an instance of ComprehensivePipeline 
(NameError)

      output << results

      ^^^^^^
	from C:/workspace/minigun/lib/minigun/stage.rb:109:in 'BasicObject#instance_exec'
	from C:/workspace/minigun/lib/minigun/stage.rb:109:in 'Minigun::AtomicStage#execute'
	from C:/workspace/minigun/lib/minigun/execution/executor.rb:62:in 'Minigun::Execution::Executor#run_stage_logic'
	from C:/workspace/minigun/lib/minigun/execution/executor.rb:99:in 'block in 
Minigun::Execution::ThreadPoolExecutor#execute_with_strategy'
E, [2025-10-27T13:41:27.999004 #8588] ERROR -- : [Pipeline:default][Stage:save_to_db] Error: undefined local variable or method 'output' for an instance of ComprehensivePipeline
E, [2025-10-27T13:41:27.999191 #8588] ERROR -- : C:/workspace/minigun/examples/38_comprehensive_execution.rb:101:in 'block (2 levels) in <class:ComprehensivePipeline>'
C:/workspace/minigun/lib/minigun/stage.rb:109:in 'BasicObject#instance_exec'
C:/workspace/minigun/lib/minigun/stage.rb:109:in 'Minigun::AtomicStage#execute'
C:/workspace/minigun/lib/minigun/execution/executor.rb:62:in 'Minigun::Execution::Executor#run_stage_logic'
C:/workspace/minigun/lib/minigun/execution/executor.rb:99:in 'block in Minigun::Execution::ThreadPoolExecutor#execute_with_strategy'
#<Thread:0x000001bb74c13d48 C:/workspace/minigun/lib/minigun/execution/executor.rb:97 run> terminated with exception 
(report_on_exception is true):
C:/workspace/minigun/examples/38_comprehensive_execution.rb:101:in 'block (2 levels) in 
<class:ComprehensivePipeline>': undefined local variable or method 'output' for an instance of ComprehensivePipeline 
(NameError)

      output << results

      ^^^^^^
	from C:/workspace/minigun/lib/minigun/stage.rb:109:in 'BasicObject#instance_exec'
	from C:/workspace/minigun/lib/minigun/stage.rb:109:in 'Minigun::AtomicStage#execute'
	from C:/workspace/minigun/lib/minigun/execution/executor.rb:62:in 'Minigun::Execution::Executor#run_stage_logic'
	from C:/workspace/minigun/lib/minigun/execution/executor.rb:99:in 'block in 
Minigun::Execution::ThreadPoolExecutor#execute_with_strategy'
E, [2025-10-27T13:41:28.000991 #8588] ERROR -- : [Pipeline:default][Stage:save_to_db] Error: undefined local variable or method 'output' for an instance of ComprehensivePipeline
E, [2025-10-27T13:41:28.001188 #8588] ERROR -- : C:/workspace/minigun/examples/38_comprehensive_execution.rb:101:in 'block (2 levels) in <class:ComprehensivePipeline>'
C:/workspace/minigun/lib/minigun/stage.rb:109:in 'BasicObject#instance_exec'
C:/workspace/minigun/lib/minigun/stage.rb:109:in 'Minigun::AtomicStage#execute'
C:/workspace/minigun/lib/minigun/execution/executor.rb:62:in 'Minigun::Execution::Executor#run_stage_logic'
C:/workspace/minigun/lib/minigun/execution/executor.rb:99:in 'block in Minigun::Execution::ThreadPoolExecutor#execute_with_strategy'
#<Thread:0x000001bb74d5fb98 C:/workspace/minigun/lib/minigun/execution/executor.rb:97 run> terminated with exception 
(report_on_exception is true):
C:/workspace/minigun/examples/38_comprehensive_execution.rb:101:in 'block (2 levels) in 
<class:ComprehensivePipeline>': undefined local variable or method 'output' for an instance of ComprehensivePipeline 
(NameError)

      output << results

      ^^^^^^
	from C:/workspace/minigun/lib/minigun/stage.rb:109:in 'BasicObject#instance_exec'
	from C:/workspace/minigun/lib/minigun/stage.rb:109:in 'Minigun::AtomicStage#execute'
	from C:/workspace/minigun/lib/minigun/execution/executor.rb:62:in 'Minigun::Execution::Executor#run_stage_logic'
	from C:/workspace/minigun/lib/minigun/execution/executor.rb:99:in 'block in 
Minigun::Execution::ThreadPoolExecutor#execute_with_strategy'
E, [2025-10-27T13:41:28.002958 #8588] ERROR -- : [Pipeline:default][Stage:save_to_db] Error: undefined local variable or method 'output' for an instance of ComprehensivePipeline
E, [2025-10-27T13:41:28.003142 #8588] ERROR -- : C:/workspace/minigun/examples/38_comprehensive_execution.rb:101:in 'block (2 levels) in <class:ComprehensivePipeline>'
C:/workspace/minigun/lib/minigun/stage.rb:109:in 'BasicObject#instance_exec'
C:/workspace/minigun/lib/minigun/stage.rb:109:in 'Minigun::AtomicStage#execute'
C:/workspace/minigun/lib/minigun/execution/executor.rb:62:in 'Minigun::Execution::Executor#run_stage_logic'
C:/workspace/minigun/lib/minigun/execution/executor.rb:99:in 'block in Minigun::Execution::ThreadPoolExecutor#execute_with_strategy'
#<Thread:0x000001bb751fd5d8 C:/workspace/minigun/lib/minigun/execution/executor.rb:97 run> terminated with exception 
(report_on_exception is true):
C:/workspace/minigun/examples/38_comprehensive_execution.rb:101:in 'block (2 levels) in 
<class:ComprehensivePipeline>': undefined local variable or method 'output' for an instance of ComprehensivePipeline 
(NameError)

      output << results

      ^^^^^^
	from C:/workspace/minigun/lib/minigun/stage.rb:109:in 'BasicObject#instance_exec'
	from C:/workspace/minigun/lib/minigun/stage.rb:109:in 'Minigun::AtomicStage#execute'
	from C:/workspace/minigun/lib/minigun/execution/executor.rb:62:in 'Minigun::Execution::Executor#run_stage_logic'
	from C:/workspace/minigun/lib/minigun/execution/executor.rb:99:in 'block in 
Minigun::Execution::ThreadPoolExecutor#execute_with_strategy'
E, [2025-10-27T13:41:28.004926 #8588] ERROR -- : [Pipeline:default][Stage:save_to_db] Error: undefined local variable or method 'output' for an instance of ComprehensivePipeline
E, [2025-10-27T13:41:28.005123 #8588] ERROR -- : C:/workspace/minigun/examples/38_comprehensive_execution.rb:101:in 'block (2 levels) in <class:ComprehensivePipeline>'
C:/workspace/minigun/lib/minigun/stage.rb:109:in 'BasicObject#instance_exec'
C:/workspace/minigun/lib/minigun/stage.rb:109:in 'Minigun::AtomicStage#execute'
C:/workspace/minigun/lib/minigun/execution/executor.rb:62:in 'Minigun::Execution::Executor#run_stage_logic'
C:/workspace/minigun/lib/minigun/execution/executor.rb:99:in 'block in Minigun::Execution::ThreadPoolExecutor#execute_with_strategy'
#<Thread:0x000001bb73634fe0 C:/workspace/minigun/lib/minigun/execution/executor.rb:97 run> terminated with exception 
(report_on_exception is true):
C:/workspace/minigun/examples/38_comprehensive_execution.rb:101:in 'block (2 levels) in 
<class:ComprehensivePipeline>': undefined local variable or method 'output' for an instance of ComprehensivePipeline 
(NameError)

      output << results

      ^^^^^^
	from C:/workspace/minigun/lib/minigun/stage.rb:109:in 'BasicObject#instance_exec'
	from C:/workspace/minigun/lib/minigun/stage.rb:109:in 'Minigun::AtomicStage#execute'
	from C:/workspace/minigun/lib/minigun/execution/executor.rb:62:in 'Minigun::Execution::Executor#run_stage_logic'
	from C:/workspace/minigun/lib/minigun/execution/executor.rb:99:in 'block in 
Minigun::Execution::ThreadPoolExecutor#execute_with_strategy'
E, [2025-10-27T13:41:28.007035 #8588] ERROR -- : [Pipeline:default][Stage:save_to_db] Error: undefined local variable or method 'output' for an instance of ComprehensivePipeline
E, [2025-10-27T13:41:28.007253 #8588] ERROR -- : C:/workspace/minigun/examples/38_comprehensive_execution.rb:101:in 'block (2 levels) in <class:ComprehensivePipeline>'
C:/workspace/minigun/lib/minigun/stage.rb:109:in 'BasicObject#instance_exec'
C:/workspace/minigun/lib/minigun/stage.rb:109:in 'Minigun::AtomicStage#execute'
C:/workspace/minigun/lib/minigun/execution/executor.rb:62:in 'Minigun::Execution::Executor#run_stage_logic'
C:/workspace/minigun/lib/minigun/execution/executor.rb:99:in 'block in Minigun::Execution::ThreadPoolExecutor#execute_with_strategy'
#<Thread:0x000001bb0163c8e8 C:/workspace/minigun/lib/minigun/execution/executor.rb:97 run> terminated with exception 
(report_on_exception is true):
C:/workspace/minigun/examples/38_comprehensive_execution.rb:101:in 'block (2 levels) in 
<class:ComprehensivePipeline>': undefined local variable or method 'output' for an instance of ComprehensivePipeline 
(NameError)

      output << results

      ^^^^^^
	from C:/workspace/minigun/lib/minigun/stage.rb:109:in 'BasicObject#instance_exec'
	from C:/workspace/minigun/lib/minigun/stage.rb:109:in 'Minigun::AtomicStage#execute'
	from C:/workspace/minigun/lib/minigun/execution/executor.rb:62:in 'Minigun::Execution::Executor#run_stage_logic'
	from C:/workspace/minigun/lib/minigun/execution/executor.rb:99:in 'block in 
Minigun::Execution::ThreadPoolExecutor#execute_with_strategy'
E, [2025-10-27T13:41:28.011020 #8588] ERROR -- : [Pipeline:default][Stage:save_to_db] Error: undefined local variable or method 'output' for an instance of ComprehensivePipeline
E, [2025-10-27T13:41:28.011208 #8588] ERROR -- : C:/workspace/minigun/examples/38_comprehensive_execution.rb:101:in 'block (2 levels) in <class:ComprehensivePipeline>'
C:/workspace/minigun/lib/minigun/stage.rb:109:in 'BasicObject#instance_exec'
C:/workspace/minigun/lib/minigun/stage.rb:109:in 'Minigun::AtomicStage#execute'
C:/workspace/minigun/lib/minigun/execution/executor.rb:62:in 'Minigun::Execution::Executor#run_stage_logic'
C:/workspace/minigun/lib/minigun/execution/executor.rb:99:in 'block in Minigun::Execution::ThreadPoolExecutor#execute_with_strategy'
#<Thread:0x000001bb015d15e8 C:/workspace/minigun/lib/minigun/execution/executor.rb:97 run> terminated with exception 
(report_on_exception is true):
C:/workspace/minigun/examples/38_comprehensive_execution.rb:101:in 'block (2 levels) in 
<class:ComprehensivePipeline>': undefined local variable or method 'output' for an instance of ComprehensivePipeline 
(NameError)

      output << results

      ^^^^^^
	from C:/workspace/minigun/lib/minigun/stage.rb:109:in 'BasicObject#instance_exec'
	from C:/workspace/minigun/lib/minigun/stage.rb:109:in 'Minigun::AtomicStage#execute'
	from C:/workspace/minigun/lib/minigun/execution/executor.rb:62:in 'Minigun::Execution::Executor#run_stage_logic'
	from C:/workspace/minigun/lib/minigun/execution/executor.rb:99:in 'block in 
Minigun::Execution::ThreadPoolExecutor#execute_with_strategy'
E, [2025-10-27T13:41:28.015627 #8588] ERROR -- : [Pipeline:default][Stage:save_to_db] Error: undefined local variable or method 'output' for an instance of ComprehensivePipeline
E, [2025-10-27T13:41:28.015887 #8588] ERROR -- : C:/workspace/minigun/examples/38_comprehensive_execution.rb:101:in 'block (2 levels) in <class:ComprehensivePipeline>'
C:/workspace/minigun/lib/minigun/stage.rb:109:in 'BasicObject#instance_exec'
C:/workspace/minigun/lib/minigun/stage.rb:109:in 'Minigun::AtomicStage#execute'
C:/workspace/minigun/lib/minigun/execution/executor.rb:62:in 'Minigun::Execution::Executor#run_stage_logic'
C:/workspace/minigun/lib/minigun/execution/executor.rb:99:in 'block in Minigun::Execution::ThreadPoolExecutor#execute_with_strategy'
#<Thread:0x000001bb017b8078 C:/workspace/minigun/lib/minigun/execution/executor.rb:97 run> terminated with exception 
(report_on_exception is true):
C:/workspace/minigun/examples/38_comprehensive_execution.rb:101:in 'block (2 levels) in 
<class:ComprehensivePipeline>': undefined local variable or method 'output' for an instance of ComprehensivePipeline 
(NameError)

      output << results

      ^^^^^^
	from C:/workspace/minigun/lib/minigun/stage.rb:109:in 'BasicObject#instance_exec'
	from C:/workspace/minigun/lib/minigun/stage.rb:109:in 'Minigun::AtomicStage#execute'
	from C:/workspace/minigun/lib/minigun/execution/executor.rb:62:in 'Minigun::Execution::Executor#run_stage_logic'
	from C:/workspace/minigun/lib/minigun/execution/executor.rb:99:in 'block in 
Minigun::Execution::ThreadPoolExecutor#execute_with_strategy'
E, [2025-10-27T13:41:28.022381 #8588] ERROR -- : [Pipeline:default][Stage:save_to_db] Error: undefined local variable or method 'output' for an instance of ComprehensivePipeline
E, [2025-10-27T13:41:28.022682 #8588] ERROR -- : C:/workspace/minigun/examples/38_comprehensive_execution.rb:101:in 'block (2 levels) in <class:ComprehensivePipeline>'
C:/workspace/minigun/lib/minigun/stage.rb:109:in 'BasicObject#instance_exec'
C:/workspace/minigun/lib/minigun/stage.rb:109:in 'Minigun::AtomicStage#execute'
C:/workspace/minigun/lib/minigun/execution/executor.rb:62:in 'Minigun::Execution::Executor#run_stage_logic'
C:/workspace/minigun/lib/minigun/execution/executor.rb:99:in 'block in Minigun::Execution::ThreadPoolExecutor#execute_with_strategy'
#<Thread:0x000001bb016ddea0 C:/workspace/minigun/lib/minigun/execution/executor.rb:97 run> terminated with exception 
(report_on_exception is true):
C:/workspace/minigun/examples/38_comprehensive_execution.rb:101:in 'block (2 levels) in 
<class:ComprehensivePipeline>': undefined local variable or method 'output' for an instance of ComprehensivePipeline 
(NameError)

      output << results

      ^^^^^^
	from C:/workspace/minigun/lib/minigun/stage.rb:109:in 'BasicObject#instance_exec'
	from C:/workspace/minigun/lib/minigun/stage.rb:109:in 'Minigun::AtomicStage#execute'
	from C:/workspace/minigun/lib/minigun/execution/executor.rb:62:in 'Minigun::Execution::Executor#run_stage_logic'
	from C:/workspace/minigun/lib/minigun/execution/executor.rb:99:in 'block in 
Minigun::Execution::ThreadPoolExecutor#execute_with_strategy'
E, [2025-10-27T13:41:28.028005 #8588] ERROR -- : [Pipeline:default][Stage:save_to_db] Error: undefined local variable or method 'output' for an instance of ComprehensivePipeline
E, [2025-10-27T13:41:28.028227 #8588] ERROR -- : C:/workspace/minigun/examples/38_comprehensive_execution.rb:101:in 'block (2 levels) in <class:ComprehensivePipeline>'
C:/workspace/minigun/lib/minigun/stage.rb:109:in 'BasicObject#instance_exec'
C:/workspace/minigun/lib/minigun/stage.rb:109:in 'Minigun::AtomicStage#execute'
C:/workspace/minigun/lib/minigun/execution/executor.rb:62:in 'Minigun::Execution::Executor#run_stage_logic'
C:/workspace/minigun/lib/minigun/execution/executor.rb:99:in 'block in Minigun::Execution::ThreadPoolExecutor#execute_with_strategy'
#<Thread:0x000001bb018454f0 C:/workspace/minigun/lib/minigun/execution/executor.rb:97 run> terminated with exception 
(report_on_exception is true):
C:/workspace/minigun/examples/38_comprehensive_execution.rb:101:in 'block (2 levels) in 
<class:ComprehensivePipeline>': undefined local variable or method 'output' for an instance of ComprehensivePipeline 
(NameError)

      output << results

      ^^^^^^
	from C:/workspace/minigun/lib/minigun/stage.rb:109:in 'BasicObject#instance_exec'
	from C:/workspace/minigun/lib/minigun/stage.rb:109:in 'Minigun::AtomicStage#execute'
	from C:/workspace/minigun/lib/minigun/execution/executor.rb:62:in 'Minigun::Execution::Executor#run_stage_logic'
	from C:/workspace/minigun/lib/minigun/execution/executor.rb:99:in 'block in 
Minigun::Execution::ThreadPoolExecutor#execute_with_strategy'
E, [2025-10-27T13:41:28.033490 #8588] ERROR -- : [Pipeline:default][Stage:save_to_db] Error: undefined local variable or method 'output' for an instance of ComprehensivePipeline
E, [2025-10-27T13:41:28.033748 #8588] ERROR -- : C:/workspace/minigun/examples/38_comprehensive_execution.rb:101:in 'block (2 levels) in <class:ComprehensivePipeline>'
C:/workspace/minigun/lib/minigun/stage.rb:109:in 'BasicObject#instance_exec'
C:/workspace/minigun/lib/minigun/stage.rb:109:in 'Minigun::AtomicStage#execute'
C:/workspace/minigun/lib/minigun/execution/executor.rb:62:in 'Minigun::Execution::Executor#run_stage_logic'
C:/workspace/minigun/lib/minigun/execution/executor.rb:99:in 'block in Minigun::Execution::ThreadPoolExecutor#execute_with_strategy'
#<Thread:0x000001bb748efd38 C:/workspace/minigun/lib/minigun/execution/executor.rb:97 run> terminated with exception 
(report_on_exception is true):
C:/workspace/minigun/examples/38_comprehensive_execution.rb:101:in 'block (2 levels) in 
<class:ComprehensivePipeline>': undefined local variable or method 'output' for an instance of ComprehensivePipeline 
(NameError)

      output << results

      ^^^^^^
	from C:/workspace/minigun/lib/minigun/stage.rb:109:in 'BasicObject#instance_exec'
	from C:/workspace/minigun/lib/minigun/stage.rb:109:in 'Minigun::AtomicStage#execute'
	from C:/workspace/minigun/lib/minigun/execution/executor.rb:62:in 'Minigun::Execution::Executor#run_stage_logic'
	from C:/workspace/minigun/lib/minigun/execution/executor.rb:99:in 'block in 
Minigun::Execution::ThreadPoolExecutor#execute_with_strategy'
E, [2025-10-27T13:41:28.037976 #8588] ERROR -- : [Pipeline:default][Stage:save_to_db] Error: undefined local variable or method 'output' for an instance of ComprehensivePipeline
E, [2025-10-27T13:41:28.038169 #8588] ERROR -- : C:/workspace/minigun/examples/38_comprehensive_execution.rb:101:in 'block (2 levels) in <class:ComprehensivePipeline>'
C:/workspace/minigun/lib/minigun/stage.rb:109:in 'BasicObject#instance_exec'
C:/workspace/minigun/lib/minigun/stage.rb:109:in 'Minigun::AtomicStage#execute'
C:/workspace/minigun/lib/minigun/execution/executor.rb:62:in 'Minigun::Execution::Executor#run_stage_logic'
C:/workspace/minigun/lib/minigun/execution/executor.rb:99:in 'block in Minigun::Execution::ThreadPoolExecutor#execute_with_strategy'
#<Thread:0x000001bb74b59538 C:/workspace/minigun/lib/minigun/execution/executor.rb:97 run> terminated with exception 
(report_on_exception is true):
C:/workspace/minigun/examples/38_comprehensive_execution.rb:101:in 'block (2 levels) in 
<class:ComprehensivePipeline>': undefined local variable or method 'output' for an instance of ComprehensivePipeline 
(NameError)

      output << results

      ^^^^^^
	from C:/workspace/minigun/lib/minigun/stage.rb:109:in 'BasicObject#instance_exec'
	from C:/workspace/minigun/lib/minigun/stage.rb:109:in 'Minigun::AtomicStage#execute'
	from C:/workspace/minigun/lib/minigun/execution/executor.rb:62:in 'Minigun::Execution::Executor#run_stage_logic'
	from C:/workspace/minigun/lib/minigun/execution/executor.rb:99:in 'block in 
Minigun::Execution::ThreadPoolExecutor#execute_with_strategy'
E, [2025-10-27T13:41:28.039978 #8588] ERROR -- : [Pipeline:default][Stage:save_to_db] Error: undefined local variable or method 'output' for an instance of ComprehensivePipeline
E, [2025-10-27T13:41:28.040183 #8588] ERROR -- : C:/workspace/minigun/examples/38_comprehensive_execution.rb:101:in 'block (2 levels) in <class:ComprehensivePipeline>'
C:/workspace/minigun/lib/minigun/stage.rb:109:in 'BasicObject#instance_exec'
C:/workspace/minigun/lib/minigun/stage.rb:109:in 'Minigun::AtomicStage#execute'
C:/workspace/minigun/lib/minigun/execution/executor.rb:62:in 'Minigun::Execution::Executor#run_stage_logic'
C:/workspace/minigun/lib/minigun/execution/executor.rb:99:in 'block in Minigun::Execution::ThreadPoolExecutor#execute_with_strategy'
#<Thread:0x000001bb74bdd9c8 C:/workspace/minigun/lib/minigun/execution/executor.rb:97 run> terminated with exception 
(report_on_exception is true):
C:/workspace/minigun/examples/38_comprehensive_execution.rb:101:in 'block (2 levels) in 
<class:ComprehensivePipeline>': undefined local variable or method 'output' for an instance of ComprehensivePipeline 
(NameError)

      output << results

      ^^^^^^
	from C:/workspace/minigun/lib/minigun/stage.rb:109:in 'BasicObject#instance_exec'
	from C:/workspace/minigun/lib/minigun/stage.rb:109:in 'Minigun::AtomicStage#execute'
	from C:/workspace/minigun/lib/minigun/execution/executor.rb:62:in 'Minigun::Execution::Executor#run_stage_logic'
	from C:/workspace/minigun/lib/minigun/execution/executor.rb:99:in 'block in 
Minigun::Execution::ThreadPoolExecutor#execute_with_strategy'
E, [2025-10-27T13:41:28.041934 #8588] ERROR -- : [Pipeline:default][Stage:save_to_db] Error: undefined local variable or method 'output' for an instance of ComprehensivePipeline
E, [2025-10-27T13:41:28.042191 #8588] ERROR -- : C:/workspace/minigun/examples/38_comprehensive_execution.rb:101:in 'block (2 levels) in <class:ComprehensivePipeline>'
C:/workspace/minigun/lib/minigun/stage.rb:109:in 'BasicObject#instance_exec'
C:/workspace/minigun/lib/minigun/stage.rb:109:in 'Minigun::AtomicStage#execute'
C:/workspace/minigun/lib/minigun/execution/executor.rb:62:in 'Minigun::Execution::Executor#run_stage_logic'
C:/workspace/minigun/lib/minigun/execution/executor.rb:99:in 'block in Minigun::Execution::ThreadPoolExecutor#execute_with_strategy'
#<Thread:0x000001bb74cfef28 C:/workspace/minigun/lib/minigun/execution/executor.rb:97 run> terminated with exception 
(report_on_exception is true):
C:/workspace/minigun/examples/38_comprehensive_execution.rb:101:in 'block (2 levels) in 
<class:ComprehensivePipeline>': undefined local variable or method 'output' for an instance of ComprehensivePipeline 
(NameError)

      output << results

      ^^^^^^
	from C:/workspace/minigun/lib/minigun/stage.rb:109:in 'BasicObject#instance_exec'
	from C:/workspace/minigun/lib/minigun/stage.rb:109:in 'Minigun::AtomicStage#execute'
	from C:/workspace/minigun/lib/minigun/execution/executor.rb:62:in 'Minigun::Execution::Executor#run_stage_logic'
	from C:/workspace/minigun/lib/minigun/execution/executor.rb:99:in 'block in 
Minigun::Execution::ThreadPoolExecutor#execute_with_strategy'
E, [2025-10-27T13:41:28.043971 #8588] ERROR -- : [Pipeline:default][Stage:save_to_db] Error: undefined local variable or method 'output' for an instance of ComprehensivePipeline
E, [2025-10-27T13:41:28.044204 #8588] ERROR -- : C:/workspace/minigun/examples/38_comprehensive_execution.rb:101:in 'block (2 levels) in <class:ComprehensivePipeline>'
C:/workspace/minigun/lib/minigun/stage.rb:109:in 'BasicObject#instance_exec'
C:/workspace/minigun/lib/minigun/stage.rb:109:in 'Minigun::AtomicStage#execute'
C:/workspace/minigun/lib/minigun/execution/executor.rb:62:in 'Minigun::Execution::Executor#run_stage_logic'
C:/workspace/minigun/lib/minigun/execution/executor.rb:99:in 'block in Minigun::Execution::ThreadPoolExecutor#execute_with_strategy'
#<Thread:0x000001bb7513daa8 C:/workspace/minigun/lib/minigun/execution/executor.rb:97 run> terminated with exception 
(report_on_exception is true):
C:/workspace/minigun/examples/38_comprehensive_execution.rb:101:in 'block (2 levels) in 
<class:ComprehensivePipeline>': undefined local variable or method 'output' for an instance of ComprehensivePipeline 
(NameError)

      output << results

      ^^^^^^
	from C:/workspace/minigun/lib/minigun/stage.rb:109:in 'BasicObject#instance_exec'
	from C:/workspace/minigun/lib/minigun/stage.rb:109:in 'Minigun::AtomicStage#execute'
	from C:/workspace/minigun/lib/minigun/execution/executor.rb:62:in 'Minigun::Execution::Executor#run_stage_logic'
	from C:/workspace/minigun/lib/minigun/execution/executor.rb:99:in 'block in 
Minigun::Execution::ThreadPoolExecutor#execute_with_strategy'
E, [2025-10-27T13:41:28.046073 #8588] ERROR -- : [Pipeline:default][Stage:save_to_db] Error: undefined local variable or method 'output' for an instance of ComprehensivePipeline
E, [2025-10-27T13:41:28.046331 #8588] ERROR -- : C:/workspace/minigun/examples/38_comprehensive_execution.rb:101:in 'block (2 levels) in <class:ComprehensivePipeline>'
C:/workspace/minigun/lib/minigun/stage.rb:109:in 'BasicObject#instance_exec'
C:/workspace/minigun/lib/minigun/stage.rb:109:in 'Minigun::AtomicStage#execute'
C:/workspace/minigun/lib/minigun/execution/executor.rb:62:in 'Minigun::Execution::Executor#run_stage_logic'
C:/workspace/minigun/lib/minigun/execution/executor.rb:99:in 'block in Minigun::Execution::ThreadPoolExecutor#execute_with_strategy'
#<Thread:0x000001bb017d49f8 C:/workspace/minigun/lib/minigun/execution/executor.rb:97 run> terminated with exception 
(report_on_exception is true):
C:/workspace/minigun/examples/38_comprehensive_execution.rb:101:in 'block (2 levels) in 
<class:ComprehensivePipeline>': undefined local variable or method 'output' for an instance of ComprehensivePipeline 
(NameError)

      output << results

      ^^^^^^
	from C:/workspace/minigun/lib/minigun/stage.rb:109:in 'BasicObject#instance_exec'
	from C:/workspace/minigun/lib/minigun/stage.rb:109:in 'Minigun::AtomicStage#execute'
	from C:/workspace/minigun/lib/minigun/execution/executor.rb:62:in 'Minigun::Execution::Executor#run_stage_logic'
	from C:/workspace/minigun/lib/minigun/execution/executor.rb:99:in 'block in 
Minigun::Execution::ThreadPoolExecutor#execute_with_strategy'
E, [2025-10-27T13:41:28.048203 #8588] ERROR -- : [Pipeline:default][Stage:save_to_db] Error: undefined local variable or method 'output' for an instance of ComprehensivePipeline
E, [2025-10-27T13:41:28.048406 #8588] ERROR -- : C:/workspace/minigun/examples/38_comprehensive_execution.rb:101:in 'block (2 levels) in <class:ComprehensivePipeline>'
C:/workspace/minigun/lib/minigun/stage.rb:109:in 'BasicObject#instance_exec'
C:/workspace/minigun/lib/minigun/stage.rb:109:in 'Minigun::AtomicStage#execute'
C:/workspace/minigun/lib/minigun/execution/executor.rb:62:in 'Minigun::Execution::Executor#run_stage_logic'
C:/workspace/minigun/lib/minigun/execution/executor.rb:99:in 'block in Minigun::Execution::ThreadPoolExecutor#execute_with_strategy'
#<Thread:0x000001bb0171c420 C:/workspace/minigun/lib/minigun/execution/executor.rb:97 run> terminated with exception 
(report_on_exception is true):
C:/workspace/minigun/examples/38_comprehensive_execution.rb:101:in 'block (2 levels) in 
<class:ComprehensivePipeline>': undefined local variable or method 'output' for an instance of ComprehensivePipeline 
(NameError)

      output << results

      ^^^^^^
	from C:/workspace/minigun/lib/minigun/stage.rb:109:in 'BasicObject#instance_exec'
	from C:/workspace/minigun/lib/minigun/stage.rb:109:in 'Minigun::AtomicStage#execute'
	from C:/workspace/minigun/lib/minigun/execution/executor.rb:62:in 'Minigun::Execution::Executor#run_stage_logic'
	from C:/workspace/minigun/lib/minigun/execution/executor.rb:99:in 'block in 
Minigun::Execution::ThreadPoolExecutor#execute_with_strategy'
E, [2025-10-27T13:41:28.050972 #8588] ERROR -- : [Pipeline:default][Stage:save_to_db] Error: undefined local variable or method 'output' for an instance of ComprehensivePipeline
E, [2025-10-27T13:41:28.051231 #8588] ERROR -- : C:/workspace/minigun/examples/38_comprehensive_execution.rb:101:in 'block (2 levels) in <class:ComprehensivePipeline>'
C:/workspace/minigun/lib/minigun/stage.rb:109:in 'BasicObject#instance_exec'
C:/workspace/minigun/lib/minigun/stage.rb:109:in 'Minigun::AtomicStage#execute'
C:/workspace/minigun/lib/minigun/execution/executor.rb:62:in 'Minigun::Execution::Executor#run_stage_logic'
C:/workspace/minigun/lib/minigun/execution/executor.rb:99:in 'block in Minigun::Execution::ThreadPoolExecutor#execute_with_strategy'
#<Thread:0x000001bb74b59998 C:/workspace/minigun/lib/minigun/execution/executor.rb:97 run> terminated with exception 
(report_on_exception is true):
C:/workspace/minigun/examples/38_comprehensive_execution.rb:101:in 'block (2 levels) in 
<class:ComprehensivePipeline>': undefined local variable or method 'output' for an instance of ComprehensivePipeline 
(NameError)

      output << results

      ^^^^^^
	from C:/workspace/minigun/lib/minigun/stage.rb:109:in 'BasicObject#instance_exec'
	from C:/workspace/minigun/lib/minigun/stage.rb:109:in 'Minigun::AtomicStage#execute'
	from C:/workspace/minigun/lib/minigun/execution/executor.rb:62:in 'Minigun::Execution::Executor#run_stage_logic'
	from C:/workspace/minigun/lib/minigun/execution/executor.rb:99:in 'block in 
Minigun::Execution::ThreadPoolExecutor#execute_with_strategy'
E, [2025-10-27T13:41:28.053124 #8588] ERROR -- : [Pipeline:default][Stage:save_to_db] Error: undefined local variable or method 'output' for an instance of ComprehensivePipeline
E, [2025-10-27T13:41:28.053368 #8588] ERROR -- : C:/workspace/minigun/examples/38_comprehensive_execution.rb:101:in 'block (2 levels) in <class:ComprehensivePipeline>'
C:/workspace/minigun/lib/minigun/stage.rb:109:in 'BasicObject#instance_exec'
C:/workspace/minigun/lib/minigun/stage.rb:109:in 'Minigun::AtomicStage#execute'
C:/workspace/minigun/lib/minigun/execution/executor.rb:62:in 'Minigun::Execution::Executor#run_stage_logic'
C:/workspace/minigun/lib/minigun/execution/executor.rb:99:in 'block in Minigun::Execution::ThreadPoolExecutor#execute_with_strategy'
#<Thread:0x000001bb74bddd38 C:/workspace/minigun/lib/minigun/execution/executor.rb:97 run> terminated with exception 
(report_on_exception is true):
C:/workspace/minigun/examples/38_comprehensive_execution.rb:101:in 'block (2 levels) in 
<class:ComprehensivePipeline>': undefined local variable or method 'output' for an instance of ComprehensivePipeline 
(NameError)

      output << results

      ^^^^^^
	from C:/workspace/minigun/lib/minigun/stage.rb:109:in 'BasicObject#instance_exec'
	from C:/workspace/minigun/lib/minigun/stage.rb:109:in 'Minigun::AtomicStage#execute'
	from C:/workspace/minigun/lib/minigun/execution/executor.rb:62:in 'Minigun::Execution::Executor#run_stage_logic'
	from C:/workspace/minigun/lib/minigun/execution/executor.rb:99:in 'block in 
Minigun::Execution::ThreadPoolExecutor#execute_with_strategy'
E, [2025-10-27T13:41:28.055123 #8588] ERROR -- : [Pipeline:default][Stage:save_to_db] Error: undefined local variable or method 'output' for an instance of ComprehensivePipeline
E, [2025-10-27T13:41:28.055356 #8588] ERROR -- : C:/workspace/minigun/examples/38_comprehensive_execution.rb:101:in 'block (2 levels) in <class:ComprehensivePipeline>'
C:/workspace/minigun/lib/minigun/stage.rb:109:in 'BasicObject#instance_exec'
C:/workspace/minigun/lib/minigun/stage.rb:109:in 'Minigun::AtomicStage#execute'
C:/workspace/minigun/lib/minigun/execution/executor.rb:62:in 'Minigun::Execution::Executor#run_stage_logic'
C:/workspace/minigun/lib/minigun/execution/executor.rb:99:in 'block in Minigun::Execution::ThreadPoolExecutor#execute_with_strategy'
#<Thread:0x000001bb74b90010 C:/workspace/minigun/lib/minigun/execution/executor.rb:97 run> terminated with exception 
(report_on_exception is true):
C:/workspace/minigun/examples/38_comprehensive_execution.rb:101:in 'block (2 levels) in 
<class:ComprehensivePipeline>': undefined local variable or method 'output' for an instance of ComprehensivePipeline 
(NameError)

      output << results

      ^^^^^^
	from C:/workspace/minigun/lib/minigun/stage.rb:109:in 'BasicObject#instance_exec'
	from C:/workspace/minigun/lib/minigun/stage.rb:109:in 'Minigun::AtomicStage#execute'
	from C:/workspace/minigun/lib/minigun/execution/executor.rb:62:in 'Minigun::Execution::Executor#run_stage_logic'
	from C:/workspace/minigun/lib/minigun/execution/executor.rb:99:in 'block in 
Minigun::Execution::ThreadPoolExecutor#execute_with_strategy'
E, [2025-10-27T13:41:28.057219 #8588] ERROR -- : [Pipeline:default][Stage:save_to_db] Error: undefined local variable or method 'output' for an instance of ComprehensivePipeline
E, [2025-10-27T13:41:28.057449 #8588] ERROR -- : C:/workspace/minigun/examples/38_comprehensive_execution.rb:101:in 'block (2 levels) in <class:ComprehensivePipeline>'
C:/workspace/minigun/lib/minigun/stage.rb:109:in 'BasicObject#instance_exec'
C:/workspace/minigun/lib/minigun/stage.rb:109:in 'Minigun::AtomicStage#execute'
C:/workspace/minigun/lib/minigun/execution/executor.rb:62:in 'Minigun::Execution::Executor#run_stage_logic'
C:/workspace/minigun/lib/minigun/execution/executor.rb:99:in 'block in Minigun::Execution::ThreadPoolExecutor#execute_with_strategy'
#<Thread:0x000001bb7513dd50 C:/workspace/minigun/lib/minigun/execution/executor.rb:97 run> terminated with exception 
(report_on_exception is true):
C:/workspace/minigun/examples/38_comprehensive_execution.rb:101:in 'block (2 levels) in 
<class:ComprehensivePipeline>': undefined local variable or method 'output' for an instance of ComprehensivePipeline 
(NameError)

      output << results

      ^^^^^^
	from C:/workspace/minigun/lib/minigun/stage.rb:109:in 'BasicObject#instance_exec'
	from C:/workspace/minigun/lib/minigun/stage.rb:109:in 'Minigun::AtomicStage#execute'
	from C:/workspace/minigun/lib/minigun/execution/executor.rb:62:in 'Minigun::Execution::Executor#run_stage_logic'
	from C:/workspace/minigun/lib/minigun/execution/executor.rb:99:in 'block in 
Minigun::Execution::ThreadPoolExecutor#execute_with_strategy'
E, [2025-10-27T13:41:28.059181 #8588] ERROR -- : [Pipeline:default][Stage:save_to_db] Error: undefined local variable or method 'output' for an instance of ComprehensivePipeline
E, [2025-10-27T13:41:28.059419 #8588] ERROR -- : C:/workspace/minigun/examples/38_comprehensive_execution.rb:101:in 'block (2 levels) in <class:ComprehensivePipeline>'
C:/workspace/minigun/lib/minigun/stage.rb:109:in 'BasicObject#instance_exec'
C:/workspace/minigun/lib/minigun/stage.rb:109:in 'Minigun::AtomicStage#execute'
C:/workspace/minigun/lib/minigun/execution/executor.rb:62:in 'Minigun::Execution::Executor#run_stage_logic'
C:/workspace/minigun/lib/minigun/execution/executor.rb:99:in 'block in Minigun::Execution::ThreadPoolExecutor#execute_with_strategy'
#<Thread:0x000001bb74d57a10 C:/workspace/minigun/lib/minigun/execution/executor.rb:97 run> terminated with exception 
(report_on_exception is true):
C:/workspace/minigun/examples/38_comprehensive_execution.rb:101:in 'block (2 levels) in 
<class:ComprehensivePipeline>': undefined local variable or method 'output' for an instance of ComprehensivePipeline 
(NameError)

      output << results

      ^^^^^^
	from C:/workspace/minigun/lib/minigun/stage.rb:109:in 'BasicObject#instance_exec'
	from C:/workspace/minigun/lib/minigun/stage.rb:109:in 'Minigun::AtomicStage#execute'
	from C:/workspace/minigun/lib/minigun/execution/executor.rb:62:in 'Minigun::Execution::Executor#run_stage_logic'
	from C:/workspace/minigun/lib/minigun/execution/executor.rb:99:in 'block in 
Minigun::Execution::ThreadPoolExecutor#execute_with_strategy'
E, [2025-10-27T13:41:28.061180 #8588] ERROR -- : [Pipeline:default][Stage:save_to_db] Error: undefined local variable or method 'output' for an instance of ComprehensivePipeline
E, [2025-10-27T13:41:28.061430 #8588] ERROR -- : C:/workspace/minigun/examples/38_comprehensive_execution.rb:101:in 'block (2 levels) in <class:ComprehensivePipeline>'
C:/workspace/minigun/lib/minigun/stage.rb:109:in 'BasicObject#instance_exec'
C:/workspace/minigun/lib/minigun/stage.rb:109:in 'Minigun::AtomicStage#execute'
C:/workspace/minigun/lib/minigun/execution/executor.rb:62:in 'Minigun::Execution::Executor#run_stage_logic'
C:/workspace/minigun/lib/minigun/execution/executor.rb:99:in 'block in Minigun::Execution::ThreadPoolExecutor#execute_with_strategy'
#<Thread:0x000001bb751f9d98 C:/workspace/minigun/lib/minigun/execution/executor.rb:97 run> terminated with exception 
(report_on_exception is true):
C:/workspace/minigun/examples/38_comprehensive_execution.rb:101:in 'block (2 levels) in 
<class:ComprehensivePipeline>': undefined local variable or method 'output' for an instance of ComprehensivePipeline 
(NameError)

      output << results

      ^^^^^^
	from C:/workspace/minigun/lib/minigun/stage.rb:109:in 'BasicObject#instance_exec'
	from C:/workspace/minigun/lib/minigun/stage.rb:109:in 'Minigun::AtomicStage#execute'
	from C:/workspace/minigun/lib/minigun/execution/executor.rb:62:in 'Minigun::Execution::Executor#run_stage_logic'
	from C:/workspace/minigun/lib/minigun/execution/executor.rb:99:in 'block in 
Minigun::Execution::ThreadPoolExecutor#execute_with_strategy'
E, [2025-10-27T13:41:28.063230 #8588] ERROR -- : [Pipeline:default][Stage:save_to_db] Error: undefined local variable or method 'output' for an instance of ComprehensivePipeline
E, [2025-10-27T13:41:28.063481 #8588] ERROR -- : C:/workspace/minigun/examples/38_comprehensive_execution.rb:101:in 'block (2 levels) in <class:ComprehensivePipeline>'
C:/workspace/minigun/lib/minigun/stage.rb:109:in 'BasicObject#instance_exec'
C:/workspace/minigun/lib/minigun/stage.rb:109:in 'Minigun::AtomicStage#execute'
C:/workspace/minigun/lib/minigun/execution/executor.rb:62:in 'Minigun::Execution::Executor#run_stage_logic'
C:/workspace/minigun/lib/minigun/execution/executor.rb:99:in 'block in Minigun::Execution::ThreadPoolExecutor#execute_with_strategy'
#<Thread:0x000001bb73631840 C:/workspace/minigun/lib/minigun/execution/executor.rb:97 run> terminated with exception 
(report_on_exception is true):
C:/workspace/minigun/examples/38_comprehensive_execution.rb:101:in 'block (2 levels) in 
<class:ComprehensivePipeline>': undefined local variable or method 'output' for an instance of ComprehensivePipeline 
(NameError)

      output << results

      ^^^^^^
	from C:/workspace/minigun/lib/minigun/stage.rb:109:in 'BasicObject#instance_exec'
	from C:/workspace/minigun/lib/minigun/stage.rb:109:in 'Minigun::AtomicStage#execute'
	from C:/workspace/minigun/lib/minigun/execution/executor.rb:62:in 'Minigun::Execution::Executor#run_stage_logic'
	from C:/workspace/minigun/lib/minigun/execution/executor.rb:99:in 'block in 
Minigun::Execution::ThreadPoolExecutor#execute_with_strategy'
E, [2025-10-27T13:41:28.065217 #8588] ERROR -- : [Pipeline:default][Stage:save_to_db] Error: undefined local variable or method 'output' for an instance of ComprehensivePipeline
E, [2025-10-27T13:41:28.065583 #8588] ERROR -- : C:/workspace/minigun/examples/38_comprehensive_execution.rb:101:in 'block (2 levels) in <class:ComprehensivePipeline>'
C:/workspace/minigun/lib/minigun/stage.rb:109:in 'BasicObject#instance_exec'
C:/workspace/minigun/lib/minigun/stage.rb:109:in 'Minigun::AtomicStage#execute'
C:/workspace/minigun/lib/minigun/execution/executor.rb:62:in 'Minigun::Execution::Executor#run_stage_logic'
C:/workspace/minigun/lib/minigun/execution/executor.rb:99:in 'block in Minigun::Execution::ThreadPoolExecutor#execute_with_strategy'
#<Thread:0x000001bb016392d8 C:/workspace/minigun/lib/minigun/execution/executor.rb:97 run> terminated with exception 
(report_on_exception is true):
C:/workspace/minigun/examples/38_comprehensive_execution.rb:101:in 'block (2 levels) in 
<class:ComprehensivePipeline>': undefined local variable or method 'output' for an instance of ComprehensivePipeline 
(NameError)

      output << results

      ^^^^^^
	from C:/workspace/minigun/lib/minigun/stage.rb:109:in 'BasicObject#instance_exec'
	from C:/workspace/minigun/lib/minigun/stage.rb:109:in 'Minigun::AtomicStage#execute'
	from C:/workspace/minigun/lib/minigun/execution/executor.rb:62:in 'Minigun::Execution::Executor#run_stage_logic'
	from C:/workspace/minigun/lib/minigun/execution/executor.rb:99:in 'block in 
Minigun::Execution::ThreadPoolExecutor#execute_with_strategy'
E, [2025-10-27T13:41:28.067312 #8588] ERROR -- : [Pipeline:default][Stage:save_to_db] Error: undefined local variable or method 'output' for an instance of ComprehensivePipeline
E, [2025-10-27T13:41:28.067540 #8588] ERROR -- : C:/workspace/minigun/examples/38_comprehensive_execution.rb:101:in 'block (2 levels) in <class:ComprehensivePipeline>'
C:/workspace/minigun/lib/minigun/stage.rb:109:in 'BasicObject#instance_exec'
C:/workspace/minigun/lib/minigun/stage.rb:109:in 'Minigun::AtomicStage#execute'
C:/workspace/minigun/lib/minigun/execution/executor.rb:62:in 'Minigun::Execution::Executor#run_stage_logic'
C:/workspace/minigun/lib/minigun/execution/executor.rb:99:in 'block in Minigun::Execution::ThreadPoolExecutor#execute_with_strategy'
#<Thread:0x000001bb017d0178 C:/workspace/minigun/lib/minigun/execution/executor.rb:97 run> terminated with exception 
(report_on_exception is true):
C:/workspace/minigun/examples/38_comprehensive_execution.rb:101:in 'block (2 levels) in 
<class:ComprehensivePipeline>': undefined local variable or method 'output' for an instance of ComprehensivePipeline 
(NameError)

      output << results

      ^^^^^^
	from C:/workspace/minigun/lib/minigun/stage.rb:109:in 'BasicObject#instance_exec'
	from C:/workspace/minigun/lib/minigun/stage.rb:109:in 'Minigun::AtomicStage#execute'
	from C:/workspace/minigun/lib/minigun/execution/executor.rb:62:in 'Minigun::Execution::Executor#run_stage_logic'
	from C:/workspace/minigun/lib/minigun/execution/executor.rb:99:in 'block in 
Minigun::Execution::ThreadPoolExecutor#execute_with_strategy'
E, [2025-10-27T13:41:28.069914 #8588] ERROR -- : [Pipeline:default][Stage:save_to_db] Error: undefined local variable or method 'output' for an instance of ComprehensivePipeline
E, [2025-10-27T13:41:28.070152 #8588] ERROR -- : C:/workspace/minigun/examples/38_comprehensive_execution.rb:101:in 'block (2 levels) in <class:ComprehensivePipeline>'
C:/workspace/minigun/lib/minigun/stage.rb:109:in 'BasicObject#instance_exec'
C:/workspace/minigun/lib/minigun/stage.rb:109:in 'Minigun::AtomicStage#execute'
C:/workspace/minigun/lib/minigun/execution/executor.rb:62:in 'Minigun::Execution::Executor#run_stage_logic'
C:/workspace/minigun/lib/minigun/execution/executor.rb:99:in 'block in Minigun::Execution::ThreadPoolExecutor#execute_with_strategy'
I, [2025-10-27T13:41:28.070476 #8588]  INFO -- : [Pipeline:default][Worker:check_cache] Done
#<Thread:0x000001bb74b59bc8 C:/workspace/minigun/lib/minigun/execution/executor.rb:97 run> terminated with exception 
(report_on_exception is true):
C:/workspace/minigun/examples/38_comprehensive_execution.rb:101:in 'block (2 levels) in 
<class:ComprehensivePipeline>': undefined local variable or method 'output' for an instance of ComprehensivePipeline 
(NameError)

      output << results

      ^^^^^^
	from C:/workspace/minigun/lib/minigun/stage.rb:109:in 'BasicObject#instance_exec'
	from C:/workspace/minigun/lib/minigun/stage.rb:109:in 'Minigun::AtomicStage#execute'
	from C:/workspace/minigun/lib/minigun/execution/executor.rb:62:in 'Minigun::Execution::Executor#run_stage_logic'
	from C:/workspace/minigun/lib/minigun/execution/executor.rb:99:in 'block in 
Minigun::Execution::ThreadPoolExecutor#execute_with_strategy'
E, [2025-10-27T13:41:28.071986 #8588] ERROR -- : [Pipeline:default][Stage:save_to_db] Error: undefined local variable or method 'output' for an instance of ComprehensivePipeline
E, [2025-10-27T13:41:28.072174 #8588] ERROR -- : C:/workspace/minigun/examples/38_comprehensive_execution.rb:101:in 'block (2 levels) in <class:ComprehensivePipeline>'
C:/workspace/minigun/lib/minigun/stage.rb:109:in 'BasicObject#instance_exec'
C:/workspace/minigun/lib/minigun/stage.rb:109:in 'Minigun::AtomicStage#execute'
C:/workspace/minigun/lib/minigun/execution/executor.rb:62:in 'Minigun::Execution::Executor#run_stage_logic'
C:/workspace/minigun/lib/minigun/execution/executor.rb:99:in 'block in Minigun::Execution::ThreadPoolExecutor#execute_with_strategy'
I, [2025-10-27T13:41:28.072380 #8588]  INFO -- : [Pipeline:default][Worker:download] Done
#<Thread:0x000001bb74bddf40 C:/workspace/minigun/lib/minigun/execution/executor.rb:97 run> terminated with exception 
(report_on_exception is true):
C:/workspace/minigun/examples/38_comprehensive_execution.rb:101:in 'block (2 levels) in 
<class:ComprehensivePipeline>': undefined local variable or method 'output' for an instance of ComprehensivePipeline 
(NameError)

      output << results

      ^^^^^^
	from C:/workspace/minigun/lib/minigun/stage.rb:109:in 'BasicObject#instance_exec'
	from C:/workspace/minigun/lib/minigun/stage.rb:109:in 'Minigun::AtomicStage#execute'
	from C:/workspace/minigun/lib/minigun/execution/executor.rb:62:in 'Minigun::Execution::Executor#run_stage_logic'
	from C:/workspace/minigun/lib/minigun/execution/executor.rb:99:in 'block in 
Minigun::Execution::ThreadPoolExecutor#execute_with_strategy'
E, [2025-10-27T13:41:28.073853 #8588] ERROR -- : [Pipeline:default][Stage:save_to_db] Error: undefined local variable or method 'output' for an instance of ComprehensivePipeline
E, [2025-10-27T13:41:28.074014 #8588] ERROR -- : C:/workspace/minigun/examples/38_comprehensive_execution.rb:101:in 'block (2 levels) in <class:ComprehensivePipeline>'
C:/workspace/minigun/lib/minigun/stage.rb:109:in 'BasicObject#instance_exec'
C:/workspace/minigun/lib/minigun/stage.rb:109:in 'Minigun::AtomicStage#execute'
C:/workspace/minigun/lib/minigun/execution/executor.rb:62:in 'Minigun::Execution::Executor#run_stage_logic'
C:/workspace/minigun/lib/minigun/execution/executor.rb:99:in 'block in Minigun::Execution::ThreadPoolExecutor#execute_with_strategy'
[Minigun] Process forking not available, falling back to inline
I, [2025-10-27T13:41:28.074321 #8588]  INFO -- : [Pipeline:default][Worker:parse_batch] Done
#<Thread:0x000001bb74cfb558 C:/workspace/minigun/lib/minigun/execution/executor.rb:97 run> terminated with exception 
(report_on_exception is true):
C:/workspace/minigun/examples/38_comprehensive_execution.rb:101:in 'block (2 levels) in 
<class:ComprehensivePipeline>': undefined local variable or method 'output' for an instance of ComprehensivePipeline 
(NameError)

      output << results

      ^^^^^^
	from C:/workspace/minigun/lib/minigun/stage.rb:109:in 'BasicObject#instance_exec'
	from C:/workspace/minigun/lib/minigun/stage.rb:109:in 'Minigun::AtomicStage#execute'
	from C:/workspace/minigun/lib/minigun/execution/executor.rb:62:in 'Minigun::Execution::Executor#run_stage_logic'
	from C:/workspace/minigun/lib/minigun/execution/executor.rb:99:in 'block in 
Minigun::Execution::ThreadPoolExecutor#execute_with_strategy'
E, [2025-10-27T13:41:28.075821 #8588] ERROR -- : [Pipeline:default][Stage:save_to_db] Error: undefined local variable or method 'output' for an instance of ComprehensivePipeline
E, [2025-10-27T13:41:28.075884 #8588] ERROR -- : C:/workspace/minigun/examples/38_comprehensive_execution.rb:101:in 'block (2 levels) in <class:ComprehensivePipeline>'
C:/workspace/minigun/lib/minigun/stage.rb:109:in 'BasicObject#instance_exec'
C:/workspace/minigun/lib/minigun/stage.rb:109:in 'Minigun::AtomicStage#execute'
C:/workspace/minigun/lib/minigun/execution/executor.rb:62:in 'Minigun::Execution::Executor#run_stage_logic'
C:/workspace/minigun/lib/minigun/execution/executor.rb:99:in 'block in Minigun::Execution::ThreadPoolExecutor#execute_with_strategy'
I, [2025-10-27T13:41:28.073963 #8588]  INFO -- : [Pipeline:default][Worker:extract_metadata] Done
I, [2025-10-27T13:41:28.074217 #8588]  INFO -- : [Pipeline:default][Worker:_batch_0] Done
#<Thread:0x000001bb7513ca18 C:/workspace/minigun/lib/minigun/execution/executor.rb:97 run> terminated with exception 
(report_on_exception is true):
C:/workspace/minigun/examples/38_comprehensive_execution.rb:101:in 'block (2 levels) in 
<class:ComprehensivePipeline>': undefined local variable or method 'output' for an instance of ComprehensivePipeline 
(NameError)

      output << results

      ^^^^^^
	from C:/workspace/minigun/lib/minigun/stage.rb:109:in 'BasicObject#instance_exec'
	from C:/workspace/minigun/lib/minigun/stage.rb:109:in 'Minigun::AtomicStage#execute'
	from C:/workspace/minigun/lib/minigun/execution/executor.rb:62:in 'Minigun::Execution::Executor#run_stage_logic'
	from C:/workspace/minigun/lib/minigun/execution/executor.rb:99:in 'block in 
Minigun::Execution::ThreadPoolExecutor#execute_with_strategy'
E, [2025-10-27T13:41:28.077765 #8588] ERROR -- : [Pipeline:default][Stage:save_to_db] Error: undefined local variable or method 'output' for an instance of ComprehensivePipeline
E, [2025-10-27T13:41:28.077810 #8588] ERROR -- : C:/workspace/minigun/examples/38_comprehensive_execution.rb:101:in 'block (2 levels) in <class:ComprehensivePipeline>'
C:/workspace/minigun/lib/minigun/stage.rb:109:in 'BasicObject#instance_exec'
C:/workspace/minigun/lib/minigun/stage.rb:109:in 'Minigun::AtomicStage#execute'
C:/workspace/minigun/lib/minigun/execution/executor.rb:62:in 'Minigun::Execution::Executor#run_stage_logic'
C:/workspace/minigun/lib/minigun/execution/executor.rb:99:in 'block in Minigun::Execution::ThreadPoolExecutor#execute_with_strategy'
#<Thread:0x000001bb74d56278 C:/workspace/minigun/lib/minigun/execution/executor.rb:97 run> terminated with exception 
(report_on_exception is true):
C:/workspace/minigun/examples/38_comprehensive_execution.rb:101:in 'block (2 levels) in 
<class:ComprehensivePipeline>': undefined local variable or method 'output' for an instance of ComprehensivePipeline 
(NameError)

      output << results

      ^^^^^^
	from C:/workspace/minigun/lib/minigun/stage.rb:109:in 'BasicObject#instance_exec'
	from C:/workspace/minigun/lib/minigun/stage.rb:109:in 'Minigun::AtomicStage#execute'
	from C:/workspace/minigun/lib/minigun/execution/executor.rb:62:in 'Minigun::Execution::Executor#run_stage_logic'
	from C:/workspace/minigun/lib/minigun/execution/executor.rb:99:in 'block in 
Minigun::Execution::ThreadPoolExecutor#execute_with_strategy'
E, [2025-10-27T13:41:28.079407 #8588] ERROR -- : [Pipeline:default][Stage:save_to_db] Error: undefined local variable or method 'output' for an instance of ComprehensivePipeline
E, [2025-10-27T13:41:28.079455 #8588] ERROR -- : C:/workspace/minigun/examples/38_comprehensive_execution.rb:101:in 'block (2 levels) in <class:ComprehensivePipeline>'
C:/workspace/minigun/lib/minigun/stage.rb:109:in 'BasicObject#instance_exec'
C:/workspace/minigun/lib/minigun/stage.rb:109:in 'Minigun::AtomicStage#execute'
C:/workspace/minigun/lib/minigun/execution/executor.rb:62:in 'Minigun::Execution::Executor#run_stage_logic'
C:/workspace/minigun/lib/minigun/execution/executor.rb:99:in 'block in Minigun::Execution::ThreadPoolExecutor#execute_with_strategy'
#<Thread:0x000001bb751fa130 C:/workspace/minigun/lib/minigun/execution/executor.rb:97 run> terminated with exception 
(report_on_exception is true):
C:/workspace/minigun/examples/38_comprehensive_execution.rb:101:in 'block (2 levels) in 
<class:ComprehensivePipeline>': undefined local variable or method 'output' for an instance of ComprehensivePipeline 
(NameError)

      output << results

      ^^^^^^
	from C:/workspace/minigun/lib/minigun/stage.rb:109:in 'BasicObject#instance_exec'
	from C:/workspace/minigun/lib/minigun/stage.rb:109:in 'Minigun::AtomicStage#execute'
	from C:/workspace/minigun/lib/minigun/execution/executor.rb:62:in 'Minigun::Execution::Executor#run_stage_logic'
	from C:/workspace/minigun/lib/minigun/execution/executor.rb:99:in 'block in 
Minigun::Execution::ThreadPoolExecutor#execute_with_strategy'
E, [2025-10-27T13:41:28.081108 #8588] ERROR -- : [Pipeline:default][Stage:save_to_db] Error: undefined local variable or method 'output' for an instance of ComprehensivePipeline
E, [2025-10-27T13:41:28.081152 #8588] ERROR -- : C:/workspace/minigun/examples/38_comprehensive_execution.rb:101:in 'block (2 levels) in <class:ComprehensivePipeline>'
C:/workspace/minigun/lib/minigun/stage.rb:109:in 'BasicObject#instance_exec'
C:/workspace/minigun/lib/minigun/stage.rb:109:in 'Minigun::AtomicStage#execute'
C:/workspace/minigun/lib/minigun/execution/executor.rb:62:in 'Minigun::Execution::Executor#run_stage_logic'
C:/workspace/minigun/lib/minigun/execution/executor.rb:99:in 'block in Minigun::Execution::ThreadPoolExecutor#execute_with_strategy'
#<Thread:0x000001bb736327b8 C:/workspace/minigun/lib/minigun/execution/executor.rb:97 run> terminated with exception 
(report_on_exception is true):
C:/workspace/minigun/examples/38_comprehensive_execution.rb:101:in 'block (2 levels) in 
<class:ComprehensivePipeline>': undefined local variable or method 'output' for an instance of ComprehensivePipeline 
(NameError)

      output << results

      ^^^^^^
	from C:/workspace/minigun/lib/minigun/stage.rb:109:in 'BasicObject#instance_exec'
	from C:/workspace/minigun/lib/minigun/stage.rb:109:in 'Minigun::AtomicStage#execute'
	from C:/workspace/minigun/lib/minigun/execution/executor.rb:62:in 'Minigun::Execution::Executor#run_stage_logic'
	from C:/workspace/minigun/lib/minigun/execution/executor.rb:99:in 'block in 
Minigun::Execution::ThreadPoolExecutor#execute_with_strategy'
E, [2025-10-27T13:41:28.082654 #8588] ERROR -- : [Pipeline:default][Stage:save_to_db] Error: undefined local variable or method 'output' for an instance of ComprehensivePipeline
E, [2025-10-27T13:41:28.082689 #8588] ERROR -- : C:/workspace/minigun/examples/38_comprehensive_execution.rb:101:in 'block (2 levels) in <class:ComprehensivePipeline>'
C:/workspace/minigun/lib/minigun/stage.rb:109:in 'BasicObject#instance_exec'
C:/workspace/minigun/lib/minigun/stage.rb:109:in 'Minigun::AtomicStage#execute'
C:/workspace/minigun/lib/minigun/execution/executor.rb:62:in 'Minigun::Execution::Executor#run_stage_logic'
C:/workspace/minigun/lib/minigun/execution/executor.rb:99:in 'block in Minigun::Execution::ThreadPoolExecutor#execute_with_strategy'
#<Thread:0x000001bb0163ade0 C:/workspace/minigun/lib/minigun/execution/executor.rb:97 run> terminated with exception 
(report_on_exception is true):
C:/workspace/minigun/examples/38_comprehensive_execution.rb:101:in 'block (2 levels) in 
<class:ComprehensivePipeline>': undefined local variable or method 'output' for an instance of ComprehensivePipeline 
(NameError)

      output << results

      ^^^^^^
	from C:/workspace/minigun/lib/minigun/stage.rb:109:in 'BasicObject#instance_exec'
	from C:/workspace/minigun/lib/minigun/stage.rb:109:in 'Minigun::AtomicStage#execute'
	from C:/workspace/minigun/lib/minigun/execution/executor.rb:62:in 'Minigun::Execution::Executor#run_stage_logic'
	from C:/workspace/minigun/lib/minigun/execution/executor.rb:99:in 'block in 
Minigun::Execution::ThreadPoolExecutor#execute_with_strategy'
E, [2025-10-27T13:41:28.084076 #8588] ERROR -- : [Pipeline:default][Stage:save_to_db] Error: undefined local variable or method 'output' for an instance of ComprehensivePipeline
E, [2025-10-27T13:41:28.084117 #8588] ERROR -- : C:/workspace/minigun/examples/38_comprehensive_execution.rb:101:in 'block (2 levels) in <class:ComprehensivePipeline>'
C:/workspace/minigun/lib/minigun/stage.rb:109:in 'BasicObject#instance_exec'
C:/workspace/minigun/lib/minigun/stage.rb:109:in 'Minigun::AtomicStage#execute'
C:/workspace/minigun/lib/minigun/execution/executor.rb:62:in 'Minigun::Execution::Executor#run_stage_logic'
C:/workspace/minigun/lib/minigun/execution/executor.rb:99:in 'block in Minigun::Execution::ThreadPoolExecutor#execute_with_strategy'
#<Thread:0x000001bb015d1958 C:/workspace/minigun/lib/minigun/execution/executor.rb:97 run> terminated with exception 
(report_on_exception is true):
E, [2025-10-27T13:41:28.085720 #8588] ERROR -- : [Pipeline:default][Stage:save_to_db] Error: undefined local variable or method 'output' for an instance of ComprehensivePipeline
E, [2025-10-27T13:41:28.085767 #8588] ERROR -- : C:/workspace/minigun/examples/38_comprehensive_execution.rb:101:in 'block (2 levels) in <class:ComprehensivePipeline>'
C:/workspace/minigun/lib/minigun/stage.rb:109:in 'BasicObject#instance_exec'
C:/workspace/minigun/lib/minigun/stage.rb:109:in 'Minigun::AtomicStage#execute'
C:/workspace/minigun/lib/minigun/execution/executor.rb:62:in 'Minigun::Execution::Executor#run_stage_logic'
C:/workspace/minigun/lib/minigun/execution/executor.rb:99:in 'block in Minigun::Execution::ThreadPoolExecutor#execute_with_strategy'
C:/workspace/minigun/examples/38_comprehensive_execution.rb:101:in 'block (2 levels) in 
<class:ComprehensivePipeline>': undefined local variable or method 'output' for an instance of ComprehensivePipeline 
(NameError)

      output << results

      ^^^^^^
	from C:/workspace/minigun/lib/minigun/stage.rb:109:in 'BasicObject#instance_exec'
	from C:/workspace/minigun/lib/minigun/stage.rb:109:in 'Minigun::AtomicStage#execute'
	from C:/workspace/minigun/lib/minigun/execution/executor.rb:62:in 'Minigun::Execution::Executor#run_stage_logic'
	from C:/workspace/minigun/lib/minigun/execution/executor.rb:99:in 'block in 
Minigun::Execution::ThreadPoolExecutor#execute_with_strategy'
#<Thread:0x000001bb016d9e18 C:/workspace/minigun/lib/minigun/execution/executor.rb:97 run> terminated with exception 
(report_on_exception is true):
C:/workspace/minigun/examples/38_comprehensive_execution.rb:101:in 'block (2 levels) in 
<class:ComprehensivePipeline>': undefined local variable or method 'output' for an instance of ComprehensivePipeline 
(NameError)

      output << results

      ^^^^^^
	from C:/workspace/minigun/lib/minigun/stage.rb:109:in 'BasicObject#instance_exec'
	from C:/workspace/minigun/lib/minigun/stage.rb:109:in 'Minigun::AtomicStage#execute'
	from C:/workspace/minigun/lib/minigun/execution/executor.rb:62:in 'Minigun::Execution::Executor#run_stage_logic'
	from C:/workspace/minigun/lib/minigun/execution/executor.rb:99:in 'block in 
Minigun::Execution::ThreadPoolExecutor#execute_with_strategy'
E, [2025-10-27T13:41:28.087273 #8588] ERROR -- : [Pipeline:default][Stage:save_to_db] Error: undefined local variable or method 'output' for an instance of ComprehensivePipeline
E, [2025-10-27T13:41:28.087327 #8588] ERROR -- : C:/workspace/minigun/examples/38_comprehensive_execution.rb:101:in 'block (2 levels) in <class:ComprehensivePipeline>'
C:/workspace/minigun/lib/minigun/stage.rb:109:in 'BasicObject#instance_exec'
C:/workspace/minigun/lib/minigun/stage.rb:109:in 'Minigun::AtomicStage#execute'
C:/workspace/minigun/lib/minigun/execution/executor.rb:62:in 'Minigun::Execution::Executor#run_stage_logic'
C:/workspace/minigun/lib/minigun/execution/executor.rb:99:in 'block in Minigun::Execution::ThreadPoolExecutor#execute_with_strategy'
#<Thread:0x000001bb017d1898 C:/workspace/minigun/lib/minigun/execution/executor.rb:97 run> terminated with exception 
(report_on_exception is true):
C:/workspace/minigun/examples/38_comprehensive_execution.rb:101:in 'block (2 levels) in 
<class:ComprehensivePipeline>': undefined local variable or method 'output' for an instance of ComprehensivePipeline 
(NameError)

      output << results

      ^^^^^^
	from C:/workspace/minigun/lib/minigun/stage.rb:109:in 'BasicObject#instance_exec'
	from C:/workspace/minigun/lib/minigun/stage.rb:109:in 'Minigun::AtomicStage#execute'
	from C:/workspace/minigun/lib/minigun/execution/executor.rb:62:in 'Minigun::Execution::Executor#run_stage_logic'
	from C:/workspace/minigun/lib/minigun/execution/executor.rb:99:in 'block in 
Minigun::Execution::ThreadPoolExecutor#execute_with_strategy'
E, [2025-10-27T13:41:28.088803 #8588] ERROR -- : [Pipeline:default][Stage:save_to_db] Error: undefined local variable or method 'output' for an instance of ComprehensivePipeline
E, [2025-10-27T13:41:28.088844 #8588] ERROR -- : C:/workspace/minigun/examples/38_comprehensive_execution.rb:101:in 'block (2 levels) in <class:ComprehensivePipeline>'
C:/workspace/minigun/lib/minigun/stage.rb:109:in 'BasicObject#instance_exec'
C:/workspace/minigun/lib/minigun/stage.rb:109:in 'Minigun::AtomicStage#execute'
C:/workspace/minigun/lib/minigun/execution/executor.rb:62:in 'Minigun::Execution::Executor#run_stage_logic'
C:/workspace/minigun/lib/minigun/execution/executor.rb:99:in 'block in Minigun::Execution::ThreadPoolExecutor#execute_with_strategy'
#<Thread:0x000001bb0184a298 C:/workspace/minigun/lib/minigun/execution/executor.rb:97 run> terminated with exception 
(report_on_exception is true):
C:/workspace/minigun/examples/38_comprehensive_execution.rb:101:in 'block (2 levels) in 
<class:ComprehensivePipeline>': undefined local variable or method 'output' for an instance of ComprehensivePipeline 
(NameError)

      output << results

      ^^^^^^
	from C:/workspace/minigun/lib/minigun/stage.rb:109:in 'BasicObject#instance_exec'
	from C:/workspace/minigun/lib/minigun/stage.rb:109:in 'Minigun::AtomicStage#execute'
	from C:/workspace/minigun/lib/minigun/execution/executor.rb:62:in 'Minigun::Execution::Executor#run_stage_logic'
	from C:/workspace/minigun/lib/minigun/execution/executor.rb:99:in 'block in 
Minigun::Execution::ThreadPoolExecutor#execute_with_strategy'
E, [2025-10-27T13:41:28.090292 #8588] ERROR -- : [Pipeline:default][Stage:save_to_db] Error: undefined local variable or method 'output' for an instance of ComprehensivePipeline
E, [2025-10-27T13:41:28.090335 #8588] ERROR -- : C:/workspace/minigun/examples/38_comprehensive_execution.rb:101:in 'block (2 levels) in <class:ComprehensivePipeline>'
C:/workspace/minigun/lib/minigun/stage.rb:109:in 'BasicObject#instance_exec'
C:/workspace/minigun/lib/minigun/stage.rb:109:in 'Minigun::AtomicStage#execute'
C:/workspace/minigun/lib/minigun/execution/executor.rb:62:in 'Minigun::Execution::Executor#run_stage_logic'
C:/workspace/minigun/lib/minigun/execution/executor.rb:99:in 'block in Minigun::Execution::ThreadPoolExecutor#execute_with_strategy'
#<Thread:0x000001bb01772208 C:/workspace/minigun/lib/minigun/execution/executor.rb:97 run> terminated with exception 
(report_on_exception is true):
C:/workspace/minigun/examples/38_comprehensive_execution.rb:101:in 'block (2 levels) in 
<class:ComprehensivePipeline>': undefined local variable or method 'output' for an instance of ComprehensivePipeline 
(NameError)

      output << results

      ^^^^^^
	from C:/workspace/minigun/lib/minigun/stage.rb:109:in 'BasicObject#instance_exec'
	from C:/workspace/minigun/lib/minigun/stage.rb:109:in 'Minigun::AtomicStage#execute'
	from C:/workspace/minigun/lib/minigun/execution/executor.rb:62:in 'Minigun::Execution::Executor#run_stage_logic'
	from C:/workspace/minigun/lib/minigun/execution/executor.rb:99:in 'block in 
Minigun::Execution::ThreadPoolExecutor#execute_with_strategy'
E, [2025-10-27T13:41:28.091778 #8588] ERROR -- : [Pipeline:default][Stage:save_to_db] Error: undefined local variable or method 'output' for an instance of ComprehensivePipeline
E, [2025-10-27T13:41:28.091822 #8588] ERROR -- : C:/workspace/minigun/examples/38_comprehensive_execution.rb:101:in 'block (2 levels) in <class:ComprehensivePipeline>'
C:/workspace/minigun/lib/minigun/stage.rb:109:in 'BasicObject#instance_exec'
C:/workspace/minigun/lib/minigun/stage.rb:109:in 'Minigun::AtomicStage#execute'
C:/workspace/minigun/lib/minigun/execution/executor.rb:62:in 'Minigun::Execution::Executor#run_stage_logic'
C:/workspace/minigun/lib/minigun/execution/executor.rb:99:in 'block in Minigun::Execution::ThreadPoolExecutor#execute_with_strategy'
#<Thread:0x000001bb0159a930 C:/workspace/minigun/lib/minigun/execution/executor.rb:97 run> terminated with exception 
(report_on_exception is true):
C:/workspace/minigun/examples/38_comprehensive_execution.rb:101:in 'block (2 levels) in 
<class:ComprehensivePipeline>': undefined local variable or method 'output' for an instance of ComprehensivePipeline 
(NameError)

      output << results

      ^^^^^^
	from C:/workspace/minigun/lib/minigun/stage.rb:109:in 'BasicObject#instance_exec'
	from C:/workspace/minigun/lib/minigun/stage.rb:109:in 'Minigun::AtomicStage#execute'
	from C:/workspace/minigun/lib/minigun/execution/executor.rb:62:in 'Minigun::Execution::Executor#run_stage_logic'
	from C:/workspace/minigun/lib/minigun/execution/executor.rb:99:in 'block in 
Minigun::Execution::ThreadPoolExecutor#execute_with_strategy'
E, [2025-10-27T13:41:28.093341 #8588] ERROR -- : [Pipeline:default][Stage:save_to_db] Error: undefined local variable or method 'output' for an instance of ComprehensivePipeline
E, [2025-10-27T13:41:28.093389 #8588] ERROR -- : C:/workspace/minigun/examples/38_comprehensive_execution.rb:101:in 'block (2 levels) in <class:ComprehensivePipeline>'
C:/workspace/minigun/lib/minigun/stage.rb:109:in 'BasicObject#instance_exec'
C:/workspace/minigun/lib/minigun/stage.rb:109:in 'Minigun::AtomicStage#execute'
C:/workspace/minigun/lib/minigun/execution/executor.rb:62:in 'Minigun::Execution::Executor#run_stage_logic'
C:/workspace/minigun/lib/minigun/execution/executor.rb:99:in 'block in Minigun::Execution::ThreadPoolExecutor#execute_with_strategy'
#<Thread:0x000001bb735b3030 C:/workspace/minigun/lib/minigun/execution/executor.rb:97 run> terminated with exception 
(report_on_exception is true):
C:/workspace/minigun/examples/38_comprehensive_execution.rb:101:in 'block (2 levels) in 
<class:ComprehensivePipeline>': undefined local variable or method 'output' for an instance of ComprehensivePipeline 
(NameError)

      output << results

      ^^^^^^
	from C:/workspace/minigun/lib/minigun/stage.rb:109:in 'BasicObject#instance_exec'
	from C:/workspace/minigun/lib/minigun/stage.rb:109:in 'Minigun::AtomicStage#execute'
	from C:/workspace/minigun/lib/minigun/execution/executor.rb:62:in 'Minigun::Execution::Executor#run_stage_logic'
	from C:/workspace/minigun/lib/minigun/execution/executor.rb:99:in 'block in 
Minigun::Execution::ThreadPoolExecutor#execute_with_strategy'
E, [2025-10-27T13:41:28.094945 #8588] ERROR -- : [Pipeline:default][Stage:save_to_db] Error: undefined local variable or method 'output' for an instance of ComprehensivePipeline
E, [2025-10-27T13:41:28.095009 #8588] ERROR -- : C:/workspace/minigun/examples/38_comprehensive_execution.rb:101:in 'block (2 levels) in <class:ComprehensivePipeline>'
C:/workspace/minigun/lib/minigun/stage.rb:109:in 'BasicObject#instance_exec'
C:/workspace/minigun/lib/minigun/stage.rb:109:in 'Minigun::AtomicStage#execute'
C:/workspace/minigun/lib/minigun/execution/executor.rb:62:in 'Minigun::Execution::Executor#run_stage_logic'
C:/workspace/minigun/lib/minigun/execution/executor.rb:99:in 'block in Minigun::Execution::ThreadPoolExecutor#execute_with_strategy'
#<Thread:0x000001bb74d1ac28 C:/workspace/minigun/lib/minigun/execution/executor.rb:97 run> terminated with exception 
(report_on_exception is true):
C:/workspace/minigun/examples/38_comprehensive_execution.rb:101:in 'block (2 levels) in 
<class:ComprehensivePipeline>': undefined local variable or method 'output' for an instance of ComprehensivePipeline 
(NameError)

      output << results

      ^^^^^^
	from C:/workspace/minigun/lib/minigun/stage.rb:109:in 'BasicObject#instance_exec'
	from C:/workspace/minigun/lib/minigun/stage.rb:109:in 'Minigun::AtomicStage#execute'
	from C:/workspace/minigun/lib/minigun/execution/executor.rb:62:in 'Minigun::Execution::Executor#run_stage_logic'
	from C:/workspace/minigun/lib/minigun/execution/executor.rb:99:in 'block in 
Minigun::Execution::ThreadPoolExecutor#execute_with_strategy'
E, [2025-10-27T13:41:28.096586 #8588] ERROR -- : [Pipeline:default][Stage:save_to_db] Error: undefined local variable or method 'output' for an instance of ComprehensivePipeline
E, [2025-10-27T13:41:28.096630 #8588] ERROR -- : C:/workspace/minigun/examples/38_comprehensive_execution.rb:101:in 'block (2 levels) in <class:ComprehensivePipeline>'
C:/workspace/minigun/lib/minigun/stage.rb:109:in 'BasicObject#instance_exec'
C:/workspace/minigun/lib/minigun/stage.rb:109:in 'Minigun::AtomicStage#execute'
C:/workspace/minigun/lib/minigun/execution/executor.rb:62:in 'Minigun::Execution::Executor#run_stage_logic'
C:/workspace/minigun/lib/minigun/execution/executor.rb:99:in 'block in Minigun::Execution::ThreadPoolExecutor#execute_with_strategy'
#<Thread:0x000001bb74b78398 C:/workspace/minigun/lib/minigun/execution/executor.rb:97 run> terminated with exception 
(report_on_exception is true):
C:/workspace/minigun/examples/38_comprehensive_execution.rb:101:in 'block (2 levels) in 
<class:ComprehensivePipeline>': undefined local variable or method 'output' for an instance of ComprehensivePipeline 
(NameError)

      output << results

      ^^^^^^
	from C:/workspace/minigun/lib/minigun/stage.rb:109:in 'BasicObject#instance_exec'
	from C:/workspace/minigun/lib/minigun/stage.rb:109:in 'Minigun::AtomicStage#execute'
	from C:/workspace/minigun/lib/minigun/execution/executor.rb:62:in 'Minigun::Execution::Executor#run_stage_logic'
	from C:/workspace/minigun/lib/minigun/execution/executor.rb:99:in 'block in 
Minigun::Execution::ThreadPoolExecutor#execute_with_strategy'
E, [2025-10-27T13:41:28.098200 #8588] ERROR -- : [Pipeline:default][Stage:save_to_db] Error: undefined local variable or method 'output' for an instance of ComprehensivePipeline
E, [2025-10-27T13:41:28.098246 #8588] ERROR -- : C:/workspace/minigun/examples/38_comprehensive_execution.rb:101:in 'block (2 levels) in <class:ComprehensivePipeline>'
C:/workspace/minigun/lib/minigun/stage.rb:109:in 'BasicObject#instance_exec'
C:/workspace/minigun/lib/minigun/stage.rb:109:in 'Minigun::AtomicStage#execute'
C:/workspace/minigun/lib/minigun/execution/executor.rb:62:in 'Minigun::Execution::Executor#run_stage_logic'
C:/workspace/minigun/lib/minigun/execution/executor.rb:99:in 'block in Minigun::Execution::ThreadPoolExecutor#execute_with_strategy'
#<Thread:0x000001bb749919f8 C:/workspace/minigun/lib/minigun/execution/executor.rb:97 run> terminated with exception 
(report_on_exception is true):
C:/workspace/minigun/examples/38_comprehensive_execution.rb:101:in 'block (2 levels) in 
<class:ComprehensivePipeline>': undefined local variable or method 'output' for an instance of ComprehensivePipeline 
(NameError)

      output << results

      ^^^^^^
	from C:/workspace/minigun/lib/minigun/stage.rb:109:in 'BasicObject#instance_exec'
	from C:/workspace/minigun/lib/minigun/stage.rb:109:in 'Minigun::AtomicStage#execute'
	from C:/workspace/minigun/lib/minigun/execution/executor.rb:62:in 'Minigun::Execution::Executor#run_stage_logic'
	from C:/workspace/minigun/lib/minigun/execution/executor.rb:99:in 'block in 
Minigun::Execution::ThreadPoolExecutor#execute_with_strategy'
E, [2025-10-27T13:41:28.100342 #8588] ERROR -- : [Pipeline:default][Stage:save_to_db] Error: undefined local variable or method 'output' for an instance of ComprehensivePipeline
E, [2025-10-27T13:41:28.100399 #8588] ERROR -- : C:/workspace/minigun/examples/38_comprehensive_execution.rb:101:in 'block (2 levels) in <class:ComprehensivePipeline>'
C:/workspace/minigun/lib/minigun/stage.rb:109:in 'BasicObject#instance_exec'
C:/workspace/minigun/lib/minigun/stage.rb:109:in 'Minigun::AtomicStage#execute'
C:/workspace/minigun/lib/minigun/execution/executor.rb:62:in 'Minigun::Execution::Executor#run_stage_logic'
C:/workspace/minigun/lib/minigun/execution/executor.rb:99:in 'block in Minigun::Execution::ThreadPoolExecutor#execute_with_strategy'
#<Thread:0x000001bb749eb6d8 C:/workspace/minigun/lib/minigun/execution/executor.rb:97 run> terminated with exception 
(report_on_exception is true):
C:/workspace/minigun/examples/38_comprehensive_execution.rb:101:in 'block (2 levels) in 
<class:ComprehensivePipeline>': undefined local variable or method 'output' for an instance of ComprehensivePipeline 
(NameError)

      output << results

      ^^^^^^
	from C:/workspace/minigun/lib/minigun/stage.rb:109:in 'BasicObject#instance_exec'
	from C:/workspace/minigun/lib/minigun/stage.rb:109:in 'Minigun::AtomicStage#execute'
	from C:/workspace/minigun/lib/minigun/execution/executor.rb:62:in 'Minigun::Execution::Executor#run_stage_logic'
	from C:/workspace/minigun/lib/minigun/execution/executor.rb:99:in 'block in 
Minigun::Execution::ThreadPoolExecutor#execute_with_strategy'
E, [2025-10-27T13:41:28.102008 #8588] ERROR -- : [Pipeline:default][Stage:save_to_db] Error: undefined local variable or method 'output' for an instance of ComprehensivePipeline
E, [2025-10-27T13:41:28.102052 #8588] ERROR -- : C:/workspace/minigun/examples/38_comprehensive_execution.rb:101:in 'block (2 levels) in <class:ComprehensivePipeline>'
C:/workspace/minigun/lib/minigun/stage.rb:109:in 'BasicObject#instance_exec'
C:/workspace/minigun/lib/minigun/stage.rb:109:in 'Minigun::AtomicStage#execute'
C:/workspace/minigun/lib/minigun/execution/executor.rb:62:in 'Minigun::Execution::Executor#run_stage_logic'
C:/workspace/minigun/lib/minigun/execution/executor.rb:99:in 'block in Minigun::Execution::ThreadPoolExecutor#execute_with_strategy'
#<Thread:0x000001bb74b71638 C:/workspace/minigun/lib/minigun/execution/executor.rb:97 run> terminated with exception 
(report_on_exception is true):
C:/workspace/minigun/examples/38_comprehensive_execution.rb:101:in 'block (2 levels) in 
<class:ComprehensivePipeline>': undefined local variable or method 'output' for an instance of ComprehensivePipeline 
(NameError)

      output << results

      ^^^^^^
	from C:/workspace/minigun/lib/minigun/stage.rb:109:in 'BasicObject#instance_exec'
	from C:/workspace/minigun/lib/minigun/stage.rb:109:in 'Minigun::AtomicStage#execute'
	from C:/workspace/minigun/lib/minigun/execution/executor.rb:62:in 'Minigun::Execution::Executor#run_stage_logic'
	from C:/workspace/minigun/lib/minigun/execution/executor.rb:99:in 'block in 
Minigun::Execution::ThreadPoolExecutor#execute_with_strategy'
E, [2025-10-27T13:41:28.103611 #8588] ERROR -- : [Pipeline:default][Stage:save_to_db] Error: undefined local variable or method 'output' for an instance of ComprehensivePipeline
E, [2025-10-27T13:41:28.103662 #8588] ERROR -- : C:/workspace/minigun/examples/38_comprehensive_execution.rb:101:in 'block (2 levels) in <class:ComprehensivePipeline>'
C:/workspace/minigun/lib/minigun/stage.rb:109:in 'BasicObject#instance_exec'
C:/workspace/minigun/lib/minigun/stage.rb:109:in 'Minigun::AtomicStage#execute'
C:/workspace/minigun/lib/minigun/execution/executor.rb:62:in 'Minigun::Execution::Executor#run_stage_logic'
C:/workspace/minigun/lib/minigun/execution/executor.rb:99:in 'block in Minigun::Execution::ThreadPoolExecutor#execute_with_strategy'
#<Thread:0x000001bb74bf60e0 C:/workspace/minigun/lib/minigun/execution/executor.rb:97 run> terminated with exception 
(report_on_exception is true):
C:/workspace/minigun/examples/38_comprehensive_execution.rb:101:in 'block (2 levels) in 
<class:ComprehensivePipeline>': undefined local variable or method 'output' for an instance of ComprehensivePipeline 
(NameError)

      output << results

      ^^^^^^
	from C:/workspace/minigun/lib/minigun/stage.rb:109:in 'BasicObject#instance_exec'
	from C:/workspace/minigun/lib/minigun/stage.rb:109:in 'Minigun::AtomicStage#execute'
	from C:/workspace/minigun/lib/minigun/execution/executor.rb:62:in 'Minigun::Execution::Executor#run_stage_logic'
	from C:/workspace/minigun/lib/minigun/execution/executor.rb:99:in 'block in 
Minigun::Execution::ThreadPoolExecutor#execute_with_strategy'
E, [2025-10-27T13:41:28.105219 #8588] ERROR -- : [Pipeline:default][Stage:save_to_db] Error: undefined local variable or method 'output' for an instance of ComprehensivePipeline
E, [2025-10-27T13:41:28.105260 #8588] ERROR -- : C:/workspace/minigun/examples/38_comprehensive_execution.rb:101:in 'block (2 levels) in <class:ComprehensivePipeline>'
C:/workspace/minigun/lib/minigun/stage.rb:109:in 'BasicObject#instance_exec'
C:/workspace/minigun/lib/minigun/stage.rb:109:in 'Minigun::AtomicStage#execute'
C:/workspace/minigun/lib/minigun/execution/executor.rb:62:in 'Minigun::Execution::Executor#run_stage_logic'
C:/workspace/minigun/lib/minigun/execution/executor.rb:99:in 'block in Minigun::Execution::ThreadPoolExecutor#execute_with_strategy'
#<Thread:0x000001bb74d1fed0 C:/workspace/minigun/lib/minigun/execution/executor.rb:97 run> terminated with exception 
(report_on_exception is true):
C:/workspace/minigun/examples/38_comprehensive_execution.rb:101:in 'block (2 levels) in 
<class:ComprehensivePipeline>': undefined local variable or method 'output' for an instance of ComprehensivePipeline 
(NameError)

      output << results

      ^^^^^^
	from C:/workspace/minigun/lib/minigun/stage.rb:109:in 'BasicObject#instance_exec'
	from C:/workspace/minigun/lib/minigun/stage.rb:109:in 'Minigun::AtomicStage#execute'
	from C:/workspace/minigun/lib/minigun/execution/executor.rb:62:in 'Minigun::Execution::Executor#run_stage_logic'
	from C:/workspace/minigun/lib/minigun/execution/executor.rb:99:in 'block in 
Minigun::Execution::ThreadPoolExecutor#execute_with_strategy'
E, [2025-10-27T13:41:28.106772 #8588] ERROR -- : [Pipeline:default][Stage:save_to_db] Error: undefined local variable or method 'output' for an instance of ComprehensivePipeline
E, [2025-10-27T13:41:28.106818 #8588] ERROR -- : C:/workspace/minigun/examples/38_comprehensive_execution.rb:101:in 'block (2 levels) in <class:ComprehensivePipeline>'
C:/workspace/minigun/lib/minigun/stage.rb:109:in 'BasicObject#instance_exec'
C:/workspace/minigun/lib/minigun/stage.rb:109:in 'Minigun::AtomicStage#execute'
C:/workspace/minigun/lib/minigun/execution/executor.rb:62:in 'Minigun::Execution::Executor#run_stage_logic'
C:/workspace/minigun/lib/minigun/execution/executor.rb:99:in 'block in Minigun::Execution::ThreadPoolExecutor#execute_with_strategy'
#<Thread:0x000001bb751fbd28 C:/workspace/minigun/lib/minigun/execution/executor.rb:97 run> terminated with exception 
(report_on_exception is true):
C:/workspace/minigun/examples/38_comprehensive_execution.rb:101:in 'block (2 levels) in 
<class:ComprehensivePipeline>': undefined local variable or method 'output' for an instance of ComprehensivePipeline 
(NameError)

      output << results

      ^^^^^^
	from C:/workspace/minigun/lib/minigun/stage.rb:109:in 'BasicObject#instance_exec'
	from C:/workspace/minigun/lib/minigun/stage.rb:109:in 'Minigun::AtomicStage#execute'
	from C:/workspace/minigun/lib/minigun/execution/executor.rb:62:in 'Minigun::Execution::Executor#run_stage_logic'
	from C:/workspace/minigun/lib/minigun/execution/executor.rb:99:in 'block in 
Minigun::Execution::ThreadPoolExecutor#execute_with_strategy'
E, [2025-10-27T13:41:28.108159 #8588] ERROR -- : [Pipeline:default][Stage:save_to_db] Error: undefined local variable or method 'output' for an instance of ComprehensivePipeline
E, [2025-10-27T13:41:28.108206 #8588] ERROR -- : C:/workspace/minigun/examples/38_comprehensive_execution.rb:101:in 'block (2 levels) in <class:ComprehensivePipeline>'
C:/workspace/minigun/lib/minigun/stage.rb:109:in 'BasicObject#instance_exec'
C:/workspace/minigun/lib/minigun/stage.rb:109:in 'Minigun::AtomicStage#execute'
C:/workspace/minigun/lib/minigun/execution/executor.rb:62:in 'Minigun::Execution::Executor#run_stage_logic'
C:/workspace/minigun/lib/minigun/execution/executor.rb:99:in 'block in Minigun::Execution::ThreadPoolExecutor#execute_with_strategy'
#<Thread:0x000001bb75174418 C:/workspace/minigun/lib/minigun/execution/executor.rb:97 run> terminated with exception 
(report_on_exception is true):
C:/workspace/minigun/examples/38_comprehensive_execution.rb:101:in 'block (2 levels) in 
<class:ComprehensivePipeline>': undefined local variable or method 'output' for an instance of ComprehensivePipeline 
(NameError)

      output << results

      ^^^^^^
	from C:/workspace/minigun/lib/minigun/stage.rb:109:in 'BasicObject#instance_exec'
	from C:/workspace/minigun/lib/minigun/stage.rb:109:in 'Minigun::AtomicStage#execute'
	from C:/workspace/minigun/lib/minigun/execution/executor.rb:62:in 'Minigun::Execution::Executor#run_stage_logic'
	from C:/workspace/minigun/lib/minigun/execution/executor.rb:99:in 'block in 
Minigun::Execution::ThreadPoolExecutor#execute_with_strategy'
E, [2025-10-27T13:41:28.109648 #8588] ERROR -- : [Pipeline:default][Stage:save_to_db] Error: undefined local variable or method 'output' for an instance of ComprehensivePipeline
E, [2025-10-27T13:41:28.109698 #8588] ERROR -- : C:/workspace/minigun/examples/38_comprehensive_execution.rb:101:in 'block (2 levels) in <class:ComprehensivePipeline>'
C:/workspace/minigun/lib/minigun/stage.rb:109:in 'BasicObject#instance_exec'
C:/workspace/minigun/lib/minigun/stage.rb:109:in 'Minigun::AtomicStage#execute'
C:/workspace/minigun/lib/minigun/execution/executor.rb:62:in 'Minigun::Execution::Executor#run_stage_logic'
C:/workspace/minigun/lib/minigun/execution/executor.rb:99:in 'block in Minigun::Execution::ThreadPoolExecutor#execute_with_strategy'
#<Thread:0x000001bb735bcb30 C:/workspace/minigun/lib/minigun/execution/executor.rb:97 run> terminated with exception 
(report_on_exception is true):
C:/workspace/minigun/examples/38_comprehensive_execution.rb:101:in 'block (2 levels) in 
<class:ComprehensivePipeline>': undefined local variable or method 'output' for an instance of ComprehensivePipeline 
(NameError)

      output << results

      ^^^^^^
	from C:/workspace/minigun/lib/minigun/stage.rb:109:in 'BasicObject#instance_exec'
	from C:/workspace/minigun/lib/minigun/stage.rb:109:in 'Minigun::AtomicStage#execute'
	from C:/workspace/minigun/lib/minigun/execution/executor.rb:62:in 'Minigun::Execution::Executor#run_stage_logic'
	from C:/workspace/minigun/lib/minigun/execution/executor.rb:99:in 'block in 
Minigun::Execution::ThreadPoolExecutor#execute_with_strategy'
E, [2025-10-27T13:41:28.111277 #8588] ERROR -- : [Pipeline:default][Stage:save_to_db] Error: undefined local variable or method 'output' for an instance of ComprehensivePipeline
E, [2025-10-27T13:41:28.111330 #8588] ERROR -- : C:/workspace/minigun/examples/38_comprehensive_execution.rb:101:in 'block (2 levels) in <class:ComprehensivePipeline>'
C:/workspace/minigun/lib/minigun/stage.rb:109:in 'BasicObject#instance_exec'
C:/workspace/minigun/lib/minigun/stage.rb:109:in 'Minigun::AtomicStage#execute'
C:/workspace/minigun/lib/minigun/execution/executor.rb:62:in 'Minigun::Execution::Executor#run_stage_logic'
C:/workspace/minigun/lib/minigun/execution/executor.rb:99:in 'block in Minigun::Execution::ThreadPoolExecutor#execute_with_strategy'
#<Thread:0x000001bb015d3730 C:/workspace/minigun/lib/minigun/execution/executor.rb:97 run> terminated with exception 
(report_on_exception is true):
C:/workspace/minigun/examples/38_comprehensive_execution.rb:101:in 'block (2 levels) in 
<class:ComprehensivePipeline>': undefined local variable or method 'output' for an instance of ComprehensivePipeline 
(NameError)

      output << results

      ^^^^^^
	from C:/workspace/minigun/lib/minigun/stage.rb:109:in 'BasicObject#instance_exec'
	from C:/workspace/minigun/lib/minigun/stage.rb:109:in 'Minigun::AtomicStage#execute'
	from C:/workspace/minigun/lib/minigun/execution/executor.rb:62:in 'Minigun::Execution::Executor#run_stage_logic'
	from C:/workspace/minigun/lib/minigun/execution/executor.rb:99:in 'block in 
Minigun::Execution::ThreadPoolExecutor#execute_with_strategy'
E, [2025-10-27T13:41:28.112804 #8588] ERROR -- : [Pipeline:default][Stage:save_to_db] Error: undefined local variable or method 'output' for an instance of ComprehensivePipeline
E, [2025-10-27T13:41:28.112857 #8588] ERROR -- : C:/workspace/minigun/examples/38_comprehensive_execution.rb:101:in 'block (2 levels) in <class:ComprehensivePipeline>'
C:/workspace/minigun/lib/minigun/stage.rb:109:in 'BasicObject#instance_exec'
C:/workspace/minigun/lib/minigun/stage.rb:109:in 'Minigun::AtomicStage#execute'
C:/workspace/minigun/lib/minigun/execution/executor.rb:62:in 'Minigun::Execution::Executor#run_stage_logic'
C:/workspace/minigun/lib/minigun/execution/executor.rb:99:in 'block in Minigun::Execution::ThreadPoolExecutor#execute_with_strategy'
#<Thread:0x000001bb016dbd58 C:/workspace/minigun/lib/minigun/execution/executor.rb:97 run> terminated with exception 
(report_on_exception is true):
C:/workspace/minigun/examples/38_comprehensive_execution.rb:101:in 'block (2 levels) in 
<class:ComprehensivePipeline>': undefined local variable or method 'output' for an instance of ComprehensivePipeline 
(NameError)

      output << results

      ^^^^^^
	from C:/workspace/minigun/lib/minigun/stage.rb:109:in 'BasicObject#instance_exec'
	from C:/workspace/minigun/lib/minigun/stage.rb:109:in 'Minigun::AtomicStage#execute'
	from C:/workspace/minigun/lib/minigun/execution/executor.rb:62:in 'Minigun::Execution::Executor#run_stage_logic'
	from C:/workspace/minigun/lib/minigun/execution/executor.rb:99:in 'block in 
Minigun::Execution::ThreadPoolExecutor#execute_with_strategy'
E, [2025-10-27T13:41:28.114381 #8588] ERROR -- : [Pipeline:default][Stage:save_to_db] Error: undefined local variable or method 'output' for an instance of ComprehensivePipeline
E, [2025-10-27T13:41:28.114424 #8588] ERROR -- : C:/workspace/minigun/examples/38_comprehensive_execution.rb:101:in 'block (2 levels) in <class:ComprehensivePipeline>'
C:/workspace/minigun/lib/minigun/stage.rb:109:in 'BasicObject#instance_exec'
C:/workspace/minigun/lib/minigun/stage.rb:109:in 'Minigun::AtomicStage#execute'
C:/workspace/minigun/lib/minigun/execution/executor.rb:62:in 'Minigun::Execution::Executor#run_stage_logic'
C:/workspace/minigun/lib/minigun/execution/executor.rb:99:in 'block in Minigun::Execution::ThreadPoolExecutor#execute_with_strategy'
#<Thread:0x000001bb01674428 C:/workspace/minigun/lib/minigun/execution/executor.rb:97 run> terminated with exception 
(report_on_exception is true):
C:/workspace/minigun/examples/38_comprehensive_execution.rb:101:in 'block (2 levels) in 
<class:ComprehensivePipeline>': undefined local variable or method 'output' for an instance of ComprehensivePipeline 
(NameError)

      output << results

      ^^^^^^
	from C:/workspace/minigun/lib/minigun/stage.rb:109:in 'BasicObject#instance_exec'
	from C:/workspace/minigun/lib/minigun/stage.rb:109:in 'Minigun::AtomicStage#execute'
	from C:/workspace/minigun/lib/minigun/execution/executor.rb:62:in 'Minigun::Execution::Executor#run_stage_logic'
	from C:/workspace/minigun/lib/minigun/execution/executor.rb:99:in 'block in 
Minigun::Execution::ThreadPoolExecutor#execute_with_strategy'
E, [2025-10-27T13:41:28.115877 #8588] ERROR -- : [Pipeline:default][Stage:save_to_db] Error: undefined local variable or method 'output' for an instance of ComprehensivePipeline
E, [2025-10-27T13:41:28.115933 #8588] ERROR -- : C:/workspace/minigun/examples/38_comprehensive_execution.rb:101:in 'block (2 levels) in <class:ComprehensivePipeline>'
C:/workspace/minigun/lib/minigun/stage.rb:109:in 'BasicObject#instance_exec'
C:/workspace/minigun/lib/minigun/stage.rb:109:in 'Minigun::AtomicStage#execute'
C:/workspace/minigun/lib/minigun/execution/executor.rb:62:in 'Minigun::Execution::Executor#run_stage_logic'
C:/workspace/minigun/lib/minigun/execution/executor.rb:99:in 'block in Minigun::Execution::ThreadPoolExecutor#execute_with_strategy'
#<Thread:0x000001bb017bcb00 C:/workspace/minigun/lib/minigun/execution/executor.rb:97 run> terminated with exception 
(report_on_exception is true):
C:/workspace/minigun/examples/38_comprehensive_execution.rb:101:in 'block (2 levels) in 
<class:ComprehensivePipeline>': undefined local variable or method 'output' for an instance of ComprehensivePipeline 
(NameError)

      output << results

      ^^^^^^
	from C:/workspace/minigun/lib/minigun/stage.rb:109:in 'BasicObject#instance_exec'
	from C:/workspace/minigun/lib/minigun/stage.rb:109:in 'Minigun::AtomicStage#execute'
	from C:/workspace/minigun/lib/minigun/execution/executor.rb:62:in 'Minigun::Execution::Executor#run_stage_logic'
	from C:/workspace/minigun/lib/minigun/execution/executor.rb:99:in 'block in 
Minigun::Execution::ThreadPoolExecutor#execute_with_strategy'
E, [2025-10-27T13:41:28.117466 #8588] ERROR -- : [Pipeline:default][Stage:save_to_db] Error: undefined local variable or method 'output' for an instance of ComprehensivePipeline
E, [2025-10-27T13:41:28.117517 #8588] ERROR -- : C:/workspace/minigun/examples/38_comprehensive_execution.rb:101:in 'block (2 levels) in <class:ComprehensivePipeline>'
C:/workspace/minigun/lib/minigun/stage.rb:109:in 'BasicObject#instance_exec'
C:/workspace/minigun/lib/minigun/stage.rb:109:in 'Minigun::AtomicStage#execute'
C:/workspace/minigun/lib/minigun/execution/executor.rb:62:in 'Minigun::Execution::Executor#run_stage_logic'
C:/workspace/minigun/lib/minigun/execution/executor.rb:99:in 'block in Minigun::Execution::ThreadPoolExecutor#execute_with_strategy'
#<Thread:0x000001bb01775160 C:/workspace/minigun/lib/minigun/execution/executor.rb:97 run> terminated with exception 
(report_on_exception is true):
C:/workspace/minigun/examples/38_comprehensive_execution.rb:101:in 'block (2 levels) in 
<class:ComprehensivePipeline>': undefined local variable or method 'output' for an instance of ComprehensivePipeline 
(NameError)

      output << results

      ^^^^^^
	from C:/workspace/minigun/lib/minigun/stage.rb:109:in 'BasicObject#instance_exec'
	from C:/workspace/minigun/lib/minigun/stage.rb:109:in 'Minigun::AtomicStage#execute'
	from C:/workspace/minigun/lib/minigun/execution/executor.rb:62:in 'Minigun::Execution::Executor#run_stage_logic'
	from C:/workspace/minigun/lib/minigun/execution/executor.rb:99:in 'block in 
Minigun::Execution::ThreadPoolExecutor#execute_with_strategy'
E, [2025-10-27T13:41:28.119063 #8588] ERROR -- : [Pipeline:default][Stage:save_to_db] Error: undefined local variable or method 'output' for an instance of ComprehensivePipeline
E, [2025-10-27T13:41:28.119113 #8588] ERROR -- : C:/workspace/minigun/examples/38_comprehensive_execution.rb:101:in 'block (2 levels) in <class:ComprehensivePipeline>'
C:/workspace/minigun/lib/minigun/stage.rb:109:in 'BasicObject#instance_exec'
C:/workspace/minigun/lib/minigun/stage.rb:109:in 'Minigun::AtomicStage#execute'
C:/workspace/minigun/lib/minigun/execution/executor.rb:62:in 'Minigun::Execution::Executor#run_stage_logic'
C:/workspace/minigun/lib/minigun/execution/executor.rb:99:in 'block in Minigun::Execution::ThreadPoolExecutor#execute_with_strategy'
#<Thread:0x000001bb0171cb50 C:/workspace/minigun/lib/minigun/execution/executor.rb:97 run> terminated with exception 
(report_on_exception is true):
C:/workspace/minigun/examples/38_comprehensive_execution.rb:101:in 'block (2 levels) in 
<class:ComprehensivePipeline>': undefined local variable or method 'output' for an instance of ComprehensivePipeline 
(NameError)

      output << results

      ^^^^^^
	from C:/workspace/minigun/lib/minigun/stage.rb:109:in 'BasicObject#instance_exec'
	from C:/workspace/minigun/lib/minigun/stage.rb:109:in 'Minigun::AtomicStage#execute'
	from C:/workspace/minigun/lib/minigun/execution/executor.rb:62:in 'Minigun::Execution::Executor#run_stage_logic'
	from C:/workspace/minigun/lib/minigun/execution/executor.rb:99:in 'block in 
Minigun::Execution::ThreadPoolExecutor#execute_with_strategy'
E, [2025-10-27T13:41:28.120597 #8588] ERROR -- : [Pipeline:default][Stage:save_to_db] Error: undefined local variable or method 'output' for an instance of ComprehensivePipeline
E, [2025-10-27T13:41:28.120646 #8588] ERROR -- : C:/workspace/minigun/examples/38_comprehensive_execution.rb:101:in 'block (2 levels) in <class:ComprehensivePipeline>'
C:/workspace/minigun/lib/minigun/stage.rb:109:in 'BasicObject#instance_exec'
C:/workspace/minigun/lib/minigun/stage.rb:109:in 'Minigun::AtomicStage#execute'
C:/workspace/minigun/lib/minigun/execution/executor.rb:62:in 'Minigun::Execution::Executor#run_stage_logic'
C:/workspace/minigun/lib/minigun/execution/executor.rb:99:in 'block in Minigun::Execution::ThreadPoolExecutor#execute_with_strategy'
#<Thread:0x000001bb01635070 C:/workspace/minigun/lib/minigun/execution/executor.rb:97 run> terminated with exception 
(report_on_exception is true):
C:/workspace/minigun/examples/38_comprehensive_execution.rb:101:in 'block (2 levels) in 
<class:ComprehensivePipeline>': undefined local variable or method 'output' for an instance of ComprehensivePipeline 
(NameError)

      output << results

      ^^^^^^
	from C:/workspace/minigun/lib/minigun/stage.rb:109:in 'BasicObject#instance_exec'
	from C:/workspace/minigun/lib/minigun/stage.rb:109:in 'Minigun::AtomicStage#execute'
	from C:/workspace/minigun/lib/minigun/execution/executor.rb:62:in 'Minigun::Execution::Executor#run_stage_logic'
	from C:/workspace/minigun/lib/minigun/execution/executor.rb:99:in 'block in 
Minigun::Execution::ThreadPoolExecutor#execute_with_strategy'
E, [2025-10-27T13:41:28.122025 #8588] ERROR -- : [Pipeline:default][Stage:save_to_db] Error: undefined local variable or method 'output' for an instance of ComprehensivePipeline
E, [2025-10-27T13:41:28.122070 #8588] ERROR -- : C:/workspace/minigun/examples/38_comprehensive_execution.rb:101:in 'block (2 levels) in <class:ComprehensivePipeline>'
C:/workspace/minigun/lib/minigun/stage.rb:109:in 'BasicObject#instance_exec'
C:/workspace/minigun/lib/minigun/stage.rb:109:in 'Minigun::AtomicStage#execute'
C:/workspace/minigun/lib/minigun/execution/executor.rb:62:in 'Minigun::Execution::Executor#run_stage_logic'
C:/workspace/minigun/lib/minigun/execution/executor.rb:99:in 'block in Minigun::Execution::ThreadPoolExecutor#execute_with_strategy'
#<Thread:0x000001bb752bd6a8 C:/workspace/minigun/lib/minigun/execution/executor.rb:97 run> terminated with exception 
(report_on_exception is true):
C:/workspace/minigun/examples/38_comprehensive_execution.rb:101:in 'block (2 levels) in 
<class:ComprehensivePipeline>': undefined local variable or method 'output' for an instance of ComprehensivePipeline 
(NameError)

      output << results

      ^^^^^^
	from C:/workspace/minigun/lib/minigun/stage.rb:109:in 'BasicObject#instance_exec'
	from C:/workspace/minigun/lib/minigun/stage.rb:109:in 'Minigun::AtomicStage#execute'
	from C:/workspace/minigun/lib/minigun/execution/executor.rb:62:in 'Minigun::Execution::Executor#run_stage_logic'
	from C:/workspace/minigun/lib/minigun/execution/executor.rb:99:in 'block in 
Minigun::Execution::ThreadPoolExecutor#execute_with_strategy'
E, [2025-10-27T13:41:28.123459 #8588] ERROR -- : [Pipeline:default][Stage:save_to_db] Error: undefined local variable or method 'output' for an instance of ComprehensivePipeline
E, [2025-10-27T13:41:28.123502 #8588] ERROR -- : C:/workspace/minigun/examples/38_comprehensive_execution.rb:101:in 'block (2 levels) in <class:ComprehensivePipeline>'
C:/workspace/minigun/lib/minigun/stage.rb:109:in 'BasicObject#instance_exec'
C:/workspace/minigun/lib/minigun/stage.rb:109:in 'Minigun::AtomicStage#execute'
C:/workspace/minigun/lib/minigun/execution/executor.rb:62:in 'Minigun::Execution::Executor#run_stage_logic'
C:/workspace/minigun/lib/minigun/execution/executor.rb:99:in 'block in Minigun::Execution::ThreadPoolExecutor#execute_with_strategy'
#<Thread:0x000001bb75135d58 C:/workspace/minigun/lib/minigun/execution/executor.rb:97 run> terminated with exception 
(report_on_exception is true):
C:/workspace/minigun/examples/38_comprehensive_execution.rb:101:in 'block (2 levels) in 
<class:ComprehensivePipeline>': undefined local variable or method 'output' for an instance of ComprehensivePipeline 
(NameError)

      output << results

      ^^^^^^
	from C:/workspace/minigun/lib/minigun/stage.rb:109:in 'BasicObject#instance_exec'
	from C:/workspace/minigun/lib/minigun/stage.rb:109:in 'Minigun::AtomicStage#execute'
	from C:/workspace/minigun/lib/minigun/execution/executor.rb:62:in 'Minigun::Execution::Executor#run_stage_logic'
	from C:/workspace/minigun/lib/minigun/execution/executor.rb:99:in 'block in 
Minigun::Execution::ThreadPoolExecutor#execute_with_strategy'
E, [2025-10-27T13:41:28.124910 #8588] ERROR -- : [Pipeline:default][Stage:save_to_db] Error: undefined local variable or method 'output' for an instance of ComprehensivePipeline
E, [2025-10-27T13:41:28.124962 #8588] ERROR -- : C:/workspace/minigun/examples/38_comprehensive_execution.rb:101:in 'block (2 levels) in <class:ComprehensivePipeline>'
C:/workspace/minigun/lib/minigun/stage.rb:109:in 'BasicObject#instance_exec'
C:/workspace/minigun/lib/minigun/stage.rb:109:in 'Minigun::AtomicStage#execute'
C:/workspace/minigun/lib/minigun/execution/executor.rb:62:in 'Minigun::Execution::Executor#run_stage_logic'
C:/workspace/minigun/lib/minigun/execution/executor.rb:99:in 'block in Minigun::Execution::ThreadPoolExecutor#execute_with_strategy'
#<Thread:0x000001bb74c18550 C:/workspace/minigun/lib/minigun/execution/executor.rb:97 run> terminated with exception 
(report_on_exception is true):
C:/workspace/minigun/examples/38_comprehensive_execution.rb:101:in 'block (2 levels) in 
<class:ComprehensivePipeline>': undefined local variable or method 'output' for an instance of ComprehensivePipeline 
(NameError)

      output << results

      ^^^^^^
	from C:/workspace/minigun/lib/minigun/stage.rb:109:in 'BasicObject#instance_exec'
	from C:/workspace/minigun/lib/minigun/stage.rb:109:in 'Minigun::AtomicStage#execute'
	from C:/workspace/minigun/lib/minigun/execution/executor.rb:62:in 'Minigun::Execution::Executor#run_stage_logic'
	from C:/workspace/minigun/lib/minigun/execution/executor.rb:99:in 'block in 
Minigun::Execution::ThreadPoolExecutor#execute_with_strategy'
E, [2025-10-27T13:41:28.126503 #8588] ERROR -- : [Pipeline:default][Stage:save_to_db] Error: undefined local variable or method 'output' for an instance of ComprehensivePipeline
E, [2025-10-27T13:41:28.126549 #8588] ERROR -- : C:/workspace/minigun/examples/38_comprehensive_execution.rb:101:in 'block (2 levels) in <class:ComprehensivePipeline>'
C:/workspace/minigun/lib/minigun/stage.rb:109:in 'BasicObject#instance_exec'
C:/workspace/minigun/lib/minigun/stage.rb:109:in 'Minigun::AtomicStage#execute'
C:/workspace/minigun/lib/minigun/execution/executor.rb:62:in 'Minigun::Execution::Executor#run_stage_logic'
C:/workspace/minigun/lib/minigun/execution/executor.rb:99:in 'block in Minigun::Execution::ThreadPoolExecutor#execute_with_strategy'
#<Thread:0x000001bb74ab5c80 C:/workspace/minigun/lib/minigun/execution/executor.rb:97 run> terminated with exception 
(report_on_exception is true):
C:/workspace/minigun/examples/38_comprehensive_execution.rb:101:in 'block (2 levels) in 
<class:ComprehensivePipeline>': undefined local variable or method 'output' for an instance of ComprehensivePipeline 
(NameError)

      output << results

      ^^^^^^
	from C:/workspace/minigun/lib/minigun/stage.rb:109:in 'BasicObject#instance_exec'
	from C:/workspace/minigun/lib/minigun/stage.rb:109:in 'Minigun::AtomicStage#execute'
	from C:/workspace/minigun/lib/minigun/execution/executor.rb:62:in 'Minigun::Execution::Executor#run_stage_logic'
	from C:/workspace/minigun/lib/minigun/execution/executor.rb:99:in 'block in 
Minigun::Execution::ThreadPoolExecutor#execute_with_strategy'
E, [2025-10-27T13:41:28.128796 #8588] ERROR -- : [Pipeline:default][Stage:save_to_db] Error: undefined local variable or method 'output' for an instance of ComprehensivePipeline
E, [2025-10-27T13:41:28.128871 #8588] ERROR -- : C:/workspace/minigun/examples/38_comprehensive_execution.rb:101:in 'block (2 levels) in <class:ComprehensivePipeline>'
C:/workspace/minigun/lib/minigun/stage.rb:109:in 'BasicObject#instance_exec'
C:/workspace/minigun/lib/minigun/stage.rb:109:in 'Minigun::AtomicStage#execute'
C:/workspace/minigun/lib/minigun/execution/executor.rb:62:in 'Minigun::Execution::Executor#run_stage_logic'
C:/workspace/minigun/lib/minigun/execution/executor.rb:99:in 'block in Minigun::Execution::ThreadPoolExecutor#execute_with_strategy'
#<Thread:0x000001bb74a398d8 C:/workspace/minigun/lib/minigun/execution/executor.rb:97 run> terminated with exception 
(report_on_exception is true):
C:/workspace/minigun/examples/38_comprehensive_execution.rb:101:in 'block (2 levels) in 
<class:ComprehensivePipeline>': undefined local variable or method 'output' for an instance of ComprehensivePipeline 
(NameError)

      output << results

      ^^^^^^
	from C:/workspace/minigun/lib/minigun/stage.rb:109:in 'BasicObject#instance_exec'
	from C:/workspace/minigun/lib/minigun/stage.rb:109:in 'Minigun::AtomicStage#execute'
	from C:/workspace/minigun/lib/minigun/execution/executor.rb:62:in 'Minigun::Execution::Executor#run_stage_logic'
	from C:/workspace/minigun/lib/minigun/execution/executor.rb:99:in 'block in 
Minigun::Execution::ThreadPoolExecutor#execute_with_strategy'
E, [2025-10-27T13:41:28.130488 #8588] ERROR -- : [Pipeline:default][Stage:save_to_db] Error: undefined local variable or method 'output' for an instance of ComprehensivePipeline
E, [2025-10-27T13:41:28.130529 #8588] ERROR -- : C:/workspace/minigun/examples/38_comprehensive_execution.rb:101:in 'block (2 levels) in <class:ComprehensivePipeline>'
C:/workspace/minigun/lib/minigun/stage.rb:109:in 'BasicObject#instance_exec'
C:/workspace/minigun/lib/minigun/stage.rb:109:in 'Minigun::AtomicStage#execute'
C:/workspace/minigun/lib/minigun/execution/executor.rb:62:in 'Minigun::Execution::Executor#run_stage_logic'
C:/workspace/minigun/lib/minigun/execution/executor.rb:99:in 'block in Minigun::Execution::ThreadPoolExecutor#execute_with_strategy'
#<Thread:0x000001bb74b718b8 C:/workspace/minigun/lib/minigun/execution/executor.rb:97 run> terminated with exception 
(report_on_exception is true):
C:/workspace/minigun/examples/38_comprehensive_execution.rb:101:in 'block (2 levels) in 
<class:ComprehensivePipeline>': undefined local variable or method 'output' for an instance of ComprehensivePipeline 
(NameError)

      output << results

      ^^^^^^
	from C:/workspace/minigun/lib/minigun/stage.rb:109:in 'BasicObject#instance_exec'
	from C:/workspace/minigun/lib/minigun/stage.rb:109:in 'Minigun::AtomicStage#execute'
	from C:/workspace/minigun/lib/minigun/execution/executor.rb:62:in 'Minigun::Execution::Executor#run_stage_logic'
	from C:/workspace/minigun/lib/minigun/execution/executor.rb:99:in 'block in 
Minigun::Execution::ThreadPoolExecutor#execute_with_strategy'
E, [2025-10-27T13:41:28.131968 #8588] ERROR -- : [Pipeline:default][Stage:save_to_db] Error: undefined local variable or method 'output' for an instance of ComprehensivePipeline
E, [2025-10-27T13:41:28.132019 #8588] ERROR -- : C:/workspace/minigun/examples/38_comprehensive_execution.rb:101:in 'block (2 levels) in <class:ComprehensivePipeline>'
C:/workspace/minigun/lib/minigun/stage.rb:109:in 'BasicObject#instance_exec'
C:/workspace/minigun/lib/minigun/stage.rb:109:in 'Minigun::AtomicStage#execute'
C:/workspace/minigun/lib/minigun/execution/executor.rb:62:in 'Minigun::Execution::Executor#run_stage_logic'
C:/workspace/minigun/lib/minigun/execution/executor.rb:99:in 'block in Minigun::Execution::ThreadPoolExecutor#execute_with_strategy'
#<Thread:0x000001bb74bf1400 C:/workspace/minigun/lib/minigun/execution/executor.rb:97 run> terminated with exception 
(report_on_exception is true):
C:/workspace/minigun/examples/38_comprehensive_execution.rb:101:in 'block (2 levels) in 
<class:ComprehensivePipeline>': undefined local variable or method 'output' for an instance of ComprehensivePipeline 
(NameError)

      output << results

      ^^^^^^
	from C:/workspace/minigun/lib/minigun/stage.rb:109:in 'BasicObject#instance_exec'
	from C:/workspace/minigun/lib/minigun/stage.rb:109:in 'Minigun::AtomicStage#execute'
	from C:/workspace/minigun/lib/minigun/execution/executor.rb:62:in 'Minigun::Execution::Executor#run_stage_logic'
	from C:/workspace/minigun/lib/minigun/execution/executor.rb:99:in 'block in 
Minigun::Execution::ThreadPoolExecutor#execute_with_strategy'
E, [2025-10-27T13:41:28.133539 #8588] ERROR -- : [Pipeline:default][Stage:save_to_db] Error: undefined local variable or method 'output' for an instance of ComprehensivePipeline
E, [2025-10-27T13:41:28.133590 #8588] ERROR -- : C:/workspace/minigun/examples/38_comprehensive_execution.rb:101:in 'block (2 levels) in <class:ComprehensivePipeline>'
C:/workspace/minigun/lib/minigun/stage.rb:109:in 'BasicObject#instance_exec'
C:/workspace/minigun/lib/minigun/stage.rb:109:in 'Minigun::AtomicStage#execute'
C:/workspace/minigun/lib/minigun/execution/executor.rb:62:in 'Minigun::Execution::Executor#run_stage_logic'
C:/workspace/minigun/lib/minigun/execution/executor.rb:99:in 'block in Minigun::Execution::ThreadPoolExecutor#execute_with_strategy'
#<Thread:0x000001bb74d1c2d0 C:/workspace/minigun/lib/minigun/execution/executor.rb:97 run> terminated with exception 
(report_on_exception is true):
C:/workspace/minigun/examples/38_comprehensive_execution.rb:101:in 'block (2 levels) in 
<class:ComprehensivePipeline>': undefined local variable or method 'output' for an instance of ComprehensivePipeline 
(NameError)

      output << results

      ^^^^^^
	from C:/workspace/minigun/lib/minigun/stage.rb:109:in 'BasicObject#instance_exec'
	from C:/workspace/minigun/lib/minigun/stage.rb:109:in 'Minigun::AtomicStage#execute'
	from C:/workspace/minigun/lib/minigun/execution/executor.rb:62:in 'Minigun::Execution::Executor#run_stage_logic'
	from C:/workspace/minigun/lib/minigun/execution/executor.rb:99:in 'block in 
Minigun::Execution::ThreadPoolExecutor#execute_with_strategy'
E, [2025-10-27T13:41:28.135110 #8588] ERROR -- : [Pipeline:default][Stage:save_to_db] Error: undefined local variable or method 'output' for an instance of ComprehensivePipeline
E, [2025-10-27T13:41:28.135159 #8588] ERROR -- : C:/workspace/minigun/examples/38_comprehensive_execution.rb:101:in 'block (2 levels) in <class:ComprehensivePipeline>'
C:/workspace/minigun/lib/minigun/stage.rb:109:in 'BasicObject#instance_exec'
C:/workspace/minigun/lib/minigun/stage.rb:109:in 'Minigun::AtomicStage#execute'
C:/workspace/minigun/lib/minigun/execution/executor.rb:62:in 'Minigun::Execution::Executor#run_stage_logic'
C:/workspace/minigun/lib/minigun/execution/executor.rb:99:in 'block in Minigun::Execution::ThreadPoolExecutor#execute_with_strategy'
#<Thread:0x000001bb751f8560 C:/workspace/minigun/lib/minigun/execution/executor.rb:97 run> terminated with exception 
(report_on_exception is true):
C:/workspace/minigun/examples/38_comprehensive_execution.rb:101:in 'block (2 levels) in 
<class:ComprehensivePipeline>': undefined local variable or method 'output' for an instance of ComprehensivePipeline 
(NameError)

      output << results

      ^^^^^^
	from C:/workspace/minigun/lib/minigun/stage.rb:109:in 'BasicObject#instance_exec'
	from C:/workspace/minigun/lib/minigun/stage.rb:109:in 'Minigun::AtomicStage#execute'
	from C:/workspace/minigun/lib/minigun/execution/executor.rb:62:in 'Minigun::Execution::Executor#run_stage_logic'
	from C:/workspace/minigun/lib/minigun/execution/executor.rb:99:in 'block in 
Minigun::Execution::ThreadPoolExecutor#execute_with_strategy'
E, [2025-10-27T13:41:28.136521 #8588] ERROR -- : [Pipeline:default][Stage:save_to_db] Error: undefined local variable or method 'output' for an instance of ComprehensivePipeline
E, [2025-10-27T13:41:28.136567 #8588] ERROR -- : C:/workspace/minigun/examples/38_comprehensive_execution.rb:101:in 'block (2 levels) in <class:ComprehensivePipeline>'
C:/workspace/minigun/lib/minigun/stage.rb:109:in 'BasicObject#instance_exec'
C:/workspace/minigun/lib/minigun/stage.rb:109:in 'Minigun::AtomicStage#execute'
C:/workspace/minigun/lib/minigun/execution/executor.rb:62:in 'Minigun::Execution::Executor#run_stage_logic'
C:/workspace/minigun/lib/minigun/execution/executor.rb:99:in 'block in Minigun::Execution::ThreadPoolExecutor#execute_with_strategy'
#<Thread:0x000001bb75170ca0 C:/workspace/minigun/lib/minigun/execution/executor.rb:97 run> terminated with exception 
(report_on_exception is true):
C:/workspace/minigun/examples/38_comprehensive_execution.rb:101:in 'block (2 levels) in 
<class:ComprehensivePipeline>': undefined local variable or method 'output' for an instance of ComprehensivePipeline 
(NameError)

      output << results

      ^^^^^^
	from C:/workspace/minigun/lib/minigun/stage.rb:109:in 'BasicObject#instance_exec'
	from C:/workspace/minigun/lib/minigun/stage.rb:109:in 'Minigun::AtomicStage#execute'
	from C:/workspace/minigun/lib/minigun/execution/executor.rb:62:in 'Minigun::Execution::Executor#run_stage_logic'
	from C:/workspace/minigun/lib/minigun/execution/executor.rb:99:in 'block in 
Minigun::Execution::ThreadPoolExecutor#execute_with_strategy'
E, [2025-10-27T13:41:28.138055 #8588] ERROR -- : [Pipeline:default][Stage:save_to_db] Error: undefined local variable or method 'output' for an instance of ComprehensivePipeline
E, [2025-10-27T13:41:28.138097 #8588] ERROR -- : C:/workspace/minigun/examples/38_comprehensive_execution.rb:101:in 'block (2 levels) in <class:ComprehensivePipeline>'
C:/workspace/minigun/lib/minigun/stage.rb:109:in 'BasicObject#instance_exec'
C:/workspace/minigun/lib/minigun/stage.rb:109:in 'Minigun::AtomicStage#execute'
C:/workspace/minigun/lib/minigun/execution/executor.rb:62:in 'Minigun::Execution::Executor#run_stage_logic'
C:/workspace/minigun/lib/minigun/execution/executor.rb:99:in 'block in Minigun::Execution::ThreadPoolExecutor#execute_with_strategy'
#<Thread:0x000001bb735b93b8 C:/workspace/minigun/lib/minigun/execution/executor.rb:97 run> terminated with exception 
(report_on_exception is true):
C:/workspace/minigun/examples/38_comprehensive_execution.rb:101:in 'block (2 levels) in 
<class:ComprehensivePipeline>': undefined local variable or method 'output' for an instance of ComprehensivePipeline 
(NameError)

      output << results

      ^^^^^^
	from C:/workspace/minigun/lib/minigun/stage.rb:109:in 'BasicObject#instance_exec'
	from C:/workspace/minigun/lib/minigun/stage.rb:109:in 'Minigun::AtomicStage#execute'
	from C:/workspace/minigun/lib/minigun/execution/executor.rb:62:in 'Minigun::Execution::Executor#run_stage_logic'
	from C:/workspace/minigun/lib/minigun/execution/executor.rb:99:in 'block in 
Minigun::Execution::ThreadPoolExecutor#execute_with_strategy'
#<Thread:0x000001bb0159ff48 C:/workspace/minigun/lib/minigun/execution/executor.rb:97 run> terminated with exception 
(report_on_exception is true):
E, [2025-10-27T13:41:28.139552 #8588] ERROR -- : [Pipeline:default][Stage:save_to_db] Error: undefined local variable or method 'output' for an instance of ComprehensivePipeline
E, [2025-10-27T13:41:28.139592 #8588] ERROR -- : C:/workspace/minigun/examples/38_comprehensive_execution.rb:101:in 'block (2 levels) in <class:ComprehensivePipeline>'
C:/workspace/minigun/lib/minigun/stage.rb:109:in 'BasicObject#instance_exec'
C:/workspace/minigun/lib/minigun/stage.rb:109:in 'Minigun::AtomicStage#execute'
C:/workspace/minigun/lib/minigun/execution/executor.rb:62:in 'Minigun::Execution::Executor#run_stage_logic'
C:/workspace/minigun/lib/minigun/execution/executor.rb:99:in 'block in Minigun::Execution::ThreadPoolExecutor#execute_with_strategy'
C:/workspace/minigun/examples/38_comprehensive_execution.rb:101:in 'block (2 levels) in 
<class:ComprehensivePipeline>': undefined local variable or method 'output' for an instance of ComprehensivePipeline 
(NameError)

      output << results

      ^^^^^^
	from C:/workspace/minigun/lib/minigun/stage.rb:109:in 'BasicObject#instance_exec'
	from C:/workspace/minigun/lib/minigun/stage.rb:109:in 'Minigun::AtomicStage#execute'
	from C:/workspace/minigun/lib/minigun/execution/executor.rb:62:in 'Minigun::Execution::Executor#run_stage_logic'
	from C:/workspace/minigun/lib/minigun/execution/executor.rb:99:in 'block in 
Minigun::Execution::ThreadPoolExecutor#execute_with_strategy'
#<Thread:0x000001bb016d8590 C:/workspace/minigun/lib/minigun/execution/executor.rb:97 run> terminated with exception 
(report_on_exception is true):
C:/workspace/minigun/examples/38_comprehensive_execution.rb:101:in 'block (2 levels) in 
<class:ComprehensivePipeline>': undefined local variable or method 'output' for an instance of ComprehensivePipeline 
(NameError)

      output << results

      ^^^^^^
	from C:/workspace/minigun/lib/minigun/stage.rb:109:in 'BasicObject#instance_exec'
	from C:/workspace/minigun/lib/minigun/stage.rb:109:in 'Minigun::AtomicStage#execute'
	from C:/workspace/minigun/lib/minigun/execution/executor.rb:62:in 'Minigun::Execution::Executor#run_stage_logic'
	from C:/workspace/minigun/lib/minigun/execution/executor.rb:99:in 'block in 
Minigun::Execution::ThreadPoolExecutor#execute_with_strategy'
#<Thread:0x000001bb01670cb0 C:/workspace/minigun/lib/minigun/execution/executor.rb:97 run> terminated with exception 
(report_on_exception is true):
E, [2025-10-27T13:41:28.141149 #8588] ERROR -- : [Pipeline:default][Stage:save_to_db] Error: undefined local variable or method 'output' for an instance of ComprehensivePipeline
E, [2025-10-27T13:41:28.141198 #8588] ERROR -- : C:/workspace/minigun/examples/38_comprehensive_execution.rb:101:in 'block (2 levels) in <class:ComprehensivePipeline>'
C:/workspace/minigun/lib/minigun/stage.rb:109:in 'BasicObject#instance_exec'
C:/workspace/minigun/lib/minigun/stage.rb:109:in 'Minigun::AtomicStage#execute'
C:/workspace/minigun/lib/minigun/execution/executor.rb:62:in 'Minigun::Execution::Executor#run_stage_logic'
C:/workspace/minigun/lib/minigun/execution/executor.rb:99:in 'block in Minigun::Execution::ThreadPoolExecutor#execute_with_strategy'
E, [2025-10-27T13:41:28.142636 #8588] ERROR -- : [Pipeline:default][Stage:save_to_db] Error: undefined local variable or method 'output' for an instance of ComprehensivePipeline
E, [2025-10-27T13:41:28.142704 #8588] ERROR -- : C:/workspace/minigun/examples/38_comprehensive_execution.rb:101:in 'block (2 levels) in <class:ComprehensivePipeline>'
C:/workspace/minigun/lib/minigun/stage.rb:109:in 'BasicObject#instance_exec'
C:/workspace/minigun/lib/minigun/stage.rb:109:in 'Minigun::AtomicStage#execute'
C:/workspace/minigun/lib/minigun/execution/executor.rb:62:in 'Minigun::Execution::Executor#run_stage_logic'
C:/workspace/minigun/lib/minigun/execution/executor.rb:99:in 'block in Minigun::Execution::ThreadPoolExecutor#execute_with_strategy'
E, [2025-10-27T13:41:28.144297 #8588] ERROR -- : [Pipeline:default][Stage:save_to_db] Error: undefined local variable or method 'output' for an instance of ComprehensivePipeline
E, [2025-10-27T13:41:28.144336 #8588] ERROR -- : C:/workspace/minigun/examples/38_comprehensive_execution.rb:101:in 'block (2 levels) in <class:ComprehensivePipeline>'
C:/workspace/minigun/lib/minigun/stage.rb:109:in 'BasicObject#instance_exec'
C:/workspace/minigun/lib/minigun/stage.rb:109:in 'Minigun::AtomicStage#execute'
C:/workspace/minigun/lib/minigun/execution/executor.rb:62:in 'Minigun::Execution::Executor#run_stage_logic'
C:/workspace/minigun/lib/minigun/execution/executor.rb:99:in 'block in Minigun::Execution::ThreadPoolExecutor#execute_with_strategy'
E, [2025-10-27T13:41:28.145881 #8588] ERROR -- : [Pipeline:default][Stage:save_to_db] Error: undefined local variable or method 'output' for an instance of ComprehensivePipeline
E, [2025-10-27T13:41:28.145920 #8588] ERROR -- : C:/workspace/minigun/examples/38_comprehensive_execution.rb:101:in 'block (2 levels) in <class:ComprehensivePipeline>'
C:/workspace/minigun/lib/minigun/stage.rb:109:in 'BasicObject#instance_exec'
C:/workspace/minigun/lib/minigun/stage.rb:109:in 'Minigun::AtomicStage#execute'
C:/workspace/minigun/lib/minigun/execution/executor.rb:62:in 'Minigun::Execution::Executor#run_stage_logic'
C:/workspace/minigun/lib/minigun/execution/executor.rb:99:in 'block in Minigun::Execution::ThreadPoolExecutor#execute_with_strategy'
C:/workspace/minigun/examples/38_comprehensive_execution.rb:101:in 'block (2 levels) in 
<class:ComprehensivePipeline>': undefined local variable or method 'output' for an instance of ComprehensivePipeline 
(NameError)

      output << results

      ^^^^^^
	from C:/workspace/minigun/lib/minigun/stage.rb:109:in 'BasicObject#instance_exec'
	from C:/workspace/minigun/lib/minigun/stage.rb:109:in 'Minigun::AtomicStage#execute'
	from C:/workspace/minigun/lib/minigun/execution/executor.rb:62:in 'Minigun::Execution::Executor#run_stage_logic'
	from C:/workspace/minigun/lib/minigun/execution/executor.rb:99:in 'block in 
Minigun::Execution::ThreadPoolExecutor#execute_with_strategy'
#<Thread:0x000001bb01779300 C:/workspace/minigun/lib/minigun/execution/executor.rb:97 run> terminated with exception 
(report_on_exception is true):
C:/workspace/minigun/examples/38_comprehensive_execution.rb:101:in 'block (2 levels) in 
<class:ComprehensivePipeline>': undefined local variable or method 'output' for an instance of ComprehensivePipeline 
(NameError)

      output << results

      ^^^^^^
	from C:/workspace/minigun/lib/minigun/stage.rb:109:in 'BasicObject#instance_exec'
	from C:/workspace/minigun/lib/minigun/stage.rb:109:in 'Minigun::AtomicStage#execute'
	from C:/workspace/minigun/lib/minigun/execution/executor.rb:62:in 'Minigun::Execution::Executor#run_stage_logic'
	from C:/workspace/minigun/lib/minigun/execution/executor.rb:99:in 'block in 
Minigun::Execution::ThreadPoolExecutor#execute_with_strategy'
#<Thread:0x000001bb018419e0 C:/workspace/minigun/lib/minigun/execution/executor.rb:97 run> terminated with exception 
(report_on_exception is true):
C:/workspace/minigun/examples/38_comprehensive_execution.rb:101:in 'block (2 levels) in 
<class:ComprehensivePipeline>': undefined local variable or method 'output' for an instance of ComprehensivePipeline 
(NameError)

      output << results

      ^^^^^^
	from C:/workspace/minigun/lib/minigun/stage.rb:109:in 'BasicObject#instance_exec'
	from C:/workspace/minigun/lib/minigun/stage.rb:109:in 'Minigun::AtomicStage#execute'
	from C:/workspace/minigun/lib/minigun/execution/executor.rb:62:in 'Minigun::Execution::Executor#run_stage_logic'
	from C:/workspace/minigun/lib/minigun/execution/executor.rb:99:in 'block in 
Minigun::Execution::ThreadPoolExecutor#execute_with_strategy'
#<Thread:0x000001bb01719298 C:/workspace/minigun/lib/minigun/execution/executor.rb:97 run> terminated with exception 
(report_on_exception is true):
C:/workspace/minigun/examples/38_comprehensive_execution.rb:101:in 'block (2 levels) in 
<class:ComprehensivePipeline>': undefined local variable or method 'output' for an instance of ComprehensivePipeline 
(NameError)

      output << results

      ^^^^^^
	from C:/workspace/minigun/lib/minigun/stage.rb:109:in 'BasicObject#instance_exec'
	from C:/workspace/minigun/lib/minigun/stage.rb:109:in 'Minigun::AtomicStage#execute'
	from C:/workspace/minigun/lib/minigun/execution/executor.rb:62:in 'Minigun::Execution::Executor#run_stage_logic'
	from C:/workspace/minigun/lib/minigun/execution/executor.rb:99:in 'block in 
Minigun::Execution::ThreadPoolExecutor#execute_with_strategy'
#<Thread:0x000001bb016318f8 C:/workspace/minigun/lib/minigun/execution/executor.rb:97 run> terminated with exception 
(report_on_exception is true):
C:/workspace/minigun/examples/38_comprehensive_execution.rb:101:in 'block (2 levels) in 
<class:ComprehensivePipeline>': undefined local variable or method 'output' for an instance of ComprehensivePipeline 
(NameError)

      output << results

      ^^^^^^
	from C:/workspace/minigun/lib/minigun/stage.rb:109:in 'BasicObject#instance_exec'
	from C:/workspace/minigun/lib/minigun/stage.rb:109:in 'Minigun::AtomicStage#execute'
	from C:/workspace/minigun/lib/minigun/execution/executor.rb:62:in 'Minigun::Execution::Executor#run_stage_logic'
	from C:/workspace/minigun/lib/minigun/execution/executor.rb:99:in 'block in 
Minigun::Execution::ThreadPoolExecutor#execute_with_strategy'
#<Thread:0x000001bb752b9f30 C:/workspace/minigun/lib/minigun/execution/executor.rb:97 run> terminated with exception 
(report_on_exception is true):
C:/workspace/minigun/examples/38_comprehensive_execution.rb:101:in 'block (2 levels) in 
<class:ComprehensivePipeline>': undefined local variable or method 'output' for an instance of ComprehensivePipeline 
(NameError)

      output << results

      ^^^^^^
	from C:/workspace/minigun/lib/minigun/stage.rb:109:in 'BasicObject#instance_exec'
	from C:/workspace/minigun/lib/minigun/stage.rb:109:in 'Minigun::AtomicStage#execute'
	from C:/workspace/minigun/lib/minigun/execution/executor.rb:62:in 'Minigun::Execution::Executor#run_stage_logic'
	from C:/workspace/minigun/lib/minigun/execution/executor.rb:99:in 'block in 
Minigun::Execution::ThreadPoolExecutor#execute_with_strategy'
#<Thread:0x000001bb751325e0 C:/workspace/minigun/lib/minigun/execution/executor.rb:97 run> terminated with exception 
(report_on_exception is true):
C:/workspace/minigun/examples/38_comprehensive_execution.rb:101:in 'block (2 levels) in 
<class:ComprehensivePipeline>': undefined local variable or method 'output' for an instance of ComprehensivePipeline 
(NameError)

      output << results

      ^^^^^^
	from C:/workspace/minigun/lib/minigun/stage.rb:109:in 'BasicObject#instance_exec'
	from C:/workspace/minigun/lib/minigun/stage.rb:109:in 'Minigun::AtomicStage#execute'
	from C:/workspace/minigun/lib/minigun/execution/executor.rb:62:in 'Minigun::Execution::Executor#run_stage_logic'
	from C:/workspace/minigun/lib/minigun/execution/executor.rb:99:in 'block in 
Minigun::Execution::ThreadPoolExecutor#execute_with_strategy'
#<Thread:0x000001bb74bbfbf8 C:/workspace/minigun/lib/minigun/execution/executor.rb:97 run> terminated with exception 
(report_on_exception is true):
C:/workspace/minigun/examples/38_comprehensive_execution.rb:101:in 'block (2 levels) in 
<class:ComprehensivePipeline>': undefined local variable or method 'output' for an instance of ComprehensivePipeline 
(NameError)

      output << results

      ^^^^^^
	from C:/workspace/minigun/lib/minigun/stage.rb:109:in 'BasicObject#instance_exec'
	from C:/workspace/minigun/lib/minigun/stage.rb:109:in 'Minigun::AtomicStage#execute'
	from C:/workspace/minigun/lib/minigun/execution/executor.rb:62:in 'Minigun::Execution::Executor#run_stage_logic'
	from C:/workspace/minigun/lib/minigun/execution/executor.rb:99:in 'block in 
Minigun::Execution::ThreadPoolExecutor#execute_with_strategy'
E, [2025-10-27T13:41:28.147334 #8588] ERROR -- : [Pipeline:default][Stage:save_to_db] Error: undefined local variable or method 'output' for an instance of ComprehensivePipeline
E, [2025-10-27T13:41:28.147378 #8588] ERROR -- : C:/workspace/minigun/examples/38_comprehensive_execution.rb:101:in 'block (2 levels) in <class:ComprehensivePipeline>'
C:/workspace/minigun/lib/minigun/stage.rb:109:in 'BasicObject#instance_exec'
C:/workspace/minigun/lib/minigun/stage.rb:109:in 'Minigun::AtomicStage#execute'
C:/workspace/minigun/lib/minigun/execution/executor.rb:62:in 'Minigun::Execution::Executor#run_stage_logic'
C:/workspace/minigun/lib/minigun/execution/executor.rb:99:in 'block in Minigun::Execution::ThreadPoolExecutor#execute_with_strategy'
E, [2025-10-27T13:41:28.148730 #8588] ERROR -- : [Pipeline:default][Stage:save_to_db] Error: undefined local variable or method 'output' for an instance of ComprehensivePipeline
E, [2025-10-27T13:41:28.148779 #8588] ERROR -- : C:/workspace/minigun/examples/38_comprehensive_execution.rb:101:in 'block (2 levels) in <class:ComprehensivePipeline>'
C:/workspace/minigun/lib/minigun/stage.rb:109:in 'BasicObject#instance_exec'
C:/workspace/minigun/lib/minigun/stage.rb:109:in 'Minigun::AtomicStage#execute'
C:/workspace/minigun/lib/minigun/execution/executor.rb:62:in 'Minigun::Execution::Executor#run_stage_logic'
C:/workspace/minigun/lib/minigun/execution/executor.rb:99:in 'block in Minigun::Execution::ThreadPoolExecutor#execute_with_strategy'
E, [2025-10-27T13:41:28.150182 #8588] ERROR -- : [Pipeline:default][Stage:save_to_db] Error: undefined local variable or method 'output' for an instance of ComprehensivePipeline
E, [2025-10-27T13:41:28.150228 #8588] ERROR -- : C:/workspace/minigun/examples/38_comprehensive_execution.rb:101:in 'block (2 levels) in <class:ComprehensivePipeline>'
C:/workspace/minigun/lib/minigun/stage.rb:109:in 'BasicObject#instance_exec'
C:/workspace/minigun/lib/minigun/stage.rb:109:in 'Minigun::AtomicStage#execute'
C:/workspace/minigun/lib/minigun/execution/executor.rb:62:in 'Minigun::Execution::Executor#run_stage_logic'
C:/workspace/minigun/lib/minigun/execution/executor.rb:99:in 'block in Minigun::Execution::ThreadPoolExecutor#execute_with_strategy'
E, [2025-10-27T13:41:28.151613 #8588] ERROR -- : [Pipeline:default][Stage:save_to_db] Error: undefined local variable or method 'output' for an instance of ComprehensivePipeline
E, [2025-10-27T13:41:28.151663 #8588] ERROR -- : C:/workspace/minigun/examples/38_comprehensive_execution.rb:101:in 'block (2 levels) in <class:ComprehensivePipeline>'
C:/workspace/minigun/lib/minigun/stage.rb:109:in 'BasicObject#instance_exec'
C:/workspace/minigun/lib/minigun/stage.rb:109:in 'Minigun::AtomicStage#execute'
C:/workspace/minigun/lib/minigun/execution/executor.rb:62:in 'Minigun::Execution::Executor#run_stage_logic'
C:/workspace/minigun/lib/minigun/execution/executor.rb:99:in 'block in Minigun::Execution::ThreadPoolExecutor#execute_with_strategy'
E, [2025-10-27T13:41:28.153115 #8588] ERROR -- : [Pipeline:default][Stage:save_to_db] Error: undefined local variable or method 'output' for an instance of ComprehensivePipeline
E, [2025-10-27T13:41:28.153155 #8588] ERROR -- : C:/workspace/minigun/examples/38_comprehensive_execution.rb:101:in 'block (2 levels) in <class:ComprehensivePipeline>'
C:/workspace/minigun/lib/minigun/stage.rb:109:in 'BasicObject#instance_exec'
C:/workspace/minigun/lib/minigun/stage.rb:109:in 'Minigun::AtomicStage#execute'
C:/workspace/minigun/lib/minigun/execution/executor.rb:62:in 'Minigun::Execution::Executor#run_stage_logic'
C:/workspace/minigun/lib/minigun/execution/executor.rb:99:in 'block in Minigun::Execution::ThreadPoolExecutor#execute_with_strategy'
E, [2025-10-27T13:41:28.154579 #8588] ERROR -- : [Pipeline:default][Stage:save_to_db] Error: undefined local variable or method 'output' for an instance of ComprehensivePipeline
E, [2025-10-27T13:41:28.154623 #8588] ERROR -- : C:/workspace/minigun/examples/38_comprehensive_execution.rb:101:in 'block (2 levels) in <class:ComprehensivePipeline>'
C:/workspace/minigun/lib/minigun/stage.rb:109:in 'BasicObject#instance_exec'
C:/workspace/minigun/lib/minigun/stage.rb:109:in 'Minigun::AtomicStage#execute'
C:/workspace/minigun/lib/minigun/execution/executor.rb:62:in 'Minigun::Execution::Executor#run_stage_logic'
C:/workspace/minigun/lib/minigun/execution/executor.rb:99:in 'block in Minigun::Execution::ThreadPoolExecutor#execute_with_strategy'
E, [2025-10-27T13:41:28.158549 #8588] ERROR -- : [Pipeline:default][Stage:save_to_db] Error: undefined local variable or method 'output' for an instance of ComprehensivePipeline
E, [2025-10-27T13:41:28.158587 #8588] ERROR -- : C:/workspace/minigun/examples/38_comprehensive_execution.rb:101:in 'block (2 levels) in <class:ComprehensivePipeline>'
C:/workspace/minigun/lib/minigun/stage.rb:109:in 'BasicObject#instance_exec'
C:/workspace/minigun/lib/minigun/stage.rb:109:in 'Minigun::AtomicStage#execute'
C:/workspace/minigun/lib/minigun/execution/executor.rb:62:in 'Minigun::Execution::Executor#run_stage_logic'
C:/workspace/minigun/lib/minigun/execution/executor.rb:99:in 'block in Minigun::Execution::ThreadPoolExecutor#execute_with_strategy'
E, [2025-10-27T13:41:28.160133 #8588] ERROR -- : [Pipeline:default][Stage:save_to_db] Error: undefined local variable or method 'output' for an instance of ComprehensivePipeline
E, [2025-10-27T13:41:28.160176 #8588] ERROR -- : C:/workspace/minigun/examples/38_comprehensive_execution.rb:101:in 'block (2 levels) in <class:ComprehensivePipeline>'
C:/workspace/minigun/lib/minigun/stage.rb:109:in 'BasicObject#instance_exec'
C:/workspace/minigun/lib/minigun/stage.rb:109:in 'Minigun::AtomicStage#execute'
C:/workspace/minigun/lib/minigun/execution/executor.rb:62:in 'Minigun::Execution::Executor#run_stage_logic'
C:/workspace/minigun/lib/minigun/execution/executor.rb:99:in 'block in Minigun::Execution::ThreadPoolExecutor#execute_with_strategy'
E, [2025-10-27T13:41:28.161652 #8588] ERROR -- : [Pipeline:default][Stage:save_to_db] Error: undefined local variable or method 'output' for an instance of ComprehensivePipeline
E, [2025-10-27T13:41:28.161694 #8588] ERROR -- : C:/workspace/minigun/examples/38_comprehensive_execution.rb:101:in 'block (2 levels) in <class:ComprehensivePipeline>'
C:/workspace/minigun/lib/minigun/stage.rb:109:in 'BasicObject#instance_exec'
C:/workspace/minigun/lib/minigun/stage.rb:109:in 'Minigun::AtomicStage#execute'
C:/workspace/minigun/lib/minigun/execution/executor.rb:62:in 'Minigun::Execution::Executor#run_stage_logic'
C:/workspace/minigun/lib/minigun/execution/executor.rb:99:in 'block in Minigun::Execution::ThreadPoolExecutor#execute_with_strategy'
#<Thread:0x000001bb74ab5f28 C:/workspace/minigun/lib/minigun/execution/executor.rb:97 run> terminated with exception 
(report_on_exception is true):
C:/workspace/minigun/examples/38_comprehensive_execution.rb:101:in 'block (2 levels) in 
<class:ComprehensivePipeline>': undefined local variable or method 'output' for an instance of ComprehensivePipeline 
(NameError)

      output << results

      ^^^^^^
	from C:/workspace/minigun/lib/minigun/stage.rb:109:in 'BasicObject#instance_exec'
	from C:/workspace/minigun/lib/minigun/stage.rb:109:in 'Minigun::AtomicStage#execute'
	from C:/workspace/minigun/lib/minigun/execution/executor.rb:62:in 'Minigun::Execution::Executor#run_stage_logic'
	from C:/workspace/minigun/lib/minigun/execution/executor.rb:99:in 'block in 
Minigun::Execution::ThreadPoolExecutor#execute_with_strategy'
#<Thread:0x000001bb74a398d8 C:/workspace/minigun/lib/minigun/execution/executor.rb:97 run> terminated with exception 
(report_on_exception is true):
C:/workspace/minigun/examples/38_comprehensive_execution.rb:101:in 'block (2 levels) in 
<class:ComprehensivePipeline>': undefined local variable or method 'output' for an instance of ComprehensivePipeline 
(NameError)

      output << results

      ^^^^^^
	from C:/workspace/minigun/lib/minigun/stage.rb:109:in 'BasicObject#instance_exec'
	from C:/workspace/minigun/lib/minigun/stage.rb:109:in 'Minigun::AtomicStage#execute'
	from C:/workspace/minigun/lib/minigun/execution/executor.rb:62:in 'Minigun::Execution::Executor#run_stage_logic'
	from C:/workspace/minigun/lib/minigun/execution/executor.rb:99:in 'block in 
Minigun::Execution::ThreadPoolExecutor#execute_with_strategy'
#<Thread:0x000001bb74b718b8 C:/workspace/minigun/lib/minigun/execution/executor.rb:97 run> terminated with exception 
(report_on_exception is true):
C:/workspace/minigun/examples/38_comprehensive_execution.rb:101:in 'block (2 levels) in 
<class:ComprehensivePipeline>': undefined local variable or method 'output' for an instance of ComprehensivePipeline 
(NameError)

      output << results

      ^^^^^^
	from C:/workspace/minigun/lib/minigun/stage.rb:109:in 'BasicObject#instance_exec'
	from C:/workspace/minigun/lib/minigun/stage.rb:109:in 'Minigun::AtomicStage#execute'
	from C:/workspace/minigun/lib/minigun/execution/executor.rb:62:in 'Minigun::Execution::Executor#run_stage_logic'
	from C:/workspace/minigun/lib/minigun/execution/executor.rb:99:in 'block in 
Minigun::Execution::ThreadPoolExecutor#execute_with_strategy'
#<Thread:0x000001bb74bf63d8 C:/workspace/minigun/lib/minigun/execution/executor.rb:97 run> terminated with exception 
(report_on_exception is true):
C:/workspace/minigun/examples/38_comprehensive_execution.rb:101:in 'block (2 levels) in 
<class:ComprehensivePipeline>': undefined local variable or method 'output' for an instance of ComprehensivePipeline 
(NameError)

      output << results

      ^^^^^^
	from C:/workspace/minigun/lib/minigun/stage.rb:109:in 'BasicObject#instance_exec'
	from C:/workspace/minigun/lib/minigun/stage.rb:109:in 'Minigun::AtomicStage#execute'
	from C:/workspace/minigun/lib/minigun/execution/executor.rb:62:in 'Minigun::Execution::Executor#run_stage_logic'
	from C:/workspace/minigun/lib/minigun/execution/executor.rb:99:in 'block in 
Minigun::Execution::ThreadPoolExecutor#execute_with_strategy'
#<Thread:0x000001bb74d50198 C:/workspace/minigun/lib/minigun/execution/executor.rb:97 run> terminated with exception 
(report_on_exception is true):
C:/workspace/minigun/examples/38_comprehensive_execution.rb:101:in 'block (2 levels) in 
<class:ComprehensivePipeline>': undefined local variable or method 'output' for an instance of ComprehensivePipeline 
(NameError)

      output << results

      ^^^^^^
	from C:/workspace/minigun/lib/minigun/stage.rb:109:in 'BasicObject#instance_exec'
	from C:/workspace/minigun/lib/minigun/stage.rb:109:in 'Minigun::AtomicStage#execute'
	from C:/workspace/minigun/lib/minigun/execution/executor.rb:62:in 'Minigun::Execution::Executor#run_stage_logic'
	from C:/workspace/minigun/lib/minigun/execution/executor.rb:99:in 'block in 
Minigun::Execution::ThreadPoolExecutor#execute_with_strategy'
#<Thread:0x000001bb751fbf80 C:/workspace/minigun/lib/minigun/execution/executor.rb:97 run> terminated with exception 
(report_on_exception is true):
C:/workspace/minigun/examples/38_comprehensive_execution.rb:101:in 'block (2 levels) in 
<class:ComprehensivePipeline>': undefined local variable or method 'output' for an instance of ComprehensivePipeline 
(NameError)

      output << results

      ^^^^^^
	from C:/workspace/minigun/lib/minigun/stage.rb:109:in 'BasicObject#instance_exec'
	from C:/workspace/minigun/lib/minigun/stage.rb:109:in 'Minigun::AtomicStage#execute'
	from C:/workspace/minigun/lib/minigun/execution/executor.rb:62:in 'Minigun::Execution::Executor#run_stage_logic'
	from C:/workspace/minigun/lib/minigun/execution/executor.rb:99:in 'block in 
Minigun::Execution::ThreadPoolExecutor#execute_with_strategy'
#<Thread:0x000001bb75174670 C:/workspace/minigun/lib/minigun/execution/executor.rb:97 run> terminated with exception 
(report_on_exception is true):
C:/workspace/minigun/examples/38_comprehensive_execution.rb:101:in 'block (2 levels) in 
<class:ComprehensivePipeline>': undefined local variable or method 'output' for an instance of ComprehensivePipeline 
(NameError)

      output << results

      ^^^^^^
	from C:/workspace/minigun/lib/minigun/stage.rb:109:in 'BasicObject#instance_exec'
	from C:/workspace/minigun/lib/minigun/stage.rb:109:in 'Minigun::AtomicStage#execute'
	from C:/workspace/minigun/lib/minigun/execution/executor.rb:62:in 'Minigun::Execution::Executor#run_stage_logic'
	from C:/workspace/minigun/lib/minigun/execution/executor.rb:99:in 'block in 
Minigun::Execution::ThreadPoolExecutor#execute_with_strategy'
#<Thread:0x000001bb735bcd88 C:/workspace/minigun/lib/minigun/execution/executor.rb:97 run> terminated with exception 
(report_on_exception is true):
C:/workspace/minigun/examples/38_comprehensive_execution.rb:101:in 'block (2 levels) in 
<class:ComprehensivePipeline>': undefined local variable or method 'output' for an instance of ComprehensivePipeline 
(NameError)

      output << results

      ^^^^^^
	from C:/workspace/minigun/lib/minigun/stage.rb:109:in 'BasicObject#instance_exec'
	from C:/workspace/minigun/lib/minigun/stage.rb:109:in 'Minigun::AtomicStage#execute'
	from C:/workspace/minigun/lib/minigun/execution/executor.rb:62:in 'Minigun::Execution::Executor#run_stage_logic'
	from C:/workspace/minigun/lib/minigun/execution/executor.rb:99:in 'block in 
Minigun::Execution::ThreadPoolExecutor#execute_with_strategy'
#<Thread:0x000001bb015d3988 C:/workspace/minigun/lib/minigun/execution/executor.rb:97 run> terminated with exception 
(report_on_exception is true):
C:/workspace/minigun/examples/38_comprehensive_execution.rb:101:in 'block (2 levels) in 
<class:ComprehensivePipeline>': undefined local variable or method 'output' for an instance of ComprehensivePipeline 
(NameError)

      output << results

      ^^^^^^
	from C:/workspace/minigun/lib/minigun/stage.rb:109:in 'BasicObject#instance_exec'
	from C:/workspace/minigun/lib/minigun/stage.rb:109:in 'Minigun::AtomicStage#execute'
	from C:/workspace/minigun/lib/minigun/execution/executor.rb:62:in 'Minigun::Execution::Executor#run_stage_logic'
	from C:/workspace/minigun/lib/minigun/execution/executor.rb:99:in 'block in 
Minigun::Execution::ThreadPoolExecutor#execute_with_strategy'
E, [2025-10-27T13:41:28.163197 #8588] ERROR -- : [Pipeline:default][Stage:save_to_db] Error: undefined local variable or method 'output' for an instance of ComprehensivePipeline
E, [2025-10-27T13:41:28.163242 #8588] ERROR -- : C:/workspace/minigun/examples/38_comprehensive_execution.rb:101:in 'block (2 levels) in <class:ComprehensivePipeline>'
C:/workspace/minigun/lib/minigun/stage.rb:109:in 'BasicObject#instance_exec'
C:/workspace/minigun/lib/minigun/stage.rb:109:in 'Minigun::AtomicStage#execute'
C:/workspace/minigun/lib/minigun/execution/executor.rb:62:in 'Minigun::Execution::Executor#run_stage_logic'
C:/workspace/minigun/lib/minigun/execution/executor.rb:99:in 'block in Minigun::Execution::ThreadPoolExecutor#execute_with_strategy'
E, [2025-10-27T13:41:28.164750 #8588] ERROR -- : [Pipeline:default][Stage:save_to_db] Error: undefined local variable or method 'output' for an instance of ComprehensivePipeline
E, [2025-10-27T13:41:28.164795 #8588] ERROR -- : C:/workspace/minigun/examples/38_comprehensive_execution.rb:101:in 'block (2 levels) in <class:ComprehensivePipeline>'
C:/workspace/minigun/lib/minigun/stage.rb:109:in 'BasicObject#instance_exec'
C:/workspace/minigun/lib/minigun/stage.rb:109:in 'Minigun::AtomicStage#execute'
C:/workspace/minigun/lib/minigun/execution/executor.rb:62:in 'Minigun::Execution::Executor#run_stage_logic'
C:/workspace/minigun/lib/minigun/execution/executor.rb:99:in 'block in Minigun::Execution::ThreadPoolExecutor#execute_with_strategy'
E, [2025-10-27T13:41:28.166187 #8588] ERROR -- : [Pipeline:default][Stage:save_to_db] Error: undefined local variable or method 'output' for an instance of ComprehensivePipeline
E, [2025-10-27T13:41:28.166230 #8588] ERROR -- : C:/workspace/minigun/examples/38_comprehensive_execution.rb:101:in 'block (2 levels) in <class:ComprehensivePipeline>'
C:/workspace/minigun/lib/minigun/stage.rb:109:in 'BasicObject#instance_exec'
C:/workspace/minigun/lib/minigun/stage.rb:109:in 'Minigun::AtomicStage#execute'
C:/workspace/minigun/lib/minigun/execution/executor.rb:62:in 'Minigun::Execution::Executor#run_stage_logic'
C:/workspace/minigun/lib/minigun/execution/executor.rb:99:in 'block in Minigun::Execution::ThreadPoolExecutor#execute_with_strategy'
E, [2025-10-27T13:41:28.167706 #8588] ERROR -- : [Pipeline:default][Stage:save_to_db] Error: undefined local variable or method 'output' for an instance of ComprehensivePipeline
E, [2025-10-27T13:41:28.167757 #8588] ERROR -- : C:/workspace/minigun/examples/38_comprehensive_execution.rb:101:in 'block (2 levels) in <class:ComprehensivePipeline>'
C:/workspace/minigun/lib/minigun/stage.rb:109:in 'BasicObject#instance_exec'
C:/workspace/minigun/lib/minigun/stage.rb:109:in 'Minigun::AtomicStage#execute'
C:/workspace/minigun/lib/minigun/execution/executor.rb:62:in 'Minigun::Execution::Executor#run_stage_logic'
C:/workspace/minigun/lib/minigun/execution/executor.rb:99:in 'block in Minigun::Execution::ThreadPoolExecutor#execute_with_strategy'
E, [2025-10-27T13:41:28.169257 #8588] ERROR -- : [Pipeline:default][Stage:save_to_db] Error: undefined local variable or method 'output' for an instance of ComprehensivePipeline
E, [2025-10-27T13:41:28.169305 #8588] ERROR -- : C:/workspace/minigun/examples/38_comprehensive_execution.rb:101:in 'block (2 levels) in <class:ComprehensivePipeline>'
C:/workspace/minigun/lib/minigun/stage.rb:109:in 'BasicObject#instance_exec'
C:/workspace/minigun/lib/minigun/stage.rb:109:in 'Minigun::AtomicStage#execute'
C:/workspace/minigun/lib/minigun/execution/executor.rb:62:in 'Minigun::Execution::Executor#run_stage_logic'
C:/workspace/minigun/lib/minigun/execution/executor.rb:99:in 'block in Minigun::Execution::ThreadPoolExecutor#execute_with_strategy'
E, [2025-10-27T13:41:28.170809 #8588] ERROR -- : [Pipeline:default][Stage:save_to_db] Error: undefined local variable or method 'output' for an instance of ComprehensivePipeline
E, [2025-10-27T13:41:28.170852 #8588] ERROR -- : C:/workspace/minigun/examples/38_comprehensive_execution.rb:101:in 'block (2 levels) in <class:ComprehensivePipeline>'
C:/workspace/minigun/lib/minigun/stage.rb:109:in 'BasicObject#instance_exec'
C:/workspace/minigun/lib/minigun/stage.rb:109:in 'Minigun::AtomicStage#execute'
C:/workspace/minigun/lib/minigun/execution/executor.rb:62:in 'Minigun::Execution::Executor#run_stage_logic'
C:/workspace/minigun/lib/minigun/execution/executor.rb:99:in 'block in Minigun::Execution::ThreadPoolExecutor#execute_with_strategy'
E, [2025-10-27T13:41:28.175393 #8588] ERROR -- : [Pipeline:default][Stage:save_to_db] Error: undefined local variable or method 'output' for an instance of ComprehensivePipeline
E, [2025-10-27T13:41:28.175445 #8588] ERROR -- : C:/workspace/minigun/examples/38_comprehensive_execution.rb:101:in 'block (2 levels) in <class:ComprehensivePipeline>'
C:/workspace/minigun/lib/minigun/stage.rb:109:in 'BasicObject#instance_exec'
C:/workspace/minigun/lib/minigun/stage.rb:109:in 'Minigun::AtomicStage#execute'
C:/workspace/minigun/lib/minigun/execution/executor.rb:62:in 'Minigun::Execution::Executor#run_stage_logic'
C:/workspace/minigun/lib/minigun/execution/executor.rb:99:in 'block in Minigun::Execution::ThreadPoolExecutor#execute_with_strategy'
#<Thread:0x000001bb016dbfb0 C:/workspace/minigun/lib/minigun/execution/executor.rb:97 run> terminated with exception 
(report_on_exception is true):
C:/workspace/minigun/examples/38_comprehensive_execution.rb:101:in 'block (2 levels) in 
<class:ComprehensivePipeline>': undefined local variable or method 'output' for an instance of ComprehensivePipeline 
(NameError)

      output << results

      ^^^^^^
	from C:/workspace/minigun/lib/minigun/stage.rb:109:in 'BasicObject#instance_exec'
	from C:/workspace/minigun/lib/minigun/stage.rb:109:in 'Minigun::AtomicStage#execute'
	from C:/workspace/minigun/lib/minigun/execution/executor.rb:62:in 'Minigun::Execution::Executor#run_stage_logic'
	from C:/workspace/minigun/lib/minigun/execution/executor.rb:99:in 'block in 
Minigun::Execution::ThreadPoolExecutor#execute_with_strategy'
#<Thread:0x000001bb01674680 C:/workspace/minigun/lib/minigun/execution/executor.rb:97 run> terminated with exception 
(report_on_exception is true):
C:/workspace/minigun/examples/38_comprehensive_execution.rb:101:in 'block (2 levels) in 
<class:ComprehensivePipeline>': undefined local variable or method 'output' for an instance of ComprehensivePipeline 
(NameError)

      output << results

      ^^^^^^
	from C:/workspace/minigun/lib/minigun/stage.rb:109:in 'BasicObject#instance_exec'
	from C:/workspace/minigun/lib/minigun/stage.rb:109:in 'Minigun::AtomicStage#execute'
	from C:/workspace/minigun/lib/minigun/execution/executor.rb:62:in 'Minigun::Execution::Executor#run_stage_logic'
	from C:/workspace/minigun/lib/minigun/execution/executor.rb:99:in 'block in 
Minigun::Execution::ThreadPoolExecutor#execute_with_strategy'
#<Thread:0x000001bb0177ccd0 C:/workspace/minigun/lib/minigun/execution/executor.rb:97 run> terminated with exception 
(report_on_exception is true):
C:/workspace/minigun/examples/38_comprehensive_execution.rb:101:in 'block (2 levels) in 
<class:ComprehensivePipeline>': undefined local variable or method 'output' for an instance of ComprehensivePipeline 
(NameError)

      output << results

      ^^^^^^
	from C:/workspace/minigun/lib/minigun/stage.rb:109:in 'BasicObject#instance_exec'
	from C:/workspace/minigun/lib/minigun/stage.rb:109:in 'Minigun::AtomicStage#execute'
	from C:/workspace/minigun/lib/minigun/execution/executor.rb:62:in 'Minigun::Execution::Executor#run_stage_logic'
	from C:/workspace/minigun/lib/minigun/execution/executor.rb:99:in 'block in 
Minigun::Execution::ThreadPoolExecutor#execute_with_strategy'
#<Thread:0x000001bb018453b0 C:/workspace/minigun/lib/minigun/execution/executor.rb:97 run> terminated with exception 
(report_on_exception is true):
C:/workspace/minigun/examples/38_comprehensive_execution.rb:101:in 'block (2 levels) in 
<class:ComprehensivePipeline>': undefined local variable or method 'output' for an instance of ComprehensivePipeline 
(NameError)

      output << results

      ^^^^^^
	from C:/workspace/minigun/lib/minigun/stage.rb:109:in 'BasicObject#instance_exec'
	from C:/workspace/minigun/lib/minigun/stage.rb:109:in 'Minigun::AtomicStage#execute'
	from C:/workspace/minigun/lib/minigun/execution/executor.rb:62:in 'Minigun::Execution::Executor#run_stage_logic'
	from C:/workspace/minigun/lib/minigun/execution/executor.rb:99:in 'block in 
Minigun::Execution::ThreadPoolExecutor#execute_with_strategy'
#<Thread:0x000001bb0171cdd0 C:/workspace/minigun/lib/minigun/execution/executor.rb:97 run> terminated with exception 
(report_on_exception is true):
C:/workspace/minigun/examples/38_comprehensive_execution.rb:101:in 'block (2 levels) in 
<class:ComprehensivePipeline>': undefined local variable or method 'output' for an instance of ComprehensivePipeline 
(NameError)

      output << results

      ^^^^^^
	from C:/workspace/minigun/lib/minigun/stage.rb:109:in 'BasicObject#instance_exec'
	from C:/workspace/minigun/lib/minigun/stage.rb:109:in 'Minigun::AtomicStage#execute'
	from C:/workspace/minigun/lib/minigun/execution/executor.rb:62:in 'Minigun::Execution::Executor#run_stage_logic'
	from C:/workspace/minigun/lib/minigun/execution/executor.rb:99:in 'block in 
Minigun::Execution::ThreadPoolExecutor#execute_with_strategy'
#<Thread:0x000001bb016352c8 C:/workspace/minigun/lib/minigun/execution/executor.rb:97 run> terminated with exception 
(report_on_exception is true):
C:/workspace/minigun/examples/38_comprehensive_execution.rb:101:in 'block (2 levels) in 
<class:ComprehensivePipeline>': undefined local variable or method 'output' for an instance of ComprehensivePipeline 
(NameError)

      output << results

      ^^^^^^
	from C:/workspace/minigun/lib/minigun/stage.rb:109:in 'BasicObject#instance_exec'
	from C:/workspace/minigun/lib/minigun/stage.rb:109:in 'Minigun::AtomicStage#execute'
	from C:/workspace/minigun/lib/minigun/execution/executor.rb:62:in 'Minigun::Execution::Executor#run_stage_logic'
	from C:/workspace/minigun/lib/minigun/execution/executor.rb:99:in 'block in 
Minigun::Execution::ThreadPoolExecutor#execute_with_strategy'
#<Thread:0x000001bb752bd900 C:/workspace/minigun/lib/minigun/execution/executor.rb:97 run> terminated with exception 
(report_on_exception is true):
C:/workspace/minigun/examples/38_comprehensive_execution.rb:101:in 'block (2 levels) in 
<class:ComprehensivePipeline>': undefined local variable or method 'output' for an instance of ComprehensivePipeline 
(NameError)

      output << results

      ^^^^^^
	from C:/workspace/minigun/lib/minigun/stage.rb:109:in 'BasicObject#instance_exec'
	from C:/workspace/minigun/lib/minigun/stage.rb:109:in 'Minigun::AtomicStage#execute'
	from C:/workspace/minigun/lib/minigun/execution/executor.rb:62:in 'Minigun::Execution::Executor#run_stage_logic'
	from C:/workspace/minigun/lib/minigun/execution/executor.rb:99:in 'block in 
Minigun::Execution::ThreadPoolExecutor#execute_with_strategy'
E, [2025-10-27T13:41:28.177089 #8588] ERROR -- : [Pipeline:default][Stage:save_to_db] Error: undefined local variable or method 'output' for an instance of ComprehensivePipeline
E, [2025-10-27T13:41:28.177131 #8588] ERROR -- : C:/workspace/minigun/examples/38_comprehensive_execution.rb:101:in 'block (2 levels) in <class:ComprehensivePipeline>'
C:/workspace/minigun/lib/minigun/stage.rb:109:in 'BasicObject#instance_exec'
C:/workspace/minigun/lib/minigun/stage.rb:109:in 'Minigun::AtomicStage#execute'
C:/workspace/minigun/lib/minigun/execution/executor.rb:62:in 'Minigun::Execution::Executor#run_stage_logic'
C:/workspace/minigun/lib/minigun/execution/executor.rb:99:in 'block in Minigun::Execution::ThreadPoolExecutor#execute_with_strategy'
E, [2025-10-27T13:41:28.178685 #8588] ERROR -- : [Pipeline:default][Stage:save_to_db] Error: undefined local variable or method 'output' for an instance of ComprehensivePipeline
E, [2025-10-27T13:41:28.178732 #8588] ERROR -- : C:/workspace/minigun/examples/38_comprehensive_execution.rb:101:in 'block (2 levels) in <class:ComprehensivePipeline>'
C:/workspace/minigun/lib/minigun/stage.rb:109:in 'BasicObject#instance_exec'
C:/workspace/minigun/lib/minigun/stage.rb:109:in 'Minigun::AtomicStage#execute'
C:/workspace/minigun/lib/minigun/execution/executor.rb:62:in 'Minigun::Execution::Executor#run_stage_logic'
C:/workspace/minigun/lib/minigun/execution/executor.rb:99:in 'block in Minigun::Execution::ThreadPoolExecutor#execute_with_strategy'
E, [2025-10-27T13:41:28.180232 #8588] ERROR -- : [Pipeline:default][Stage:save_to_db] Error: undefined local variable or method 'output' for an instance of ComprehensivePipeline
E, [2025-10-27T13:41:28.180278 #8588] ERROR -- : C:/workspace/minigun/examples/38_comprehensive_execution.rb:101:in 'block (2 levels) in <class:ComprehensivePipeline>'
C:/workspace/minigun/lib/minigun/stage.rb:109:in 'BasicObject#instance_exec'
C:/workspace/minigun/lib/minigun/stage.rb:109:in 'Minigun::AtomicStage#execute'
C:/workspace/minigun/lib/minigun/execution/executor.rb:62:in 'Minigun::Execution::Executor#run_stage_logic'
C:/workspace/minigun/lib/minigun/execution/executor.rb:99:in 'block in Minigun::Execution::ThreadPoolExecutor#execute_with_strategy'
E, [2025-10-27T13:41:28.181827 #8588] ERROR -- : [Pipeline:default][Stage:save_to_db] Error: undefined local variable or method 'output' for an instance of ComprehensivePipeline
E, [2025-10-27T13:41:28.181870 #8588] ERROR -- : C:/workspace/minigun/examples/38_comprehensive_execution.rb:101:in 'block (2 levels) in <class:ComprehensivePipeline>'
C:/workspace/minigun/lib/minigun/stage.rb:109:in 'BasicObject#instance_exec'
C:/workspace/minigun/lib/minigun/stage.rb:109:in 'Minigun::AtomicStage#execute'
C:/workspace/minigun/lib/minigun/execution/executor.rb:62:in 'Minigun::Execution::Executor#run_stage_logic'
C:/workspace/minigun/lib/minigun/execution/executor.rb:99:in 'block in Minigun::Execution::ThreadPoolExecutor#execute_with_strategy'
E, [2025-10-27T13:41:28.183269 #8588] ERROR -- : [Pipeline:default][Stage:save_to_db] Error: undefined local variable or method 'output' for an instance of ComprehensivePipeline
E, [2025-10-27T13:41:28.183335 #8588] ERROR -- : C:/workspace/minigun/examples/38_comprehensive_execution.rb:101:in 'block (2 levels) in <class:ComprehensivePipeline>'
C:/workspace/minigun/lib/minigun/stage.rb:109:in 'BasicObject#instance_exec'
C:/workspace/minigun/lib/minigun/stage.rb:109:in 'Minigun::AtomicStage#execute'
C:/workspace/minigun/lib/minigun/execution/executor.rb:62:in 'Minigun::Execution::Executor#run_stage_logic'
C:/workspace/minigun/lib/minigun/execution/executor.rb:99:in 'block in Minigun::Execution::ThreadPoolExecutor#execute_with_strategy'
E, [2025-10-27T13:41:28.184818 #8588] ERROR -- : [Pipeline:default][Stage:save_to_db] Error: undefined local variable or method 'output' for an instance of ComprehensivePipeline
E, [2025-10-27T13:41:28.184861 #8588] ERROR -- : C:/workspace/minigun/examples/38_comprehensive_execution.rb:101:in 'block (2 levels) in <class:ComprehensivePipeline>'
C:/workspace/minigun/lib/minigun/stage.rb:109:in 'BasicObject#instance_exec'
C:/workspace/minigun/lib/minigun/stage.rb:109:in 'Minigun::AtomicStage#execute'
C:/workspace/minigun/lib/minigun/execution/executor.rb:62:in 'Minigun::Execution::Executor#run_stage_logic'
C:/workspace/minigun/lib/minigun/execution/executor.rb:99:in 'block in Minigun::Execution::ThreadPoolExecutor#execute_with_strategy'
E, [2025-10-27T13:41:28.189372 #8588] ERROR -- : [Pipeline:default][Stage:save_to_db] Error: undefined local variable or method 'output' for an instance of ComprehensivePipeline
E, [2025-10-27T13:41:28.189430 #8588] ERROR -- : C:/workspace/minigun/examples/38_comprehensive_execution.rb:101:in 'block (2 levels) in <class:ComprehensivePipeline>'
C:/workspace/minigun/lib/minigun/stage.rb:109:in 'BasicObject#instance_exec'
C:/workspace/minigun/lib/minigun/stage.rb:109:in 'Minigun::AtomicStage#execute'
C:/workspace/minigun/lib/minigun/execution/executor.rb:62:in 'Minigun::Execution::Executor#run_stage_logic'
C:/workspace/minigun/lib/minigun/execution/executor.rb:99:in 'block in Minigun::Execution::ThreadPoolExecutor#execute_with_strategy'
#<Thread:0x000001bb75135fb0 C:/workspace/minigun/lib/minigun/execution/executor.rb:97 run> terminated with exception 
(report_on_exception is true):
C:/workspace/minigun/examples/38_comprehensive_execution.rb:101:in 'block (2 levels) in 
<class:ComprehensivePipeline>': undefined local variable or method 'output' for an instance of ComprehensivePipeline 
(NameError)

      output << results

      ^^^^^^
	from C:/workspace/minigun/lib/minigun/stage.rb:109:in 'BasicObject#instance_exec'
	from C:/workspace/minigun/lib/minigun/stage.rb:109:in 'Minigun::AtomicStage#execute'
	from C:/workspace/minigun/lib/minigun/execution/executor.rb:62:in 'Minigun::Execution::Executor#run_stage_logic'
	from C:/workspace/minigun/lib/minigun/execution/executor.rb:99:in 'block in 
Minigun::Execution::ThreadPoolExecutor#execute_with_strategy'
#<Thread:0x000001bb74c18820 C:/workspace/minigun/lib/minigun/execution/executor.rb:97 run> terminated with exception 
(report_on_exception is true):
C:/workspace/minigun/examples/38_comprehensive_execution.rb:101:in 'block (2 levels) in 
<class:ComprehensivePipeline>': undefined local variable or method 'output' for an instance of ComprehensivePipeline 
(NameError)

      output << results

      ^^^^^^
	from C:/workspace/minigun/lib/minigun/stage.rb:109:in 'BasicObject#instance_exec'
	from C:/workspace/minigun/lib/minigun/stage.rb:109:in 'Minigun::AtomicStage#execute'
	from C:/workspace/minigun/lib/minigun/execution/executor.rb:62:in 'Minigun::Execution::Executor#run_stage_logic'
	from C:/workspace/minigun/lib/minigun/execution/executor.rb:99:in 'block in 
Minigun::Execution::ThreadPoolExecutor#execute_with_strategy'
#<Thread:0x000001bb74ab5f78 C:/workspace/minigun/lib/minigun/execution/executor.rb:97 run> terminated with exception 
(report_on_exception is true):
C:/workspace/minigun/examples/38_comprehensive_execution.rb:101:in 'block (2 levels) in 
<class:ComprehensivePipeline>': undefined local variable or method 'output' for an instance of ComprehensivePipeline 
(NameError)

      output << results

      ^^^^^^
	from C:/workspace/minigun/lib/minigun/stage.rb:109:in 'BasicObject#instance_exec'
	from C:/workspace/minigun/lib/minigun/stage.rb:109:in 'Minigun::AtomicStage#execute'
	from C:/workspace/minigun/lib/minigun/execution/executor.rb:62:in 'Minigun::Execution::Executor#run_stage_logic'
	from C:/workspace/minigun/lib/minigun/execution/executor.rb:99:in 'block in 
Minigun::Execution::ThreadPoolExecutor#execute_with_strategy'
E, [2025-10-27T13:41:28.190958 #8588] ERROR -- : [Pipeline:default][Stage:save_to_db] Error: undefined local variable or method 'output' for an instance of ComprehensivePipeline
E, [2025-10-27T13:41:28.191006 #8588] ERROR -- : C:/workspace/minigun/examples/38_comprehensive_execution.rb:101:in 'block (2 levels) in <class:ComprehensivePipeline>'
C:/workspace/minigun/lib/minigun/stage.rb:109:in 'BasicObject#instance_exec'
C:/workspace/minigun/lib/minigun/stage.rb:109:in 'Minigun::AtomicStage#execute'
C:/workspace/minigun/lib/minigun/execution/executor.rb:62:in 'Minigun::Execution::Executor#run_stage_logic'
C:/workspace/minigun/lib/minigun/execution/executor.rb:99:in 'block in Minigun::Execution::ThreadPoolExecutor#execute_with_strategy'
E, [2025-10-27T13:41:28.193277 #8588] ERROR -- : [Pipeline:default][Stage:save_to_db] Error: undefined local variable or method 'output' for an instance of ComprehensivePipeline
E, [2025-10-27T13:41:28.193319 #8588] ERROR -- : C:/workspace/minigun/examples/38_comprehensive_execution.rb:101:in 'block (2 levels) in <class:ComprehensivePipeline>'
C:/workspace/minigun/lib/minigun/stage.rb:109:in 'BasicObject#instance_exec'
C:/workspace/minigun/lib/minigun/stage.rb:109:in 'Minigun::AtomicStage#execute'
C:/workspace/minigun/lib/minigun/execution/executor.rb:62:in 'Minigun::Execution::Executor#run_stage_logic'
C:/workspace/minigun/lib/minigun/execution/executor.rb:99:in 'block in Minigun::Execution::ThreadPoolExecutor#execute_with_strategy'
E, [2025-10-27T13:41:28.194851 #8588] ERROR -- : [Pipeline:default][Stage:save_to_db] Error: undefined local variable or method 'output' for an instance of ComprehensivePipeline
E, [2025-10-27T13:41:28.194893 #8588] ERROR -- : C:/workspace/minigun/examples/38_comprehensive_execution.rb:101:in 'block (2 levels) in <class:ComprehensivePipeline>'
C:/workspace/minigun/lib/minigun/stage.rb:109:in 'BasicObject#instance_exec'
C:/workspace/minigun/lib/minigun/stage.rb:109:in 'Minigun::AtomicStage#execute'
C:/workspace/minigun/lib/minigun/execution/executor.rb:62:in 'Minigun::Execution::Executor#run_stage_logic'
C:/workspace/minigun/lib/minigun/execution/executor.rb:99:in 'block in Minigun::Execution::ThreadPoolExecutor#execute_with_strategy'
E, [2025-10-27T13:41:28.196319 #8588] ERROR -- : [Pipeline:default][Stage:save_to_db] Error: undefined local variable or method 'output' for an instance of ComprehensivePipeline
E, [2025-10-27T13:41:28.196360 #8588] ERROR -- : C:/workspace/minigun/examples/38_comprehensive_execution.rb:101:in 'block (2 levels) in <class:ComprehensivePipeline>'
C:/workspace/minigun/lib/minigun/stage.rb:109:in 'BasicObject#instance_exec'
C:/workspace/minigun/lib/minigun/stage.rb:109:in 'Minigun::AtomicStage#execute'
C:/workspace/minigun/lib/minigun/execution/executor.rb:62:in 'Minigun::Execution::Executor#run_stage_logic'
C:/workspace/minigun/lib/minigun/execution/executor.rb:99:in 'block in Minigun::Execution::ThreadPoolExecutor#execute_with_strategy'
#<Thread:0x000001bb74a39ab8 C:/workspace/minigun/lib/minigun/execution/executor.rb:97 run> terminated with exception 
(report_on_exception is true):
C:/workspace/minigun/examples/38_comprehensive_execution.rb:101:in 'block (2 levels) in 
<class:ComprehensivePipeline>': undefined local variable or method 'output' for an instance of ComprehensivePipeline 
(NameError)

      output << results

      ^^^^^^
	from C:/workspace/minigun/lib/minigun/stage.rb:109:in 'BasicObject#instance_exec'
	from C:/workspace/minigun/lib/minigun/stage.rb:109:in 'Minigun::AtomicStage#execute'
	from C:/workspace/minigun/lib/minigun/execution/executor.rb:62:in 'Minigun::Execution::Executor#run_stage_logic'
	from C:/workspace/minigun/lib/minigun/execution/executor.rb:99:in 'block in 
Minigun::Execution::ThreadPoolExecutor#execute_with_strategy'
#<Thread:0x000001bb74b718e0 C:/workspace/minigun/lib/minigun/execution/executor.rb:97 run> terminated with exception 
(report_on_exception is true):
C:/workspace/minigun/examples/38_comprehensive_execution.rb:101:in 'block (2 levels) in 
<class:ComprehensivePipeline>': undefined local variable or method 'output' for an instance of ComprehensivePipeline 
(NameError)

      output << results

      ^^^^^^
	from C:/workspace/minigun/lib/minigun/stage.rb:109:in 'BasicObject#instance_exec'
	from C:/workspace/minigun/lib/minigun/stage.rb:109:in 'Minigun::AtomicStage#execute'
	from C:/workspace/minigun/lib/minigun/execution/executor.rb:62:in 'Minigun::Execution::Executor#run_stage_logic'
	from C:/workspace/minigun/lib/minigun/execution/executor.rb:99:in 'block in 
Minigun::Execution::ThreadPoolExecutor#execute_with_strategy'
#<Thread:0x000001bb74bf1428 C:/workspace/minigun/lib/minigun/execution/executor.rb:97 run> terminated with exception 
(report_on_exception is true):
C:/workspace/minigun/examples/38_comprehensive_execution.rb:101:in 'block (2 levels) in 
<class:ComprehensivePipeline>': undefined local variable or method 'output' for an instance of ComprehensivePipeline 
(NameError)

      output << results

      ^^^^^^
	from C:/workspace/minigun/lib/minigun/stage.rb:109:in 'BasicObject#instance_exec'
	from C:/workspace/minigun/lib/minigun/stage.rb:109:in 'Minigun::AtomicStage#execute'
	from C:/workspace/minigun/lib/minigun/execution/executor.rb:62:in 'Minigun::Execution::Executor#run_stage_logic'
	from C:/workspace/minigun/lib/minigun/execution/executor.rb:99:in 'block in 
Minigun::Execution::ThreadPoolExecutor#execute_with_strategy'
#<Thread:0x000001bb74d1c2f8 C:/workspace/minigun/lib/minigun/execution/executor.rb:97 run> terminated with exception 
(report_on_exception is true):
C:/workspace/minigun/examples/38_comprehensive_execution.rb:101:in 'block (2 levels) in 
<class:ComprehensivePipeline>': undefined local variable or method 'output' for an instance of ComprehensivePipeline 
(NameError)

      output << results

      ^^^^^^
	from C:/workspace/minigun/lib/minigun/stage.rb:109:in 'BasicObject#instance_exec'
	from C:/workspace/minigun/lib/minigun/stage.rb:109:in 'Minigun::AtomicStage#execute'
	from C:/workspace/minigun/lib/minigun/execution/executor.rb:62:in 'Minigun::Execution::Executor#run_stage_logic'
	from C:/workspace/minigun/lib/minigun/execution/executor.rb:99:in 'block in 
Minigun::Execution::ThreadPoolExecutor#execute_with_strategy'
#<Thread:0x000001bb751f8588 C:/workspace/minigun/lib/minigun/execution/executor.rb:97 run> terminated with exception 
(report_on_exception is true):
C:/workspace/minigun/examples/38_comprehensive_execution.rb:101:in 'block (2 levels) in 
<class:ComprehensivePipeline>': undefined local variable or method 'output' for an instance of ComprehensivePipeline 
(NameError)

      output << results

      ^^^^^^
	from C:/workspace/minigun/lib/minigun/stage.rb:109:in 'BasicObject#instance_exec'
	from C:/workspace/minigun/lib/minigun/stage.rb:109:in 'Minigun::AtomicStage#execute'
	from C:/workspace/minigun/lib/minigun/execution/executor.rb:62:in 'Minigun::Execution::Executor#run_stage_logic'
	from C:/workspace/minigun/lib/minigun/execution/executor.rb:99:in 'block in 
Minigun::Execution::ThreadPoolExecutor#execute_with_strategy'
#<Thread:0x000001bb75170cc8 C:/workspace/minigun/lib/minigun/execution/executor.rb:97 run> terminated with exception 
(report_on_exception is true):
C:/workspace/minigun/examples/38_comprehensive_execution.rb:101:in 'block (2 levels) in 
<class:ComprehensivePipeline>': undefined local variable or method 'output' for an instance of ComprehensivePipeline 
(NameError)

      output << results

      ^^^^^^
	from C:/workspace/minigun/lib/minigun/stage.rb:109:in 'BasicObject#instance_exec'
	from C:/workspace/minigun/lib/minigun/stage.rb:109:in 'Minigun::AtomicStage#execute'
	from C:/workspace/minigun/lib/minigun/execution/executor.rb:62:in 'Minigun::Execution::Executor#run_stage_logic'
	from C:/workspace/minigun/lib/minigun/execution/executor.rb:99:in 'block in 
Minigun::Execution::ThreadPoolExecutor#execute_with_strategy'
#<Thread:0x000001bb735b93e0 C:/workspace/minigun/lib/minigun/execution/executor.rb:97 run> terminated with exception 
(report_on_exception is true):
C:/workspace/minigun/examples/38_comprehensive_execution.rb:101:in 'block (2 levels) in 
<class:ComprehensivePipeline>': undefined local variable or method 'output' for an instance of ComprehensivePipeline 
(NameError)

      output << results

      ^^^^^^
	from C:/workspace/minigun/lib/minigun/stage.rb:109:in 'BasicObject#instance_exec'
	from C:/workspace/minigun/lib/minigun/stage.rb:109:in 'Minigun::AtomicStage#execute'
	from C:/workspace/minigun/lib/minigun/execution/executor.rb:62:in 'Minigun::Execution::Executor#run_stage_logic'
	from C:/workspace/minigun/lib/minigun/execution/executor.rb:99:in 'block in 
Minigun::Execution::ThreadPoolExecutor#execute_with_strategy'
#<Thread:0x000001bb0159ff70 C:/workspace/minigun/lib/minigun/execution/executor.rb:97 run> terminated with exception 
(report_on_exception is true):
C:/workspace/minigun/examples/38_comprehensive_execution.rb:101:in 'block (2 levels) in 
<class:ComprehensivePipeline>': undefined local variable or method 'output' for an instance of ComprehensivePipeline 
(NameError)

      output << results

      ^^^^^^
	from C:/workspace/minigun/lib/minigun/stage.rb:109:in 'BasicObject#instance_exec'
	from C:/workspace/minigun/lib/minigun/stage.rb:109:in 'Minigun::AtomicStage#execute'
	from C:/workspace/minigun/lib/minigun/execution/executor.rb:62:in 'Minigun::Execution::Executor#run_stage_logic'
	from C:/workspace/minigun/lib/minigun/execution/executor.rb:99:in 'block in 
Minigun::Execution::ThreadPoolExecutor#execute_with_strategy'
E, [2025-10-27T13:41:28.197897 #8588] ERROR -- : [Pipeline:default][Stage:save_to_db] Error: undefined local variable or method 'output' for an instance of ComprehensivePipeline
E, [2025-10-27T13:41:28.197940 #8588] ERROR -- : C:/workspace/minigun/examples/38_comprehensive_execution.rb:101:in 'block (2 levels) in <class:ComprehensivePipeline>'
C:/workspace/minigun/lib/minigun/stage.rb:109:in 'BasicObject#instance_exec'
C:/workspace/minigun/lib/minigun/stage.rb:109:in 'Minigun::AtomicStage#execute'
C:/workspace/minigun/lib/minigun/execution/executor.rb:62:in 'Minigun::Execution::Executor#run_stage_logic'
C:/workspace/minigun/lib/minigun/execution/executor.rb:99:in 'block in Minigun::Execution::ThreadPoolExecutor#execute_with_strategy'
E, [2025-10-27T13:41:28.199486 #8588] ERROR -- : [Pipeline:default][Stage:save_to_db] Error: undefined local variable or method 'output' for an instance of ComprehensivePipeline
E, [2025-10-27T13:41:28.199535 #8588] ERROR -- : C:/workspace/minigun/examples/38_comprehensive_execution.rb:101:in 'block (2 levels) in <class:ComprehensivePipeline>'
C:/workspace/minigun/lib/minigun/stage.rb:109:in 'BasicObject#instance_exec'
C:/workspace/minigun/lib/minigun/stage.rb:109:in 'Minigun::AtomicStage#execute'
C:/workspace/minigun/lib/minigun/execution/executor.rb:62:in 'Minigun::Execution::Executor#run_stage_logic'
C:/workspace/minigun/lib/minigun/execution/executor.rb:99:in 'block in Minigun::Execution::ThreadPoolExecutor#execute_with_strategy'
E, [2025-10-27T13:41:28.201019 #8588] ERROR -- : [Pipeline:default][Stage:save_to_db] Error: undefined local variable or method 'output' for an instance of ComprehensivePipeline
E, [2025-10-27T13:41:28.201069 #8588] ERROR -- : C:/workspace/minigun/examples/38_comprehensive_execution.rb:101:in 'block (2 levels) in <class:ComprehensivePipeline>'
C:/workspace/minigun/lib/minigun/stage.rb:109:in 'BasicObject#instance_exec'
C:/workspace/minigun/lib/minigun/stage.rb:109:in 'Minigun::AtomicStage#execute'
C:/workspace/minigun/lib/minigun/execution/executor.rb:62:in 'Minigun::Execution::Executor#run_stage_logic'
C:/workspace/minigun/lib/minigun/execution/executor.rb:99:in 'block in Minigun::Execution::ThreadPoolExecutor#execute_with_strategy'
E, [2025-10-27T13:41:28.202600 #8588] ERROR -- : [Pipeline:default][Stage:save_to_db] Error: undefined local variable or method 'output' for an instance of ComprehensivePipeline
E, [2025-10-27T13:41:28.202654 #8588] ERROR -- : C:/workspace/minigun/examples/38_comprehensive_execution.rb:101:in 'block (2 levels) in <class:ComprehensivePipeline>'
C:/workspace/minigun/lib/minigun/stage.rb:109:in 'BasicObject#instance_exec'
C:/workspace/minigun/lib/minigun/stage.rb:109:in 'Minigun::AtomicStage#execute'
C:/workspace/minigun/lib/minigun/execution/executor.rb:62:in 'Minigun::Execution::Executor#run_stage_logic'
C:/workspace/minigun/lib/minigun/execution/executor.rb:99:in 'block in Minigun::Execution::ThreadPoolExecutor#execute_with_strategy'
E, [2025-10-27T13:41:28.204158 #8588] ERROR -- : [Pipeline:default][Stage:save_to_db] Error: undefined local variable or method 'output' for an instance of ComprehensivePipeline
E, [2025-10-27T13:41:28.204198 #8588] ERROR -- : C:/workspace/minigun/examples/38_comprehensive_execution.rb:101:in 'block (2 levels) in <class:ComprehensivePipeline>'
C:/workspace/minigun/lib/minigun/stage.rb:109:in 'BasicObject#instance_exec'
C:/workspace/minigun/lib/minigun/stage.rb:109:in 'Minigun::AtomicStage#execute'
C:/workspace/minigun/lib/minigun/execution/executor.rb:62:in 'Minigun::Execution::Executor#run_stage_logic'
C:/workspace/minigun/lib/minigun/execution/executor.rb:99:in 'block in Minigun::Execution::ThreadPoolExecutor#execute_with_strategy'
E, [2025-10-27T13:41:28.205769 #8588] ERROR -- : [Pipeline:default][Stage:save_to_db] Error: undefined local variable or method 'output' for an instance of ComprehensivePipeline
E, [2025-10-27T13:41:28.205810 #8588] ERROR -- : C:/workspace/minigun/examples/38_comprehensive_execution.rb:101:in 'block (2 levels) in <class:ComprehensivePipeline>'
C:/workspace/minigun/lib/minigun/stage.rb:109:in 'BasicObject#instance_exec'
C:/workspace/minigun/lib/minigun/stage.rb:109:in 'Minigun::AtomicStage#execute'
C:/workspace/minigun/lib/minigun/execution/executor.rb:62:in 'Minigun::Execution::Executor#run_stage_logic'
C:/workspace/minigun/lib/minigun/execution/executor.rb:99:in 'block in Minigun::Execution::ThreadPoolExecutor#execute_with_strategy'
E, [2025-10-27T13:41:28.208412 #8588] ERROR -- : [Pipeline:default][Stage:save_to_db] Error: undefined local variable or method 'output' for an instance of ComprehensivePipeline
E, [2025-10-27T13:41:28.208456 #8588] ERROR -- : C:/workspace/minigun/examples/38_comprehensive_execution.rb:101:in 'block (2 levels) in <class:ComprehensivePipeline>'
C:/workspace/minigun/lib/minigun/stage.rb:109:in 'BasicObject#instance_exec'
C:/workspace/minigun/lib/minigun/stage.rb:109:in 'Minigun::AtomicStage#execute'
C:/workspace/minigun/lib/minigun/execution/executor.rb:62:in 'Minigun::Execution::Executor#run_stage_logic'
C:/workspace/minigun/lib/minigun/execution/executor.rb:99:in 'block in Minigun::Execution::ThreadPoolExecutor#execute_with_strategy'
E, [2025-10-27T13:41:28.209986 #8588] ERROR -- : [Pipeline:default][Stage:save_to_db] Error: undefined local variable or method 'output' for an instance of ComprehensivePipeline
E, [2025-10-27T13:41:28.210046 #8588] ERROR -- : C:/workspace/minigun/examples/38_comprehensive_execution.rb:101:in 'block (2 levels) in <class:ComprehensivePipeline>'
C:/workspace/minigun/lib/minigun/stage.rb:109:in 'BasicObject#instance_exec'
C:/workspace/minigun/lib/minigun/stage.rb:109:in 'Minigun::AtomicStage#execute'
C:/workspace/minigun/lib/minigun/execution/executor.rb:62:in 'Minigun::Execution::Executor#run_stage_logic'
C:/workspace/minigun/lib/minigun/execution/executor.rb:99:in 'block in Minigun::Execution::ThreadPoolExecutor#execute_with_strategy'
E, [2025-10-27T13:41:28.211527 #8588] ERROR -- : [Pipeline:default][Stage:save_to_db] Error: undefined local variable or method 'output' for an instance of ComprehensivePipeline
E, [2025-10-27T13:41:28.211573 #8588] ERROR -- : C:/workspace/minigun/examples/38_comprehensive_execution.rb:101:in 'block (2 levels) in <class:ComprehensivePipeline>'
C:/workspace/minigun/lib/minigun/stage.rb:109:in 'BasicObject#instance_exec'
C:/workspace/minigun/lib/minigun/stage.rb:109:in 'Minigun::AtomicStage#execute'
C:/workspace/minigun/lib/minigun/execution/executor.rb:62:in 'Minigun::Execution::Executor#run_stage_logic'
C:/workspace/minigun/lib/minigun/execution/executor.rb:99:in 'block in Minigun::Execution::ThreadPoolExecutor#execute_with_strategy'
E, [2025-10-27T13:41:28.213046 #8588] ERROR -- : [Pipeline:default][Stage:save_to_db] Error: undefined local variable or method 'output' for an instance of ComprehensivePipeline
E, [2025-10-27T13:41:28.213091 #8588] ERROR -- : C:/workspace/minigun/examples/38_comprehensive_execution.rb:101:in 'block (2 levels) in <class:ComprehensivePipeline>'
C:/workspace/minigun/lib/minigun/stage.rb:109:in 'BasicObject#instance_exec'
C:/workspace/minigun/lib/minigun/stage.rb:109:in 'Minigun::AtomicStage#execute'
C:/workspace/minigun/lib/minigun/execution/executor.rb:62:in 'Minigun::Execution::Executor#run_stage_logic'
C:/workspace/minigun/lib/minigun/execution/executor.rb:99:in 'block in Minigun::Execution::ThreadPoolExecutor#execute_with_strategy'
E, [2025-10-27T13:41:28.214559 #8588] ERROR -- : [Pipeline:default][Stage:save_to_db] Error: undefined local variable or method 'output' for an instance of ComprehensivePipeline
E, [2025-10-27T13:41:28.214613 #8588] ERROR -- : C:/workspace/minigun/examples/38_comprehensive_execution.rb:101:in 'block (2 levels) in <class:ComprehensivePipeline>'
C:/workspace/minigun/lib/minigun/stage.rb:109:in 'BasicObject#instance_exec'
C:/workspace/minigun/lib/minigun/stage.rb:109:in 'Minigun::AtomicStage#execute'
C:/workspace/minigun/lib/minigun/execution/executor.rb:62:in 'Minigun::Execution::Executor#run_stage_logic'
C:/workspace/minigun/lib/minigun/execution/executor.rb:99:in 'block in Minigun::Execution::ThreadPoolExecutor#execute_with_strategy'
#<Thread:0x000001bb016d85b8 C:/workspace/minigun/lib/minigun/execution/executor.rb:97 run> terminated with exception 
(report_on_exception is true):
C:/workspace/minigun/examples/38_comprehensive_execution.rb:101:in 'block (2 levels) in 
<class:ComprehensivePipeline>': undefined local variable or method 'output' for an instance of ComprehensivePipeline 
(NameError)

      output << results

      ^^^^^^
	from C:/workspace/minigun/lib/minigun/stage.rb:109:in 'BasicObject#instance_exec'
	from C:/workspace/minigun/lib/minigun/stage.rb:109:in 'Minigun::AtomicStage#execute'
	from C:/workspace/minigun/lib/minigun/execution/executor.rb:62:in 'Minigun::Execution::Executor#run_stage_logic'
	from C:/workspace/minigun/lib/minigun/execution/executor.rb:99:in 'block in 
Minigun::Execution::ThreadPoolExecutor#execute_with_strategy'
#<Thread:0x000001bb01670cd8 C:/workspace/minigun/lib/minigun/execution/executor.rb:97 run> terminated with exception 
(report_on_exception is true):
C:/workspace/minigun/examples/38_comprehensive_execution.rb:101:in 'block (2 levels) in 
<class:ComprehensivePipeline>': undefined local variable or method 'output' for an instance of ComprehensivePipeline 
(NameError)

      output << results

      ^^^^^^
	from C:/workspace/minigun/lib/minigun/stage.rb:109:in 'BasicObject#instance_exec'
	from C:/workspace/minigun/lib/minigun/stage.rb:109:in 'Minigun::AtomicStage#execute'
	from C:/workspace/minigun/lib/minigun/execution/executor.rb:62:in 'Minigun::Execution::Executor#run_stage_logic'
	from C:/workspace/minigun/lib/minigun/execution/executor.rb:99:in 'block in 
Minigun::Execution::ThreadPoolExecutor#execute_with_strategy'
#<Thread:0x000001bb01779328 C:/workspace/minigun/lib/minigun/execution/executor.rb:97 run> terminated with exception 
(report_on_exception is true):
C:/workspace/minigun/examples/38_comprehensive_execution.rb:101:in 'block (2 levels) in 
<class:ComprehensivePipeline>': undefined local variable or method 'output' for an instance of ComprehensivePipeline 
(NameError)

      output << results

      ^^^^^^
	from C:/workspace/minigun/lib/minigun/stage.rb:109:in 'BasicObject#instance_exec'
	from C:/workspace/minigun/lib/minigun/stage.rb:109:in 'Minigun::AtomicStage#execute'
	from C:/workspace/minigun/lib/minigun/execution/executor.rb:62:in 'Minigun::Execution::Executor#run_stage_logic'
	from C:/workspace/minigun/lib/minigun/execution/executor.rb:99:in 'block in 
Minigun::Execution::ThreadPoolExecutor#execute_with_strategy'
#<Thread:0x000001bb01841a08 C:/workspace/minigun/lib/minigun/execution/executor.rb:97 run> terminated with exception 
(report_on_exception is true):
C:/workspace/minigun/examples/38_comprehensive_execution.rb:101:in 'block (2 levels) in 
<class:ComprehensivePipeline>': undefined local variable or method 'output' for an instance of ComprehensivePipeline 
(NameError)

      output << results

      ^^^^^^
	from C:/workspace/minigun/lib/minigun/stage.rb:109:in 'BasicObject#instance_exec'
	from C:/workspace/minigun/lib/minigun/stage.rb:109:in 'Minigun::AtomicStage#execute'
	from C:/workspace/minigun/lib/minigun/execution/executor.rb:62:in 'Minigun::Execution::Executor#run_stage_logic'
	from C:/workspace/minigun/lib/minigun/execution/executor.rb:99:in 'block in 
Minigun::Execution::ThreadPoolExecutor#execute_with_strategy'
#<Thread:0x000001bb017192c0 C:/workspace/minigun/lib/minigun/execution/executor.rb:97 run> terminated with exception 
(report_on_exception is true):
C:/workspace/minigun/examples/38_comprehensive_execution.rb:101:in 'block (2 levels) in 
<class:ComprehensivePipeline>': undefined local variable or method 'output' for an instance of ComprehensivePipeline 
(NameError)

      output << results

      ^^^^^^
	from C:/workspace/minigun/lib/minigun/stage.rb:109:in 'BasicObject#instance_exec'
	from C:/workspace/minigun/lib/minigun/stage.rb:109:in 'Minigun::AtomicStage#execute'
	from C:/workspace/minigun/lib/minigun/execution/executor.rb:62:in 'Minigun::Execution::Executor#run_stage_logic'
	from C:/workspace/minigun/lib/minigun/execution/executor.rb:99:in 'block in 
Minigun::Execution::ThreadPoolExecutor#execute_with_strategy'
#<Thread:0x000001bb01631920 C:/workspace/minigun/lib/minigun/execution/executor.rb:97 run> terminated with exception 
(report_on_exception is true):
C:/workspace/minigun/examples/38_comprehensive_execution.rb:101:in 'block (2 levels) in 
<class:ComprehensivePipeline>': undefined local variable or method 'output' for an instance of ComprehensivePipeline 
(NameError)

      output << results

      ^^^^^^
	from C:/workspace/minigun/lib/minigun/stage.rb:109:in 'BasicObject#instance_exec'
	from C:/workspace/minigun/lib/minigun/stage.rb:109:in 'Minigun::AtomicStage#execute'
	from C:/workspace/minigun/lib/minigun/execution/executor.rb:62:in 'Minigun::Execution::Executor#run_stage_logic'
	from C:/workspace/minigun/lib/minigun/execution/executor.rb:99:in 'block in 
Minigun::Execution::ThreadPoolExecutor#execute_with_strategy'
#<Thread:0x000001bb752b9f58 C:/workspace/minigun/lib/minigun/execution/executor.rb:97 run> terminated with exception 
(report_on_exception is true):
C:/workspace/minigun/examples/38_comprehensive_execution.rb:101:in 'block (2 levels) in 
<class:ComprehensivePipeline>': undefined local variable or method 'output' for an instance of ComprehensivePipeline 
(NameError)

      output << results

      ^^^^^^
	from C:/workspace/minigun/lib/minigun/stage.rb:109:in 'BasicObject#instance_exec'
	from C:/workspace/minigun/lib/minigun/stage.rb:109:in 'Minigun::AtomicStage#execute'
	from C:/workspace/minigun/lib/minigun/execution/executor.rb:62:in 'Minigun::Execution::Executor#run_stage_logic'
	from C:/workspace/minigun/lib/minigun/execution/executor.rb:99:in 'block in 
Minigun::Execution::ThreadPoolExecutor#execute_with_strategy'
#<Thread:0x000001bb75132608 C:/workspace/minigun/lib/minigun/execution/executor.rb:97 run> terminated with exception 
(report_on_exception is true):
C:/workspace/minigun/examples/38_comprehensive_execution.rb:101:in 'block (2 levels) in 
<class:ComprehensivePipeline>': undefined local variable or method 'output' for an instance of ComprehensivePipeline 
(NameError)

      output << results

      ^^^^^^
	from C:/workspace/minigun/lib/minigun/stage.rb:109:in 'BasicObject#instance_exec'
	from C:/workspace/minigun/lib/minigun/stage.rb:109:in 'Minigun::AtomicStage#execute'
	from C:/workspace/minigun/lib/minigun/execution/executor.rb:62:in 'Minigun::Execution::Executor#run_stage_logic'
	from C:/workspace/minigun/lib/minigun/execution/executor.rb:99:in 'block in 
Minigun::Execution::ThreadPoolExecutor#execute_with_strategy'
#<Thread:0x000001bb74bbfc20 C:/workspace/minigun/lib/minigun/execution/executor.rb:97 run> terminated with exception 
(report_on_exception is true):
C:/workspace/minigun/examples/38_comprehensive_execution.rb:101:in 'block (2 levels) in 
<class:ComprehensivePipeline>': undefined local variable or method 'output' for an instance of ComprehensivePipeline 
(NameError)

      output << results

      ^^^^^^
	from C:/workspace/minigun/lib/minigun/stage.rb:109:in 'BasicObject#instance_exec'
	from C:/workspace/minigun/lib/minigun/stage.rb:109:in 'Minigun::AtomicStage#execute'
	from C:/workspace/minigun/lib/minigun/execution/executor.rb:62:in 'Minigun::Execution::Executor#run_stage_logic'
	from C:/workspace/minigun/lib/minigun/execution/executor.rb:99:in 'block in 
Minigun::Execution::ThreadPoolExecutor#execute_with_strategy'
#<Thread:0x000001bb74ab5fa0 C:/workspace/minigun/lib/minigun/execution/executor.rb:97 run> terminated with exception 
(report_on_exception is true):
C:/workspace/minigun/examples/38_comprehensive_execution.rb:101:in 'block (2 levels) in 
<class:ComprehensivePipeline>': undefined local variable or method 'output' for an instance of ComprehensivePipeline 
(NameError)

      output << results

      ^^^^^^
	from C:/workspace/minigun/lib/minigun/stage.rb:109:in 'BasicObject#instance_exec'
	from C:/workspace/minigun/lib/minigun/stage.rb:109:in 'Minigun::AtomicStage#execute'
	from C:/workspace/minigun/lib/minigun/execution/executor.rb:62:in 'Minigun::Execution::Executor#run_stage_logic'
	from C:/workspace/minigun/lib/minigun/execution/executor.rb:99:in 'block in 
Minigun::Execution::ThreadPoolExecutor#execute_with_strategy'
#<Thread:0x000001bb74a39ab8 C:/workspace/minigun/lib/minigun/execution/executor.rb:97 run> terminated with exception 
(report_on_exception is true):
C:/workspace/minigun/examples/38_comprehensive_execution.rb:101:in 'block (2 levels) in 
<class:ComprehensivePipeline>': undefined local variable or method 'output' for an instance of ComprehensivePipeline 
(NameError)

      output << results

      ^^^^^^
	from C:/workspace/minigun/lib/minigun/stage.rb:109:in 'BasicObject#instance_exec'
	from C:/workspace/minigun/lib/minigun/stage.rb:109:in 'Minigun::AtomicStage#execute'
	from C:/workspace/minigun/lib/minigun/execution/executor.rb:62:in 'Minigun::Execution::Executor#run_stage_logic'
	from C:/workspace/minigun/lib/minigun/execution/executor.rb:99:in 'block in 
Minigun::Execution::ThreadPoolExecutor#execute_with_strategy'
E, [2025-10-27T13:41:28.216381 #8588] ERROR -- : [Pipeline:default][Stage:save_to_db] Error: undefined local variable or method 'output' for an instance of ComprehensivePipeline
E, [2025-10-27T13:41:28.216426 #8588] ERROR -- : C:/workspace/minigun/examples/38_comprehensive_execution.rb:101:in 'block (2 levels) in <class:ComprehensivePipeline>'
C:/workspace/minigun/lib/minigun/stage.rb:109:in 'BasicObject#instance_exec'
C:/workspace/minigun/lib/minigun/stage.rb:109:in 'Minigun::AtomicStage#execute'
C:/workspace/minigun/lib/minigun/execution/executor.rb:62:in 'Minigun::Execution::Executor#run_stage_logic'
C:/workspace/minigun/lib/minigun/execution/executor.rb:99:in 'block in Minigun::Execution::ThreadPoolExecutor#execute_with_strategy'
E, [2025-10-27T13:41:28.217865 #8588] ERROR -- : [Pipeline:default][Stage:save_to_db] Error: undefined local variable or method 'output' for an instance of ComprehensivePipeline
E, [2025-10-27T13:41:28.217908 #8588] ERROR -- : C:/workspace/minigun/examples/38_comprehensive_execution.rb:101:in 'block (2 levels) in <class:ComprehensivePipeline>'
C:/workspace/minigun/lib/minigun/stage.rb:109:in 'BasicObject#instance_exec'
C:/workspace/minigun/lib/minigun/stage.rb:109:in 'Minigun::AtomicStage#execute'
C:/workspace/minigun/lib/minigun/execution/executor.rb:62:in 'Minigun::Execution::Executor#run_stage_logic'
C:/workspace/minigun/lib/minigun/execution/executor.rb:99:in 'block in Minigun::Execution::ThreadPoolExecutor#execute_with_strategy'
E, [2025-10-27T13:41:28.219469 #8588] ERROR -- : [Pipeline:default][Stage:save_to_db] Error: undefined local variable or method 'output' for an instance of ComprehensivePipeline
E, [2025-10-27T13:41:28.219516 #8588] ERROR -- : C:/workspace/minigun/examples/38_comprehensive_execution.rb:101:in 'block (2 levels) in <class:ComprehensivePipeline>'
C:/workspace/minigun/lib/minigun/stage.rb:109:in 'BasicObject#instance_exec'
C:/workspace/minigun/lib/minigun/stage.rb:109:in 'Minigun::AtomicStage#execute'
C:/workspace/minigun/lib/minigun/execution/executor.rb:62:in 'Minigun::Execution::Executor#run_stage_logic'
C:/workspace/minigun/lib/minigun/execution/executor.rb:99:in 'block in Minigun::Execution::ThreadPoolExecutor#execute_with_strategy'
E, [2025-10-27T13:41:28.220990 #8588] ERROR -- : [Pipeline:default][Stage:save_to_db] Error: undefined local variable or method 'output' for an instance of ComprehensivePipeline
E, [2025-10-27T13:41:28.221039 #8588] ERROR -- : C:/workspace/minigun/examples/38_comprehensive_execution.rb:101:in 'block (2 levels) in <class:ComprehensivePipeline>'
C:/workspace/minigun/lib/minigun/stage.rb:109:in 'BasicObject#instance_exec'
C:/workspace/minigun/lib/minigun/stage.rb:109:in 'Minigun::AtomicStage#execute'
C:/workspace/minigun/lib/minigun/execution/executor.rb:62:in 'Minigun::Execution::Executor#run_stage_logic'
C:/workspace/minigun/lib/minigun/execution/executor.rb:99:in 'block in Minigun::Execution::ThreadPoolExecutor#execute_with_strategy'
E, [2025-10-27T13:41:28.223271 #8588] ERROR -- : [Pipeline:default][Stage:save_to_db] Error: undefined local variable or method 'output' for an instance of ComprehensivePipeline
E, [2025-10-27T13:41:28.223318 #8588] ERROR -- : C:/workspace/minigun/examples/38_comprehensive_execution.rb:101:in 'block (2 levels) in <class:ComprehensivePipeline>'
C:/workspace/minigun/lib/minigun/stage.rb:109:in 'BasicObject#instance_exec'
C:/workspace/minigun/lib/minigun/stage.rb:109:in 'Minigun::AtomicStage#execute'
C:/workspace/minigun/lib/minigun/execution/executor.rb:62:in 'Minigun::Execution::Executor#run_stage_logic'
C:/workspace/minigun/lib/minigun/execution/executor.rb:99:in 'block in Minigun::Execution::ThreadPoolExecutor#execute_with_strategy'
E, [2025-10-27T13:41:28.224899 #8588] ERROR -- : [Pipeline:default][Stage:save_to_db] Error: undefined local variable or method 'output' for an instance of ComprehensivePipeline
E, [2025-10-27T13:41:28.224953 #8588] ERROR -- : C:/workspace/minigun/examples/38_comprehensive_execution.rb:101:in 'block (2 levels) in <class:ComprehensivePipeline>'
C:/workspace/minigun/lib/minigun/stage.rb:109:in 'BasicObject#instance_exec'
C:/workspace/minigun/lib/minigun/stage.rb:109:in 'Minigun::AtomicStage#execute'
C:/workspace/minigun/lib/minigun/execution/executor.rb:62:in 'Minigun::Execution::Executor#run_stage_logic'
C:/workspace/minigun/lib/minigun/execution/executor.rb:99:in 'block in Minigun::Execution::ThreadPoolExecutor#execute_with_strategy'
E, [2025-10-27T13:41:28.228884 #8588] ERROR -- : [Pipeline:default][Stage:save_to_db] Error: undefined local variable or method 'output' for an instance of ComprehensivePipeline
E, [2025-10-27T13:41:28.228930 #8588] ERROR -- : C:/workspace/minigun/examples/38_comprehensive_execution.rb:101:in 'block (2 levels) in <class:ComprehensivePipeline>'
C:/workspace/minigun/lib/minigun/stage.rb:109:in 'BasicObject#instance_exec'
C:/workspace/minigun/lib/minigun/stage.rb:109:in 'Minigun::AtomicStage#execute'
C:/workspace/minigun/lib/minigun/execution/executor.rb:62:in 'Minigun::Execution::Executor#run_stage_logic'
C:/workspace/minigun/lib/minigun/execution/executor.rb:99:in 'block in Minigun::Execution::ThreadPoolExecutor#execute_with_strategy'
E, [2025-10-27T13:41:28.230504 #8588] ERROR -- : [Pipeline:default][Stage:save_to_db] Error: undefined local variable or method 'output' for an instance of ComprehensivePipeline
E, [2025-10-27T13:41:28.230554 #8588] ERROR -- : C:/workspace/minigun/examples/38_comprehensive_execution.rb:101:in 'block (2 levels) in <class:ComprehensivePipeline>'
C:/workspace/minigun/lib/minigun/stage.rb:109:in 'BasicObject#instance_exec'
C:/workspace/minigun/lib/minigun/stage.rb:109:in 'Minigun::AtomicStage#execute'
C:/workspace/minigun/lib/minigun/execution/executor.rb:62:in 'Minigun::Execution::Executor#run_stage_logic'
C:/workspace/minigun/lib/minigun/execution/executor.rb:99:in 'block in Minigun::Execution::ThreadPoolExecutor#execute_with_strategy'
E, [2025-10-27T13:41:28.232152 #8588] ERROR -- : [Pipeline:default][Stage:save_to_db] Error: undefined local variable or method 'output' for an instance of ComprehensivePipeline
E, [2025-10-27T13:41:28.232201 #8588] ERROR -- : C:/workspace/minigun/examples/38_comprehensive_execution.rb:101:in 'block (2 levels) in <class:ComprehensivePipeline>'
C:/workspace/minigun/lib/minigun/stage.rb:109:in 'BasicObject#instance_exec'
C:/workspace/minigun/lib/minigun/stage.rb:109:in 'Minigun::AtomicStage#execute'
C:/workspace/minigun/lib/minigun/execution/executor.rb:62:in 'Minigun::Execution::Executor#run_stage_logic'
C:/workspace/minigun/lib/minigun/execution/executor.rb:99:in 'block in Minigun::Execution::ThreadPoolExecutor#execute_with_strategy'
#<Thread:0x000001bb74b718e0 C:/workspace/minigun/lib/minigun/execution/executor.rb:97 run> terminated with exception 
(report_on_exception is true):
C:/workspace/minigun/examples/38_comprehensive_execution.rb:101:in 'block (2 levels) in 
<class:ComprehensivePipeline>': undefined local variable or method 'output' for an instance of ComprehensivePipeline 
(NameError)

      output << results

E, [2025-10-27T13:41:28.233616 #8588] ERROR -- : [Pipeline:default][Stage:save_to_db] Error: undefined local variable or method 'output' for an instance of ComprehensivePipeline
E, [2025-10-27T13:41:28.233665 #8588] ERROR -- : C:/workspace/minigun/examples/38_comprehensive_execution.rb:101:in 'block (2 levels) in <class:ComprehensivePipeline>'
C:/workspace/minigun/lib/minigun/stage.rb:109:in 'BasicObject#instance_exec'
C:/workspace/minigun/lib/minigun/stage.rb:109:in 'Minigun::AtomicStage#execute'
C:/workspace/minigun/lib/minigun/execution/executor.rb:62:in 'Minigun::Execution::Executor#run_stage_logic'
C:/workspace/minigun/lib/minigun/execution/executor.rb:99:in 'block in Minigun::Execution::ThreadPoolExecutor#execute_with_strategy'
E, [2025-10-27T13:41:28.235123 #8588] ERROR -- : [Pipeline:default][Stage:save_to_db] Error: undefined local variable or method 'output' for an instance of ComprehensivePipeline
E, [2025-10-27T13:41:28.235165 #8588] ERROR -- : C:/workspace/minigun/examples/38_comprehensive_execution.rb:101:in 'block (2 levels) in <class:ComprehensivePipeline>'
C:/workspace/minigun/lib/minigun/stage.rb:109:in 'BasicObject#instance_exec'
C:/workspace/minigun/lib/minigun/stage.rb:109:in 'Minigun::AtomicStage#execute'
C:/workspace/minigun/lib/minigun/execution/executor.rb:62:in 'Minigun::Execution::Executor#run_stage_logic'
C:/workspace/minigun/lib/minigun/execution/executor.rb:99:in 'block in Minigun::Execution::ThreadPoolExecutor#execute_with_strategy'
      ^^^^^^
	from C:/workspace/minigun/lib/minigun/stage.rb:109:in 'BasicObject#instance_exec'
	from C:/workspace/minigun/lib/minigun/stage.rb:109:in 'Minigun::AtomicStage#execute'
	from C:/workspace/minigun/lib/minigun/execution/executor.rb:62:in 'Minigun::Execution::Executor#run_stage_logic'
	from C:/workspace/minigun/lib/minigun/execution/executor.rb:99:in 'block in 
Minigun::Execution::ThreadPoolExecutor#execute_with_strategy'
#<Thread:0x000001bb74bf6400 C:/workspace/minigun/lib/minigun/execution/executor.rb:97 run> terminated with exception 
(report_on_exception is true):
C:/workspace/minigun/examples/38_comprehensive_execution.rb:101:in 'block (2 levels) in 
<class:ComprehensivePipeline>': undefined local variable or method 'output' for an instance of ComprehensivePipeline 
(NameError)

      output << results

      ^^^^^^
	from C:/workspace/minigun/lib/minigun/stage.rb:109:in 'BasicObject#instance_exec'
	from C:/workspace/minigun/lib/minigun/stage.rb:109:in 'Minigun::AtomicStage#execute'
	from C:/workspace/minigun/lib/minigun/execution/executor.rb:62:in 'Minigun::Execution::Executor#run_stage_logic'
	from C:/workspace/minigun/lib/minigun/execution/executor.rb:99:in 'block in 
Minigun::Execution::ThreadPoolExecutor#execute_with_strategy'
#<Thread:0x000001bb74d501e8 C:/workspace/minigun/lib/minigun/execution/executor.rb:97 run> terminated with exception 
(report_on_exception is true):
C:/workspace/minigun/examples/38_comprehensive_execution.rb:101:in 'block (2 levels) in 
<class:ComprehensivePipeline>': undefined local variable or method 'output' for an instance of ComprehensivePipeline 
(NameError)

      output << results

      ^^^^^^
	from C:/workspace/minigun/lib/minigun/stage.rb:109:in 'BasicObject#instance_exec'
	from C:/workspace/minigun/lib/minigun/stage.rb:109:in 'Minigun::AtomicStage#execute'
	from C:/workspace/minigun/lib/minigun/execution/executor.rb:62:in 'Minigun::Execution::Executor#run_stage_logic'
	from C:/workspace/minigun/lib/minigun/execution/executor.rb:99:in 'block in 
Minigun::Execution::ThreadPoolExecutor#execute_with_strategy'
#<Thread:0x000001bb751fbfa8 C:/workspace/minigun/lib/minigun/execution/executor.rb:97 run> terminated with exception 
(report_on_exception is true):
C:/workspace/minigun/examples/38_comprehensive_execution.rb:101:in 'block (2 levels) in 
<class:ComprehensivePipeline>': undefined local variable or method 'output' for an instance of ComprehensivePipeline 
(NameError)

      output << results

      ^^^^^^
	from C:/workspace/minigun/lib/minigun/stage.rb:109:in 'BasicObject#instance_exec'
	from C:/workspace/minigun/lib/minigun/stage.rb:109:in 'Minigun::AtomicStage#execute'
	from C:/workspace/minigun/lib/minigun/execution/executor.rb:62:in 'Minigun::Execution::Executor#run_stage_logic'
	from C:/workspace/minigun/lib/minigun/execution/executor.rb:99:in 'block in 
Minigun::Execution::ThreadPoolExecutor#execute_with_strategy'
#<Thread:0x000001bb75174698 C:/workspace/minigun/lib/minigun/execution/executor.rb:97 run> terminated with exception 
(report_on_exception is true):
C:/workspace/minigun/examples/38_comprehensive_execution.rb:101:in 'block (2 levels) in 
<class:ComprehensivePipeline>': undefined local variable or method 'output' for an instance of ComprehensivePipeline 
(NameError)

      output << results

      ^^^^^^
	from C:/workspace/minigun/lib/minigun/stage.rb:109:in 'BasicObject#instance_exec'
	from C:/workspace/minigun/lib/minigun/stage.rb:109:in 'Minigun::AtomicStage#execute'
	from C:/workspace/minigun/lib/minigun/execution/executor.rb:62:in 'Minigun::Execution::Executor#run_stage_logic'
	from C:/workspace/minigun/lib/minigun/execution/executor.rb:99:in 'block in 
Minigun::Execution::ThreadPoolExecutor#execute_with_strategy'
#<Thread:0x000001bb735bcdb0 C:/workspace/minigun/lib/minigun/execution/executor.rb:97 run> terminated with exception 
(report_on_exception is true):
C:/workspace/minigun/examples/38_comprehensive_execution.rb:101:in 'block (2 levels) in 
<class:ComprehensivePipeline>': undefined local variable or method 'output' for an instance of ComprehensivePipeline 
(NameError)

      output << results

      ^^^^^^
	from C:/workspace/minigun/lib/minigun/stage.rb:109:in 'BasicObject#instance_exec'
	from C:/workspace/minigun/lib/minigun/stage.rb:109:in 'Minigun::AtomicStage#execute'
	from C:/workspace/minigun/lib/minigun/execution/executor.rb:62:in 'Minigun::Execution::Executor#run_stage_logic'
	from C:/workspace/minigun/lib/minigun/execution/executor.rb:99:in 'block in 
Minigun::Execution::ThreadPoolExecutor#execute_with_strategy'
#<Thread:0x000001bb015d39b0 C:/workspace/minigun/lib/minigun/execution/executor.rb:97 run> terminated with exception 
(report_on_exception is true):
C:/workspace/minigun/examples/38_comprehensive_execution.rb:101:in 'block (2 levels) in 
<class:ComprehensivePipeline>': undefined local variable or method 'output' for an instance of ComprehensivePipeline 
(NameError)

      output << results

      ^^^^^^
	from C:/workspace/minigun/lib/minigun/stage.rb:109:in 'BasicObject#instance_exec'
	from C:/workspace/minigun/lib/minigun/stage.rb:109:in 'Minigun::AtomicStage#execute'
	from C:/workspace/minigun/lib/minigun/execution/executor.rb:62:in 'Minigun::Execution::Executor#run_stage_logic'
	from C:/workspace/minigun/lib/minigun/execution/executor.rb:99:in 'block in 
Minigun::Execution::ThreadPoolExecutor#execute_with_strategy'
#<Thread:0x000001bb016dbfd8 C:/workspace/minigun/lib/minigun/execution/executor.rb:97 run> terminated with exception 
(report_on_exception is true):
C:/workspace/minigun/examples/38_comprehensive_execution.rb:101:in 'block (2 levels) in 
<class:ComprehensivePipeline>': undefined local variable or method 'output' for an instance of ComprehensivePipeline 
(NameError)

      output << results

      ^^^^^^
	from C:/workspace/minigun/lib/minigun/stage.rb:109:in 'BasicObject#instance_exec'
	from C:/workspace/minigun/lib/minigun/stage.rb:109:in 'Minigun::AtomicStage#execute'
	from C:/workspace/minigun/lib/minigun/execution/executor.rb:62:in 'Minigun::Execution::Executor#run_stage_logic'
	from C:/workspace/minigun/lib/minigun/execution/executor.rb:99:in 'block in 
Minigun::Execution::ThreadPoolExecutor#execute_with_strategy'
#<Thread:0x000001bb016746a8 C:/workspace/minigun/lib/minigun/execution/executor.rb:97 run> terminated with exception 
(report_on_exception is true):
C:/workspace/minigun/examples/38_comprehensive_execution.rb:101:in 'block (2 levels) in 
<class:ComprehensivePipeline>': undefined local variable or method 'output' for an instance of ComprehensivePipeline 
(NameError)

      output << results

      ^^^^^^
	from C:/workspace/minigun/lib/minigun/stage.rb:109:in 'BasicObject#instance_exec'
	from C:/workspace/minigun/lib/minigun/stage.rb:109:in 'Minigun::AtomicStage#execute'
	from C:/workspace/minigun/lib/minigun/execution/executor.rb:62:in 'Minigun::Execution::Executor#run_stage_logic'
	from C:/workspace/minigun/lib/minigun/execution/executor.rb:99:in 'block in 
Minigun::Execution::ThreadPoolExecutor#execute_with_strategy'
#<Thread:0x000001bb0177ccf8 C:/workspace/minigun/lib/minigun/execution/executor.rb:97 run> terminated with exception 
(report_on_exception is true):
C:/workspace/minigun/examples/38_comprehensive_execution.rb:101:in 'block (2 levels) in 
<class:ComprehensivePipeline>': undefined local variable or method 'output' for an instance of ComprehensivePipeline 
(NameError)

      output << results

      ^^^^^^
	from C:/workspace/minigun/lib/minigun/stage.rb:109:in 'BasicObject#instance_exec'
	from C:/workspace/minigun/lib/minigun/stage.rb:109:in 'Minigun::AtomicStage#execute'
	from C:/workspace/minigun/lib/minigun/execution/executor.rb:62:in 'Minigun::Execution::Executor#run_stage_logic'
	from C:/workspace/minigun/lib/minigun/execution/executor.rb:99:in 'block in 
Minigun::Execution::ThreadPoolExecutor#execute_with_strategy'
#<Thread:0x000001bb018453d8 C:/workspace/minigun/lib/minigun/execution/executor.rb:97 run> terminated with exception 
(report_on_exception is true):
C:/workspace/minigun/examples/38_comprehensive_execution.rb:101:in 'block (2 levels) in 
<class:ComprehensivePipeline>': undefined local variable or method 'output' for an instance of ComprehensivePipeline 
(NameError)

      output << results

      ^^^^^^
	from C:/workspace/minigun/lib/minigun/stage.rb:109:in 'BasicObject#instance_exec'
	from C:/workspace/minigun/lib/minigun/stage.rb:109:in 'Minigun::AtomicStage#execute'
	from C:/workspace/minigun/lib/minigun/execution/executor.rb:62:in 'Minigun::Execution::Executor#run_stage_logic'
	from C:/workspace/minigun/lib/minigun/execution/executor.rb:99:in 'block in 
Minigun::Execution::ThreadPoolExecutor#execute_with_strategy'
E, [2025-10-27T13:41:28.236624 #8588] ERROR -- : [Pipeline:default][Stage:save_to_db] Error: undefined local variable or method 'output' for an instance of ComprehensivePipeline
E, [2025-10-27T13:41:28.236676 #8588] ERROR -- : C:/workspace/minigun/examples/38_comprehensive_execution.rb:101:in 'block (2 levels) in <class:ComprehensivePipeline>'
C:/workspace/minigun/lib/minigun/stage.rb:109:in 'BasicObject#instance_exec'
C:/workspace/minigun/lib/minigun/stage.rb:109:in 'Minigun::AtomicStage#execute'
C:/workspace/minigun/lib/minigun/execution/executor.rb:62:in 'Minigun::Execution::Executor#run_stage_logic'
C:/workspace/minigun/lib/minigun/execution/executor.rb:99:in 'block in Minigun::Execution::ThreadPoolExecutor#execute_with_strategy'
E, [2025-10-27T13:41:28.238102 #8588] ERROR -- : [Pipeline:default][Stage:save_to_db] Error: undefined local variable or method 'output' for an instance of ComprehensivePipeline
E, [2025-10-27T13:41:28.238134 #8588] ERROR -- : C:/workspace/minigun/examples/38_comprehensive_execution.rb:101:in 'block (2 levels) in <class:ComprehensivePipeline>'
C:/workspace/minigun/lib/minigun/stage.rb:109:in 'BasicObject#instance_exec'
C:/workspace/minigun/lib/minigun/stage.rb:109:in 'Minigun::AtomicStage#execute'
C:/workspace/minigun/lib/minigun/execution/executor.rb:62:in 'Minigun::Execution::Executor#run_stage_logic'
C:/workspace/minigun/lib/minigun/execution/executor.rb:99:in 'block in Minigun::Execution::ThreadPoolExecutor#execute_with_strategy'
E, [2025-10-27T13:41:28.239606 #8588] ERROR -- : [Pipeline:default][Stage:save_to_db] Error: undefined local variable or method 'output' for an instance of ComprehensivePipeline
E, [2025-10-27T13:41:28.239664 #8588] ERROR -- : C:/workspace/minigun/examples/38_comprehensive_execution.rb:101:in 'block (2 levels) in <class:ComprehensivePipeline>'
C:/workspace/minigun/lib/minigun/stage.rb:109:in 'BasicObject#instance_exec'
C:/workspace/minigun/lib/minigun/stage.rb:109:in 'Minigun::AtomicStage#execute'
C:/workspace/minigun/lib/minigun/execution/executor.rb:62:in 'Minigun::Execution::Executor#run_stage_logic'
C:/workspace/minigun/lib/minigun/execution/executor.rb:99:in 'block in Minigun::Execution::ThreadPoolExecutor#execute_with_strategy'
E, [2025-10-27T13:41:28.241222 #8588] ERROR -- : [Pipeline:default][Stage:save_to_db] Error: undefined local variable or method 'output' for an instance of ComprehensivePipeline
E, [2025-10-27T13:41:28.241277 #8588] ERROR -- : C:/workspace/minigun/examples/38_comprehensive_execution.rb:101:in 'block (2 levels) in <class:ComprehensivePipeline>'
C:/workspace/minigun/lib/minigun/stage.rb:109:in 'BasicObject#instance_exec'
C:/workspace/minigun/lib/minigun/stage.rb:109:in 'Minigun::AtomicStage#execute'
C:/workspace/minigun/lib/minigun/execution/executor.rb:62:in 'Minigun::Execution::Executor#run_stage_logic'
C:/workspace/minigun/lib/minigun/execution/executor.rb:99:in 'block in Minigun::Execution::ThreadPoolExecutor#execute_with_strategy'
E, [2025-10-27T13:41:28.242752 #8588] ERROR -- : [Pipeline:default][Stage:save_to_db] Error: undefined local variable or method 'output' for an instance of ComprehensivePipeline
E, [2025-10-27T13:41:28.242789 #8588] ERROR -- : C:/workspace/minigun/examples/38_comprehensive_execution.rb:101:in 'block (2 levels) in <class:ComprehensivePipeline>'
C:/workspace/minigun/lib/minigun/stage.rb:109:in 'BasicObject#instance_exec'
C:/workspace/minigun/lib/minigun/stage.rb:109:in 'Minigun::AtomicStage#execute'
C:/workspace/minigun/lib/minigun/execution/executor.rb:62:in 'Minigun::Execution::Executor#run_stage_logic'
C:/workspace/minigun/lib/minigun/execution/executor.rb:99:in 'block in Minigun::Execution::ThreadPoolExecutor#execute_with_strategy'
E, [2025-10-27T13:41:28.244189 #8588] ERROR -- : [Pipeline:default][Stage:save_to_db] Error: undefined local variable or method 'output' for an instance of ComprehensivePipeline
E, [2025-10-27T13:41:28.244230 #8588] ERROR -- : C:/workspace/minigun/examples/38_comprehensive_execution.rb:101:in 'block (2 levels) in <class:ComprehensivePipeline>'
C:/workspace/minigun/lib/minigun/stage.rb:109:in 'BasicObject#instance_exec'
C:/workspace/minigun/lib/minigun/stage.rb:109:in 'Minigun::AtomicStage#execute'
C:/workspace/minigun/lib/minigun/execution/executor.rb:62:in 'Minigun::Execution::Executor#run_stage_logic'
C:/workspace/minigun/lib/minigun/execution/executor.rb:99:in 'block in Minigun::Execution::ThreadPoolExecutor#execute_with_strategy'
E, [2025-10-27T13:41:28.248923 #8588] ERROR -- : [Pipeline:default][Stage:save_to_db] Error: undefined local variable or method 'output' for an instance of ComprehensivePipeline
E, [2025-10-27T13:41:28.248969 #8588] ERROR -- : C:/workspace/minigun/examples/38_comprehensive_execution.rb:101:in 'block (2 levels) in <class:ComprehensivePipeline>'
C:/workspace/minigun/lib/minigun/stage.rb:109:in 'BasicObject#instance_exec'
C:/workspace/minigun/lib/minigun/stage.rb:109:in 'Minigun::AtomicStage#execute'
C:/workspace/minigun/lib/minigun/execution/executor.rb:62:in 'Minigun::Execution::Executor#run_stage_logic'
C:/workspace/minigun/lib/minigun/execution/executor.rb:99:in 'block in Minigun::Execution::ThreadPoolExecutor#execute_with_strategy'
E, [2025-10-27T13:41:28.250451 #8588] ERROR -- : [Pipeline:default][Stage:save_to_db] Error: undefined local variable or method 'output' for an instance of ComprehensivePipeline
E, [2025-10-27T13:41:28.250498 #8588] ERROR -- : C:/workspace/minigun/examples/38_comprehensive_execution.rb:101:in 'block (2 levels) in <class:ComprehensivePipeline>'
C:/workspace/minigun/lib/minigun/stage.rb:109:in 'BasicObject#instance_exec'
C:/workspace/minigun/lib/minigun/stage.rb:109:in 'Minigun::AtomicStage#execute'
C:/workspace/minigun/lib/minigun/execution/executor.rb:62:in 'Minigun::Execution::Executor#run_stage_logic'
C:/workspace/minigun/lib/minigun/execution/executor.rb:99:in 'block in Minigun::Execution::ThreadPoolExecutor#execute_with_strategy'
E, [2025-10-27T13:41:28.251979 #8588] ERROR -- : [Pipeline:default][Stage:save_to_db] Error: undefined local variable or method 'output' for an instance of ComprehensivePipeline
E, [2025-10-27T13:41:28.252028 #8588] ERROR -- : C:/workspace/minigun/examples/38_comprehensive_execution.rb:101:in 'block (2 levels) in <class:ComprehensivePipeline>'
C:/workspace/minigun/lib/minigun/stage.rb:109:in 'BasicObject#instance_exec'
C:/workspace/minigun/lib/minigun/stage.rb:109:in 'Minigun::AtomicStage#execute'
C:/workspace/minigun/lib/minigun/execution/executor.rb:62:in 'Minigun::Execution::Executor#run_stage_logic'
C:/workspace/minigun/lib/minigun/execution/executor.rb:99:in 'block in Minigun::Execution::ThreadPoolExecutor#execute_with_strategy'
E, [2025-10-27T13:41:28.253552 #8588] ERROR -- : [Pipeline:default][Stage:save_to_db] Error: undefined local variable or method 'output' for an instance of ComprehensivePipeline
E, [2025-10-27T13:41:28.253595 #8588] ERROR -- : C:/workspace/minigun/examples/38_comprehensive_execution.rb:101:in 'block (2 levels) in <class:ComprehensivePipeline>'
C:/workspace/minigun/lib/minigun/stage.rb:109:in 'BasicObject#instance_exec'
C:/workspace/minigun/lib/minigun/stage.rb:109:in 'Minigun::AtomicStage#execute'
C:/workspace/minigun/lib/minigun/execution/executor.rb:62:in 'Minigun::Execution::Executor#run_stage_logic'
C:/workspace/minigun/lib/minigun/execution/executor.rb:99:in 'block in Minigun::Execution::ThreadPoolExecutor#execute_with_strategy'
E, [2025-10-27T13:41:28.255090 #8588] ERROR -- : [Pipeline:default][Stage:save_to_db] Error: undefined local variable or method 'output' for an instance of ComprehensivePipeline
E, [2025-10-27T13:41:28.255140 #8588] ERROR -- : C:/workspace/minigun/examples/38_comprehensive_execution.rb:101:in 'block (2 levels) in <class:ComprehensivePipeline>'
C:/workspace/minigun/lib/minigun/stage.rb:109:in 'BasicObject#instance_exec'
C:/workspace/minigun/lib/minigun/stage.rb:109:in 'Minigun::AtomicStage#execute'
C:/workspace/minigun/lib/minigun/execution/executor.rb:62:in 'Minigun::Execution::Executor#run_stage_logic'
C:/workspace/minigun/lib/minigun/execution/executor.rb:99:in 'block in Minigun::Execution::ThreadPoolExecutor#execute_with_strategy'
#<Thread:0x000001bb0171cdf8 C:/workspace/minigun/lib/minigun/execution/executor.rb:97 run> terminated with exception 
(report_on_exception is true):
C:/workspace/minigun/examples/38_comprehensive_execution.rb:101:in 'block (2 levels) in 
<class:ComprehensivePipeline>': undefined local variable or method 'output' for an instance of ComprehensivePipeline 
(NameError)

      output << results

      ^^^^^^
	from C:/workspace/minigun/lib/minigun/stage.rb:109:in 'BasicObject#instance_exec'
	from C:/workspace/minigun/lib/minigun/stage.rb:109:in 'Minigun::AtomicStage#execute'
	from C:/workspace/minigun/lib/minigun/execution/executor.rb:62:in 'Minigun::Execution::Executor#run_stage_logic'
	from C:/workspace/minigun/lib/minigun/execution/executor.rb:99:in 'block in 
Minigun::Execution::ThreadPoolExecutor#execute_with_strategy'
#<Thread:0x000001bb016352f0 C:/workspace/minigun/lib/minigun/execution/executor.rb:97 run> terminated with exception 
(report_on_exception is true):
C:/workspace/minigun/examples/38_comprehensive_execution.rb:101:in 'block (2 levels) in 
<class:ComprehensivePipeline>': undefined local variable or method 'output' for an instance of ComprehensivePipeline 
(NameError)

      output << results

      ^^^^^^
	from C:/workspace/minigun/lib/minigun/stage.rb:109:in 'BasicObject#instance_exec'
	from C:/workspace/minigun/lib/minigun/stage.rb:109:in 'Minigun::AtomicStage#execute'
	from C:/workspace/minigun/lib/minigun/execution/executor.rb:62:in 'Minigun::Execution::Executor#run_stage_logic'
	from C:/workspace/minigun/lib/minigun/execution/executor.rb:99:in 'block in 
Minigun::Execution::ThreadPoolExecutor#execute_with_strategy'
#<Thread:0x000001bb752bd928 C:/workspace/minigun/lib/minigun/execution/executor.rb:97 run> terminated with exception 
(report_on_exception is true):
C:/workspace/minigun/examples/38_comprehensive_execution.rb:101:in 'block (2 levels) in 
<class:ComprehensivePipeline>': undefined local variable or method 'output' for an instance of ComprehensivePipeline 
(NameError)

      output << results

      ^^^^^^
	from C:/workspace/minigun/lib/minigun/stage.rb:109:in 'BasicObject#instance_exec'
	from C:/workspace/minigun/lib/minigun/stage.rb:109:in 'Minigun::AtomicStage#execute'
	from C:/workspace/minigun/lib/minigun/execution/executor.rb:62:in 'Minigun::Execution::Executor#run_stage_logic'
	from C:/workspace/minigun/lib/minigun/execution/executor.rb:99:in 'block in 
Minigun::Execution::ThreadPoolExecutor#execute_with_strategy'
#<Thread:0x000001bb75135fd8 C:/workspace/minigun/lib/minigun/execution/executor.rb:97 run> terminated with exception 
(report_on_exception is true):
C:/workspace/minigun/examples/38_comprehensive_execution.rb:101:in 'block (2 levels) in 
<class:ComprehensivePipeline>': undefined local variable or method 'output' for an instance of ComprehensivePipeline 
(NameError)

      output << results

      ^^^^^^
	from C:/workspace/minigun/lib/minigun/stage.rb:109:in 'BasicObject#instance_exec'
	from C:/workspace/minigun/lib/minigun/stage.rb:109:in 'Minigun::AtomicStage#execute'
	from C:/workspace/minigun/lib/minigun/execution/executor.rb:62:in 'Minigun::Execution::Executor#run_stage_logic'
	from C:/workspace/minigun/lib/minigun/execution/executor.rb:99:in 'block in 
Minigun::Execution::ThreadPoolExecutor#execute_with_strategy'
#<Thread:0x000001bb74c18848 C:/workspace/minigun/lib/minigun/execution/executor.rb:97 run> terminated with exception 
(report_on_exception is true):
C:/workspace/minigun/examples/38_comprehensive_execution.rb:101:in 'block (2 levels) in 
<class:ComprehensivePipeline>': undefined local variable or method 'output' for an instance of ComprehensivePipeline 
(NameError)

      output << results

      ^^^^^^
	from C:/workspace/minigun/lib/minigun/stage.rb:109:in 'BasicObject#instance_exec'
	from C:/workspace/minigun/lib/minigun/stage.rb:109:in 'Minigun::AtomicStage#execute'
	from C:/workspace/minigun/lib/minigun/execution/executor.rb:62:in 'Minigun::Execution::Executor#run_stage_logic'
	from C:/workspace/minigun/lib/minigun/execution/executor.rb:99:in 'block in 
Minigun::Execution::ThreadPoolExecutor#execute_with_strategy'
E, [2025-10-27T13:41:28.258078 #8588] ERROR -- : [Pipeline:default][Stage:save_to_db] Error: undefined local variable or method 'output' for an instance of ComprehensivePipeline
E, [2025-10-27T13:41:28.258123 #8588] ERROR -- : C:/workspace/minigun/examples/38_comprehensive_execution.rb:101:in 'block (2 levels) in <class:ComprehensivePipeline>'
C:/workspace/minigun/lib/minigun/stage.rb:109:in 'BasicObject#instance_exec'
C:/workspace/minigun/lib/minigun/stage.rb:109:in 'Minigun::AtomicStage#execute'
C:/workspace/minigun/lib/minigun/execution/executor.rb:62:in 'Minigun::Execution::Executor#run_stage_logic'
C:/workspace/minigun/lib/minigun/execution/executor.rb:99:in 'block in Minigun::Execution::ThreadPoolExecutor#execute_with_strategy'
E, [2025-10-27T13:41:28.259707 #8588] ERROR -- : [Pipeline:default][Stage:save_to_db] Error: undefined local variable or method 'output' for an instance of ComprehensivePipeline
E, [2025-10-27T13:41:28.259739 #8588] ERROR -- : C:/workspace/minigun/examples/38_comprehensive_execution.rb:101:in 'block (2 levels) in <class:ComprehensivePipeline>'
C:/workspace/minigun/lib/minigun/stage.rb:109:in 'BasicObject#instance_exec'
C:/workspace/minigun/lib/minigun/stage.rb:109:in 'Minigun::AtomicStage#execute'
C:/workspace/minigun/lib/minigun/execution/executor.rb:62:in 'Minigun::Execution::Executor#run_stage_logic'
C:/workspace/minigun/lib/minigun/execution/executor.rb:99:in 'block in Minigun::Execution::ThreadPoolExecutor#execute_with_strategy'
E, [2025-10-27T13:41:28.261296 #8588] ERROR -- : [Pipeline:default][Stage:save_to_db] Error: undefined local variable or method 'output' for an instance of ComprehensivePipeline
E, [2025-10-27T13:41:28.261348 #8588] ERROR -- : C:/workspace/minigun/examples/38_comprehensive_execution.rb:101:in 'block (2 levels) in <class:ComprehensivePipeline>'
C:/workspace/minigun/lib/minigun/stage.rb:109:in 'BasicObject#instance_exec'
C:/workspace/minigun/lib/minigun/stage.rb:109:in 'Minigun::AtomicStage#execute'
C:/workspace/minigun/lib/minigun/execution/executor.rb:62:in 'Minigun::Execution::Executor#run_stage_logic'
C:/workspace/minigun/lib/minigun/execution/executor.rb:99:in 'block in Minigun::Execution::ThreadPoolExecutor#execute_with_strategy'
E, [2025-10-27T13:41:28.262825 #8588] ERROR -- : [Pipeline:default][Stage:save_to_db] Error: undefined local variable or method 'output' for an instance of ComprehensivePipeline
E, [2025-10-27T13:41:28.262868 #8588] ERROR -- : C:/workspace/minigun/examples/38_comprehensive_execution.rb:101:in 'block (2 levels) in <class:ComprehensivePipeline>'
C:/workspace/minigun/lib/minigun/stage.rb:109:in 'BasicObject#instance_exec'
C:/workspace/minigun/lib/minigun/stage.rb:109:in 'Minigun::AtomicStage#execute'
C:/workspace/minigun/lib/minigun/execution/executor.rb:62:in 'Minigun::Execution::Executor#run_stage_logic'
C:/workspace/minigun/lib/minigun/execution/executor.rb:99:in 'block in Minigun::Execution::ThreadPoolExecutor#execute_with_strategy'
E, [2025-10-27T13:41:28.264373 #8588] ERROR -- : [Pipeline:default][Stage:save_to_db] Error: undefined local variable or method 'output' for an instance of ComprehensivePipeline
E, [2025-10-27T13:41:28.264421 #8588] ERROR -- : C:/workspace/minigun/examples/38_comprehensive_execution.rb:101:in 'block (2 levels) in <class:ComprehensivePipeline>'
C:/workspace/minigun/lib/minigun/stage.rb:109:in 'BasicObject#instance_exec'
C:/workspace/minigun/lib/minigun/stage.rb:109:in 'Minigun::AtomicStage#execute'
C:/workspace/minigun/lib/minigun/execution/executor.rb:62:in 'Minigun::Execution::Executor#run_stage_logic'
C:/workspace/minigun/lib/minigun/execution/executor.rb:99:in 'block in Minigun::Execution::ThreadPoolExecutor#execute_with_strategy'
E, [2025-10-27T13:41:28.265834 #8588] ERROR -- : [Pipeline:default][Stage:save_to_db] Error: undefined local variable or method 'output' for an instance of ComprehensivePipeline
E, [2025-10-27T13:41:28.265890 #8588] ERROR -- : C:/workspace/minigun/examples/38_comprehensive_execution.rb:101:in 'block (2 levels) in <class:ComprehensivePipeline>'
C:/workspace/minigun/lib/minigun/stage.rb:109:in 'BasicObject#instance_exec'
C:/workspace/minigun/lib/minigun/stage.rb:109:in 'Minigun::AtomicStage#execute'
C:/workspace/minigun/lib/minigun/execution/executor.rb:62:in 'Minigun::Execution::Executor#run_stage_logic'
C:/workspace/minigun/lib/minigun/execution/executor.rb:99:in 'block in Minigun::Execution::ThreadPoolExecutor#execute_with_strategy'
#<Thread:0x000001bb74ab5f78 C:/workspace/minigun/lib/minigun/execution/executor.rb:97 run> terminated with exception 
(report_on_exception is true):
C:/workspace/minigun/examples/38_comprehensive_execution.rb:101:in 'block (2 levels) in 
<class:ComprehensivePipeline>': undefined local variable or method 'output' for an instance of ComprehensivePipeline 
(NameError)

      output << results

      ^^^^^^
	from C:/workspace/minigun/lib/minigun/stage.rb:109:in 'BasicObject#instance_exec'
	from C:/workspace/minigun/lib/minigun/stage.rb:109:in 'Minigun::AtomicStage#execute'
	from C:/workspace/minigun/lib/minigun/execution/executor.rb:62:in 'Minigun::Execution::Executor#run_stage_logic'
	from C:/workspace/minigun/lib/minigun/execution/executor.rb:99:in 'block in 
Minigun::Execution::ThreadPoolExecutor#execute_with_strategy'
#<Thread:0x000001bb74a39ab8 C:/workspace/minigun/lib/minigun/execution/executor.rb:97 run> terminated with exception 
(report_on_exception is true):
C:/workspace/minigun/examples/38_comprehensive_execution.rb:101:in 'block (2 levels) in 
<class:ComprehensivePipeline>': undefined local variable or method 'output' for an instance of ComprehensivePipeline 
(NameError)

      output << results

      ^^^^^^
	from C:/workspace/minigun/lib/minigun/stage.rb:109:in 'BasicObject#instance_exec'
	from C:/workspace/minigun/lib/minigun/stage.rb:109:in 'Minigun::AtomicStage#execute'
	from C:/workspace/minigun/lib/minigun/execution/executor.rb:62:in 'Minigun::Execution::Executor#run_stage_logic'
	from C:/workspace/minigun/lib/minigun/execution/executor.rb:99:in 'block in 
Minigun::Execution::ThreadPoolExecutor#execute_with_strategy'
#<Thread:0x000001bb74b718e0 C:/workspace/minigun/lib/minigun/execution/executor.rb:97 run> terminated with exception 
(report_on_exception is true):
C:/workspace/minigun/examples/38_comprehensive_execution.rb:101:in 'block (2 levels) in 
<class:ComprehensivePipeline>': undefined local variable or method 'output' for an instance of ComprehensivePipeline 
(NameError)

      output << results

      ^^^^^^
	from C:/workspace/minigun/lib/minigun/stage.rb:109:in 'BasicObject#instance_exec'
	from C:/workspace/minigun/lib/minigun/stage.rb:109:in 'Minigun::AtomicStage#execute'
	from C:/workspace/minigun/lib/minigun/execution/executor.rb:62:in 'Minigun::Execution::Executor#run_stage_logic'
	from C:/workspace/minigun/lib/minigun/execution/executor.rb:99:in 'block in 
Minigun::Execution::ThreadPoolExecutor#execute_with_strategy'
#<Thread:0x000001bb74bf1428 C:/workspace/minigun/lib/minigun/execution/executor.rb:97 run> terminated with exception 
(report_on_exception is true):
C:/workspace/minigun/examples/38_comprehensive_execution.rb:101:in 'block (2 levels) in 
<class:ComprehensivePipeline>': undefined local variable or method 'output' for an instance of ComprehensivePipeline 
(NameError)

      output << results

      ^^^^^^
	from C:/workspace/minigun/lib/minigun/stage.rb:109:in 'BasicObject#instance_exec'
	from C:/workspace/minigun/lib/minigun/stage.rb:109:in 'Minigun::AtomicStage#execute'
	from C:/workspace/minigun/lib/minigun/execution/executor.rb:62:in 'Minigun::Execution::Executor#run_stage_logic'
	from C:/workspace/minigun/lib/minigun/execution/executor.rb:99:in 'block in 
Minigun::Execution::ThreadPoolExecutor#execute_with_strategy'
#<Thread:0x000001bb74d1c2f8 C:/workspace/minigun/lib/minigun/execution/executor.rb:97 run> terminated with exception 
(report_on_exception is true):
C:/workspace/minigun/examples/38_comprehensive_execution.rb:101:in 'block (2 levels) in 
<class:ComprehensivePipeline>': undefined local variable or method 'output' for an instance of ComprehensivePipeline 
(NameError)

      output << results

      ^^^^^^
	from C:/workspace/minigun/lib/minigun/stage.rb:109:in 'BasicObject#instance_exec'
	from C:/workspace/minigun/lib/minigun/stage.rb:109:in 'Minigun::AtomicStage#execute'
	from C:/workspace/minigun/lib/minigun/execution/executor.rb:62:in 'Minigun::Execution::Executor#run_stage_logic'
	from C:/workspace/minigun/lib/minigun/execution/executor.rb:99:in 'block in 
Minigun::Execution::ThreadPoolExecutor#execute_with_strategy'
#<Thread:0x000001bb751f8588 C:/workspace/minigun/lib/minigun/execution/executor.rb:97 run> terminated with exception 
(report_on_exception is true):
C:/workspace/minigun/examples/38_comprehensive_execution.rb:101:in 'block (2 levels) in 
<class:ComprehensivePipeline>': undefined local variable or method 'output' for an instance of ComprehensivePipeline 
(NameError)

      output << results

      ^^^^^^
	from C:/workspace/minigun/lib/minigun/stage.rb:109:in 'BasicObject#instance_exec'
	from C:/workspace/minigun/lib/minigun/stage.rb:109:in 'Minigun::AtomicStage#execute'
	from C:/workspace/minigun/lib/minigun/execution/executor.rb:62:in 'Minigun::Execution::Executor#run_stage_logic'
	from C:/workspace/minigun/lib/minigun/execution/executor.rb:99:in 'block in 
Minigun::Execution::ThreadPoolExecutor#execute_with_strategy'
#<Thread:0x000001bb75170cc8 C:/workspace/minigun/lib/minigun/execution/executor.rb:97 run> terminated with exception 
(report_on_exception is true):
C:/workspace/minigun/examples/38_comprehensive_execution.rb:101:in 'block (2 levels) in 
<class:ComprehensivePipeline>': undefined local variable or method 'output' for an instance of ComprehensivePipeline 
(NameError)

      output << results

      ^^^^^^
	from C:/workspace/minigun/lib/minigun/stage.rb:109:in 'BasicObject#instance_exec'
	from C:/workspace/minigun/lib/minigun/stage.rb:109:in 'Minigun::AtomicStage#execute'
	from C:/workspace/minigun/lib/minigun/execution/executor.rb:62:in 'Minigun::Execution::Executor#run_stage_logic'
	from C:/workspace/minigun/lib/minigun/execution/executor.rb:99:in 'block in 
Minigun::Execution::ThreadPoolExecutor#execute_with_strategy'
#<Thread:0x000001bb735b93e0 C:/workspace/minigun/lib/minigun/execution/executor.rb:97 run> terminated with exception 
(report_on_exception is true):
C:/workspace/minigun/examples/38_comprehensive_execution.rb:101:in 'block (2 levels) in 
<class:ComprehensivePipeline>': undefined local variable or method 'output' for an instance of ComprehensivePipeline 
(NameError)

      output << results

      ^^^^^^
	from C:/workspace/minigun/lib/minigun/stage.rb:109:in 'BasicObject#instance_exec'
	from C:/workspace/minigun/lib/minigun/stage.rb:109:in 'Minigun::AtomicStage#execute'
	from C:/workspace/minigun/lib/minigun/execution/executor.rb:62:in 'Minigun::Execution::Executor#run_stage_logic'
	from C:/workspace/minigun/lib/minigun/execution/executor.rb:99:in 'block in 
Minigun::Execution::ThreadPoolExecutor#execute_with_strategy'
#<Thread:0x000001bb0159ff70 C:/workspace/minigun/lib/minigun/execution/executor.rb:97 run> terminated with exception 
(report_on_exception is true):
C:/workspace/minigun/examples/38_comprehensive_execution.rb:101:in 'block (2 levels) in 
<class:ComprehensivePipeline>': undefined local variable or method 'output' for an instance of ComprehensivePipeline 
(NameError)

      output << results

      ^^^^^^
	from C:/workspace/minigun/lib/minigun/stage.rb:109:in 'BasicObject#instance_exec'
	from C:/workspace/minigun/lib/minigun/stage.rb:109:in 'Minigun::AtomicStage#execute'
	from C:/workspace/minigun/lib/minigun/execution/executor.rb:62:in 'Minigun::Execution::Executor#run_stage_logic'
	from C:/workspace/minigun/lib/minigun/execution/executor.rb:99:in 'block in 
Minigun::Execution::ThreadPoolExecutor#execute_with_strategy'
#<Thread:0x000001bb016d85b8 C:/workspace/minigun/lib/minigun/execution/executor.rb:97 run> terminated with exception 
(report_on_exception is true):
C:/workspace/minigun/examples/38_comprehensive_execution.rb:101:in 'block (2 levels) in 
<class:ComprehensivePipeline>': undefined local variable or method 'output' for an instance of ComprehensivePipeline 
(NameError)

      output << results

      ^^^^^^
	from C:/workspace/minigun/lib/minigun/stage.rb:109:in 'BasicObject#instance_exec'
	from C:/workspace/minigun/lib/minigun/stage.rb:109:in 'Minigun::AtomicStage#execute'
	from C:/workspace/minigun/lib/minigun/execution/executor.rb:62:in 'Minigun::Execution::Executor#run_stage_logic'
	from C:/workspace/minigun/lib/minigun/execution/executor.rb:99:in 'block in 
Minigun::Execution::ThreadPoolExecutor#execute_with_strategy'
#<Thread:0x000001bb01670cd8 C:/workspace/minigun/lib/minigun/execution/executor.rb:97 run> terminated with exception 
(report_on_exception is true):
C:/workspace/minigun/examples/38_comprehensive_execution.rb:101:in 'block (2 levels) in 
<class:ComprehensivePipeline>': undefined local variable or method 'output' for an instance of ComprehensivePipeline 
(NameError)

      output << results

      ^^^^^^
	from C:/workspace/minigun/lib/minigun/stage.rb:109:in 'BasicObject#instance_exec'
	from C:/workspace/minigun/lib/minigun/stage.rb:109:in 'Minigun::AtomicStage#execute'
	from C:/workspace/minigun/lib/minigun/execution/executor.rb:62:in 'Minigun::Execution::Executor#run_stage_logic'
	from C:/workspace/minigun/lib/minigun/execution/executor.rb:99:in 'block in 
Minigun::Execution::ThreadPoolExecutor#execute_with_strategy'
#<Thread:0x000001bb01779328 C:/workspace/minigun/lib/minigun/execution/executor.rb:97 run> terminated with exception 
(report_on_exception is true):
C:/workspace/minigun/examples/38_comprehensive_execution.rb:101:in 'block (2 levels) in 
<class:ComprehensivePipeline>': undefined local variable or method 'output' for an instance of ComprehensivePipeline 
(NameError)

      output << results

      ^^^^^^
	from C:/workspace/minigun/lib/minigun/stage.rb:109:in 'BasicObject#instance_exec'
	from C:/workspace/minigun/lib/minigun/stage.rb:109:in 'Minigun::AtomicStage#execute'
	from C:/workspace/minigun/lib/minigun/execution/executor.rb:62:in 'Minigun::Execution::Executor#run_stage_logic'
	from C:/workspace/minigun/lib/minigun/execution/executor.rb:99:in 'block in 
Minigun::Execution::ThreadPoolExecutor#execute_with_strategy'
E, [2025-10-27T13:41:28.267306 #8588] ERROR -- : [Pipeline:default][Stage:save_to_db] Error: undefined local variable or method 'output' for an instance of ComprehensivePipeline
E, [2025-10-27T13:41:28.267352 #8588] ERROR -- : C:/workspace/minigun/examples/38_comprehensive_execution.rb:101:in 'block (2 levels) in <class:ComprehensivePipeline>'
C:/workspace/minigun/lib/minigun/stage.rb:109:in 'BasicObject#instance_exec'
C:/workspace/minigun/lib/minigun/stage.rb:109:in 'Minigun::AtomicStage#execute'
C:/workspace/minigun/lib/minigun/execution/executor.rb:62:in 'Minigun::Execution::Executor#run_stage_logic'
C:/workspace/minigun/lib/minigun/execution/executor.rb:99:in 'block in Minigun::Execution::ThreadPoolExecutor#execute_with_strategy'
E, [2025-10-27T13:41:28.268868 #8588] ERROR -- : [Pipeline:default][Stage:save_to_db] Error: undefined local variable or method 'output' for an instance of ComprehensivePipeline
E, [2025-10-27T13:41:28.268911 #8588] ERROR -- : C:/workspace/minigun/examples/38_comprehensive_execution.rb:101:in 'block (2 levels) in <class:ComprehensivePipeline>'
C:/workspace/minigun/lib/minigun/stage.rb:109:in 'BasicObject#instance_exec'
C:/workspace/minigun/lib/minigun/stage.rb:109:in 'Minigun::AtomicStage#execute'
C:/workspace/minigun/lib/minigun/execution/executor.rb:62:in 'Minigun::Execution::Executor#run_stage_logic'
C:/workspace/minigun/lib/minigun/execution/executor.rb:99:in 'block in Minigun::Execution::ThreadPoolExecutor#execute_with_strategy'
E, [2025-10-27T13:41:28.270438 #8588] ERROR -- : [Pipeline:default][Stage:save_to_db] Error: undefined local variable or method 'output' for an instance of ComprehensivePipeline
E, [2025-10-27T13:41:28.270491 #8588] ERROR -- : C:/workspace/minigun/examples/38_comprehensive_execution.rb:101:in 'block (2 levels) in <class:ComprehensivePipeline>'
C:/workspace/minigun/lib/minigun/stage.rb:109:in 'BasicObject#instance_exec'
C:/workspace/minigun/lib/minigun/stage.rb:109:in 'Minigun::AtomicStage#execute'
C:/workspace/minigun/lib/minigun/execution/executor.rb:62:in 'Minigun::Execution::Executor#run_stage_logic'
C:/workspace/minigun/lib/minigun/execution/executor.rb:99:in 'block in Minigun::Execution::ThreadPoolExecutor#execute_with_strategy'
E, [2025-10-27T13:41:28.271951 #8588] ERROR -- : [Pipeline:default][Stage:save_to_db] Error: undefined local variable or method 'output' for an instance of ComprehensivePipeline
E, [2025-10-27T13:41:28.272009 #8588] ERROR -- : C:/workspace/minigun/examples/38_comprehensive_execution.rb:101:in 'block (2 levels) in <class:ComprehensivePipeline>'
C:/workspace/minigun/lib/minigun/stage.rb:109:in 'BasicObject#instance_exec'
C:/workspace/minigun/lib/minigun/stage.rb:109:in 'Minigun::AtomicStage#execute'
C:/workspace/minigun/lib/minigun/execution/executor.rb:62:in 'Minigun::Execution::Executor#run_stage_logic'
C:/workspace/minigun/lib/minigun/execution/executor.rb:99:in 'block in Minigun::Execution::ThreadPoolExecutor#execute_with_strategy'
E, [2025-10-27T13:41:28.273435 #8588] ERROR -- : [Pipeline:default][Stage:save_to_db] Error: undefined local variable or method 'output' for an instance of ComprehensivePipeline
E, [2025-10-27T13:41:28.273482 #8588] ERROR -- : C:/workspace/minigun/examples/38_comprehensive_execution.rb:101:in 'block (2 levels) in <class:ComprehensivePipeline>'
C:/workspace/minigun/lib/minigun/stage.rb:109:in 'BasicObject#instance_exec'
C:/workspace/minigun/lib/minigun/stage.rb:109:in 'Minigun::AtomicStage#execute'
C:/workspace/minigun/lib/minigun/execution/executor.rb:62:in 'Minigun::Execution::Executor#run_stage_logic'
C:/workspace/minigun/lib/minigun/execution/executor.rb:99:in 'block in Minigun::Execution::ThreadPoolExecutor#execute_with_strategy'
E, [2025-10-27T13:41:28.274870 #8588] ERROR -- : [Pipeline:default][Stage:save_to_db] Error: undefined local variable or method 'output' for an instance of ComprehensivePipeline
E, [2025-10-27T13:41:28.274916 #8588] ERROR -- : C:/workspace/minigun/examples/38_comprehensive_execution.rb:101:in 'block (2 levels) in <class:ComprehensivePipeline>'
C:/workspace/minigun/lib/minigun/stage.rb:109:in 'BasicObject#instance_exec'
C:/workspace/minigun/lib/minigun/stage.rb:109:in 'Minigun::AtomicStage#execute'
C:/workspace/minigun/lib/minigun/execution/executor.rb:62:in 'Minigun::Execution::Executor#run_stage_logic'
C:/workspace/minigun/lib/minigun/execution/executor.rb:99:in 'block in Minigun::Execution::ThreadPoolExecutor#execute_with_strategy'
E, [2025-10-27T13:41:28.279477 #8588] ERROR -- : [Pipeline:default][Stage:save_to_db] Error: undefined local variable or method 'output' for an instance of ComprehensivePipeline
E, [2025-10-27T13:41:28.279510 #8588] ERROR -- : C:/workspace/minigun/examples/38_comprehensive_execution.rb:101:in 'block (2 levels) in <class:ComprehensivePipeline>'
C:/workspace/minigun/lib/minigun/stage.rb:109:in 'BasicObject#instance_exec'
C:/workspace/minigun/lib/minigun/stage.rb:109:in 'Minigun::AtomicStage#execute'
C:/workspace/minigun/lib/minigun/execution/executor.rb:62:in 'Minigun::Execution::Executor#run_stage_logic'
C:/workspace/minigun/lib/minigun/execution/executor.rb:99:in 'block in Minigun::Execution::ThreadPoolExecutor#execute_with_strategy'
E, [2025-10-27T13:41:28.280924 #8588] ERROR -- : [Pipeline:default][Stage:save_to_db] Error: undefined local variable or method 'output' for an instance of ComprehensivePipeline
E, [2025-10-27T13:41:28.280974 #8588] ERROR -- : C:/workspace/minigun/examples/38_comprehensive_execution.rb:101:in 'block (2 levels) in <class:ComprehensivePipeline>'
C:/workspace/minigun/lib/minigun/stage.rb:109:in 'BasicObject#instance_exec'
C:/workspace/minigun/lib/minigun/stage.rb:109:in 'Minigun::AtomicStage#execute'
C:/workspace/minigun/lib/minigun/execution/executor.rb:62:in 'Minigun::Execution::Executor#run_stage_logic'
C:/workspace/minigun/lib/minigun/execution/executor.rb:99:in 'block in Minigun::Execution::ThreadPoolExecutor#execute_with_strategy'
E, [2025-10-27T13:41:28.282404 #8588] ERROR -- : [Pipeline:default][Stage:save_to_db] Error: undefined local variable or method 'output' for an instance of ComprehensivePipeline
E, [2025-10-27T13:41:28.282443 #8588] ERROR -- : C:/workspace/minigun/examples/38_comprehensive_execution.rb:101:in 'block (2 levels) in <class:ComprehensivePipeline>'
C:/workspace/minigun/lib/minigun/stage.rb:109:in 'BasicObject#instance_exec'
C:/workspace/minigun/lib/minigun/stage.rb:109:in 'Minigun::AtomicStage#execute'
C:/workspace/minigun/lib/minigun/execution/executor.rb:62:in 'Minigun::Execution::Executor#run_stage_logic'
C:/workspace/minigun/lib/minigun/execution/executor.rb:99:in 'block in Minigun::Execution::ThreadPoolExecutor#execute_with_strategy'
E, [2025-10-27T13:41:28.283843 #8588] ERROR -- : [Pipeline:default][Stage:save_to_db] Error: undefined local variable or method 'output' for an instance of ComprehensivePipeline
E, [2025-10-27T13:41:28.283906 #8588] ERROR -- : C:/workspace/minigun/examples/38_comprehensive_execution.rb:101:in 'block (2 levels) in <class:ComprehensivePipeline>'
C:/workspace/minigun/lib/minigun/stage.rb:109:in 'BasicObject#instance_exec'
C:/workspace/minigun/lib/minigun/stage.rb:109:in 'Minigun::AtomicStage#execute'
C:/workspace/minigun/lib/minigun/execution/executor.rb:62:in 'Minigun::Execution::Executor#run_stage_logic'
C:/workspace/minigun/lib/minigun/execution/executor.rb:99:in 'block in Minigun::Execution::ThreadPoolExecutor#execute_with_strategy'
E, [2025-10-27T13:41:28.285415 #8588] ERROR -- : [Pipeline:default][Stage:save_to_db] Error: undefined local variable or method 'output' for an instance of ComprehensivePipeline
E, [2025-10-27T13:41:28.285461 #8588] ERROR -- : C:/workspace/minigun/examples/38_comprehensive_execution.rb:101:in 'block (2 levels) in <class:ComprehensivePipeline>'
C:/workspace/minigun/lib/minigun/stage.rb:109:in 'BasicObject#instance_exec'
C:/workspace/minigun/lib/minigun/stage.rb:109:in 'Minigun::AtomicStage#execute'
C:/workspace/minigun/lib/minigun/execution/executor.rb:62:in 'Minigun::Execution::Executor#run_stage_logic'
C:/workspace/minigun/lib/minigun/execution/executor.rb:99:in 'block in Minigun::Execution::ThreadPoolExecutor#execute_with_strategy'
#<Thread:0x000001bb01841a08 C:/workspace/minigun/lib/minigun/execution/executor.rb:97 run> terminated with exception 
(report_on_exception is true):
C:/workspace/minigun/examples/38_comprehensive_execution.rb:101:in 'block (2 levels) in 
<class:ComprehensivePipeline>': undefined local variable or method 'output' for an instance of ComprehensivePipeline 
(NameError)

      output << results

      ^^^^^^
	from C:/workspace/minigun/lib/minigun/stage.rb:109:in 'BasicObject#instance_exec'
	from C:/workspace/minigun/lib/minigun/stage.rb:109:in 'Minigun::AtomicStage#execute'
	from C:/workspace/minigun/lib/minigun/execution/executor.rb:62:in 'Minigun::Execution::Executor#run_stage_logic'
	from C:/workspace/minigun/lib/minigun/execution/executor.rb:99:in 'block in 
Minigun::Execution::ThreadPoolExecutor#execute_with_strategy'
#<Thread:0x000001bb017192c0 C:/workspace/minigun/lib/minigun/execution/executor.rb:97 run> terminated with exception 
(report_on_exception is true):
C:/workspace/minigun/examples/38_comprehensive_execution.rb:101:in 'block (2 levels) in 
<class:ComprehensivePipeline>': undefined local variable or method 'output' for an instance of ComprehensivePipeline 
(NameError)

      output << results

      ^^^^^^
	from C:/workspace/minigun/lib/minigun/stage.rb:109:in 'BasicObject#instance_exec'
	from C:/workspace/minigun/lib/minigun/stage.rb:109:in 'Minigun::AtomicStage#execute'
	from C:/workspace/minigun/lib/minigun/execution/executor.rb:62:in 'Minigun::Execution::Executor#run_stage_logic'
	from C:/workspace/minigun/lib/minigun/execution/executor.rb:99:in 'block in 
Minigun::Execution::ThreadPoolExecutor#execute_with_strategy'
#<Thread:0x000001bb01631920 C:/workspace/minigun/lib/minigun/execution/executor.rb:97 run> terminated with exception 
(report_on_exception is true):
C:/workspace/minigun/examples/38_comprehensive_execution.rb:101:in 'block (2 levels) in 
<class:ComprehensivePipeline>': undefined local variable or method 'output' for an instance of ComprehensivePipeline 
(NameError)

      output << results

      ^^^^^^
	from C:/workspace/minigun/lib/minigun/stage.rb:109:in 'BasicObject#instance_exec'
	from C:/workspace/minigun/lib/minigun/stage.rb:109:in 'Minigun::AtomicStage#execute'
	from C:/workspace/minigun/lib/minigun/execution/executor.rb:62:in 'Minigun::Execution::Executor#run_stage_logic'
	from C:/workspace/minigun/lib/minigun/execution/executor.rb:99:in 'block in 
Minigun::Execution::ThreadPoolExecutor#execute_with_strategy'
#<Thread:0x000001bb752b9f58 C:/workspace/minigun/lib/minigun/execution/executor.rb:97 run> terminated with exception 
(report_on_exception is true):
C:/workspace/minigun/examples/38_comprehensive_execution.rb:101:in 'block (2 levels) in 
<class:ComprehensivePipeline>': undefined local variable or method 'output' for an instance of ComprehensivePipeline 
(NameError)

      output << results

      ^^^^^^
	from C:/workspace/minigun/lib/minigun/stage.rb:109:in 'BasicObject#instance_exec'
	from C:/workspace/minigun/lib/minigun/stage.rb:109:in 'Minigun::AtomicStage#execute'
	from C:/workspace/minigun/lib/minigun/execution/executor.rb:62:in 'Minigun::Execution::Executor#run_stage_logic'
	from C:/workspace/minigun/lib/minigun/execution/executor.rb:99:in 'block in 
Minigun::Execution::ThreadPoolExecutor#execute_with_strategy'
#<Thread:0x000001bb75132608 C:/workspace/minigun/lib/minigun/execution/executor.rb:97 run> terminated with exception 
(report_on_exception is true):
C:/workspace/minigun/examples/38_comprehensive_execution.rb:101:in 'block (2 levels) in 
<class:ComprehensivePipeline>': undefined local variable or method 'output' for an instance of ComprehensivePipeline 
(NameError)

      output << results

      ^^^^^^
	from C:/workspace/minigun/lib/minigun/stage.rb:109:in 'BasicObject#instance_exec'
	from C:/workspace/minigun/lib/minigun/stage.rb:109:in 'Minigun::AtomicStage#execute'
	from C:/workspace/minigun/lib/minigun/execution/executor.rb:62:in 'Minigun::Execution::Executor#run_stage_logic'
	from C:/workspace/minigun/lib/minigun/execution/executor.rb:99:in 'block in 
Minigun::Execution::ThreadPoolExecutor#execute_with_strategy'
#<Thread:0x000001bb74bbfc20 C:/workspace/minigun/lib/minigun/execution/executor.rb:97 run> terminated with exception 
(report_on_exception is true):
C:/workspace/minigun/examples/38_comprehensive_execution.rb:101:in 'block (2 levels) in 
<class:ComprehensivePipeline>': undefined local variable or method 'output' for an instance of ComprehensivePipeline 
(NameError)

      output << results

      ^^^^^^
	from C:/workspace/minigun/lib/minigun/stage.rb:109:in 'BasicObject#instance_exec'
	from C:/workspace/minigun/lib/minigun/stage.rb:109:in 'Minigun::AtomicStage#execute'
	from C:/workspace/minigun/lib/minigun/execution/executor.rb:62:in 'Minigun::Execution::Executor#run_stage_logic'
	from C:/workspace/minigun/lib/minigun/execution/executor.rb:99:in 'block in 
Minigun::Execution::ThreadPoolExecutor#execute_with_strategy'
#<Thread:0x000001bb74ab5fa0 C:/workspace/minigun/lib/minigun/execution/executor.rb:97 run> terminated with exception 
(report_on_exception is true):
C:/workspace/minigun/examples/38_comprehensive_execution.rb:101:in 'block (2 levels) in 
<class:ComprehensivePipeline>': undefined local variable or method 'output' for an instance of ComprehensivePipeline 
(NameError)

      output << results

      ^^^^^^
	from C:/workspace/minigun/lib/minigun/stage.rb:109:in 'BasicObject#instance_exec'
	from C:/workspace/minigun/lib/minigun/stage.rb:109:in 'Minigun::AtomicStage#execute'
	from C:/workspace/minigun/lib/minigun/execution/executor.rb:62:in 'Minigun::Execution::Executor#run_stage_logic'
	from C:/workspace/minigun/lib/minigun/execution/executor.rb:99:in 'block in 
Minigun::Execution::ThreadPoolExecutor#execute_with_strategy'
#<Thread:0x000001bb74a39ab8 C:/workspace/minigun/lib/minigun/execution/executor.rb:97 run> terminated with exception 
(report_on_exception is true):
C:/workspace/minigun/examples/38_comprehensive_execution.rb:101:in 'block (2 levels) in 
<class:ComprehensivePipeline>': undefined local variable or method 'output' for an instance of ComprehensivePipeline 
(NameError)

      output << results

      ^^^^^^
	from C:/workspace/minigun/lib/minigun/stage.rb:109:in 'BasicObject#instance_exec'
	from C:/workspace/minigun/lib/minigun/stage.rb:109:in 'Minigun::AtomicStage#execute'
	from C:/workspace/minigun/lib/minigun/execution/executor.rb:62:in 'Minigun::Execution::Executor#run_stage_logic'
	from C:/workspace/minigun/lib/minigun/execution/executor.rb:99:in 'block in 
Minigun::Execution::ThreadPoolExecutor#execute_with_strategy'
#<Thread:0x000001bb74b718e0 C:/workspace/minigun/lib/minigun/execution/executor.rb:97 run> terminated with exception 
(report_on_exception is true):
C:/workspace/minigun/examples/38_comprehensive_execution.rb:101:in 'block (2 levels) in 
<class:ComprehensivePipeline>': undefined local variable or method 'output' for an instance of ComprehensivePipeline 
(NameError)

      output << results

      ^^^^^^
	from C:/workspace/minigun/lib/minigun/stage.rb:109:in 'BasicObject#instance_exec'
	from C:/workspace/minigun/lib/minigun/stage.rb:109:in 'Minigun::AtomicStage#execute'
	from C:/workspace/minigun/lib/minigun/execution/executor.rb:62:in 'Minigun::Execution::Executor#run_stage_logic'
	from C:/workspace/minigun/lib/minigun/execution/executor.rb:99:in 'block in 
Minigun::Execution::ThreadPoolExecutor#execute_with_strategy'
#<Thread:0x000001bb74bf6400 C:/workspace/minigun/lib/minigun/execution/executor.rb:97 run> terminated with exception 
(report_on_exception is true):
C:/workspace/minigun/examples/38_comprehensive_execution.rb:101:in 'block (2 levels) in 
<class:ComprehensivePipeline>': undefined local variable or method 'output' for an instance of ComprehensivePipeline 
(NameError)

      output << results

      ^^^^^^
	from C:/workspace/minigun/lib/minigun/stage.rb:109:in 'BasicObject#instance_exec'
	from C:/workspace/minigun/lib/minigun/stage.rb:109:in 'Minigun::AtomicStage#execute'
	from C:/workspace/minigun/lib/minigun/execution/executor.rb:62:in 'Minigun::Execution::Executor#run_stage_logic'
	from C:/workspace/minigun/lib/minigun/execution/executor.rb:99:in 'block in 
Minigun::Execution::ThreadPoolExecutor#execute_with_strategy'
#<Thread:0x000001bb74d501e8 C:/workspace/minigun/lib/minigun/execution/executor.rb:97 run> terminated with exception 
(report_on_exception is true):
C:/workspace/minigun/examples/38_comprehensive_execution.rb:101:in 'block (2 levels) in 
<class:ComprehensivePipeline>': undefined local variable or method 'output' for an instance of ComprehensivePipeline 
(NameError)

      output << results

      ^^^^^^
	from C:/workspace/minigun/lib/minigun/stage.rb:109:in 'BasicObject#instance_exec'
	from C:/workspace/minigun/lib/minigun/stage.rb:109:in 'Minigun::AtomicStage#execute'
	from C:/workspace/minigun/lib/minigun/execution/executor.rb:62:in 'Minigun::Execution::Executor#run_stage_logic'
	from C:/workspace/minigun/lib/minigun/execution/executor.rb:99:in 'block in 
Minigun::Execution::ThreadPoolExecutor#execute_with_strategy'
E, [2025-10-27T13:41:28.288762 #8588] ERROR -- : [Pipeline:default][Stage:save_to_db] Error: undefined local variable or method 'output' for an instance of ComprehensivePipeline
E, [2025-10-27T13:41:28.288809 #8588] ERROR -- : C:/workspace/minigun/examples/38_comprehensive_execution.rb:101:in 'block (2 levels) in <class:ComprehensivePipeline>'
C:/workspace/minigun/lib/minigun/stage.rb:109:in 'BasicObject#instance_exec'
C:/workspace/minigun/lib/minigun/stage.rb:109:in 'Minigun::AtomicStage#execute'
C:/workspace/minigun/lib/minigun/execution/executor.rb:62:in 'Minigun::Execution::Executor#run_stage_logic'
C:/workspace/minigun/lib/minigun/execution/executor.rb:99:in 'block in Minigun::Execution::ThreadPoolExecutor#execute_with_strategy'
E, [2025-10-27T13:41:28.291137 #8588] ERROR -- : [Pipeline:default][Stage:save_to_db] Error: undefined local variable or method 'output' for an instance of ComprehensivePipeline
E, [2025-10-27T13:41:28.291182 #8588] ERROR -- : C:/workspace/minigun/examples/38_comprehensive_execution.rb:101:in 'block (2 levels) in <class:ComprehensivePipeline>'
C:/workspace/minigun/lib/minigun/stage.rb:109:in 'BasicObject#instance_exec'
C:/workspace/minigun/lib/minigun/stage.rb:109:in 'Minigun::AtomicStage#execute'
C:/workspace/minigun/lib/minigun/execution/executor.rb:62:in 'Minigun::Execution::Executor#run_stage_logic'
C:/workspace/minigun/lib/minigun/execution/executor.rb:99:in 'block in Minigun::Execution::ThreadPoolExecutor#execute_with_strategy'
E, [2025-10-27T13:41:28.292786 #8588] ERROR -- : [Pipeline:default][Stage:save_to_db] Error: undefined local variable or method 'output' for an instance of ComprehensivePipeline
E, [2025-10-27T13:41:28.292829 #8588] ERROR -- : C:/workspace/minigun/examples/38_comprehensive_execution.rb:101:in 'block (2 levels) in <class:ComprehensivePipeline>'
C:/workspace/minigun/lib/minigun/stage.rb:109:in 'BasicObject#instance_exec'
C:/workspace/minigun/lib/minigun/stage.rb:109:in 'Minigun::AtomicStage#execute'
C:/workspace/minigun/lib/minigun/execution/executor.rb:62:in 'Minigun::Execution::Executor#run_stage_logic'
C:/workspace/minigun/lib/minigun/execution/executor.rb:99:in 'block in Minigun::Execution::ThreadPoolExecutor#execute_with_strategy'
E, [2025-10-27T13:41:28.294391 #8588] ERROR -- : [Pipeline:default][Stage:save_to_db] Error: undefined local variable or method 'output' for an instance of ComprehensivePipeline
E, [2025-10-27T13:41:28.294433 #8588] ERROR -- : C:/workspace/minigun/examples/38_comprehensive_execution.rb:101:in 'block (2 levels) in <class:ComprehensivePipeline>'
C:/workspace/minigun/lib/minigun/stage.rb:109:in 'BasicObject#instance_exec'
C:/workspace/minigun/lib/minigun/stage.rb:109:in 'Minigun::AtomicStage#execute'
C:/workspace/minigun/lib/minigun/execution/executor.rb:62:in 'Minigun::Execution::Executor#run_stage_logic'
C:/workspace/minigun/lib/minigun/execution/executor.rb:99:in 'block in Minigun::Execution::ThreadPoolExecutor#execute_with_strategy'
E, [2025-10-27T13:41:28.295889 #8588] ERROR -- : [Pipeline:default][Stage:save_to_db] Error: undefined local variable or method 'output' for an instance of ComprehensivePipeline
E, [2025-10-27T13:41:28.295931 #8588] ERROR -- : C:/workspace/minigun/examples/38_comprehensive_execution.rb:101:in 'block (2 levels) in <class:ComprehensivePipeline>'
C:/workspace/minigun/lib/minigun/stage.rb:109:in 'BasicObject#instance_exec'
C:/workspace/minigun/lib/minigun/stage.rb:109:in 'Minigun::AtomicStage#execute'
C:/workspace/minigun/lib/minigun/execution/executor.rb:62:in 'Minigun::Execution::Executor#run_stage_logic'
C:/workspace/minigun/lib/minigun/execution/executor.rb:99:in 'block in Minigun::Execution::ThreadPoolExecutor#execute_with_strategy'
E, [2025-10-27T13:41:28.297397 #8588] ERROR -- : [Pipeline:default][Stage:save_to_db] Error: undefined local variable or method 'output' for an instance of ComprehensivePipeline
E, [2025-10-27T13:41:28.297434 #8588] ERROR -- : C:/workspace/minigun/examples/38_comprehensive_execution.rb:101:in 'block (2 levels) in <class:ComprehensivePipeline>'
C:/workspace/minigun/lib/minigun/stage.rb:109:in 'BasicObject#instance_exec'
C:/workspace/minigun/lib/minigun/stage.rb:109:in 'Minigun::AtomicStage#execute'
C:/workspace/minigun/lib/minigun/execution/executor.rb:62:in 'Minigun::Execution::Executor#run_stage_logic'
C:/workspace/minigun/lib/minigun/execution/executor.rb:99:in 'block in Minigun::Execution::ThreadPoolExecutor#execute_with_strategy'
E, [2025-10-27T13:41:28.301039 #8588] ERROR -- : [Pipeline:default][Stage:save_to_db] Error: undefined local variable or method 'output' for an instance of ComprehensivePipeline
E, [2025-10-27T13:41:28.301094 #8588] ERROR -- : C:/workspace/minigun/examples/38_comprehensive_execution.rb:101:in 'block (2 levels) in <class:ComprehensivePipeline>'
C:/workspace/minigun/lib/minigun/stage.rb:109:in 'BasicObject#instance_exec'
C:/workspace/minigun/lib/minigun/stage.rb:109:in 'Minigun::AtomicStage#execute'
C:/workspace/minigun/lib/minigun/execution/executor.rb:62:in 'Minigun::Execution::Executor#run_stage_logic'
C:/workspace/minigun/lib/minigun/execution/executor.rb:99:in 'block in Minigun::Execution::ThreadPoolExecutor#execute_with_strategy'
E, [2025-10-27T13:41:28.302576 #8588] ERROR -- : [Pipeline:default][Stage:save_to_db] Error: undefined local variable or method 'output' for an instance of ComprehensivePipeline
E, [2025-10-27T13:41:28.302626 #8588] ERROR -- : C:/workspace/minigun/examples/38_comprehensive_execution.rb:101:in 'block (2 levels) in <class:ComprehensivePipeline>'
C:/workspace/minigun/lib/minigun/stage.rb:109:in 'BasicObject#instance_exec'
C:/workspace/minigun/lib/minigun/stage.rb:109:in 'Minigun::AtomicStage#execute'
C:/workspace/minigun/lib/minigun/execution/executor.rb:62:in 'Minigun::Execution::Executor#run_stage_logic'
C:/workspace/minigun/lib/minigun/execution/executor.rb:99:in 'block in Minigun::Execution::ThreadPoolExecutor#execute_with_strategy'
E, [2025-10-27T13:41:28.304554 #8588] ERROR -- : [Pipeline:default][Stage:save_to_db] Error: undefined local variable or method 'output' for an instance of ComprehensivePipeline
E, [2025-10-27T13:41:28.304610 #8588] ERROR -- : C:/workspace/minigun/examples/38_comprehensive_execution.rb:101:in 'block (2 levels) in <class:ComprehensivePipeline>'
C:/workspace/minigun/lib/minigun/stage.rb:109:in 'BasicObject#instance_exec'
C:/workspace/minigun/lib/minigun/stage.rb:109:in 'Minigun::AtomicStage#execute'
C:/workspace/minigun/lib/minigun/execution/executor.rb:62:in 'Minigun::Execution::Executor#run_stage_logic'
C:/workspace/minigun/lib/minigun/execution/executor.rb:99:in 'block in Minigun::Execution::ThreadPoolExecutor#execute_with_strategy'
E, [2025-10-27T13:41:28.306143 #8588] ERROR -- : [Pipeline:default][Stage:save_to_db] Error: undefined local variable or method 'output' for an instance of ComprehensivePipeline
E, [2025-10-27T13:41:28.306200 #8588] ERROR -- : C:/workspace/minigun/examples/38_comprehensive_execution.rb:101:in 'block (2 levels) in <class:ComprehensivePipeline>'
C:/workspace/minigun/lib/minigun/stage.rb:109:in 'BasicObject#instance_exec'
C:/workspace/minigun/lib/minigun/stage.rb:109:in 'Minigun::AtomicStage#execute'
C:/workspace/minigun/lib/minigun/execution/executor.rb:62:in 'Minigun::Execution::Executor#run_stage_logic'
C:/workspace/minigun/lib/minigun/execution/executor.rb:99:in 'block in Minigun::Execution::ThreadPoolExecutor#execute_with_strategy'
E, [2025-10-27T13:41:28.307717 #8588] ERROR -- : [Pipeline:default][Stage:save_to_db] Error: undefined local variable or method 'output' for an instance of ComprehensivePipeline
E, [2025-10-27T13:41:28.307764 #8588] ERROR -- : C:/workspace/minigun/examples/38_comprehensive_execution.rb:101:in 'block (2 levels) in <class:ComprehensivePipeline>'
C:/workspace/minigun/lib/minigun/stage.rb:109:in 'BasicObject#instance_exec'
C:/workspace/minigun/lib/minigun/stage.rb:109:in 'Minigun::AtomicStage#execute'
C:/workspace/minigun/lib/minigun/execution/executor.rb:62:in 'Minigun::Execution::Executor#run_stage_logic'
C:/workspace/minigun/lib/minigun/execution/executor.rb:99:in 'block in Minigun::Execution::ThreadPoolExecutor#execute_with_strategy'
#<Thread:0x000001bb751fbfa8 C:/workspace/minigun/lib/minigun/execution/executor.rb:97 run> terminated with exception 
(report_on_exception is true):
C:/workspace/minigun/examples/38_comprehensive_execution.rb:101:in 'block (2 levels) in 
<class:ComprehensivePipeline>': undefined local variable or method 'output' for an instance of ComprehensivePipeline 
(NameError)

      output << results

      ^^^^^^
	from C:/workspace/minigun/lib/minigun/stage.rb:109:in 'BasicObject#instance_exec'
	from C:/workspace/minigun/lib/minigun/stage.rb:109:in 'Minigun::AtomicStage#execute'
	from C:/workspace/minigun/lib/minigun/execution/executor.rb:62:in 'Minigun::Execution::Executor#run_stage_logic'
	from C:/workspace/minigun/lib/minigun/execution/executor.rb:99:in 'block in 
Minigun::Execution::ThreadPoolExecutor#execute_with_strategy'
#<Thread:0x000001bb75174698 C:/workspace/minigun/lib/minigun/execution/executor.rb:97 run> terminated with exception 
(report_on_exception is true):
C:/workspace/minigun/examples/38_comprehensive_execution.rb:101:in 'block (2 levels) in 
<class:ComprehensivePipeline>': undefined local variable or method 'output' for an instance of ComprehensivePipeline 
(NameError)

      output << results

      ^^^^^^
	from C:/workspace/minigun/lib/minigun/stage.rb:109:in 'BasicObject#instance_exec'
	from C:/workspace/minigun/lib/minigun/stage.rb:109:in 'Minigun::AtomicStage#execute'
	from C:/workspace/minigun/lib/minigun/execution/executor.rb:62:in 'Minigun::Execution::Executor#run_stage_logic'
	from C:/workspace/minigun/lib/minigun/execution/executor.rb:99:in 'block in 
Minigun::Execution::ThreadPoolExecutor#execute_with_strategy'
#<Thread:0x000001bb735bcdb0 C:/workspace/minigun/lib/minigun/execution/executor.rb:97 run> terminated with exception 
(report_on_exception is true):
C:/workspace/minigun/examples/38_comprehensive_execution.rb:101:in 'block (2 levels) in 
<class:ComprehensivePipeline>': undefined local variable or method 'output' for an instance of ComprehensivePipeline 
(NameError)

      output << results

      ^^^^^^
	from C:/workspace/minigun/lib/minigun/stage.rb:109:in 'BasicObject#instance_exec'
	from C:/workspace/minigun/lib/minigun/stage.rb:109:in 'Minigun::AtomicStage#execute'
	from C:/workspace/minigun/lib/minigun/execution/executor.rb:62:in 'Minigun::Execution::Executor#run_stage_logic'
	from C:/workspace/minigun/lib/minigun/execution/executor.rb:99:in 'block in 
Minigun::Execution::ThreadPoolExecutor#execute_with_strategy'
#<Thread:0x000001bb015d39b0 C:/workspace/minigun/lib/minigun/execution/executor.rb:97 run> terminated with exception 
(report_on_exception is true):
C:/workspace/minigun/examples/38_comprehensive_execution.rb:101:in 'block (2 levels) in 
<class:ComprehensivePipeline>': undefined local variable or method 'output' for an instance of ComprehensivePipeline 
(NameError)

      output << results

      ^^^^^^
	from C:/workspace/minigun/lib/minigun/stage.rb:109:in 'BasicObject#instance_exec'
	from C:/workspace/minigun/lib/minigun/stage.rb:109:in 'Minigun::AtomicStage#execute'
	from C:/workspace/minigun/lib/minigun/execution/executor.rb:62:in 'Minigun::Execution::Executor#run_stage_logic'
	from C:/workspace/minigun/lib/minigun/execution/executor.rb:99:in 'block in 
Minigun::Execution::ThreadPoolExecutor#execute_with_strategy'
#<Thread:0x000001bb016dbfd8 C:/workspace/minigun/lib/minigun/execution/executor.rb:97 run> terminated with exception 
(report_on_exception is true):
C:/workspace/minigun/examples/38_comprehensive_execution.rb:101:in 'block (2 levels) in 
<class:ComprehensivePipeline>': undefined local variable or method 'output' for an instance of ComprehensivePipeline 
(NameError)

      output << results

      ^^^^^^
	from C:/workspace/minigun/lib/minigun/stage.rb:109:in 'BasicObject#instance_exec'
	from C:/workspace/minigun/lib/minigun/stage.rb:109:in 'Minigun::AtomicStage#execute'
	from C:/workspace/minigun/lib/minigun/execution/executor.rb:62:in 'Minigun::Execution::Executor#run_stage_logic'
	from C:/workspace/minigun/lib/minigun/execution/executor.rb:99:in 'block in 
Minigun::Execution::ThreadPoolExecutor#execute_with_strategy'
#<Thread:0x000001bb016746a8 C:/workspace/minigun/lib/minigun/execution/executor.rb:97 run> terminated with exception 
(report_on_exception is true):
C:/workspace/minigun/examples/38_comprehensive_execution.rb:101:in 'block (2 levels) in 
<class:ComprehensivePipeline>': undefined local variable or method 'output' for an instance of ComprehensivePipeline 
(NameError)

      output << results

      ^^^^^^
	from C:/workspace/minigun/lib/minigun/stage.rb:109:in 'BasicObject#instance_exec'
	from C:/workspace/minigun/lib/minigun/stage.rb:109:in 'Minigun::AtomicStage#execute'
	from C:/workspace/minigun/lib/minigun/execution/executor.rb:62:in 'Minigun::Execution::Executor#run_stage_logic'
	from C:/workspace/minigun/lib/minigun/execution/executor.rb:99:in 'block in 
Minigun::Execution::ThreadPoolExecutor#execute_with_strategy'
#<Thread:0x000001bb0177ccf8 C:/workspace/minigun/lib/minigun/execution/executor.rb:97 run> terminated with exception 
(report_on_exception is true):
C:/workspace/minigun/examples/38_comprehensive_execution.rb:101:in 'block (2 levels) in 
<class:ComprehensivePipeline>': undefined local variable or method 'output' for an instance of ComprehensivePipeline 
(NameError)

      output << results

      ^^^^^^
	from C:/workspace/minigun/lib/minigun/stage.rb:109:in 'BasicObject#instance_exec'
	from C:/workspace/minigun/lib/minigun/stage.rb:109:in 'Minigun::AtomicStage#execute'
	from C:/workspace/minigun/lib/minigun/execution/executor.rb:62:in 'Minigun::Execution::Executor#run_stage_logic'
	from C:/workspace/minigun/lib/minigun/execution/executor.rb:99:in 'block in 
Minigun::Execution::ThreadPoolExecutor#execute_with_strategy'
#<Thread:0x000001bb018453d8 C:/workspace/minigun/lib/minigun/execution/executor.rb:97 run> terminated with exception 
(report_on_exception is true):
C:/workspace/minigun/examples/38_comprehensive_execution.rb:101:in 'block (2 levels) in 
<class:ComprehensivePipeline>': undefined local variable or method 'output' for an instance of ComprehensivePipeline 
(NameError)

      output << results

      ^^^^^^
	from C:/workspace/minigun/lib/minigun/stage.rb:109:in 'BasicObject#instance_exec'
	from C:/workspace/minigun/lib/minigun/stage.rb:109:in 'Minigun::AtomicStage#execute'
	from C:/workspace/minigun/lib/minigun/execution/executor.rb:62:in 'Minigun::Execution::Executor#run_stage_logic'
	from C:/workspace/minigun/lib/minigun/execution/executor.rb:99:in 'block in 
Minigun::Execution::ThreadPoolExecutor#execute_with_strategy'
#<Thread:0x000001bb0171cdf8 C:/workspace/minigun/lib/minigun/execution/executor.rb:97 run> terminated with exception 
(report_on_exception is true):
C:/workspace/minigun/examples/38_comprehensive_execution.rb:101:in 'block (2 levels) in 
<class:ComprehensivePipeline>': undefined local variable or method 'output' for an instance of ComprehensivePipeline 
(NameError)

      output << results

      ^^^^^^
	from C:/workspace/minigun/lib/minigun/stage.rb:109:in 'BasicObject#instance_exec'
	from C:/workspace/minigun/lib/minigun/stage.rb:109:in 'Minigun::AtomicStage#execute'
	from C:/workspace/minigun/lib/minigun/execution/executor.rb:62:in 'Minigun::Execution::Executor#run_stage_logic'
	from C:/workspace/minigun/lib/minigun/execution/executor.rb:99:in 'block in 
Minigun::Execution::ThreadPoolExecutor#execute_with_strategy'
#<Thread:0x000001bb016352f0 C:/workspace/minigun/lib/minigun/execution/executor.rb:97 run> terminated with exception 
(report_on_exception is true):
C:/workspace/minigun/examples/38_comprehensive_execution.rb:101:in 'block (2 levels) in 
<class:ComprehensivePipeline>': undefined local variable or method 'output' for an instance of ComprehensivePipeline 
(NameError)

      output << results

      ^^^^^^
	from C:/workspace/minigun/lib/minigun/stage.rb:109:in 'BasicObject#instance_exec'
	from C:/workspace/minigun/lib/minigun/stage.rb:109:in 'Minigun::AtomicStage#execute'
	from C:/workspace/minigun/lib/minigun/execution/executor.rb:62:in 'Minigun::Execution::Executor#run_stage_logic'
	from C:/workspace/minigun/lib/minigun/execution/executor.rb:99:in 'block in 
Minigun::Execution::ThreadPoolExecutor#execute_with_strategy'
#<Thread:0x000001bb752bd928 C:/workspace/minigun/lib/minigun/execution/executor.rb:97 run> terminated with exception 
(report_on_exception is true):
C:/workspace/minigun/examples/38_comprehensive_execution.rb:101:in 'block (2 levels) in 
<class:ComprehensivePipeline>': undefined local variable or method 'output' for an instance of ComprehensivePipeline 
(NameError)

      output << results

      ^^^^^^
	from C:/workspace/minigun/lib/minigun/stage.rb:109:in 'BasicObject#instance_exec'
	from C:/workspace/minigun/lib/minigun/stage.rb:109:in 'Minigun::AtomicStage#execute'
	from C:/workspace/minigun/lib/minigun/execution/executor.rb:62:in 'Minigun::Execution::Executor#run_stage_logic'
	from C:/workspace/minigun/lib/minigun/execution/executor.rb:99:in 'block in 
Minigun::Execution::ThreadPoolExecutor#execute_with_strategy'
E, [2025-10-27T13:41:28.311916 #8588] ERROR -- : [Pipeline:default][Stage:save_to_db] Error: undefined local variable or method 'output' for an instance of ComprehensivePipeline
E, [2025-10-27T13:41:28.311962 #8588] ERROR -- : C:/workspace/minigun/examples/38_comprehensive_execution.rb:101:in 'block (2 levels) in <class:ComprehensivePipeline>'
C:/workspace/minigun/lib/minigun/stage.rb:109:in 'BasicObject#instance_exec'
C:/workspace/minigun/lib/minigun/stage.rb:109:in 'Minigun::AtomicStage#execute'
C:/workspace/minigun/lib/minigun/execution/executor.rb:62:in 'Minigun::Execution::Executor#run_stage_logic'
C:/workspace/minigun/lib/minigun/execution/executor.rb:99:in 'block in Minigun::Execution::ThreadPoolExecutor#execute_with_strategy'
E, [2025-10-27T13:41:28.313478 #8588] ERROR -- : [Pipeline:default][Stage:save_to_db] Error: undefined local variable or method 'output' for an instance of ComprehensivePipeline
E, [2025-10-27T13:41:28.313522 #8588] ERROR -- : C:/workspace/minigun/examples/38_comprehensive_execution.rb:101:in 'block (2 levels) in <class:ComprehensivePipeline>'
C:/workspace/minigun/lib/minigun/stage.rb:109:in 'BasicObject#instance_exec'
C:/workspace/minigun/lib/minigun/stage.rb:109:in 'Minigun::AtomicStage#execute'
C:/workspace/minigun/lib/minigun/execution/executor.rb:62:in 'Minigun::Execution::Executor#run_stage_logic'
C:/workspace/minigun/lib/minigun/execution/executor.rb:99:in 'block in Minigun::Execution::ThreadPoolExecutor#execute_with_strategy'
E, [2025-10-27T13:41:28.314925 #8588] ERROR -- : [Pipeline:default][Stage:save_to_db] Error: undefined local variable or method 'output' for an instance of ComprehensivePipeline
E, [2025-10-27T13:41:28.314967 #8588] ERROR -- : C:/workspace/minigun/examples/38_comprehensive_execution.rb:101:in 'block (2 levels) in <class:ComprehensivePipeline>'
C:/workspace/minigun/lib/minigun/stage.rb:109:in 'BasicObject#instance_exec'
C:/workspace/minigun/lib/minigun/stage.rb:109:in 'Minigun::AtomicStage#execute'
C:/workspace/minigun/lib/minigun/execution/executor.rb:62:in 'Minigun::Execution::Executor#run_stage_logic'
C:/workspace/minigun/lib/minigun/execution/executor.rb:99:in 'block in Minigun::Execution::ThreadPoolExecutor#execute_with_strategy'
E, [2025-10-27T13:41:28.316340 #8588] ERROR -- : [Pipeline:default][Stage:save_to_db] Error: undefined local variable or method 'output' for an instance of ComprehensivePipeline
E, [2025-10-27T13:41:28.316381 #8588] ERROR -- : C:/workspace/minigun/examples/38_comprehensive_execution.rb:101:in 'block (2 levels) in <class:ComprehensivePipeline>'
C:/workspace/minigun/lib/minigun/stage.rb:109:in 'BasicObject#instance_exec'
C:/workspace/minigun/lib/minigun/stage.rb:109:in 'Minigun::AtomicStage#execute'
C:/workspace/minigun/lib/minigun/execution/executor.rb:62:in 'Minigun::Execution::Executor#run_stage_logic'
C:/workspace/minigun/lib/minigun/execution/executor.rb:99:in 'block in Minigun::Execution::ThreadPoolExecutor#execute_with_strategy'
E, [2025-10-27T13:41:28.317881 #8588] ERROR -- : [Pipeline:default][Stage:save_to_db] Error: undefined local variable or method 'output' for an instance of ComprehensivePipeline
E, [2025-10-27T13:41:28.317923 #8588] ERROR -- : C:/workspace/minigun/examples/38_comprehensive_execution.rb:101:in 'block (2 levels) in <class:ComprehensivePipeline>'
C:/workspace/minigun/lib/minigun/stage.rb:109:in 'BasicObject#instance_exec'
C:/workspace/minigun/lib/minigun/stage.rb:109:in 'Minigun::AtomicStage#execute'
C:/workspace/minigun/lib/minigun/execution/executor.rb:62:in 'Minigun::Execution::Executor#run_stage_logic'
C:/workspace/minigun/lib/minigun/execution/executor.rb:99:in 'block in Minigun::Execution::ThreadPoolExecutor#execute_with_strategy'
E, [2025-10-27T13:41:28.319381 #8588] ERROR -- : [Pipeline:default][Stage:save_to_db] Error: undefined local variable or method 'output' for an instance of ComprehensivePipeline
E, [2025-10-27T13:41:28.319421 #8588] ERROR -- : C:/workspace/minigun/examples/38_comprehensive_execution.rb:101:in 'block (2 levels) in <class:ComprehensivePipeline>'
C:/workspace/minigun/lib/minigun/stage.rb:109:in 'BasicObject#instance_exec'
C:/workspace/minigun/lib/minigun/stage.rb:109:in 'Minigun::AtomicStage#execute'
C:/workspace/minigun/lib/minigun/execution/executor.rb:62:in 'Minigun::Execution::Executor#run_stage_logic'
C:/workspace/minigun/lib/minigun/execution/executor.rb:99:in 'block in Minigun::Execution::ThreadPoolExecutor#execute_with_strategy'
E, [2025-10-27T13:41:28.324151 #8588] ERROR -- : [Pipeline:default][Stage:save_to_db] Error: undefined local variable or method 'output' for an instance of ComprehensivePipeline
E, [2025-10-27T13:41:28.324192 #8588] ERROR -- : C:/workspace/minigun/examples/38_comprehensive_execution.rb:101:in 'block (2 levels) in <class:ComprehensivePipeline>'
C:/workspace/minigun/lib/minigun/stage.rb:109:in 'BasicObject#instance_exec'
C:/workspace/minigun/lib/minigun/stage.rb:109:in 'Minigun::AtomicStage#execute'
C:/workspace/minigun/lib/minigun/execution/executor.rb:62:in 'Minigun::Execution::Executor#run_stage_logic'
C:/workspace/minigun/lib/minigun/execution/executor.rb:99:in 'block in Minigun::Execution::ThreadPoolExecutor#execute_with_strategy'
E, [2025-10-27T13:41:28.325664 #8588] ERROR -- : [Pipeline:default][Stage:save_to_db] Error: undefined local variable or method 'output' for an instance of ComprehensivePipeline
E, [2025-10-27T13:41:28.325705 #8588] ERROR -- : C:/workspace/minigun/examples/38_comprehensive_execution.rb:101:in 'block (2 levels) in <class:ComprehensivePipeline>'
C:/workspace/minigun/lib/minigun/stage.rb:109:in 'BasicObject#instance_exec'
C:/workspace/minigun/lib/minigun/stage.rb:109:in 'Minigun::AtomicStage#execute'
C:/workspace/minigun/lib/minigun/execution/executor.rb:62:in 'Minigun::Execution::Executor#run_stage_logic'
C:/workspace/minigun/lib/minigun/execution/executor.rb:99:in 'block in Minigun::Execution::ThreadPoolExecutor#execute_with_strategy'
E, [2025-10-27T13:41:28.327916 #8588] ERROR -- : [Pipeline:default][Stage:save_to_db] Error: undefined local variable or method 'output' for an instance of ComprehensivePipeline
E, [2025-10-27T13:41:28.327962 #8588] ERROR -- : C:/workspace/minigun/examples/38_comprehensive_execution.rb:101:in 'block (2 levels) in <class:ComprehensivePipeline>'
C:/workspace/minigun/lib/minigun/stage.rb:109:in 'BasicObject#instance_exec'
C:/workspace/minigun/lib/minigun/stage.rb:109:in 'Minigun::AtomicStage#execute'
C:/workspace/minigun/lib/minigun/execution/executor.rb:62:in 'Minigun::Execution::Executor#run_stage_logic'
C:/workspace/minigun/lib/minigun/execution/executor.rb:99:in 'block in Minigun::Execution::ThreadPoolExecutor#execute_with_strategy'
#<Thread:0x000001bb75135fd8 C:/workspace/minigun/lib/minigun/execution/executor.rb:97 run> terminated with exception 
(report_on_exception is true):
C:/workspace/minigun/examples/38_comprehensive_execution.rb:101:in 'block (2 levels) in 
<class:ComprehensivePipeline>': undefined local variable or method 'output' for an instance of ComprehensivePipeline 
(NameError)

      output << results

      ^^^^^^
	from C:/workspace/minigun/lib/minigun/stage.rb:109:in 'BasicObject#instance_exec'
	from C:/workspace/minigun/lib/minigun/stage.rb:109:in 'Minigun::AtomicStage#execute'
	from C:/workspace/minigun/lib/minigun/execution/executor.rb:62:in 'Minigun::Execution::Executor#run_stage_logic'
	from C:/workspace/minigun/lib/minigun/execution/executor.rb:99:in 'block in 
Minigun::Execution::ThreadPoolExecutor#execute_with_strategy'
#<Thread:0x000001bb74c18848 C:/workspace/minigun/lib/minigun/execution/executor.rb:97 run> terminated with exception 
(report_on_exception is true):
C:/workspace/minigun/examples/38_comprehensive_execution.rb:101:in 'block (2 levels) in 
<class:ComprehensivePipeline>': undefined local variable or method 'output' for an instance of ComprehensivePipeline 
(NameError)

      output << results

      ^^^^^^
	from C:/workspace/minigun/lib/minigun/stage.rb:109:in 'BasicObject#instance_exec'
	from C:/workspace/minigun/lib/minigun/stage.rb:109:in 'Minigun::AtomicStage#execute'
	from C:/workspace/minigun/lib/minigun/execution/executor.rb:62:in 'Minigun::Execution::Executor#run_stage_logic'
	from C:/workspace/minigun/lib/minigun/execution/executor.rb:99:in 'block in 
Minigun::Execution::ThreadPoolExecutor#execute_with_strategy'
#<Thread:0x000001bb74ab5f78 C:/workspace/minigun/lib/minigun/execution/executor.rb:97 run> terminated with exception 
(report_on_exception is true):
C:/workspace/minigun/examples/38_comprehensive_execution.rb:101:in 'block (2 levels) in 
<class:ComprehensivePipeline>': undefined local variable or method 'output' for an instance of ComprehensivePipeline 
(NameError)

      output << results

      ^^^^^^
	from C:/workspace/minigun/lib/minigun/stage.rb:109:in 'BasicObject#instance_exec'
	from C:/workspace/minigun/lib/minigun/stage.rb:109:in 'Minigun::AtomicStage#execute'
	from C:/workspace/minigun/lib/minigun/execution/executor.rb:62:in 'Minigun::Execution::Executor#run_stage_logic'
	from C:/workspace/minigun/lib/minigun/execution/executor.rb:99:in 'block in 
Minigun::Execution::ThreadPoolExecutor#execute_with_strategy'
#<Thread:0x000001bb74a39ab8 C:/workspace/minigun/lib/minigun/execution/executor.rb:97 run> terminated with exception 
(report_on_exception is true):
C:/workspace/minigun/examples/38_comprehensive_execution.rb:101:in 'block (2 levels) in 
<class:ComprehensivePipeline>': undefined local variable or method 'output' for an instance of ComprehensivePipeline 
(NameError)
E, [2025-10-27T13:41:28.329521 #8588] ERROR -- : [Pipeline:default][Stage:save_to_db] Error: undefined local variable or method 'output' for an instance of ComprehensivePipeline
E, [2025-10-27T13:41:28.329566 #8588] ERROR -- : C:/workspace/minigun/examples/38_comprehensive_execution.rb:101:in 'block (2 levels) in <class:ComprehensivePipeline>'
C:/workspace/minigun/lib/minigun/stage.rb:109:in 'BasicObject#instance_exec'
C:/workspace/minigun/lib/minigun/stage.rb:109:in 'Minigun::AtomicStage#execute'
C:/workspace/minigun/lib/minigun/execution/executor.rb:62:in 'Minigun::Execution::Executor#run_stage_logic'
C:/workspace/minigun/lib/minigun/execution/executor.rb:99:in 'block in Minigun::Execution::ThreadPoolExecutor#execute_with_strategy'
E, [2025-10-27T13:41:28.331066 #8588] ERROR -- : [Pipeline:default][Stage:save_to_db] Error: undefined local variable or method 'output' for an instance of ComprehensivePipeline
E, [2025-10-27T13:41:28.331107 #8588] ERROR -- : C:/workspace/minigun/examples/38_comprehensive_execution.rb:101:in 'block (2 levels) in <class:ComprehensivePipeline>'
C:/workspace/minigun/lib/minigun/stage.rb:109:in 'BasicObject#instance_exec'
C:/workspace/minigun/lib/minigun/stage.rb:109:in 'Minigun::AtomicStage#execute'
C:/workspace/minigun/lib/minigun/execution/executor.rb:62:in 'Minigun::Execution::Executor#run_stage_logic'
C:/workspace/minigun/lib/minigun/execution/executor.rb:99:in 'block in Minigun::Execution::ThreadPoolExecutor#execute_with_strategy'
E, [2025-10-27T13:41:28.332698 #8588] ERROR -- : [Pipeline:default][Stage:save_to_db] Error: undefined local variable or method 'output' for an instance of ComprehensivePipeline
E, [2025-10-27T13:41:28.332764 #8588] ERROR -- : C:/workspace/minigun/examples/38_comprehensive_execution.rb:101:in 'block (2 levels) in <class:ComprehensivePipeline>'
C:/workspace/minigun/lib/minigun/stage.rb:109:in 'BasicObject#instance_exec'
C:/workspace/minigun/lib/minigun/stage.rb:109:in 'Minigun::AtomicStage#execute'
C:/workspace/minigun/lib/minigun/execution/executor.rb:62:in 'Minigun::Execution::Executor#run_stage_logic'
C:/workspace/minigun/lib/minigun/execution/executor.rb:99:in 'block in Minigun::Execution::ThreadPoolExecutor#execute_with_strategy'
E, [2025-10-27T13:41:28.334316 #8588] ERROR -- : [Pipeline:default][Stage:save_to_db] Error: undefined local variable or method 'output' for an instance of ComprehensivePipeline
E, [2025-10-27T13:41:28.334370 #8588] ERROR -- : C:/workspace/minigun/examples/38_comprehensive_execution.rb:101:in 'block (2 levels) in <class:ComprehensivePipeline>'
C:/workspace/minigun/lib/minigun/stage.rb:109:in 'BasicObject#instance_exec'
C:/workspace/minigun/lib/minigun/stage.rb:109:in 'Minigun::AtomicStage#execute'
C:/workspace/minigun/lib/minigun/execution/executor.rb:62:in 'Minigun::Execution::Executor#run_stage_logic'
C:/workspace/minigun/lib/minigun/execution/executor.rb:99:in 'block in Minigun::Execution::ThreadPoolExecutor#execute_with_strategy'
E, [2025-10-27T13:41:28.335815 #8588] ERROR -- : [Pipeline:default][Stage:save_to_db] Error: undefined local variable or method 'output' for an instance of ComprehensivePipeline
E, [2025-10-27T13:41:28.335857 #8588] ERROR -- : C:/workspace/minigun/examples/38_comprehensive_execution.rb:101:in 'block (2 levels) in <class:ComprehensivePipeline>'
C:/workspace/minigun/lib/minigun/stage.rb:109:in 'BasicObject#instance_exec'
C:/workspace/minigun/lib/minigun/stage.rb:109:in 'Minigun::AtomicStage#execute'
C:/workspace/minigun/lib/minigun/execution/executor.rb:62:in 'Minigun::Execution::Executor#run_stage_logic'
C:/workspace/minigun/lib/minigun/execution/executor.rb:99:in 'block in Minigun::Execution::ThreadPoolExecutor#execute_with_strategy'
E, [2025-10-27T13:41:28.337311 #8588] ERROR -- : [Pipeline:default][Stage:save_to_db] Error: undefined local variable or method 'output' for an instance of ComprehensivePipeline
E, [2025-10-27T13:41:28.337354 #8588] ERROR -- : C:/workspace/minigun/examples/38_comprehensive_execution.rb:101:in 'block (2 levels) in <class:ComprehensivePipeline>'
C:/workspace/minigun/lib/minigun/stage.rb:109:in 'BasicObject#instance_exec'
C:/workspace/minigun/lib/minigun/stage.rb:109:in 'Minigun::AtomicStage#execute'
C:/workspace/minigun/lib/minigun/execution/executor.rb:62:in 'Minigun::Execution::Executor#run_stage_logic'
C:/workspace/minigun/lib/minigun/execution/executor.rb:99:in 'block in Minigun::Execution::ThreadPoolExecutor#execute_with_strategy'

      output << results

      ^^^^^^
	from C:/workspace/minigun/lib/minigun/stage.rb:109:in 'BasicObject#instance_exec'
	from C:/workspace/minigun/lib/minigun/stage.rb:109:in 'Minigun::AtomicStage#execute'
	from C:/workspace/minigun/lib/minigun/execution/executor.rb:62:in 'Minigun::Execution::Executor#run_stage_logic'
	from C:/workspace/minigun/lib/minigun/execution/executor.rb:99:in 'block in 
Minigun::Execution::ThreadPoolExecutor#execute_with_strategy'
#<Thread:0x000001bb74b718e0 C:/workspace/minigun/lib/minigun/execution/executor.rb:97 run> terminated with exception 
(report_on_exception is true):
C:/workspace/minigun/examples/38_comprehensive_execution.rb:101:in 'block (2 levels) in 
<class:ComprehensivePipeline>': undefined local variable or method 'output' for an instance of ComprehensivePipeline 
(NameError)

      output << results

      ^^^^^^
	from C:/workspace/minigun/lib/minigun/stage.rb:109:in 'BasicObject#instance_exec'
	from C:/workspace/minigun/lib/minigun/stage.rb:109:in 'Minigun::AtomicStage#execute'
	from C:/workspace/minigun/lib/minigun/execution/executor.rb:62:in 'Minigun::Execution::Executor#run_stage_logic'
	from C:/workspace/minigun/lib/minigun/execution/executor.rb:99:in 'block in 
Minigun::Execution::ThreadPoolExecutor#execute_with_strategy'
#<Thread:0x000001bb74bf1428 C:/workspace/minigun/lib/minigun/execution/executor.rb:97 run> terminated with exception 
(report_on_exception is true):
C:/workspace/minigun/examples/38_comprehensive_execution.rb:101:in 'block (2 levels) in 
<class:ComprehensivePipeline>': undefined local variable or method 'output' for an instance of ComprehensivePipeline 
(NameError)

      output << results

      ^^^^^^
	from C:/workspace/minigun/lib/minigun/stage.rb:109:in 'BasicObject#instance_exec'
	from C:/workspace/minigun/lib/minigun/stage.rb:109:in 'Minigun::AtomicStage#execute'
	from C:/workspace/minigun/lib/minigun/execution/executor.rb:62:in 'Minigun::Execution::Executor#run_stage_logic'
	from C:/workspace/minigun/lib/minigun/execution/executor.rb:99:in 'block in 
Minigun::Execution::ThreadPoolExecutor#execute_with_strategy'
#<Thread:0x000001bb74d1c2f8 C:/workspace/minigun/lib/minigun/execution/executor.rb:97 run> terminated with exception 
(report_on_exception is true):
C:/workspace/minigun/examples/38_comprehensive_execution.rb:101:in 'block (2 levels) in 
<class:ComprehensivePipeline>': undefined local variable or method 'output' for an instance of ComprehensivePipeline 
(NameError)

      output << results

      ^^^^^^
	from C:/workspace/minigun/lib/minigun/stage.rb:109:in 'BasicObject#instance_exec'
	from C:/workspace/minigun/lib/minigun/stage.rb:109:in 'Minigun::AtomicStage#execute'
	from C:/workspace/minigun/lib/minigun/execution/executor.rb:62:in 'Minigun::Execution::Executor#run_stage_logic'
	from C:/workspace/minigun/lib/minigun/execution/executor.rb:99:in 'block in 
Minigun::Execution::ThreadPoolExecutor#execute_with_strategy'
#<Thread:0x000001bb751f8588 C:/workspace/minigun/lib/minigun/execution/executor.rb:97 run> terminated with exception 
(report_on_exception is true):
C:/workspace/minigun/examples/38_comprehensive_execution.rb:101:in 'block (2 levels) in 
<class:ComprehensivePipeline>': undefined local variable or method 'output' for an instance of ComprehensivePipeline 
(NameError)

      output << results

      ^^^^^^
	from C:/workspace/minigun/lib/minigun/stage.rb:109:in 'BasicObject#instance_exec'
	from C:/workspace/minigun/lib/minigun/stage.rb:109:in 'Minigun::AtomicStage#execute'
	from C:/workspace/minigun/lib/minigun/execution/executor.rb:62:in 'Minigun::Execution::Executor#run_stage_logic'
	from C:/workspace/minigun/lib/minigun/execution/executor.rb:99:in 'block in 
Minigun::Execution::ThreadPoolExecutor#execute_with_strategy'
#<Thread:0x000001bb75170cc8 C:/workspace/minigun/lib/minigun/execution/executor.rb:97 run> terminated with exception 
(report_on_exception is true):
C:/workspace/minigun/examples/38_comprehensive_execution.rb:101:in 'block (2 levels) in 
<class:ComprehensivePipeline>': undefined local variable or method 'output' for an instance of ComprehensivePipeline 
(NameError)

      output << results

      ^^^^^^
	from C:/workspace/minigun/lib/minigun/stage.rb:109:in 'BasicObject#instance_exec'
	from C:/workspace/minigun/lib/minigun/stage.rb:109:in 'Minigun::AtomicStage#execute'
	from C:/workspace/minigun/lib/minigun/execution/executor.rb:62:in 'Minigun::Execution::Executor#run_stage_logic'
	from C:/workspace/minigun/lib/minigun/execution/executor.rb:99:in 'block in 
Minigun::Execution::ThreadPoolExecutor#execute_with_strategy'
#<Thread:0x000001bb735b93e0 C:/workspace/minigun/lib/minigun/execution/executor.rb:97 run> terminated with exception 
(report_on_exception is true):
C:/workspace/minigun/examples/38_comprehensive_execution.rb:101:in 'block (2 levels) in 
<class:ComprehensivePipeline>': undefined local variable or method 'output' for an instance of ComprehensivePipeline 
(NameError)

      output << results

      ^^^^^^
	from C:/workspace/minigun/lib/minigun/stage.rb:109:in 'BasicObject#instance_exec'
	from C:/workspace/minigun/lib/minigun/stage.rb:109:in 'Minigun::AtomicStage#execute'
	from C:/workspace/minigun/lib/minigun/execution/executor.rb:62:in 'Minigun::Execution::Executor#run_stage_logic'
	from C:/workspace/minigun/lib/minigun/execution/executor.rb:99:in 'block in 
Minigun::Execution::ThreadPoolExecutor#execute_with_strategy'
#<Thread:0x000001bb0159ff70 C:/workspace/minigun/lib/minigun/execution/executor.rb:97 run> terminated with exception 
(report_on_exception is true):
C:/workspace/minigun/examples/38_comprehensive_execution.rb:101:in 'block (2 levels) in 
<class:ComprehensivePipeline>': undefined local variable or method 'output' for an instance of ComprehensivePipeline 
(NameError)

      output << results

      ^^^^^^
	from C:/workspace/minigun/lib/minigun/stage.rb:109:in 'BasicObject#instance_exec'
	from C:/workspace/minigun/lib/minigun/stage.rb:109:in 'Minigun::AtomicStage#execute'
	from C:/workspace/minigun/lib/minigun/execution/executor.rb:62:in 'Minigun::Execution::Executor#run_stage_logic'
	from C:/workspace/minigun/lib/minigun/execution/executor.rb:99:in 'block in 
Minigun::Execution::ThreadPoolExecutor#execute_with_strategy'
E, [2025-10-27T13:41:28.338777 #8588] ERROR -- : [Pipeline:default][Stage:save_to_db] Error: undefined local variable or method 'output' for an instance of ComprehensivePipeline
E, [2025-10-27T13:41:28.338829 #8588] ERROR -- : C:/workspace/minigun/examples/38_comprehensive_execution.rb:101:in 'block (2 levels) in <class:ComprehensivePipeline>'
C:/workspace/minigun/lib/minigun/stage.rb:109:in 'BasicObject#instance_exec'
C:/workspace/minigun/lib/minigun/stage.rb:109:in 'Minigun::AtomicStage#execute'
C:/workspace/minigun/lib/minigun/execution/executor.rb:62:in 'Minigun::Execution::Executor#run_stage_logic'
C:/workspace/minigun/lib/minigun/execution/executor.rb:99:in 'block in Minigun::Execution::ThreadPoolExecutor#execute_with_strategy'
E, [2025-10-27T13:41:28.341142 #8588] ERROR -- : [Pipeline:default][Stage:save_to_db] Error: undefined local variable or method 'output' for an instance of ComprehensivePipeline
E, [2025-10-27T13:41:28.341187 #8588] ERROR -- : C:/workspace/minigun/examples/38_comprehensive_execution.rb:101:in 'block (2 levels) in <class:ComprehensivePipeline>'
C:/workspace/minigun/lib/minigun/stage.rb:109:in 'BasicObject#instance_exec'
C:/workspace/minigun/lib/minigun/stage.rb:109:in 'Minigun::AtomicStage#execute'
C:/workspace/minigun/lib/minigun/execution/executor.rb:62:in 'Minigun::Execution::Executor#run_stage_logic'
C:/workspace/minigun/lib/minigun/execution/executor.rb:99:in 'block in Minigun::Execution::ThreadPoolExecutor#execute_with_strategy'
I, [2025-10-27T13:41:28.341264 #8588]  INFO -- : [Pipeline:default][Worker:save_to_db] Done
I, [2025-10-27T13:41:28.341321 #8588]  INFO -- : [Pipeline:default][Worker:upload_to_s3] Done
I, [2025-10-27T13:41:28.341413 #8588]  INFO -- : [Job:855d256f][Pipeline:default] Finished in 0.42s
I, [2025-10-27T13:41:28.341476 #8588]  INFO -- : [Job:855d256f] ComprehensivePipeline finished
I, [2025-10-27T13:41:28.341504 #8588]  INFO -- : [Job:855d256f] Runtime: 0.42s
I, [2025-10-27T13:41:28.341537 #8588]  INFO -- : [Job:855d256f] Pipeline 'default': 0 produced, 0 consumed, 0.0 items/s
I, [2025-10-27T13:41:28.341577 #8588]  INFO -- : [Job:855d256f] Bottleneck: generate_urls (0.0 items/s)
I, [2025-10-27T13:41:28.341600 #8588]  INFO -- : [Job:855d256f] Total: 0 items, 0.0 items/min
    demonstrates comprehensive execution features
  21_inline_hook_procs.rb
I, [2025-10-27T13:41:28.343836 #8588]  INFO -- : [Job:48902114] InlineHookExample started
I, [2025-10-27T13:41:28.343874 #8588]  INFO -- : [Job:48902114] Configuration: max_processes=2, max_threads=3
I, [2025-10-27T13:41:28.343909 #8588]  INFO -- : [Job:48902114][Pipeline:default] Starting
[DAG BUILD] BEFORE handle_multiple_producers: edges=
[DAG BUILD] AFTER handle_multiple_producers: edges=fetch_data->validate | validate->
[DAG BUILD] AFTER fill_sequential_gaps: edges=fetch_data->validate | validate->transform | transform->batch | batch->save_data | save_data->
I, [2025-10-27T13:41:28.344019 #8588]  INFO -- : [Job:48902114][Pipeline:default] DAG: fetch_data -> validate -> transform -> batch -> save_data
I, [2025-10-27T13:41:28.344205 #8588]  INFO -- : [Pipeline:default][Producer:fetch_data] Starting 
E, [2025-10-27T13:41:28.344371 #8588] ERROR -- : [Pipeline:default][Producer:fetch_data] Error: undefined local variable or method 'output' for an instance of InlineHookExample
I, [2025-10-27T13:41:28.344475 #8588]  INFO -- : [Pipeline:default][Producer:fetch_data] Done
I, [2025-10-27T13:41:28.344405 #8588]  INFO -- : [Pipeline:default][Worker:batch] Starting
I, [2025-10-27T13:41:28.344443 #8588]  INFO -- : [Pipeline:default][Worker:transform] Starting
I, [2025-10-27T13:41:28.344266 #8588]  INFO -- : [Pipeline:default][Worker:validate] Starting
I, [2025-10-27T13:41:28.344644 #8588]  INFO -- : [Pipeline:default][Worker:validate] Done
I, [2025-10-27T13:41:28.344730 #8588]  INFO -- : [Pipeline:default][Worker:batch] Done
I, [2025-10-27T13:41:28.344683 #8588]  INFO -- : [Pipeline:default][Worker:transform] Done
I, [2025-10-27T13:41:28.344305 #8588]  INFO -- : [Pipeline:default][Worker:save_data] Starting
I, [2025-10-27T13:41:28.344892 #8588]  INFO -- : [Pipeline:default][Worker:save_data] Done
I, [2025-10-27T13:41:28.344961 #8588]  INFO -- : [Job:48902114][Pipeline:default] Finished in 0.0s
I, [2025-10-27T13:41:28.345323 #8588]  INFO -- : [Job:48902114] InlineHookExample finished
I, [2025-10-27T13:41:28.345365 #8588]  INFO -- : [Job:48902114] Runtime: 0.0s
I, [2025-10-27T13:41:28.345401 #8588]  INFO -- : [Job:48902114] Pipeline 'default': 0 produced, 0 consumed, 0.0 items/s
I, [2025-10-27T13:41:28.345445 #8588]  INFO -- : [Job:48902114] Bottleneck: fetch_data (0.0 items/s)
I, [2025-10-27T13:41:28.345471 #8588]  INFO -- : [Job:48902114] Total: 0 items, 0.0 items/min
    demonstrates inline hook proc syntax (FAILED - 50)
  24_statistics_demo.rb
I, [2025-10-27T13:41:28.346457 #8588]  INFO -- : [Job:17b7a656] StatisticsDemo started
I, [2025-10-27T13:41:28.346500 #8588]  INFO -- : [Job:17b7a656] Configuration: max_processes=2, max_threads=5
I, [2025-10-27T13:41:28.346524 #8588]  INFO -- : [Job:17b7a656][Pipeline:default] Starting
[DAG BUILD] BEFORE handle_multiple_producers: edges=collect-> | process->collect
[DAG BUILD] AFTER handle_multiple_producers: edges=collect-> | process->collect | generate->process
[DAG BUILD] AFTER fill_sequential_gaps: edges=collect-> | process->collect | generate->process
I, [2025-10-27T13:41:28.346599 #8588]  INFO -- : [Job:17b7a656][Pipeline:default] DAG: generate -> process -> collect
I, [2025-10-27T13:41:28.346745 #8588]  INFO -- : [Pipeline:default][Producer:generate] Starting 
[Producer] Generating 20 items
I, [2025-10-27T13:41:28.346850 #8588]  INFO -- : [Pipeline:default][Worker:collect] Starting
I, [2025-10-27T13:41:28.346805 #8588]  INFO -- : [Pipeline:default][Worker:process] Starting
I, [2025-10-27T13:41:28.346888 #8588]  INFO -- : [Pipeline:default][Producer:generate] Done
I, [2025-10-27T13:41:28.397948 #8588]  INFO -- : [Pipeline:default][Worker:process] Done
I, [2025-10-27T13:41:28.398148 #8588]  INFO -- : [Pipeline:default][Worker:collect] Done
I, [2025-10-27T13:41:28.398269 #8588]  INFO -- : [Job:17b7a656][Pipeline:default] Finished in 0.05s
I, [2025-10-27T13:41:28.398351 #8588]  INFO -- : [Job:17b7a656] StatisticsDemo finished
I, [2025-10-27T13:41:28.398439 #8588]  INFO -- : [Job:17b7a656] Runtime: 0.05s
I, [2025-10-27T13:41:28.398501 #8588]  INFO -- : [Job:17b7a656] Pipeline 'default': 0 produced, 20 consumed, 0.0 items/s
I, [2025-10-27T13:41:28.398563 #8588]  INFO -- : [Job:17b7a656] Bottleneck: generate (0.0 items/s)
I, [2025-10-27T13:41:28.398597 #8588]  INFO -- : [Job:17b7a656] Total: 0 items, 0.0 items/min
    demonstrates statistics tracking and reporting (FAILED - 51)
  22_reroute_stage.rb
I, [2025-10-27T13:41:28.399972 #8588]  INFO -- : [Job:7d09718c] RerouteBaseExample started
I, [2025-10-27T13:41:28.400012 #8588]  INFO -- : [Job:7d09718c] Configuration: max_processes=2, max_threads=5
I, [2025-10-27T13:41:28.400059 #8588]  INFO -- : [Job:7d09718c][Pipeline:default] Starting
[DAG BUILD] BEFORE handle_multiple_producers: edges=
[DAG BUILD] AFTER handle_multiple_producers: edges=generate->double | double->
[DAG BUILD] AFTER fill_sequential_gaps: edges=generate->double | double->collect | collect->
I, [2025-10-27T13:41:28.400167 #8588]  INFO -- : [Job:7d09718c][Pipeline:default] DAG: generate -> double -> collect
I, [2025-10-27T13:41:28.400338 #8588]  INFO -- : [Pipeline:default][Producer:generate] Starting 
[Producer] Generating 5 items
I, [2025-10-27T13:41:28.400423 #8588]  INFO -- : [Pipeline:default][Worker:collect] Starting
I, [2025-10-27T13:41:28.400372 #8588]  INFO -- : [Pipeline:default][Worker:double] Starting
[Double] 1 * 2 = 2
[Double] 2 * 2 = 4
[Collect] Received: 2[Double] 3 * 2 = 6
[Double] 4 * 2 = 8
[Double] 5 * 2 = 10

[Collect] Received: 4
[Collect] Received: 6
[Collect] Received: 8
[Collect] Received: 10
I, [2025-10-27T13:41:28.400466 #8588]  INFO -- : [Pipeline:default][Producer:generate] Done
I, [2025-10-27T13:41:28.400847 #8588]  INFO -- : [Pipeline:default][Worker:double] Done
I, [2025-10-27T13:41:28.400902 #8588]  INFO -- : [Pipeline:default][Worker:collect] Done
I, [2025-10-27T13:41:28.400962 #8588]  INFO -- : [Job:7d09718c][Pipeline:default] Finished in 0.0s
I, [2025-10-27T13:41:28.401037 #8588]  INFO -- : [Job:7d09718c] RerouteBaseExample finished
I, [2025-10-27T13:41:28.401094 #8588]  INFO -- : [Job:7d09718c] Runtime: 0.0s
I, [2025-10-27T13:41:28.401156 #8588]  INFO -- : [Job:7d09718c] Pipeline 'default': 0 produced, 5 consumed, 0.0 items/s
I, [2025-10-27T13:41:28.401192 #8588]  INFO -- : [Job:7d09718c] Bottleneck: generate (0.0 items/s)
I, [2025-10-27T13:41:28.401216 #8588]  INFO -- : [Job:7d09718c] Total: 0 items, 0.0 items/min
I, [2025-10-27T13:41:28.401316 #8588]  INFO -- : [Job:ee529848] RerouteSkipExample started
I, [2025-10-27T13:41:28.401359 #8588]  INFO -- : [Job:ee529848] Configuration: max_processes=2, max_threads=5
I, [2025-10-27T13:41:28.401409 #8588]  INFO -- : [Job:ee529848][Pipeline:default] Starting
[DAG BUILD] BEFORE handle_multiple_producers: edges=generate->collect | collect->
[DAG BUILD] AFTER handle_multiple_producers: edges=generate->collect | collect->
[DAG BUILD] AFTER fill_sequential_gaps: edges=generate->collect | collect-> | double->collect
I, [2025-10-27T13:41:28.401502 #8588]  INFO -- : [Job:ee529848][Pipeline:default] DAG: double -> generate -> collect
I, [2025-10-27T13:41:28.401646 #8588]  INFO -- : [Pipeline:default][Producer:generate] Starting 
[Producer] Generating 5 items
I, [2025-10-27T13:41:28.401731 #8588]  INFO -- : [Pipeline:default][Worker:collect] Starting
[Collect] Received: 1
[Collect] Received: 2
[Collect] Received: 3
[Collect] Received: 4
[Collect] Received: 5
I, [2025-10-27T13:41:28.401683 #8588]  INFO -- : [Pipeline:default][Worker:double] Starting
I, [2025-10-27T13:41:28.401906 #8588]  INFO -- : [Pipeline:default][Worker:double] No upstream sources, sending END signals and exiting
I, [2025-10-27T13:41:28.401768 #8588]  INFO -- : [Pipeline:default][Producer:generate] Done
I, [2025-10-27T13:41:28.401988 #8588]  INFO -- : [Pipeline:default][Worker:collect] Done
I, [2025-10-27T13:41:28.402044 #8588]  INFO -- : [Job:ee529848][Pipeline:default] Finished in 0.0s
I, [2025-10-27T13:41:28.402079 #8588]  INFO -- : [Job:ee529848] RerouteSkipExample finished
I, [2025-10-27T13:41:28.402123 #8588]  INFO -- : [Job:ee529848] Runtime: 0.0s
I, [2025-10-27T13:41:28.402160 #8588]  INFO -- : [Job:ee529848] Pipeline 'default': 0 produced, 5 consumed, 0.0 items/s
I, [2025-10-27T13:41:28.402185 #8588]  INFO -- : [Job:ee529848] Bottleneck: generate (0.0 items/s)
I, [2025-10-27T13:41:28.402205 #8588]  INFO -- : [Job:ee529848] Total: 0 items, 0.0 items/min
I, [2025-10-27T13:41:28.402269 #8588]  INFO -- : [Job:bf893406] RerouteInsertExample started
I, [2025-10-27T13:41:28.402309 #8588]  INFO -- : [Job:bf893406] Configuration: max_processes=2, max_threads=5
I, [2025-10-27T13:41:28.402352 #8588]  INFO -- : [Job:bf893406][Pipeline:default] Starting
[DAG BUILD] BEFORE handle_multiple_producers: edges=double->triple | triple->collect | collect->
[DAG BUILD] AFTER handle_multiple_producers: edges=double->triple | triple->collect | collect-> | generate->double
[DAG BUILD] AFTER fill_sequential_gaps: edges=double->triple | triple->collect | collect-> | generate->double
I, [2025-10-27T13:41:28.402435 #8588]  INFO -- : [Job:bf893406][Pipeline:default] DAG: generate -> double -> triple -> collect
I, [2025-10-27T13:41:28.402608 #8588]  INFO -- : [Pipeline:default][Producer:generate] Starting 
[Producer] Generating 5 items
I, [2025-10-27T13:41:28.402731 #8588]  INFO -- : [Pipeline:default][Worker:collect] Starting
I, [2025-10-27T13:41:28.402686 #8588]  INFO -- : [Pipeline:default][Worker:triple] Starting
I, [2025-10-27T13:41:28.402654 #8588]  INFO -- : [Pipeline:default][Worker:double] Starting
[Double] 1 * 2 = 2
[Double] 2 * 2 = 4
[Triple] 2 * 3 = 6[Double] 3 * 2 = 6
[Double] 4 * 2 = 8
[Double] 5 * 2 = 10

[Triple] 4 * 3 = 12
[Collect] Received: 6[Triple] 6 * 3 = 18
[Triple] 8 * 3 = 24
[Triple] 10 * 3 = 30

[Collect] Received: 12
[Collect] Received: 18
[Collect] Received: 24
[Collect] Received: 30
I, [2025-10-27T13:41:28.402769 #8588]  INFO -- : [Pipeline:default][Producer:generate] Done
I, [2025-10-27T13:41:28.403133 #8588]  INFO -- : [Pipeline:default][Worker:double] Done
I, [2025-10-27T13:41:28.403256 #8588]  INFO -- : [Pipeline:default][Worker:collect] Done
I, [2025-10-27T13:41:28.403195 #8588]  INFO -- : [Pipeline:default][Worker:triple] Done
I, [2025-10-27T13:41:28.403350 #8588]  INFO -- : [Job:bf893406][Pipeline:default] Finished in 0.0s
I, [2025-10-27T13:41:28.403407 #8588]  INFO -- : [Job:bf893406] RerouteInsertExample finished
I, [2025-10-27T13:41:28.403437 #8588]  INFO -- : [Job:bf893406] Runtime: 0.0s
I, [2025-10-27T13:41:28.403488 #8588]  INFO -- : [Job:bf893406] Pipeline 'default': 0 produced, 5 consumed, 0.0 items/s
I, [2025-10-27T13:41:28.403560 #8588]  INFO -- : [Job:bf893406] Bottleneck: generate (0.0 items/s)
I, [2025-10-27T13:41:28.403588 #8588]  INFO -- : [Job:bf893406] Total: 0 items, 0.0 items/min
    demonstrates rerouting stages in child classes
  19_statistics_gathering.rb
    demonstrates statistics tracking with hooks (FAILED - 52)
  10_web_crawler.rb
I, [2025-10-27T13:41:28.405107 #8588]  INFO -- : [Job:d9b8fe38] WebCrawler started
I, [2025-10-27T13:41:28.405152 #8588]  INFO -- : [Job:d9b8fe38] Configuration: max_processes=2, max_threads=20
I, [2025-10-27T13:41:28.405194 #8588]  INFO -- : [Job:d9b8fe38][Pipeline:default] Starting
[DAG BUILD] BEFORE handle_multiple_producers: edges=
[DAG BUILD] AFTER handle_multiple_producers: edges=seed_urls->fetch_pages | fetch_pages->
[DAG BUILD] AFTER fill_sequential_gaps: edges=seed_urls->fetch_pages | fetch_pages->extract_links | extract_links->process_pages | process_pages->
I, [2025-10-27T13:41:28.405272 #8588]  INFO -- : [Job:d9b8fe38][Pipeline:default] DAG: seed_urls -> fetch_pages -> extract_links -> process_pages
I, [2025-10-27T13:41:28.405445 #8588]  INFO -- : [Pipeline:default][Producer:seed_urls] Starting 

============================================================
WEB CRAWLER: Starting from http://example.com
Max pages: 20, Max depth: 3
============================================================
[Seed] Emitted 2 seed URL(s)
I, [2025-10-27T13:41:28.405558 #8588]  INFO -- : [Pipeline:default][Worker:extract_links] Starting
I, [2025-10-27T13:41:28.405491 #8588]  INFO -- : [Pipeline:default][Worker:fetch_pages] Starting
I, [2025-10-27T13:41:28.405610 #8588]  INFO -- : [Pipeline:default][Worker:process_pages] Starting
I, [2025-10-27T13:41:28.405686 #8588]  INFO -- : [Pipeline:default][Producer:seed_urls] Done
Γåô [depth 0] Fetching: http://example.com
  ≡ƒôä Page: example.com (144 words)
     Found 5 links on http://example.com
Γ£ô Stored: http://example.com (depth: 0)
Γåô [depth 0] Fetching: http://test.com
  ≡ƒôä Page: test.com (184 words)
     Found 3 links on http://test.com
I, [2025-10-27T13:41:28.445318 #8588]  INFO -- : [Pipeline:default][Worker:fetch_pages] Done
Γ£ô Stored: http://test.com (depth: 0)
I, [2025-10-27T13:41:28.445471 #8588]  INFO -- : [Pipeline:default][Worker:extract_links] Done
I, [2025-10-27T13:41:28.445662 #8588]  INFO -- : [Pipeline:default][Worker:process_pages] Done
I, [2025-10-27T13:41:28.445804 #8588]  INFO -- : [Job:d9b8fe38][Pipeline:default] Finished in 0.04s

============================================================
WEB CRAWLER STATISTICS
============================================================
Start URL: http://example.com
Pages crawled: 2
Links found: 8
Unique URLs visited: 2
Pages processed: 2
Average links per page: 4.0

Crawling complete!
============================================================

============================================================
WEB CRAWLER STATISTICS
============================================================
Start URL: http://example.com
Pages crawled: 2
Links found: 8
Unique URLs visited: 2
Pages processed: 2
Average links per page: 4.0

Crawling complete!
============================================================
I, [2025-10-27T13:41:28.445984 #8588]  INFO -- : [Job:d9b8fe38] WebCrawler finished
I, [2025-10-27T13:41:28.446011 #8588]  INFO -- : [Job:d9b8fe38] Runtime: 0.04s
I, [2025-10-27T13:41:28.446041 #8588]  INFO -- : [Job:d9b8fe38] Pipeline 'default': 0 produced, 2 consumed, 0.0 items/s
I, [2025-10-27T13:41:28.446099 #8588]  INFO -- : [Job:d9b8fe38] Bottleneck: seed_urls (0.0 items/s)
I, [2025-10-27T13:41:28.446135 #8588]  INFO -- : [Job:d9b8fe38] Total: 0 items, 0.0 items/min
    crawls and processes pages
  34_named_contexts.rb
============================================================
Named Execution Contexts
============================================================
I, [2025-10-27T13:41:28.447458 #8588]  INFO -- : [Job:f1bea2f8] DataPipeline started
I, [2025-10-27T13:41:28.447494 #8588]  INFO -- : [Job:f1bea2f8] Configuration: max_processes=2, max_threads=5
I, [2025-10-27T13:41:28.447520 #8588]  INFO -- : [Job:f1bea2f8][Pipeline:default] Starting
[DAG BUILD] BEFORE handle_multiple_producers: edges=
[DAG BUILD] AFTER handle_multiple_producers: edges=generate->fetch | fetch->
[DAG BUILD] AFTER fill_sequential_gaps: edges=generate->fetch | fetch->compute | compute->validate | validate->save | save->
I, [2025-10-27T13:41:28.447627 #8588]  INFO -- : [Job:f1bea2f8][Pipeline:default] DAG: generate -> fetch -> compute -> validate -> save
I, [2025-10-27T13:41:28.447825 #8588]  INFO -- : [Pipeline:default][Producer:generate] Starting 
I, [2025-10-27T13:41:28.448016 #8588]  INFO -- : [Pipeline:default][Producer:generate] Done
I, [2025-10-27T13:41:28.447944 #8588]  INFO -- : [Pipeline:default][Worker:save] Starting
I, [2025-10-27T13:41:28.448075 #8588]  INFO -- : [Pipeline:default][Worker:validate] Starting
I, [2025-10-27T13:41:28.448110 #8588]  INFO -- : [Pipeline:default][Worker:fetch] Starting
I, [2025-10-27T13:41:28.447878 #8588]  INFO -- : [Pipeline:default][Worker:compute] Starting
[Minigun] Process forking not available, falling back to inline
[Minigun] Process forking not available, falling back to inline
[Minigun] Process forking not available, falling back to inline
[Minigun] Process forking not available, falling back to inline
[Minigun] Process forking not available, falling back to inline
[Minigun] Process forking not available, falling back to inline
[Minigun] Process forking not available, falling back to inline
[Minigun] Process forking not available, falling back to inline
[Minigun] Process forking not available, falling back to inline
[Minigun] Process forking not available, falling back to inline
[Minigun] Process forking not available, falling back to inline
[Minigun] Process forking not available, falling back to inline
[Minigun] Process forking not available, falling back to inline
[Minigun] Process forking not available, falling back to inline
[Minigun] Process forking not available, falling back to inline
[Minigun] Process forking not available, falling back to inline
[Minigun] Process forking not available, falling back to inline
[Minigun] Process forking not available, falling back to inline
[Minigun] Process forking not available, falling back to inline
[Minigun] Process forking not available, falling back to inline
[Minigun] Process forking not available, falling back to inline
[Minigun] Process forking not available, falling back to inline
[Minigun] Process forking not available, falling back to inline
[Minigun] Process forking not available, falling back to inline
[Minigun] Process forking not available, falling back to inline
[Minigun] Process forking not available, falling back to inline
[Minigun] Process forking not available, falling back to inline
[Minigun] Process forking not available, falling back to inline
[Minigun] Process forking not available, falling back to inline
[Minigun] Process forking not available, falling back to inline
[Minigun] Process forking not available, falling back to inline
[Minigun] Process forking not available, falling back to inline
[Minigun] Process forking not available, falling back to inline
[Minigun] Process forking not available, falling back to inline
[Minigun] Process forking not available, falling back to inline
[Minigun] Process forking not available, falling back to inline
[Minigun] Process forking not available, falling back to inline
[Minigun] Process forking not available, falling back to inline
[Minigun] Process forking not available, falling back to inline
[Minigun] Process forking not available, falling back to inline
[Minigun] Process forking not available, falling back to inline
[Minigun] Process forking not available, falling back to inline
[Minigun] Process forking not available, falling back to inline
[Minigun] Process forking not available, falling back to inline
[Minigun] Process forking not available, falling back to inline
[Minigun] Process forking not available, falling back to inline
[Minigun] Process forking not available, falling back to inline
[Minigun] Process forking not available, falling back to inline
[Minigun] Process forking not available, falling back to inline
[Minigun] Process forking not available, falling back to inline
[Minigun] Process forking not available, falling back to inline
[Minigun] Process forking not available, falling back to inline
[Minigun] Process forking not available, falling back to inline
[Minigun] Process forking not available, falling back to inline
[Minigun] Process forking not available, falling back to inline
[Minigun] Process forking not available, falling back to inline
[Minigun] Process forking not available, falling back to inline
[Minigun] Process forking not available, falling back to inline
[Minigun] Process forking not available, falling back to inline
[Minigun] Process forking not available, falling back to inline
[Minigun] Process forking not available, falling back to inline
[Minigun] Process forking not available, falling back to inline
[Minigun] Process forking not available, falling back to inline
[Minigun] Process forking not available, falling back to inline
[Minigun] Process forking not available, falling back to inline
[Minigun] Process forking not available, falling back to inline
[Minigun] Process forking not available, falling back to inline
[Minigun] Process forking not available, falling back to inline
[Minigun] Process forking not available, falling back to inline
[Minigun] Process forking not available, falling back to inline
[Minigun] Process forking not available, falling back to inline
[Minigun] Process forking not available, falling back to inline
[Minigun] Process forking not available, falling back to inline
[Minigun] Process forking not available, falling back to inline
[Minigun] Process forking not available, falling back to inline
[Minigun] Process forking not available, falling back to inline
[Minigun] Process forking not available, falling back to inline
[Minigun] Process forking not available, falling back to inline
[Minigun] Process forking not available, falling back to inline
[Minigun] Process forking not available, falling back to inline
[Minigun] Process forking not available, falling back to inline
[Minigun] Process forking not available, falling back to inline
[Minigun] Process forking not available, falling back to inline
[Minigun] Process forking not available, falling back to inline
[Minigun] Process forking not available, falling back to inline
[Minigun] Process forking not available, falling back to inline
[Minigun] Process forking not available, falling back to inline
[Minigun] Process forking not available, falling back to inline
[Minigun] Process forking not available, falling back to inline
[Minigun] Process forking not available, falling back to inline
[Minigun] Process forking not available, falling back to inline
[Minigun] Process forking not available, falling back to inline
[Minigun] Process forking not available, falling back to inline
[Minigun] Process forking not available, falling back to inline
[Minigun] Process forking not available, falling back to inline
[Minigun] Process forking not available, falling back to inline
[Minigun] Process forking not available, falling back to inline
[Minigun] Process forking not available, falling back to inline
[Minigun] Process forking not available, falling back to inline
I, [2025-10-27T13:41:28.470675 #8588]  INFO -- : [Pipeline:default][Worker:fetch] Done
[Minigun] Process forking not available, falling back to inline
I, [2025-10-27T13:41:28.470766 #8588]  INFO -- : [Pipeline:default][Worker:compute] Done
I, [2025-10-27T13:41:28.471012 #8588]  INFO -- : [Pipeline:default][Worker:validate] Done
I, [2025-10-27T13:41:28.471066 #8588]  INFO -- : [Pipeline:default][Worker:save] Done
I, [2025-10-27T13:41:28.471148 #8588]  INFO -- : [Job:f1bea2f8][Pipeline:default] Finished in 0.02s
I, [2025-10-27T13:41:28.471209 #8588]  INFO -- : [Job:f1bea2f8] DataPipeline finished
I, [2025-10-27T13:41:28.471237 #8588]  INFO -- : [Job:f1bea2f8] Runtime: 0.02s
I, [2025-10-27T13:41:28.471264 #8588]  INFO -- : [Job:f1bea2f8] Pipeline 'default': 0 produced, 100 consumed, 0.0 items/s
I, [2025-10-27T13:41:28.471292 #8588]  INFO -- : [Job:f1bea2f8] Bottleneck: generate (0.0 items/s)
I, [2025-10-27T13:41:28.471316 #8588]  INFO -- : [Job:f1bea2f8] Total: 0 items, 0.0 items/min

Results:
  Processed: 100 items

Γ£ô Named contexts assigned to specific stages
Γ£ô io_workers (50 threads) for fetch
Γ£ô cpu_workers (4 processes) for compute
Γ£ô fast_lane (100 threads) for validate
Γ£ô Flexible, declarative stage assignment

============================================================
Example 2: Mixed Named and Block Contexts
============================================================
I, [2025-10-27T13:41:28.471463 #8588]  INFO -- : [Job:9469393c] MixedPipeline started
I, [2025-10-27T13:41:28.471485 #8588]  INFO -- : [Job:9469393c] Configuration: max_processes=2, max_threads=5
I, [2025-10-27T13:41:28.471519 #8588]  INFO -- : [Job:9469393c][Pipeline:default] Starting
[DAG BUILD] BEFORE handle_multiple_producers: edges=
[DAG BUILD] AFTER handle_multiple_producers: edges=gen->download | download->
[DAG BUILD] AFTER fill_sequential_gaps: edges=gen->download | download->parse | parse->heavy_work | heavy_work->save | save->
I, [2025-10-27T13:41:28.471631 #8588]  INFO -- : [Job:9469393c][Pipeline:default] DAG: gen -> download -> parse -> heavy_work -> save
I, [2025-10-27T13:41:28.471788 #8588]  INFO -- : [Pipeline:default][Producer:gen] Starting 
I, [2025-10-27T13:41:28.471912 #8588]  INFO -- : [Pipeline:default][Producer:gen] Done
I, [2025-10-27T13:41:28.471871 #8588]  INFO -- : [Pipeline:default][Worker:download] Starting
I, [2025-10-27T13:41:28.471944 #8588]  INFO -- : [Pipeline:default][Worker:heavy_work] Starting
I, [2025-10-27T13:41:28.471976 #8588]  INFO -- : [Pipeline:default][Worker:save] Starting
I, [2025-10-27T13:41:28.471836 #8588]  INFO -- : [Pipeline:default][Worker:parse] Starting
[Minigun] Process forking not available, falling back to inline
[Minigun] Process forking not available, falling back to inline
[Minigun] Process forking not available, falling back to inline
[Minigun] Process forking not available, falling back to inline
[Minigun] Process forking not available, falling back to inline
[Minigun] Process forking not available, falling back to inline
[Minigun] Process forking not available, falling back to inline
[Minigun] Process forking not available, falling back to inline
[Minigun] Process forking not available, falling back to inline
[Minigun] Process forking not available, falling back to inline
[Minigun] Process forking not available, falling back to inline
[Minigun] Process forking not available, falling back to inline
[Minigun] Process forking not available, falling back to inline
[Minigun] Process forking not available, falling back to inline
[Minigun] Process forking not available, falling back to inline
[Minigun] Process forking not available, falling back to inline
[Minigun] Process forking not available, falling back to inline
[Minigun] Process forking not available, falling back to inline
[Minigun] Process forking not available, falling back to inline
[Minigun] Process forking not available, falling back to inline
[Minigun] Process forking not available, falling back to inline
[Minigun] Process forking not available, falling back to inline
[Minigun] Process forking not available, falling back to inline
[Minigun] Process forking not available, falling back to inline
[Minigun] Process forking not available, falling back to inline
[Minigun] Process forking not available, falling back to inline
[Minigun] Process forking not available, falling back to inline
[Minigun] Process forking not available, falling back to inline
[Minigun] Process forking not available, falling back to inline
[Minigun] Process forking not available, falling back to inline
[Minigun] Process forking not available, falling back to inline
[Minigun] Process forking not available, falling back to inline
[Minigun] Process forking not available, falling back to inline
[Minigun] Process forking not available, falling back to inline
[Minigun] Process forking not available, falling back to inline
[Minigun] Process forking not available, falling back to inline
[Minigun] Process forking not available, falling back to inline
[Minigun] Process forking not available, falling back to inline
[Minigun] Process forking not available, falling back to inline
[Minigun] Process forking not available, falling back to inline
[Minigun] Process forking not available, falling back to inline
[Minigun] Process forking not available, falling back to inline
[Minigun] Process forking not available, falling back to inline
[Minigun] Process forking not available, falling back to inline
[Minigun] Process forking not available, falling back to inline
[Minigun] Process forking not available, falling back to inline
[Minigun] Process forking not available, falling back to inline
[Minigun] Process forking not available, falling back to inline
I, [2025-10-27T13:41:28.482187 #8588]  INFO -- : [Pipeline:default][Worker:download] Done
[Minigun] Process forking not available, falling back to inline
[Minigun] Process forking not available, falling back to inline
I, [2025-10-27T13:41:28.482451 #8588]  INFO -- : [Pipeline:default][Worker:parse] Done
I, [2025-10-27T13:41:28.482565 #8588]  INFO -- : [Pipeline:default][Worker:save] Done
I, [2025-10-27T13:41:28.482521 #8588]  INFO -- : [Pipeline:default][Worker:heavy_work] Done
I, [2025-10-27T13:41:28.482670 #8588]  INFO -- : [Job:9469393c][Pipeline:default] Finished in 0.01s
I, [2025-10-27T13:41:28.482738 #8588]  INFO -- : [Job:9469393c] MixedPipeline finished
I, [2025-10-27T13:41:28.482773 #8588]  INFO -- : [Job:9469393c] Runtime: 0.01s
I, [2025-10-27T13:41:28.482818 #8588]  INFO -- : [Job:9469393c] Pipeline 'default': 0 produced, 50 consumed, 0.0 items/s
I, [2025-10-27T13:41:28.482880 #8588]  INFO -- : [Job:9469393c] Bottleneck: gen (0.0 items/s)
I, [2025-10-27T13:41:28.482915 #8588]  INFO -- : [Job:9469393c] Total: 0 items, 0.0 items/min

Results:
  Processed: 50 items

Γ£ô Block contexts (threads) for I/O stages
Γ£ô Named context (heavy_compute) for CPU stage
Γ£ô Mix and match as needed
I, [2025-10-27T13:41:28.483017 #8588]  INFO -- : [Job:48f2b70b] DataPipeline started
I, [2025-10-27T13:41:28.483039 #8588]  INFO -- : [Job:48f2b70b] Configuration: max_processes=2, max_threads=5
I, [2025-10-27T13:41:28.483068 #8588]  INFO -- : [Job:48f2b70b][Pipeline:default] Starting
[DAG BUILD] BEFORE handle_multiple_producers: edges=generate->fetch | fetch->compute | compute->validate | validate->save | save->
[DAG BUILD] AFTER handle_multiple_producers: edges=generate->fetch | fetch->compute | compute->validate | validate->save | save->
[DAG BUILD] AFTER fill_sequential_gaps: edges=generate->fetch | fetch->compute | compute->validate | validate->save | save->
I, [2025-10-27T13:41:28.483205 #8588]  INFO -- : [Job:48f2b70b][Pipeline:default] DAG: generate -> fetch -> compute -> validate -> save
I, [2025-10-27T13:41:28.484045 #8588]  INFO -- : [Pipeline:default][Producer:generate] Starting 
I, [2025-10-27T13:41:28.484237 #8588]  INFO -- : [Pipeline:default][Producer:generate] Done
I, [2025-10-27T13:41:28.484137 #8588]  INFO -- : [Pipeline:default][Worker:compute] Starting
I, [2025-10-27T13:41:28.484177 #8588]  INFO -- : [Pipeline:default][Worker:validate] Starting
I, [2025-10-27T13:41:28.484271 #8588]  INFO -- : [Pipeline:default][Worker:save] Starting
I, [2025-10-27T13:41:28.484097 #8588]  INFO -- : [Pipeline:default][Worker:fetch] Starting
[Minigun] Process forking not available, falling back to inline
[Minigun] Process forking not available, falling back to inline
[Minigun] Process forking not available, falling back to inline
[Minigun] Process forking not available, falling back to inline
[Minigun] Process forking not available, falling back to inline
[Minigun] Process forking not available, falling back to inline
[Minigun] Process forking not available, falling back to inline
[Minigun] Process forking not available, falling back to inline
[Minigun] Process forking not available, falling back to inline
[Minigun] Process forking not available, falling back to inline
[Minigun] Process forking not available, falling back to inline
[Minigun] Process forking not available, falling back to inline
[Minigun] Process forking not available, falling back to inline
[Minigun] Process forking not available, falling back to inline
[Minigun] Process forking not available, falling back to inline
[Minigun] Process forking not available, falling back to inline
[Minigun] Process forking not available, falling back to inline
[Minigun] Process forking not available, falling back to inline
[Minigun] Process forking not available, falling back to inline
[Minigun] Process forking not available, falling back to inline
[Minigun] Process forking not available, falling back to inline
[Minigun] Process forking not available, falling back to inline
[Minigun] Process forking not available, falling back to inline
[Minigun] Process forking not available, falling back to inline
[Minigun] Process forking not available, falling back to inline
[Minigun] Process forking not available, falling back to inline
[Minigun] Process forking not available, falling back to inline
[Minigun] Process forking not available, falling back to inline
[Minigun] Process forking not available, falling back to inline
[Minigun] Process forking not available, falling back to inline
[Minigun] Process forking not available, falling back to inline
[Minigun] Process forking not available, falling back to inline
[Minigun] Process forking not available, falling back to inline
[Minigun] Process forking not available, falling back to inline
[Minigun] Process forking not available, falling back to inline
[Minigun] Process forking not available, falling back to inline
[Minigun] Process forking not available, falling back to inline
[Minigun] Process forking not available, falling back to inline
[Minigun] Process forking not available, falling back to inline
[Minigun] Process forking not available, falling back to inline
[Minigun] Process forking not available, falling back to inline
[Minigun] Process forking not available, falling back to inline
[Minigun] Process forking not available, falling back to inline
[Minigun] Process forking not available, falling back to inline
[Minigun] Process forking not available, falling back to inline
[Minigun] Process forking not available, falling back to inline
[Minigun] Process forking not available, falling back to inline
[Minigun] Process forking not available, falling back to inline
[Minigun] Process forking not available, falling back to inline
[Minigun] Process forking not available, falling back to inline
[Minigun] Process forking not available, falling back to inline
[Minigun] Process forking not available, falling back to inline
[Minigun] Process forking not available, falling back to inline
[Minigun] Process forking not available, falling back to inline
[Minigun] Process forking not available, falling back to inline
[Minigun] Process forking not available, falling back to inline
[Minigun] Process forking not available, falling back to inline
[Minigun] Process forking not available, falling back to inline
[Minigun] Process forking not available, falling back to inline
[Minigun] Process forking not available, falling back to inline
[Minigun] Process forking not available, falling back to inline
[Minigun] Process forking not available, falling back to inline
[Minigun] Process forking not available, falling back to inline
[Minigun] Process forking not available, falling back to inline
[Minigun] Process forking not available, falling back to inline
[Minigun] Process forking not available, falling back to inline
[Minigun] Process forking not available, falling back to inline
[Minigun] Process forking not available, falling back to inline
[Minigun] Process forking not available, falling back to inline
[Minigun] Process forking not available, falling back to inline
[Minigun] Process forking not available, falling back to inline
[Minigun] Process forking not available, falling back to inline
[Minigun] Process forking not available, falling back to inline
[Minigun] Process forking not available, falling back to inline
[Minigun] Process forking not available, falling back to inline
[Minigun] Process forking not available, falling back to inline
[Minigun] Process forking not available, falling back to inline
[Minigun] Process forking not available, falling back to inline
[Minigun] Process forking not available, falling back to inline
[Minigun] Process forking not available, falling back to inline
[Minigun] Process forking not available, falling back to inline
[Minigun] Process forking not available, falling back to inline
[Minigun] Process forking not available, falling back to inline
[Minigun] Process forking not available, falling back to inline
[Minigun] Process forking not available, falling back to inline
[Minigun] Process forking not available, falling back to inline
[Minigun] Process forking not available, falling back to inline
[Minigun] Process forking not available, falling back to inline
[Minigun] Process forking not available, falling back to inline
[Minigun] Process forking not available, falling back to inline
[Minigun] Process forking not available, falling back to inline
[Minigun] Process forking not available, falling back to inline
[Minigun] Process forking not available, falling back to inline
[Minigun] Process forking not available, falling back to inline
[Minigun] Process forking not available, falling back to inline
[Minigun] Process forking not available, falling back to inline
[Minigun] Process forking not available, falling back to inline
[Minigun] Process forking not available, falling back to inline
[Minigun] Process forking not available, falling back to inline
[Minigun] Process forking not available, falling back to inline
I, [2025-10-27T13:41:28.504392 #8588]  INFO -- : [Pipeline:default][Worker:fetch] Done
I, [2025-10-27T13:41:28.504473 #8588]  INFO -- : [Pipeline:default][Worker:compute] Done
I, [2025-10-27T13:41:28.504680 #8588]  INFO -- : [Pipeline:default][Worker:validate] Done
I, [2025-10-27T13:41:28.504727 #8588]  INFO -- : [Pipeline:default][Worker:save] Done
I, [2025-10-27T13:41:28.504809 #8588]  INFO -- : [Job:48f2b70b][Pipeline:default] Finished in 0.02s
I, [2025-10-27T13:41:28.504870 #8588]  INFO -- : [Job:48f2b70b] DataPipeline finished
I, [2025-10-27T13:41:28.504918 #8588]  INFO -- : [Job:48f2b70b] Runtime: 0.02s
I, [2025-10-27T13:41:28.504961 #8588]  INFO -- : [Job:48f2b70b] Pipeline 'default': 0 produced, 100 consumed, 0.0 items/s
I, [2025-10-27T13:41:28.504992 #8588]  INFO -- : [Job:48f2b70b] Bottleneck: generate (0.0 items/s)
I, [2025-10-27T13:41:28.505037 #8588]  INFO -- : [Job:48f2b70b] Total: 0 items, 0.0 items/min
    demonstrates named execution contexts
  40_priority_routing.rb
I, [2025-10-27T13:41:28.506384 #8588]  INFO -- : [Job:a3365230] PriorityRoutingExample started
I, [2025-10-27T13:41:28.506430 #8588]  INFO -- : [Job:a3365230] Configuration: max_processes=2, max_threads=5
I, [2025-10-27T13:41:28.506476 #8588]  INFO -- : [Job:a3365230][Pipeline:default] Starting
[DAG BUILD] BEFORE handle_multiple_producers: edges=
[DAG BUILD] AFTER handle_multiple_producers: edges=generate_tasks->calculate_priority | calculate_priority->
[DAG BUILD] AFTER fill_sequential_gaps: edges=generate_tasks->calculate_priority | calculate_priority->route_by_priority | route_by_priority->process_task | process_task->deliver | deliver->
I, [2025-10-27T13:41:28.506613 #8588]  INFO -- : [Job:a3365230][Pipeline:default] DAG: generate_tasks -> calculate_priority -> route_by_priority -> process_task -> deliver
I, [2025-10-27T13:41:28.506782 #8588]  INFO -- : [Pipeline:default][Producer:generate_tasks] Starting 

============================================================
PRIORITY ROUTER: Generating Tasks
============================================================
Γ¡É Generated task 1: email [high] for alice@example.com
   Generated task 2: email [low] for bob@example.com
Γ¡É Generated task 3: notification [critical] for charlie@example.com
   Generated task 4: email [medium] for diana@example.com
Γ¡É Generated task 5: sms [critical] for eve@example.com
   Generated task 6: notification [low] for frank@example.com
Γ¡É Generated task 7: email [high] for grace@example.com
   Generated task 8: sms [medium] for henry@example.com
Γ¡É Generated task 9: notification [critical] for iris@example.com
   Generated task 10: email [low] for jack@example.com
I, [2025-10-27T13:41:28.506971 #8588]  INFO -- : [Pipeline:default][Worker:process_task] Starting
I, [2025-10-27T13:41:28.506913 #8588]  INFO -- : [Pipeline:default][Worker:calculate_priority] Starting
ΓåÆ Task 1 scored 95 ΓåÆ routing to high_priority_path
ΓåÆ Task 2 scored 25 ΓåÆ routing to low_priority_path
ΓåÆ Task 3 scored 120 ΓåÆ routing to critical_path
ΓåÆ Task 4 scored 50 ΓåÆ routing to normal_path
ΓåÆ Task 5 scored 120 ΓåÆ routing to critical_path
ΓåÆ Task 6 scored 25 ΓåÆ routing to low_priority_path
ΓåÆ Task 7 scored 95 ΓåÆ routing to high_priority_path
ΓåÆ Task 8 scored 50 ΓåÆ routing to normal_path
ΓåÆ Task 9 scored 120 ΓåÆ routing to critical_path
ΓåÆ Task 10 scored 25 ΓåÆ routing to low_priority_path
I, [2025-10-27T13:41:28.507002 #8588]  INFO -- : [Pipeline:default][Worker:deliver] Starting
I, [2025-10-27T13:41:28.506851 #8588]  INFO -- : [Pipeline:default][Worker:route_by_priority] Starting
I, [2025-10-27T13:41:28.507189 #8588]  INFO -- : [Pipeline:default][Producer:generate_tasks] Done
I, [2025-10-27T13:41:28.507581 #8588]  INFO -- : [Pipeline:default][Worker:calculate_priority] Done
I, [2025-10-27T13:41:28.507652 #8588]  INFO -- : [Pipeline:default][Worker:route_by_priority] Done
ΓÜí Processed task 1 via high_priority_path in 0.02s
Γ£ô Delivered email to alice@example.com (priority: high, score: 95)
≡ƒÉî Processed task 2 via low_priority_path in 0.05s
Γ£ô Delivered email to bob@example.com (priority: low, score: 25)
≡ƒöÑ Processed task 3 via critical_path in 0.01s
Γ£ô Delivered notification to charlie@example.com (priority: critical, score: 120)
≡ƒô¥ Processed task 4 via normal_path in 0.03s
Γ£ô Delivered email to diana@example.com (priority: medium, score: 50)
≡ƒöÑ Processed task 5 via critical_path in 0.01s
Γ£ô Delivered sms to eve@example.com (priority: critical, score: 120)
≡ƒÉî Processed task 6 via low_priority_path in 0.05s
Γ£ô Delivered notification to frank@example.com (priority: low, score: 25)
ΓÜí Processed task 7 via high_priority_path in 0.02s
Γ£ô Delivered email to grace@example.com (priority: high, score: 95)
≡ƒô¥ Processed task 8 via normal_path in 0.03s
Γ£ô Delivered sms to henry@example.com (priority: medium, score: 50)
≡ƒöÑ Processed task 9 via critical_path in 0.01s
Γ£ô Delivered notification to iris@example.com (priority: critical, score: 120)
≡ƒÉî Processed task 10 via low_priority_path in 0.05s
I, [2025-10-27T13:41:28.865681 #8588]  INFO -- : [Pipeline:default][Worker:process_task] Done
Γ£ô Delivered email to jack@example.com (priority: low, score: 25)
I, [2025-10-27T13:41:28.865897 #8588]  INFO -- : [Pipeline:default][Worker:deliver] Done
I, [2025-10-27T13:41:28.866047 #8588]  INFO -- : [Job:a3365230][Pipeline:default] Finished in 0.36s

============================================================
PRIORITY ROUTING STATISTICS
============================================================
low_priority_path         3 tasks (30.0%)
critical_path             3 tasks (30.0%)
high_priority_path        2 tasks (20.0%)
normal_path               2 tasks (20.0%)

Priority routing complete!
============================================================

============================================================
PRIORITY ROUTING STATISTICS
============================================================
low_priority_path         3 tasks (30.0%)
critical_path             3 tasks (30.0%)
high_priority_path        2 tasks (20.0%)
normal_path               2 tasks (20.0%)

Priority routing complete!
============================================================
I, [2025-10-27T13:41:28.866337 #8588]  INFO -- : [Job:a3365230] PriorityRoutingExample finished
I, [2025-10-27T13:41:28.866389 #8588]  INFO -- : [Job:a3365230] Runtime: 0.36s
I, [2025-10-27T13:41:28.866439 #8588]  INFO -- : [Job:a3365230] Pipeline 'default': 0 produced, 10 consumed, 0.0 items/s
I, [2025-10-27T13:41:28.866491 #8588]  INFO -- : [Job:a3365230] Bottleneck: generate_tasks (0.0 items/s)
I, [2025-10-27T13:41:28.866570 #8588]  INFO -- : [Job:a3365230] Total: 0 items, 0.0 items/min
    demonstrates priority routing pattern
  36_batch_and_process.rb
============================================================
Batch + Process Per Batch Pattern
============================================================
I, [2025-10-27T13:41:28.868748 #8588]  INFO -- : [Job:a46545d4] BatchProcessor started
I, [2025-10-27T13:41:28.868786 #8588]  INFO -- : [Job:a46545d4] Configuration: max_processes=2, max_threads=5
I, [2025-10-27T13:41:28.868835 #8588]  INFO -- : [Job:a46545d4][Pipeline:default] Starting
[DAG BUILD] BEFORE handle_multiple_producers: edges=
[DAG BUILD] AFTER handle_multiple_producers: edges=generate_data->_batch_0 | _batch_0->
[DAG BUILD] AFTER fill_sequential_gaps: edges=generate_data->_batch_0 | _batch_0->process_in_isolation | process_in_isolation->
I, [2025-10-27T13:41:28.868946 #8588]  INFO -- : [Job:a46545d4][Pipeline:default] DAG: generate_data -> _batch_0 -> process_in_isolation
I, [2025-10-27T13:41:28.869183 #8588]  INFO -- : [Pipeline:default][Producer:generate_data] Starting 
I, [2025-10-27T13:41:28.869408 #8588]  INFO -- : [Pipeline:default][Producer:generate_data] Done
I, [2025-10-27T13:41:28.869288 #8588]  INFO -- : [Pipeline:default][Worker:process_in_isolation] Starting
I, [2025-10-27T13:41:28.869256 #8588]  INFO -- : [Pipeline:default][Worker:_batch_0] Starting
I, [2025-10-27T13:41:28.870621 #8588]  INFO -- : [Pipeline:default][Worker:_batch_0] Done
[Minigun] Process forking not available, falling back to inline
[Minigun] Process forking not available, falling back to inline
[Minigun] Process forking not available, falling back to inline
[Minigun] Process forking not available, falling back to inline
[Minigun] Process forking not available, falling back to inline
[Minigun] Process forking not available, falling back to inline
[Minigun] Process forking not available, falling back to inline
[Minigun] Process forking not available, falling back to inline
[Minigun] Process forking not available, falling back to inline
[Minigun] Process forking not available, falling back to inline
I, [2025-10-27T13:41:28.874989 #8588]  INFO -- : [Pipeline:default][Worker:process_in_isolation] Done
I, [2025-10-27T13:41:28.875050 #8588]  INFO -- : [Job:a46545d4][Pipeline:default] Finished in 0.01s
I, [2025-10-27T13:41:28.881513 #8588]  INFO -- : [Job:a46545d4] BatchProcessor finished
I, [2025-10-27T13:41:28.881572 #8588]  INFO -- : [Job:a46545d4] Runtime: 0.01s
I, [2025-10-27T13:41:28.881632 #8588]  INFO -- : [Job:a46545d4] Pipeline 'default': 0 produced, 10 consumed, 0.0 items/s
I, [2025-10-27T13:41:28.881672 #8588]  INFO -- : [Job:a46545d4] Bottleneck: generate_data (0.0 items/s)
I, [2025-10-27T13:41:28.881758 #8588]  INFO -- : [Job:a46545d4] Total: 0 items, 0.0 items/min

Results:
  Batches processed: 10
  Unique PIDs: 0
  PIDs: 

Γ£ô Copy-on-Write optimization
Γ£ô Each batch in isolated process
Γ£ô Max 4 concurrent processes enforced
Γ£ô Efficient for CPU-bound work

============================================================
Example 2: Dynamic Batch Sizes
============================================================
I, [2025-10-27T13:41:28.881955 #8588]  INFO -- : [Job:9f2d46f8] DynamicBatching started
I, [2025-10-27T13:41:28.881982 #8588]  INFO -- : [Job:9f2d46f8] Configuration: max_processes=2, max_threads=5
I, [2025-10-27T13:41:28.882009 #8588]  INFO -- : [Job:9f2d46f8][Pipeline:default] Starting
[DAG BUILD] BEFORE handle_multiple_producers: edges=
[DAG BUILD] AFTER handle_multiple_producers: edges=gen->_batch_0 | _batch_0->
[DAG BUILD] AFTER fill_sequential_gaps: edges=gen->_batch_0 | _batch_0->quick_process | quick_process->_batch_1 | _batch_1->heavy_process | heavy_process->
I, [2025-10-27T13:41:28.882157 #8588]  INFO -- : [Job:9f2d46f8][Pipeline:default] DAG: gen -> _batch_0 -> quick_process -> _batch_1 -> heavy_process
I, [2025-10-27T13:41:28.882379 #8588]  INFO -- : [Pipeline:default][Producer:gen] Starting 
I, [2025-10-27T13:41:28.882524 #8588]  INFO -- : [Pipeline:default][Producer:gen] Done
I, [2025-10-27T13:41:28.882568 #8588]  INFO -- : [Pipeline:default][Worker:quick_process] Starting
I, [2025-10-27T13:41:28.882414 #8588]  INFO -- : [Pipeline:default][Worker:_batch_0] Starting
I, [2025-10-27T13:41:28.883400 #8588]  INFO -- : [Pipeline:default][Worker:_batch_0] Done
[Minigun] Process forking not available, falling back to inline
[Minigun] Process forking not available, falling back to inline
[Minigun] Process forking not available, falling back to inline
[Minigun] Process forking not available, falling back to inline
[Minigun] Process forking not available, falling back to inline
[Minigun] Process forking not available, falling back to inline
[Minigun] Process forking not available, falling back to inline
[Minigun] Process forking not available, falling back to inline
[Minigun] Process forking not available, falling back to inline
[Minigun] Process forking not available, falling back to inline
[Minigun] Process forking not available, falling back to inline
[Minigun] Process forking not available, falling back to inline
[Minigun] Process forking not available, falling back to inline
[Minigun] Process forking not available, falling back to inline
[Minigun] Process forking not available, falling back to inline
[Minigun] Process forking not available, falling back to inline
[Minigun] Process forking not available, falling back to inline
[Minigun] Process forking not available, falling back to inline
[Minigun] Process forking not available, falling back to inline
[Minigun] Process forking not available, falling back to inline
I, [2025-10-27T13:41:28.882655 #8588]  INFO -- : [Pipeline:default][Worker:heavy_process] Starting
I, [2025-10-27T13:41:28.882621 #8588]  INFO -- : [Pipeline:default][Worker:_batch_1] Starting
I, [2025-10-27T13:41:28.883676 #8588]  INFO -- : [Pipeline:default][Worker:_batch_1] Done
I, [2025-10-27T13:41:28.883568 #8588]  INFO -- : [Pipeline:default][Worker:quick_process] Done
I, [2025-10-27T13:41:28.883751 #8588]  INFO -- : [Pipeline:default][Worker:heavy_process] Done
I, [2025-10-27T13:41:28.883843 #8588]  INFO -- : [Job:9f2d46f8][Pipeline:default] Finished in 0.0s
I, [2025-10-27T13:41:28.883894 #8588]  INFO -- : [Job:9f2d46f8] DynamicBatching finished
I, [2025-10-27T13:41:28.883925 #8588]  INFO -- : [Job:9f2d46f8] Runtime: 0.0s
I, [2025-10-27T13:41:28.883972 #8588]  INFO -- : [Job:9f2d46f8] Pipeline 'default': 0 produced, 0 consumed, 0.0 items/s
I, [2025-10-27T13:41:28.884027 #8588]  INFO -- : [Job:9f2d46f8] Bottleneck: gen (0.0 items/s)
I, [2025-10-27T13:41:28.884063 #8588]  INFO -- : [Job:9f2d46f8] Total: 0 items, 0.0 items/min

Results:
  Small batches (25 items): 20
  Large batches (100 items): 0

Γ£ô Multiple batch stages in one pipeline
Γ£ô Different batch sizes for different purposes
Γ£ô Flexible work distribution

============================================================
Example 3: Configurable Batch Processing
============================================================
I, [2025-10-27T13:41:28.884208 #8588]  INFO -- : [Job:2c8ebd23] ConfigurableBatching started
I, [2025-10-27T13:41:28.884255 #8588]  INFO -- : [Job:2c8ebd23] Configuration: max_processes=2, max_threads=5
I, [2025-10-27T13:41:28.884292 #8588]  INFO -- : [Job:2c8ebd23][Pipeline:default] Starting
[DAG BUILD] BEFORE handle_multiple_producers: edges=
[DAG BUILD] AFTER handle_multiple_producers: edges=gen->_batch_0 | _batch_0->
[DAG BUILD] AFTER fill_sequential_gaps: edges=gen->_batch_0 | _batch_0->process | process->
I, [2025-10-27T13:41:28.884400 #8588]  INFO -- : [Job:2c8ebd23][Pipeline:default] DAG: gen -> _batch_0 -> process
I, [2025-10-27T13:41:28.884563 #8588]  INFO -- : [Pipeline:default][Producer:gen] Starting 
I, [2025-10-27T13:41:28.884750 #8588]  INFO -- : [Pipeline:default][Producer:gen] Done
I, [2025-10-27T13:41:28.884655 #8588]  INFO -- : [Pipeline:default][Worker:process] Starting
I, [2025-10-27T13:41:28.884608 #8588]  INFO -- : [Pipeline:default][Worker:_batch_0] Starting
I, [2025-10-27T13:41:28.885429 #8588]  INFO -- : [Pipeline:default][Worker:_batch_0] Done
[Minigun] Process forking not available, falling back to inline
[Minigun] Process forking not available, falling back to inline
[Minigun] Process forking not available, falling back to inline
[Minigun] Process forking not available, falling back to inline
[Minigun] Process forking not available, falling back to inline
I, [2025-10-27T13:41:28.885525 #8588]  INFO -- : [Pipeline:default][Worker:process] Done
I, [2025-10-27T13:41:28.885594 #8588]  INFO -- : [Job:2c8ebd23][Pipeline:default] Finished in 0.0s
I, [2025-10-27T13:41:28.885655 #8588]  INFO -- : [Job:2c8ebd23] ConfigurableBatching finished
I, [2025-10-27T13:41:28.885684 #8588]  INFO -- : [Job:2c8ebd23] Runtime: 0.0s
I, [2025-10-27T13:41:28.885707 #8588]  INFO -- : [Job:2c8ebd23] Pipeline 'default': 0 produced, 5 consumed, 0.0 items/s
I, [2025-10-27T13:41:28.885731 #8588]  INFO -- : [Job:2c8ebd23] Bottleneck: gen (0.0 items/s)
I, [2025-10-27T13:41:28.885774 #8588]  INFO -- : [Job:2c8ebd23] Total: 0 items, 0.0 items/min

Config: batch_size=50, max_processes=2
  Processed: 500 items
I, [2025-10-27T13:41:28.885845 #8588]  INFO -- : [Job:500f16c0] ConfigurableBatching started
I, [2025-10-27T13:41:28.885888 #8588]  INFO -- : [Job:500f16c0] Configuration: max_processes=2, max_threads=5
I, [2025-10-27T13:41:28.885920 #8588]  INFO -- : [Job:500f16c0][Pipeline:default] Starting
[DAG BUILD] BEFORE handle_multiple_producers: edges=gen->_batch_0 | _batch_0->process | process->
[DAG BUILD] AFTER handle_multiple_producers: edges=gen->_batch_0 | _batch_0->process | process->
[DAG BUILD] AFTER fill_sequential_gaps: edges=gen->_batch_0 | _batch_0->process | process->
I, [2025-10-27T13:41:28.886017 #8588]  INFO -- : [Job:500f16c0][Pipeline:default] DAG: gen -> _batch_0 -> process
I, [2025-10-27T13:41:28.886156 #8588]  INFO -- : [Pipeline:default][Producer:gen] Starting 
I, [2025-10-27T13:41:28.886375 #8588]  INFO -- : [Pipeline:default][Producer:gen] Done
I, [2025-10-27T13:41:28.886286 #8588]  INFO -- : [Pipeline:default][Worker:_batch_0] Starting
I, [2025-10-27T13:41:28.887007 #8588]  INFO -- : [Pipeline:default][Worker:_batch_0] Done
I, [2025-10-27T13:41:28.886232 #8588]  INFO -- : [Pipeline:default][Worker:process] Starting
[Minigun] Process forking not available, falling back to inline
[Minigun] Process forking not available, falling back to inline
[Minigun] Process forking not available, falling back to inline
[Minigun] Process forking not available, falling back to inline
[Minigun] Process forking not available, falling back to inline
I, [2025-10-27T13:41:28.887246 #8588]  INFO -- : [Pipeline:default][Worker:process] Done
I, [2025-10-27T13:41:28.887320 #8588]  INFO -- : [Job:500f16c0][Pipeline:default] Finished in 0.0s
I, [2025-10-27T13:41:28.887417 #8588]  INFO -- : [Job:500f16c0] ConfigurableBatching finished
I, [2025-10-27T13:41:28.887485 #8588]  INFO -- : [Job:500f16c0] Runtime: 0.0s
I, [2025-10-27T13:41:28.887522 #8588]  INFO -- : [Job:500f16c0] Pipeline 'default': 0 produced, 5 consumed, 0.0 items/s
I, [2025-10-27T13:41:28.887546 #8588]  INFO -- : [Job:500f16c0] Bottleneck: gen (0.0 items/s)
I, [2025-10-27T13:41:28.887593 #8588]  INFO -- : [Job:500f16c0] Total: 0 items, 0.0 items/min

Config: batch_size=100, max_processes=4
  Processed: 500 items
I, [2025-10-27T13:41:28.887695 #8588]  INFO -- : [Job:f39f1cf2] ConfigurableBatching started
I, [2025-10-27T13:41:28.887726 #8588]  INFO -- : [Job:f39f1cf2] Configuration: max_processes=2, max_threads=5
I, [2025-10-27T13:41:28.887748 #8588]  INFO -- : [Job:f39f1cf2][Pipeline:default] Starting
[DAG BUILD] BEFORE handle_multiple_producers: edges=gen->_batch_0 | _batch_0->process | process->
[DAG BUILD] AFTER handle_multiple_producers: edges=gen->_batch_0 | _batch_0->process | process->
[DAG BUILD] AFTER fill_sequential_gaps: edges=gen->_batch_0 | _batch_0->process | process->
I, [2025-10-27T13:41:28.887821 #8588]  INFO -- : [Job:f39f1cf2][Pipeline:default] DAG: gen -> _batch_0 -> process
I, [2025-10-27T13:41:28.887965 #8588]  INFO -- : [Pipeline:default][Producer:gen] Starting 
I, [2025-10-27T13:41:28.888163 #8588]  INFO -- : [Pipeline:default][Producer:gen] Done
I, [2025-10-27T13:41:28.888082 #8588]  INFO -- : [Pipeline:default][Worker:process] Starting
I, [2025-10-27T13:41:28.888028 #8588]  INFO -- : [Pipeline:default][Worker:_batch_0] Starting
I, [2025-10-27T13:41:28.888829 #8588]  INFO -- : [Pipeline:default][Worker:_batch_0] Done
[Minigun] Process forking not available, falling back to inline
[Minigun] Process forking not available, falling back to inline
[Minigun] Process forking not available, falling back to inline
[Minigun] Process forking not available, falling back to inline
[Minigun] Process forking not available, falling back to inline
I, [2025-10-27T13:41:28.888917 #8588]  INFO -- : [Pipeline:default][Worker:process] Done
I, [2025-10-27T13:41:28.888977 #8588]  INFO -- : [Job:f39f1cf2][Pipeline:default] Finished in 0.0s
I, [2025-10-27T13:41:28.889029 #8588]  INFO -- : [Job:f39f1cf2] ConfigurableBatching finished
I, [2025-10-27T13:41:28.889073 #8588]  INFO -- : [Job:f39f1cf2] Runtime: 0.0s
I, [2025-10-27T13:41:28.889108 #8588]  INFO -- : [Job:f39f1cf2] Pipeline 'default': 0 produced, 5 consumed, 0.0 items/s
I, [2025-10-27T13:41:28.889136 #8588]  INFO -- : [Job:f39f1cf2] Bottleneck: gen (0.0 items/s)
I, [2025-10-27T13:41:28.889157 #8588]  INFO -- : [Job:f39f1cf2] Total: 0 items, 0.0 items/min

Config: batch_size=200, max_processes=8
  Processed: 500 items

Γ£ô Runtime-configurable batching
Γ£ô Adapt to workload and resources
Γ£ô Instance variables accessible in pipeline
I, [2025-10-27T13:41:28.889825 #8588]  INFO -- : [Job:c7968b3f] BatchProcessor started
I, [2025-10-27T13:41:28.889859 #8588]  INFO -- : [Job:c7968b3f] Configuration: max_processes=2, max_threads=5
I, [2025-10-27T13:41:28.889905 #8588]  INFO -- : [Job:c7968b3f][Pipeline:default] Starting
[DAG BUILD] BEFORE handle_multiple_producers: edges=generate_data->_batch_0 | _batch_0->process_in_isolation | process_in_isolation->
[DAG BUILD] AFTER handle_multiple_producers: edges=generate_data->_batch_0 | _batch_0->process_in_isolation | process_in_isolation->
[DAG BUILD] AFTER fill_sequential_gaps: edges=generate_data->_batch_0 | _batch_0->process_in_isolation | process_in_isolation->
I, [2025-10-27T13:41:28.890003 #8588]  INFO -- : [Job:c7968b3f][Pipeline:default] DAG: generate_data -> _batch_0 -> process_in_isolation
I, [2025-10-27T13:41:28.891187 #8588]  INFO -- : [Pipeline:default][Producer:generate_data] Starting 
I, [2025-10-27T13:41:28.891334 #8588]  INFO -- : [Pipeline:default][Producer:generate_data] Done
I, [2025-10-27T13:41:28.891361 #8588]  INFO -- : [Pipeline:default][Worker:process_in_isolation] Starting
I, [2025-10-27T13:41:28.891225 #8588]  INFO -- : [Pipeline:default][Worker:_batch_0] Starting
I, [2025-10-27T13:41:28.893017 #8588]  INFO -- : [Pipeline:default][Worker:_batch_0] Done
[Minigun] Process forking not available, falling back to inline
[Minigun] Process forking not available, falling back to inline
[Minigun] Process forking not available, falling back to inline
[Minigun] Process forking not available, falling back to inline
[Minigun] Process forking not available, falling back to inline
[Minigun] Process forking not available, falling back to inline
[Minigun] Process forking not available, falling back to inline
[Minigun] Process forking not available, falling back to inline
[Minigun] Process forking not available, falling back to inline
[Minigun] Process forking not available, falling back to inline
I, [2025-10-27T13:41:28.897245 #8588]  INFO -- : [Pipeline:default][Worker:process_in_isolation] Done
I, [2025-10-27T13:41:28.897302 #8588]  INFO -- : [Job:c7968b3f][Pipeline:default] Finished in 0.01s
I, [2025-10-27T13:41:28.900579 #8588]  INFO -- : [Job:c7968b3f] BatchProcessor finished
I, [2025-10-27T13:41:28.900626 #8588]  INFO -- : [Job:c7968b3f] Runtime: 0.01s
I, [2025-10-27T13:41:28.900659 #8588]  INFO -- : [Job:c7968b3f] Pipeline 'default': 0 produced, 10 consumed, 0.0 items/s
I, [2025-10-27T13:41:28.900689 #8588]  INFO -- : [Job:c7968b3f] Bottleneck: generate_data (0.0 items/s)
I, [2025-10-27T13:41:28.900715 #8588]  INFO -- : [Job:c7968b3f] Total: 0 items, 0.0 items/min
    demonstrates batch and process-per-batch patterns
  01_sequential_default.rb
I, [2025-10-27T13:41:28.901606 #8588]  INFO -- : [Job:757fd095] SequentialPipeline started
I, [2025-10-27T13:41:28.901649 #8588]  INFO -- : [Job:757fd095] Configuration: max_processes=2, max_threads=2
I, [2025-10-27T13:41:28.901695 #8588]  INFO -- : [Job:757fd095][Pipeline:default] Starting
[DAG BUILD] BEFORE handle_multiple_producers: edges=
[DAG BUILD] AFTER handle_multiple_producers: edges=generate->double | double->
[DAG BUILD] AFTER fill_sequential_gaps: edges=generate->double | double->add_ten | add_ten->collect | collect->
I, [2025-10-27T13:41:28.901802 #8588]  INFO -- : [Job:757fd095][Pipeline:default] DAG: generate -> double -> add_ten -> collect
I, [2025-10-27T13:41:28.901991 #8588]  INFO -- : [Pipeline:default][Worker:double] Starting
I, [2025-10-27T13:41:28.902132 #8588]  INFO -- : [Pipeline:default][Worker:add_ten] Starting
I, [2025-10-27T13:41:28.902061 #8588]  INFO -- : [Pipeline:default][Producer:generate] Starting 
I, [2025-10-27T13:41:28.902263 #8588]  INFO -- : [Pipeline:default][Producer:generate] Done
I, [2025-10-27T13:41:28.902181 #8588]  INFO -- : [Pipeline:default][Worker:collect] Starting
I, [2025-10-27T13:41:28.902527 #8588]  INFO -- : [Pipeline:default][Worker:add_ten] Done
I, [2025-10-27T13:41:28.902436 #8588]  INFO -- : [Pipeline:default][Worker:double] Done
I, [2025-10-27T13:41:28.902585 #8588]  INFO -- : [Pipeline:default][Worker:collect] Done
I, [2025-10-27T13:41:28.902674 #8588]  INFO -- : [Job:757fd095][Pipeline:default] Finished in 0.0s
I, [2025-10-27T13:41:28.902732 #8588]  INFO -- : [Job:757fd095] SequentialPipeline finished
I, [2025-10-27T13:41:28.902761 #8588]  INFO -- : [Job:757fd095] Runtime: 0.0s
I, [2025-10-27T13:41:28.902785 #8588]  INFO -- : [Job:757fd095] Pipeline 'default': 0 produced, 3 consumed, 0.0 items/s
I, [2025-10-27T13:41:28.902835 #8588]  INFO -- : [Job:757fd095] Bottleneck: generate (0.0 items/s)
I, [2025-10-27T13:41:28.902868 #8588]  INFO -- : [Job:757fd095] Total: 0 items, 0.0 items/min
    runs sequential pipeline with default routing
  31_configurable_execution.rb
    demonstrates configurable execution contexts
  18_resource_cleanup_hooks.rb
I, [2025-10-27T13:41:29.317830 #8588]  INFO -- : [Job:66ae2f0e] ResourceCleanupExample started
I, [2025-10-27T13:41:29.317886 #8588]  INFO -- : [Job:66ae2f0e] Configuration: max_processes=2, max_threads=3
I, [2025-10-27T13:41:29.317942 #8588]  INFO -- : [Job:66ae2f0e][Pipeline:default] Starting
[DAG BUILD] BEFORE handle_multiple_producers: edges=
[DAG BUILD] AFTER handle_multiple_producers: edges=read_file->enrich_data | enrich_data->
[DAG BUILD] AFTER fill_sequential_gaps: edges=read_file->enrich_data | enrich_data->batch | batch->save_to_db | save_to_db->
I, [2025-10-27T13:41:29.318085 #8588]  INFO -- : [Job:66ae2f0e][Pipeline:default] DAG: read_file -> enrich_data -> batch -> save_to_db
I, [2025-10-27T13:41:29.318325 #8588]  INFO -- : [Pipeline:default][Producer:read_file] Starting 
I, [2025-10-27T13:41:29.318481 #8588]  INFO -- : [Pipeline:default][Producer:read_file] Done
I, [2025-10-27T13:41:29.318527 #8588]  INFO -- : [Pipeline:default][Worker:batch] Starting
I, [2025-10-27T13:41:29.318411 #8588]  INFO -- : [Pipeline:default][Worker:enrich_data] Starting
I, [2025-10-27T13:41:29.318774 #8588]  INFO -- : [Pipeline:default][Worker:enrich_data] Done
I, [2025-10-27T13:41:29.318576 #8588]  INFO -- : [Pipeline:default][Worker:save_to_db] Starting
[Minigun] Process forking not available, falling back to inline
I, [2025-10-27T13:41:29.318836 #8588]  INFO -- : [Pipeline:default][Worker:batch] Done
[Minigun] Process forking not available, falling back to inline
I, [2025-10-27T13:41:29.319878 #8588]  INFO -- : [Pipeline:default][Worker:save_to_db] Done
I, [2025-10-27T13:41:29.319935 #8588]  INFO -- : [Job:66ae2f0e][Pipeline:default] Finished in 0.0s
I, [2025-10-27T13:41:29.330947 #8588]  INFO -- : [Job:66ae2f0e] ResourceCleanupExample finished
I, [2025-10-27T13:41:29.331006 #8588]  INFO -- : [Job:66ae2f0e] Runtime: 0.01s
I, [2025-10-27T13:41:29.331078 #8588]  INFO -- : [Job:66ae2f0e] Pipeline 'default': 0 produced, 2 consumed, 0.0 items/s
I, [2025-10-27T13:41:29.331120 #8588]  INFO -- : [Job:66ae2f0e] Bottleneck: read_file (0.0 items/s)
I, [2025-10-27T13:41:29.331144 #8588]  INFO -- : [Job:66ae2f0e] Total: 0 items, 0.0 items/min
    demonstrates resource management with stage hooks
  15_simple_etl.rb
I, [2025-10-27T13:41:29.332224 #8588]  INFO -- : [Job:cbebc889] SimpleETLExample started
I, [2025-10-27T13:41:29.332265 #8588]  INFO -- : [Job:cbebc889] Configuration: max_processes=2, max_threads=5
I, [2025-10-27T13:41:29.332295 #8588]  INFO -- : [Job:cbebc889][Pipeline:default] Starting
[DAG BUILD] BEFORE handle_multiple_producers: edges=
[DAG BUILD] AFTER handle_multiple_producers: edges=extract->transform | transform->
[DAG BUILD] AFTER fill_sequential_gaps: edges=extract->transform | transform->load | load->
I, [2025-10-27T13:41:29.332393 #8588]  INFO -- : [Job:cbebc889][Pipeline:default] DAG: extract -> transform -> load
I, [2025-10-27T13:41:29.332662 #8588]  INFO -- : [Pipeline:default][Producer:extract] Starting 
[Extract] Fetching records from database...
[Extract] Extracted 5 records
I, [2025-10-27T13:41:29.332719 #8588]  INFO -- : [Pipeline:default][Worker:transform] Starting
[Transform] Processing record 0
[Transform] Processing record 1
[Transform] Processing record 2
[Transform] Processing record 3
[Transform] Processing record 4
I, [2025-10-27T13:41:29.332751 #8588]  INFO -- : [Pipeline:default][Worker:load] Starting
[Load] Saving record 0 to destination
I, [2025-10-27T13:41:29.332840 #8588]  INFO -- : [Pipeline:default][Producer:extract] Done
I, [2025-10-27T13:41:29.333125 #8588]  INFO -- : [Pipeline:default][Worker:transform] Done
[Load] Saving record 1 to destination
[Load] Saving record 2 to destination
[Load] Saving record 3 to destination
[Load] Saving record 4 to destination
I, [2025-10-27T13:41:29.415567 #8588]  INFO -- : [Pipeline:default][Worker:load] Done
I, [2025-10-27T13:41:29.415715 #8588]  INFO -- : [Job:cbebc889][Pipeline:default] Finished in 0.08s
I, [2025-10-27T13:41:29.415838 #8588]  INFO -- : [Job:cbebc889] SimpleETLExample finished
I, [2025-10-27T13:41:29.415907 #8588]  INFO -- : [Job:cbebc889] Runtime: 0.08s
I, [2025-10-27T13:41:29.415979 #8588]  INFO -- : [Job:cbebc889] Pipeline 'default': 0 produced, 5 consumed, 0.0 items/s
I, [2025-10-27T13:41:29.416022 #8588]  INFO -- : [Job:cbebc889] Bottleneck: extract (0.0 items/s)
I, [2025-10-27T13:41:29.416065 #8588]  INFO -- : [Job:cbebc889] Total: 0 items, 0.0 items/min
    extracts, transforms, and loads data
  33_threads_block.rb
============================================================
threads(N) Block - Thread Pool Execution
============================================================
I, [2025-10-27T13:41:29.417316 #8588]  INFO -- : [Job:6f7c6cee] WebScraper started
I, [2025-10-27T13:41:29.417358 #8588]  INFO -- : [Job:6f7c6cee] Configuration: max_processes=2, max_threads=5
I, [2025-10-27T13:41:29.417416 #8588]  INFO -- : [Job:6f7c6cee][Pipeline:default] Starting
[DAG BUILD] BEFORE handle_multiple_producers: edges=
[DAG BUILD] AFTER handle_multiple_producers: edges=generate_urls->download | download->
[DAG BUILD] AFTER fill_sequential_gaps: edges=generate_urls->download | download->extract_links | extract_links->store | store->
I, [2025-10-27T13:41:29.417565 #8588]  INFO -- : [Job:6f7c6cee][Pipeline:default] DAG: generate_urls -> download -> extract_links -> store
I, [2025-10-27T13:41:29.417809 #8588]  INFO -- : [Pipeline:default][Producer:generate_urls] Starting 
I, [2025-10-27T13:41:29.417923 #8588]  INFO -- : [Pipeline:default][Producer:generate_urls] Done
I, [2025-10-27T13:41:29.417962 #8588]  INFO -- : [Pipeline:default][Worker:extract_links] Starting
I, [2025-10-27T13:41:29.417993 #8588]  INFO -- : [Pipeline:default][Worker:store] Starting
I, [2025-10-27T13:41:29.417856 #8588]  INFO -- : [Pipeline:default][Worker:download] Starting
I, [2025-10-27T13:41:29.727108 #8588]  INFO -- : [Pipeline:default][Worker:download] Done
I, [2025-10-27T13:41:29.727490 #8588]  INFO -- : [Pipeline:default][Worker:extract_links] Done
I, [2025-10-27T13:41:29.727629 #8588]  INFO -- : [Pipeline:default][Worker:store] Done
I, [2025-10-27T13:41:29.727764 #8588]  INFO -- : [Job:6f7c6cee][Pipeline:default] Finished in 0.31s
I, [2025-10-27T13:41:29.727862 #8588]  INFO -- : [Job:6f7c6cee] WebScraper finished
I, [2025-10-27T13:41:29.727908 #8588]  INFO -- : [Job:6f7c6cee] Runtime: 0.31s
I, [2025-10-27T13:41:29.727960 #8588]  INFO -- : [Job:6f7c6cee] Pipeline 'default': 0 produced, 20 consumed, 0.0 items/s
I, [2025-10-27T13:41:29.728002 #8588]  INFO -- : [Job:6f7c6cee] Bottleneck: generate_urls (0.0 items/s)
I, [2025-10-27T13:41:29.728027 #8588]  INFO -- : [Job:6f7c6cee] Total: 0 items, 0.0 items/min

Results:
  Downloaded: 20 pages
  Total links: 100

Γ£ô All stages executed in shared thread pool of 10
Γ£ô Efficient for I/O-bound work
Γ£ô Threads reused across stages
I, [2025-10-27T13:41:29.728168 #8588]  INFO -- : [Job:bab7fbd3] WebScraper started
I, [2025-10-27T13:41:29.728222 #8588]  INFO -- : [Job:bab7fbd3] Configuration: max_processes=2, max_threads=5
I, [2025-10-27T13:41:29.728271 #8588]  INFO -- : [Job:bab7fbd3][Pipeline:default] Starting
[DAG BUILD] BEFORE handle_multiple_producers: edges=generate_urls->download | download->extract_links | extract_links->store | store->
[DAG BUILD] AFTER handle_multiple_producers: edges=generate_urls->download | download->extract_links | extract_links->store | store->
[DAG BUILD] AFTER fill_sequential_gaps: edges=generate_urls->download | download->extract_links | extract_links->store | store->
I, [2025-10-27T13:41:29.728388 #8588]  INFO -- : [Job:bab7fbd3][Pipeline:default] DAG: generate_urls -> download -> extract_links -> store
I, [2025-10-27T13:41:29.728598 #8588]  INFO -- : [Pipeline:default][Producer:generate_urls] Starting 
I, [2025-10-27T13:41:29.728771 #8588]  INFO -- : [Pipeline:default][Producer:generate_urls] Done
I, [2025-10-27T13:41:29.728695 #8588]  INFO -- : [Pipeline:default][Worker:extract_links] Starting
I, [2025-10-27T13:41:29.728725 #8588]  INFO -- : [Pipeline:default][Worker:store] Starting
I, [2025-10-27T13:41:29.728655 #8588]  INFO -- : [Pipeline:default][Worker:download] Starting
I, [2025-10-27T13:41:30.055259 #8588]  INFO -- : [Pipeline:default][Worker:download] Done
I, [2025-10-27T13:41:30.055516 #8588]  INFO -- : [Pipeline:default][Worker:extract_links] Done
I, [2025-10-27T13:41:30.055646 #8588]  INFO -- : [Pipeline:default][Worker:store] Done
I, [2025-10-27T13:41:30.055753 #8588]  INFO -- : [Job:bab7fbd3][Pipeline:default] Finished in 0.33s
I, [2025-10-27T13:41:30.055851 #8588]  INFO -- : [Job:bab7fbd3] WebScraper finished
I, [2025-10-27T13:41:30.055896 #8588]  INFO -- : [Job:bab7fbd3] Runtime: 0.33s
I, [2025-10-27T13:41:30.055945 #8588]  INFO -- : [Job:bab7fbd3] Pipeline 'default': 0 produced, 20 consumed, 0.0 items/s
I, [2025-10-27T13:41:30.055992 #8588]  INFO -- : [Job:bab7fbd3] Bottleneck: generate_urls (0.0 items/s)
I, [2025-10-27T13:41:30.056020 #8588]  INFO -- : [Job:bab7fbd3] Total: 0 items, 0.0 items/min
    demonstrates thread pool execution
  16_mixed_routing.rb
I, [2025-10-27T13:41:30.057302 #8588]  INFO -- : [Job:4bd10f0b] MixedRoutingExample started
I, [2025-10-27T13:41:30.057352 #8588]  INFO -- : [Job:4bd10f0b] Configuration: max_processes=2, max_threads=5
I, [2025-10-27T13:41:30.057409 #8588]  INFO -- : [Job:4bd10f0b][Pipeline:default] Starting
[DAG BUILD] BEFORE handle_multiple_producers: edges=path_a->collect | generate->path_a,path_b | path_b-> | collect-> | transform->collect
[DAG BUILD] AFTER handle_multiple_producers: edges=path_a->collect | generate->path_a,path_b | path_b-> | collect-> | transform->collect
[DAG BUILD] AFTER fill_sequential_gaps: edges=path_a->collect | generate->path_a,path_b | path_b->transform | collect-> | transform->collect
I, [2025-10-27T13:41:30.057558 #8588]  INFO -- : [Job:4bd10f0b][Pipeline:default] DAG: generate -> path_b -> transform -> path_a -> collect
I, [2025-10-27T13:41:30.057605 #8588]  INFO -- : [Pipeline:default] Inserting RouterStage 'generate_router' (broadcast) for fan-out: generate -> path_a, path_b
I, [2025-10-27T13:41:30.057811 #8588]  INFO -- : [Pipeline:default][Producer:generate] Starting 
[Producer] Generating 3 items
I, [2025-10-27T13:41:30.057954 #8588]  INFO -- : [Pipeline:default][Worker:transform] Starting
I, [2025-10-27T13:41:30.057885 #8588]  INFO -- : [Pipeline:default][Worker:collect] Starting
I, [2025-10-27T13:41:30.057983 #8588]  INFO -- : [Pipeline:default][Worker:path_b] Starting
I, [2025-10-27T13:41:30.058012 #8588]  INFO -- : [Pipeline:default][Worker:generate_router] Starting
[Path B] Processing 0 ΓåÆ 0 (sequential to :transform)
[Path B] Processing 1 ΓåÆ 100 (sequential to :transform)
[Transform] Processing 0 ΓåÆ 1 (explicit route to :collect)[Path B] Processing 2 ΓåÆ 200 (sequential to :transform)

[Transform] Processing 100 ΓåÆ 101 (explicit route to :collect)
[Transform] Processing 200 ΓåÆ 201 (explicit route to :collect)
I, [2025-10-27T13:41:30.057848 #8588]  INFO -- : [Pipeline:default][Worker:path_a] Starting
[Path A] Processing 0 ΓåÆ 0 (explicit route to :collect)
[Path A] Processing 1 ΓåÆ 10 (explicit route to :collect)
[Path A] Processing 2 ΓåÆ 20 (explicit route to :collect)
I, [2025-10-27T13:41:30.058048 #8588]  INFO -- : [Pipeline:default][Producer:generate] Done
I, [2025-10-27T13:41:30.058620 #8588]  INFO -- : [Pipeline:default][Worker:generate_router] Done
I, [2025-10-27T13:41:30.058818 #8588]  INFO -- : [Pipeline:default][Worker:transform] Done
I, [2025-10-27T13:41:30.058761 #8588]  INFO -- : [Pipeline:default][Worker:path_b] Done
I, [2025-10-27T13:41:30.058706 #8588]  INFO -- : [Pipeline:default][Worker:path_a] Done
I, [2025-10-27T13:41:30.058856 #8588]  INFO -- : [Pipeline:default][Worker:collect] Done
I, [2025-10-27T13:41:30.058991 #8588]  INFO -- : [Job:4bd10f0b][Pipeline:default] Finished in 0.0s
I, [2025-10-27T13:41:30.059063 #8588]  INFO -- : [Job:4bd10f0b] MixedRoutingExample finished
I, [2025-10-27T13:41:30.059115 #8588]  INFO -- : [Job:4bd10f0b] Runtime: 0.0s
I, [2025-10-27T13:41:30.059153 #8588]  INFO -- : [Job:4bd10f0b] Pipeline 'default': 0 produced, 6 consumed, 0.0 items/s
I, [2025-10-27T13:41:30.059207 #8588]  INFO -- : [Job:4bd10f0b] Bottleneck: generate (0.0 items/s)
I, [2025-10-27T13:41:30.059242 #8588]  INFO -- : [Job:4bd10f0b] Total: 0 items, 0.0 items/min
    handles mixed explicit and sequential routing
  05_multi_pipeline_simple.rb
I, [2025-10-27T13:41:30.060287 #8588]  INFO -- : [Job:b3dbe763] SimplePipelineExample started
I, [2025-10-27T13:41:30.060335 #8588]  INFO -- : [Job:b3dbe763] Configuration: max_processes=2, max_threads=5
I, [2025-10-27T13:41:30.060365 #8588]  INFO -- : [Job:b3dbe763][Pipeline:default] Starting
[DAG BUILD] BEFORE handle_multiple_producers: edges=processor->collector | generator->processor | collector->
[DAG BUILD] AFTER handle_multiple_producers: edges=processor->collector | generator->processor | collector->
[DAG BUILD] AFTER fill_sequential_gaps: edges=processor->collector | generator->processor | collector->
I, [2025-10-27T13:41:30.060428 #8588]  INFO -- : [Job:b3dbe763][Pipeline:default] DAG: generator -> processor -> collector
I, [2025-10-27T13:41:30.060554 #8588]  INFO -- : [Pipeline:default][Producer:generator] Starting (nested pipeline)
I, [2025-10-27T13:41:30.060644 #8588]  INFO -- : [Job:b3dbe763][Pipeline:generator] Starting
[DAG BUILD] BEFORE handle_multiple_producers: edges=
[DAG BUILD] AFTER handle_multiple_producers: edges=generate->output | output->
[DAG BUILD] AFTER fill_sequential_gaps: edges=generate->output | output->
I, [2025-10-27T13:41:30.060678 #8588]  INFO -- : [Pipeline:default][Worker:collector] Starting
I, [2025-10-27T13:41:30.060596 #8588]  INFO -- : [Pipeline:default][Worker:processor] Starting
I, [2025-10-27T13:41:30.060813 #8588]  INFO -- : [Job:b3dbe763][Pipeline:generator] DAG: generate -> output
I, [2025-10-27T13:41:30.061032 #8588]  INFO -- : [Pipeline:generator][Producer:generate] Starting 
[Generator] Creating numbers...
I, [2025-10-27T13:41:30.061095 #8588]  INFO -- : [Pipeline:generator][Worker:output] Starting
[Generator] Sending: 1
I, [2025-10-27T13:41:30.061180 #8588]  INFO -- : [Pipeline:generator][Producer:generate] Done
E, [2025-10-27T13:41:30.061300 #8588] ERROR -- : [Pipeline:generator][Stage:output] Error: undefined local variable or method 'output' for an instance of SimplePipelineExample
E, [2025-10-27T13:41:30.061396 #8588] ERROR -- : C:/workspace/minigun/examples/05_multi_pipeline_simple.rb:27:in 'block (2 levels) in <class:SimplePipelineExample>'
C:/workspace/minigun/lib/minigun/stage.rb:106:in 'BasicObject#instance_exec'
C:/workspace/minigun/lib/minigun/stage.rb:106:in 'Minigun::AtomicStage#execute'
C:/workspace/minigun/lib/minigun/execution/executor.rb:62:in 'Minigun::Execution::Executor#run_stage_logic'
C:/workspace/minigun/lib/minigun/execution/executor.rb:71:in 'Minigun::Execution::InlineExecutor#execute_with_strategy'
C:/workspace/minigun/lib/minigun/execution/executor.rb:31:in 'Minigun::Execution::Executor#execute_stage_item'
C:/workspace/minigun/lib/minigun/execution/stage_worker.rb:201:in 'Minigun::Execution::StageWorker#execute_stage_item'
C:/workspace/minigun/lib/minigun/execution/stage_worker.rb:162:in 'block in Minigun::Execution::StageWorker#run_processor_loop'
<internal:kernel>:168:in 'Kernel#loop'
C:/workspace/minigun/lib/minigun/execution/stage_worker.rb:149:in 'Minigun::Execution::StageWorker#run_processor_loop'
C:/workspace/minigun/lib/minigun/execution/stage_worker.rb:74:in 'Minigun::Execution::StageWorker#run_worker_loop'
C:/workspace/minigun/lib/minigun/execution/stage_worker.rb:29:in 'block in Minigun::Execution::StageWorker#start'
[Generator] Sending: 2
E, [2025-10-27T13:41:30.061459 #8588] ERROR -- : [Pipeline:generator][Stage:output] Error: undefined local variable or method 'output' for an instance of SimplePipelineExample
E, [2025-10-27T13:41:30.061495 #8588] ERROR -- : C:/workspace/minigun/examples/05_multi_pipeline_simple.rb:27:in 'block (2 levels) in <class:SimplePipelineExample>'
C:/workspace/minigun/lib/minigun/stage.rb:106:in 'BasicObject#instance_exec'
C:/workspace/minigun/lib/minigun/stage.rb:106:in 'Minigun::AtomicStage#execute'
C:/workspace/minigun/lib/minigun/execution/executor.rb:62:in 'Minigun::Execution::Executor#run_stage_logic'
C:/workspace/minigun/lib/minigun/execution/executor.rb:71:in 'Minigun::Execution::InlineExecutor#execute_with_strategy'
C:/workspace/minigun/lib/minigun/execution/executor.rb:31:in 'Minigun::Execution::Executor#execute_stage_item'
C:/workspace/minigun/lib/minigun/execution/stage_worker.rb:201:in 'Minigun::Execution::StageWorker#execute_stage_item'
C:/workspace/minigun/lib/minigun/execution/stage_worker.rb:162:in 'block in Minigun::Execution::StageWorker#run_processor_loop'
<internal:kernel>:168:in 'Kernel#loop'
C:/workspace/minigun/lib/minigun/execution/stage_worker.rb:149:in 'Minigun::Execution::StageWorker#run_processor_loop'
C:/workspace/minigun/lib/minigun/execution/stage_worker.rb:74:in 'Minigun::Execution::StageWorker#run_worker_loop'
C:/workspace/minigun/lib/minigun/execution/stage_worker.rb:29:in 'block in Minigun::Execution::StageWorker#start'
[Generator] Sending: 3
E, [2025-10-27T13:41:30.061527 #8588] ERROR -- : [Pipeline:generator][Stage:output] Error: undefined local variable or method 'output' for an instance of SimplePipelineExample
E, [2025-10-27T13:41:30.061555 #8588] ERROR -- : C:/workspace/minigun/examples/05_multi_pipeline_simple.rb:27:in 'block (2 levels) in <class:SimplePipelineExample>'
C:/workspace/minigun/lib/minigun/stage.rb:106:in 'BasicObject#instance_exec'
C:/workspace/minigun/lib/minigun/stage.rb:106:in 'Minigun::AtomicStage#execute'
C:/workspace/minigun/lib/minigun/execution/executor.rb:62:in 'Minigun::Execution::Executor#run_stage_logic'
C:/workspace/minigun/lib/minigun/execution/executor.rb:71:in 'Minigun::Execution::InlineExecutor#execute_with_strategy'
C:/workspace/minigun/lib/minigun/execution/executor.rb:31:in 'Minigun::Execution::Executor#execute_stage_item'
C:/workspace/minigun/lib/minigun/execution/stage_worker.rb:201:in 'Minigun::Execution::StageWorker#execute_stage_item'
C:/workspace/minigun/lib/minigun/execution/stage_worker.rb:162:in 'block in Minigun::Execution::StageWorker#run_processor_loop'
<internal:kernel>:168:in 'Kernel#loop'
C:/workspace/minigun/lib/minigun/execution/stage_worker.rb:149:in 'Minigun::Execution::StageWorker#run_processor_loop'
C:/workspace/minigun/lib/minigun/execution/stage_worker.rb:74:in 'Minigun::Execution::StageWorker#run_worker_loop'
C:/workspace/minigun/lib/minigun/execution/stage_worker.rb:29:in 'block in Minigun::Execution::StageWorker#start'
[Generator] Sending: 4
E, [2025-10-27T13:41:30.061579 #8588] ERROR -- : [Pipeline:generator][Stage:output] Error: undefined local variable or method 'output' for an instance of SimplePipelineExample
E, [2025-10-27T13:41:30.061601 #8588] ERROR -- : C:/workspace/minigun/examples/05_multi_pipeline_simple.rb:27:in 'block (2 levels) in <class:SimplePipelineExample>'
C:/workspace/minigun/lib/minigun/stage.rb:106:in 'BasicObject#instance_exec'
C:/workspace/minigun/lib/minigun/stage.rb:106:in 'Minigun::AtomicStage#execute'
C:/workspace/minigun/lib/minigun/execution/executor.rb:62:in 'Minigun::Execution::Executor#run_stage_logic'
C:/workspace/minigun/lib/minigun/execution/executor.rb:71:in 'Minigun::Execution::InlineExecutor#execute_with_strategy'
C:/workspace/minigun/lib/minigun/execution/executor.rb:31:in 'Minigun::Execution::Executor#execute_stage_item'
C:/workspace/minigun/lib/minigun/execution/stage_worker.rb:201:in 'Minigun::Execution::StageWorker#execute_stage_item'
C:/workspace/minigun/lib/minigun/execution/stage_worker.rb:162:in 'block in Minigun::Execution::StageWorker#run_processor_loop'
<internal:kernel>:168:in 'Kernel#loop'
C:/workspace/minigun/lib/minigun/execution/stage_worker.rb:149:in 'Minigun::Execution::StageWorker#run_processor_loop'
C:/workspace/minigun/lib/minigun/execution/stage_worker.rb:74:in 'Minigun::Execution::StageWorker#run_worker_loop'
C:/workspace/minigun/lib/minigun/execution/stage_worker.rb:29:in 'block in Minigun::Execution::StageWorker#start'
[Generator] Sending: 5
E, [2025-10-27T13:41:30.061624 #8588] ERROR -- : [Pipeline:generator][Stage:output] Error: undefined local variable or method 'output' for an instance of SimplePipelineExample
E, [2025-10-27T13:41:30.061646 #8588] ERROR -- : C:/workspace/minigun/examples/05_multi_pipeline_simple.rb:27:in 'block (2 levels) in <class:SimplePipelineExample>'
C:/workspace/minigun/lib/minigun/stage.rb:106:in 'BasicObject#instance_exec'
C:/workspace/minigun/lib/minigun/stage.rb:106:in 'Minigun::AtomicStage#execute'
C:/workspace/minigun/lib/minigun/execution/executor.rb:62:in 'Minigun::Execution::Executor#run_stage_logic'
C:/workspace/minigun/lib/minigun/execution/executor.rb:71:in 'Minigun::Execution::InlineExecutor#execute_with_strategy'
C:/workspace/minigun/lib/minigun/execution/executor.rb:31:in 'Minigun::Execution::Executor#execute_stage_item'
C:/workspace/minigun/lib/minigun/execution/stage_worker.rb:201:in 'Minigun::Execution::StageWorker#execute_stage_item'
C:/workspace/minigun/lib/minigun/execution/stage_worker.rb:162:in 'block in Minigun::Execution::StageWorker#run_processor_loop'
<internal:kernel>:168:in 'Kernel#loop'
C:/workspace/minigun/lib/minigun/execution/stage_worker.rb:149:in 'Minigun::Execution::StageWorker#run_processor_loop'
C:/workspace/minigun/lib/minigun/execution/stage_worker.rb:74:in 'Minigun::Execution::StageWorker#run_worker_loop'
C:/workspace/minigun/lib/minigun/execution/stage_worker.rb:29:in 'block in Minigun::Execution::StageWorker#start'
I, [2025-10-27T13:41:30.061675 #8588]  INFO -- : [Pipeline:generator][Worker:output] Done
I, [2025-10-27T13:41:30.061708 #8588]  INFO -- : [Job:b3dbe763][Pipeline:generator] Finished in 0.0s
I, [2025-10-27T13:41:30.061748 #8588]  INFO -- : [Pipeline:default][Producer:generator] Done
#<Thread:0x000001bb74b5b3b0 C:/workspace/minigun/lib/minigun/pipeline.rb:345 run> terminated with exception 
(report_on_exception is true):
C:/workspace/minigun/lib/minigun/pipeline.rb:371:in 'block in Minigun::Pipeline#start_producer_thread': PipelineStage 
producers not yet compatible with queue-based DSL (NotImplementedError)
I, [2025-10-27T13:41:30.061856 #8588]  INFO -- : [Pipeline:default][Worker:processor] Done
    runs three connected pipelines (FAILED - 53)
  41_message_router.rb
I, [2025-10-27T13:41:30.062002 #8588]  INFO -- : [Pipeline:default][Worker:collector] Done
I, [2025-10-27T13:41:30.063006 #8588]  INFO -- : [Job:8dcd8ed1] MessageRouterExample started
I, [2025-10-27T13:41:30.063055 #8588]  INFO -- : [Job:8dcd8ed1] Configuration: max_processes=2, max_threads=5
I, [2025-10-27T13:41:30.063090 #8588]  INFO -- : [Job:8dcd8ed1][Pipeline:default] Starting
[DAG BUILD] BEFORE handle_multiple_producers: edges=
[DAG BUILD] AFTER handle_multiple_producers: edges=generate_messages->classify_message | classify_message->
[DAG BUILD] AFTER fill_sequential_gaps: edges=generate_messages->classify_message | classify_message->process_message | process_message->_batch_0 | _batch_0->store_batch | store_batch->
I, [2025-10-27T13:41:30.063173 #8588]  INFO -- : [Job:8dcd8ed1][Pipeline:default] DAG: generate_messages -> classify_message -> process_message -> _batch_0 -> store_batch
I, [2025-10-27T13:41:30.063339 #8588]  INFO -- : [Pipeline:default][Producer:generate_messages] Starting 

============================================================
MESSAGE ROUTER: Generating Messages
============================================================
ΓÜí Generated event message 1: info
≡ƒôï Generated log message 2: error
≡ƒöì Generated trace message 3: critical
≡ƒôè Generated metric message 4: critical
≡ƒôï Generated log message 5: info
≡ƒÜ¿ Generated alert message 6: debug
≡ƒöì Generated trace message 7: error
≡ƒôï Generated log message 8: info
≡ƒôï Generated log message 9: info
ΓÜí Generated event message 10: critical
≡ƒöì Generated trace message 11: critical
≡ƒöì Generated trace message 12: debug
≡ƒôè Generated metric message 13: info
≡ƒôè Generated metric message 14: info
≡ƒôè Generated metric message 15: critical
≡ƒôè Generated metric message 16: info
≡ƒôï Generated log message 17: warn
≡ƒôï Generated log message 18: error
ΓÜí Generated event message 19: debug
≡ƒôï Generated log message 20: error
≡ƒöì Generated trace message 21: info
ΓÜí Generated event message 22: error
ΓÜí Generated event message 23: debug
≡ƒÜ¿ Generated alert message 24: debug
≡ƒôè Generated metric message 25: info
I, [2025-10-27T13:41:30.063389 #8588]  INFO -- : [Pipeline:default][Worker:store_batch] Starting
I, [2025-10-27T13:41:30.063482 #8588]  INFO -- : [Pipeline:default][Worker:process_message] Starting
I, [2025-10-27T13:41:30.063535 #8588]  INFO -- : [Pipeline:default][Worker:_batch_0] Starting
I, [2025-10-27T13:41:30.063573 #8588]  INFO -- : [Pipeline:default][Worker:classify_message] Starting
ΓåÆ Routing event message 1 to event_processor
ΓåÆ Routing log message 2 to log_processor
  ΓÜí EVENT: order.created at databaseΓåÆ Routing trace message 3 to trace_processor
ΓåÆ Routing metric message 4 to metric_processor
ΓåÆ Routing log message 5 to log_processor
ΓåÆ Routing alert message 6 to alert_processor
ΓåÆ Routing trace message 7 to trace_processor
ΓåÆ Routing log message 8 to log_processor
ΓåÆ Routing log message 9 to log_processor
ΓåÆ Routing event message 10 to event_processor
ΓåÆ Routing trace message 11 to trace_processor
ΓåÆ Routing trace message 12 to trace_processor
ΓåÆ Routing metric message 13 to metric_processor
ΓåÆ Routing metric message 14 to metric_processor
ΓåÆ Routing metric message 15 to metric_processor
ΓåÆ Routing metric message 16 to metric_processor
ΓåÆ Routing log message 17 to log_processor
ΓåÆ Routing log message 18 to log_processor
ΓåÆ Routing event message 19 to event_processor
ΓåÆ Routing log message 20 to log_processor
ΓåÆ Routing trace message 21 to trace_processor
ΓåÆ Routing event message 22 to event_processor
ΓåÆ Routing event message 23 to event_processor
ΓåÆ Routing alert message 24 to alert_processor
ΓåÆ Routing metric message 25 to metric_processor

  ≡ƒôï LOG: [error] from app-server
  ≡ƒöì TRACE: span span-3783 took 99ms
  ≡ƒôè METRIC: 18 percent from app-server
  ≡ƒôï LOG: [info] from queue
  ≡ƒÜ¿ ALERT: [debug] ΓåÆ notify via email
  ≡ƒöì TRACE: span span-9530 took 97ms

≡ƒÆ╛ Storing batch of 5 messages:  ≡ƒôï LOG: [info] from database
  ≡ƒôï LOG: [info] from cache
  ΓÜí EVENT: user.logout at queue
  ≡ƒöì TRACE: span span-4316 took 23ms
  ≡ƒöì TRACE: span span-3859 took 55ms
  ≡ƒôè METRIC: 11 count from cache
  ≡ƒôè METRIC: 14 percent from database
  ≡ƒôè METRIC: 25 bytes from queue
  ≡ƒôè METRIC: 6 percent from database
  ≡ƒôï LOG: [warn] from database
  ≡ƒôï LOG: [error] from app-server
  ΓÜí EVENT: user.logout at cache
  ≡ƒôï LOG: [error] from queue
  ≡ƒöì TRACE: span span-1488 took 16ms
  ΓÜí EVENT: user.logout at database
  ΓÜí EVENT: user.logout at database
  ≡ƒÜ¿ ALERT: [debug] ΓåÆ notify via email
  ≡ƒôè METRIC: 41 percent from queue

   - 1 event message(s)
   - 2 log message(s)
   - 1 trace message(s)
   - 1 metric message(s)
   Γ£ô Batch written to database

≡ƒÆ╛ Storing batch of 5 messages:
   - 1 alert message(s)
   - 1 trace message(s)
   - 2 log message(s)
   - 1 event message(s)
   Γ£ô Batch written to database

≡ƒÆ╛ Storing batch of 5 messages:
   - 2 trace message(s)
   - 3 metric message(s)
   Γ£ô Batch written to database

≡ƒÆ╛ Storing batch of 5 messages:
   - 1 metric message(s)
   - 3 log message(s)
   - 1 event message(s)
   Γ£ô Batch written to database

≡ƒÆ╛ Storing batch of 5 messages:
   - 1 trace message(s)
   - 2 event message(s)
   - 1 alert message(s)
   - 1 metric message(s)
   Γ£ô Batch written to database
I, [2025-10-27T13:41:30.063802 #8588]  INFO -- : [Pipeline:default][Producer:generate_messages] Done
I, [2025-10-27T13:41:30.065624 #8588]  INFO -- : [Pipeline:default][Worker:classify_message] Done
I, [2025-10-27T13:41:30.065716 #8588]  INFO -- : [Pipeline:default][Worker:_batch_0] Done
I, [2025-10-27T13:41:30.065672 #8588]  INFO -- : [Pipeline:default][Worker:process_message] Done
I, [2025-10-27T13:41:30.065778 #8588]  INFO -- : [Pipeline:default][Worker:store_batch] Done
I, [2025-10-27T13:41:30.065860 #8588]  INFO -- : [Job:8dcd8ed1][Pipeline:default] Finished in 0.0s

============================================================
MESSAGE ROUTER STATISTICS
============================================================
≡ƒôï log          7 messages (28.0%)
≡ƒôè metric       6 messages (24.0%)
ΓÜí event        5 messages (20.0%)
≡ƒöì trace        5 messages (20.0%)
≡ƒÜ¿ alert        2 messages (8.0%)

Total messages routed: 25
Message routing complete!
============================================================

============================================================
MESSAGE ROUTER STATISTICS
============================================================
≡ƒôï log          7 messages (28.0%)
≡ƒôè metric       6 messages (24.0%)
ΓÜí event        5 messages (20.0%)
≡ƒöì trace        5 messages (20.0%)
≡ƒÜ¿ alert        2 messages (8.0%)

Total messages routed: 25
Message routing complete!
============================================================
I, [2025-10-27T13:41:30.065988 #8588]  INFO -- : [Job:8dcd8ed1] MessageRouterExample finished
I, [2025-10-27T13:41:30.066016 #8588]  INFO -- : [Job:8dcd8ed1] Runtime: 0.0s
I, [2025-10-27T13:41:30.066048 #8588]  INFO -- : [Job:8dcd8ed1] Pipeline 'default': 0 produced, 5 consumed, 0.0 items/s
I, [2025-10-27T13:41:30.066072 #8588]  INFO -- : [Job:8dcd8ed1] Bottleneck: generate_messages (0.0 items/s)
I, [2025-10-27T13:41:30.066093 #8588]  INFO -- : [Job:8dcd8ed1] Total: 0 items, 0.0 items/min
    demonstrates message routing pattern
  32_execution_blocks.rb
============================================================
Example 1: Basic Thread Pool
============================================================
I, [2025-10-27T13:41:30.067168 #8588]  INFO -- : [Job:70d17640] ThreadPoolExample started
I, [2025-10-27T13:41:30.067201 #8588]  INFO -- : [Job:70d17640] Configuration: max_processes=2, max_threads=5
I, [2025-10-27T13:41:30.067225 #8588]  INFO -- : [Job:70d17640][Pipeline:default] Starting
[DAG BUILD] BEFORE handle_multiple_producers: edges=
[DAG BUILD] AFTER handle_multiple_producers: edges=gen->double | double->
[DAG BUILD] AFTER fill_sequential_gaps: edges=gen->double | double->add_ten | add_ten->collect | collect->
I, [2025-10-27T13:41:30.067290 #8588]  INFO -- : [Job:70d17640][Pipeline:default] DAG: gen -> double -> add_ten -> collect
I, [2025-10-27T13:41:30.068384 #8588]  INFO -- : [Pipeline:default][Producer:gen] Starting 
I, [2025-10-27T13:41:30.068560 #8588]  INFO -- : [Pipeline:default][Producer:gen] Done
I, [2025-10-27T13:41:30.068502 #8588]  INFO -- : [Pipeline:default][Worker:collect] Starting
I, [2025-10-27T13:41:30.068602 #8588]  INFO -- : [Pipeline:default][Worker:add_ten] Starting
I, [2025-10-27T13:41:30.068462 #8588]  INFO -- : [Pipeline:default][Worker:double] Starting
I, [2025-10-27T13:41:30.070950 #8588]  INFO -- : [Pipeline:default][Worker:double] Done
I, [2025-10-27T13:41:30.071467 #8588]  INFO -- : [Pipeline:default][Worker:add_ten] Done
I, [2025-10-27T13:41:30.071605 #8588]  INFO -- : [Pipeline:default][Worker:collect] Done
I, [2025-10-27T13:41:30.071668 #8588]  INFO -- : [Job:70d17640][Pipeline:default] Finished in 0.0s
I, [2025-10-27T13:41:30.071724 #8588]  INFO -- : [Job:70d17640] ThreadPoolExample finished
I, [2025-10-27T13:41:30.071759 #8588]  INFO -- : [Job:70d17640] Runtime: 0.0s
I, [2025-10-27T13:41:30.071807 #8588]  INFO -- : [Job:70d17640] Pipeline 'default': 0 produced, 10 consumed, 0.0 items/s
I, [2025-10-27T13:41:30.071863 #8588]  INFO -- : [Job:70d17640] Bottleneck: gen (0.0 items/s)
I, [2025-10-27T13:41:30.071915 #8588]  INFO -- : [Job:70d17640] Total: 0 items, 0.0 items/min
Results: [10, 12, 14, 16, 18, 20, 22, 24, 26, 28]
Γ£ô All stages executed in thread pool of 5

============================================================
Example 2: Batch + Process Per Batch
============================================================
I, [2025-10-27T13:41:30.072035 #8588]  INFO -- : [Job:045f7d1f] BatchProcessExample started
I, [2025-10-27T13:41:30.072062 #8588]  INFO -- : [Job:045f7d1f] Configuration: max_processes=2, max_threads=5
I, [2025-10-27T13:41:30.072083 #8588]  INFO -- : [Job:045f7d1f][Pipeline:default] Starting
[DAG BUILD] BEFORE handle_multiple_producers: edges=
[DAG BUILD] AFTER handle_multiple_producers: edges=gen->download | download->
[DAG BUILD] AFTER fill_sequential_gaps: edges=gen->download | download->_batch_0 | _batch_0->process_batch | process_batch->
I, [2025-10-27T13:41:30.072186 #8588]  INFO -- : [Job:045f7d1f][Pipeline:default] DAG: gen -> download -> _batch_0 -> process_batch
I, [2025-10-27T13:41:30.072951 #8588]  INFO -- : [Pipeline:default][Producer:gen] Starting 
I, [2025-10-27T13:41:30.073095 #8588]  INFO -- : [Pipeline:default][Producer:gen] Done
I, [2025-10-27T13:41:30.073028 #8588]  INFO -- : [Pipeline:default][Worker:_batch_0] Starting
I, [2025-10-27T13:41:30.073134 #8588]  INFO -- : [Pipeline:default][Worker:process_batch] Starting
I, [2025-10-27T13:41:30.072991 #8588]  INFO -- : [Pipeline:default][Worker:download] Starting
[Minigun] Process forking not available, falling back to inline
[Minigun] Process forking not available, falling back to inline
[Minigun] Process forking not available, falling back to inline
[Minigun] Process forking not available, falling back to inline
I, [2025-10-27T13:41:30.087823 #8588]  INFO -- : [Pipeline:default][Worker:download] Done
[Minigun] Process forking not available, falling back to inline
I, [2025-10-27T13:41:30.088018 #8588]  INFO -- : [Pipeline:default][Worker:process_batch] Done
I, [2025-10-27T13:41:30.087942 #8588]  INFO -- : [Pipeline:default][Worker:_batch_0] Done
I, [2025-10-27T13:41:30.088113 #8588]  INFO -- : [Job:045f7d1f][Pipeline:default] Finished in 0.02s
I, [2025-10-27T13:41:30.088166 #8588]  INFO -- : [Job:045f7d1f] BatchProcessExample finished
I, [2025-10-27T13:41:30.088214 #8588]  INFO -- : [Job:045f7d1f] Runtime: 0.02s
I, [2025-10-27T13:41:30.088258 #8588]  INFO -- : [Job:045f7d1f] Pipeline 'default': 0 produced, 5 consumed, 0.0 items/s
I, [2025-10-27T13:41:30.088315 #8588]  INFO -- : [Job:045f7d1f] Bottleneck: gen (0.0 items/s)
I, [2025-10-27T13:41:30.088349 #8588]  INFO -- : [Job:045f7d1f] Total: 0 items, 0.0 items/min
Processed 5 batches
PIDs: 8588
Γ£ô Batched and processed in separate processes

============================================================
Example 3: Nested Contexts
============================================================
I, [2025-10-27T13:41:30.088499 #8588]  INFO -- : [Job:3ca12b76] NestedContextExample started
I, [2025-10-27T13:41:30.088522 #8588]  INFO -- : [Job:3ca12b76] Configuration: max_processes=2, max_threads=5
I, [2025-10-27T13:41:30.088568 #8588]  INFO -- : [Job:3ca12b76][Pipeline:default] Starting
[DAG BUILD] BEFORE handle_multiple_producers: edges=
[DAG BUILD] AFTER handle_multiple_producers: edges=gen->fetch | fetch->
[DAG BUILD] AFTER fill_sequential_gaps: edges=gen->fetch | fetch->_batch_0 | _batch_0->compute | compute->save | save->
I, [2025-10-27T13:41:30.088680 #8588]  INFO -- : [Job:3ca12b76][Pipeline:default] DAG: gen -> fetch -> _batch_0 -> compute -> save
I, [2025-10-27T13:41:30.088841 #8588]  INFO -- : [Pipeline:default][Producer:gen] Starting 
I, [2025-10-27T13:41:30.088962 #8588]  INFO -- : [Pipeline:default][Producer:gen] Done
I, [2025-10-27T13:41:30.088916 #8588]  INFO -- : [Pipeline:default][Worker:_batch_0] Starting
I, [2025-10-27T13:41:30.088994 #8588]  INFO -- : [Pipeline:default][Worker:compute] Starting
I, [2025-10-27T13:41:30.089025 #8588]  INFO -- : [Pipeline:default][Worker:save] Starting
I, [2025-10-27T13:41:30.088876 #8588]  INFO -- : [Pipeline:default][Worker:fetch] Starting
[Minigun] Process forking not available, falling back to inline
[Minigun] Process forking not available, falling back to inline
[Minigun] Process forking not available, falling back to inline
[Minigun] Process forking not available, falling back to inline
I, [2025-10-27T13:41:30.096617 #8588]  INFO -- : [Pipeline:default][Worker:fetch] Done
[Minigun] Process forking not available, falling back to inline
I, [2025-10-27T13:41:30.096806 #8588]  INFO -- : [Pipeline:default][Worker:_batch_0] Done
I, [2025-10-27T13:41:30.096901 #8588]  INFO -- : [Pipeline:default][Worker:save] Done
I, [2025-10-27T13:41:30.096858 #8588]  INFO -- : [Pipeline:default][Worker:compute] Done
I, [2025-10-27T13:41:30.096987 #8588]  INFO -- : [Job:3ca12b76][Pipeline:default] Finished in 0.01s
I, [2025-10-27T13:41:30.097045 #8588]  INFO -- : [Job:3ca12b76] NestedContextExample finished
I, [2025-10-27T13:41:30.097079 #8588]  INFO -- : [Job:3ca12b76] Runtime: 0.01s
I, [2025-10-27T13:41:30.097105 #8588]  INFO -- : [Job:3ca12b76] Pipeline 'default': 0 produced, 0 consumed, 0.0 items/s
I, [2025-10-27T13:41:30.097132 #8588]  INFO -- : [Job:3ca12b76] Bottleneck: gen (0.0 items/s)
I, [2025-10-27T13:41:30.097155 #8588]  INFO -- : [Job:3ca12b76] Total: 0 items, 0.0 items/min
Processed 0 items
Γ£ô Nested contexts work correctly

============================================================
Example 4: Named Execution Contexts
============================================================
I, [2025-10-27T13:41:30.097274 #8588]  INFO -- : [Job:dadf8fe6] NamedContextExample started
I, [2025-10-27T13:41:30.097296 #8588]  INFO -- : [Job:dadf8fe6] Configuration: max_processes=2, max_threads=5
I, [2025-10-27T13:41:30.097319 #8588]  INFO -- : [Job:dadf8fe6][Pipeline:default] Starting
[DAG BUILD] BEFORE handle_multiple_producers: edges=
[DAG BUILD] AFTER handle_multiple_producers: edges=gen->download | download->
[DAG BUILD] AFTER fill_sequential_gaps: edges=gen->download | download->compute | compute->collect | collect->
I, [2025-10-27T13:41:30.097400 #8588]  INFO -- : [Job:dadf8fe6][Pipeline:default] DAG: gen -> download -> compute -> collect
I, [2025-10-27T13:41:30.097530 #8588]  INFO -- : [Pipeline:default][Producer:gen] Starting 
I, [2025-10-27T13:41:30.097669 #8588]  INFO -- : [Pipeline:default][Producer:gen] Done
I, [2025-10-27T13:41:30.097630 #8588]  INFO -- : [Pipeline:default][Worker:download] Starting
I, [2025-10-27T13:41:30.097702 #8588]  INFO -- : [Pipeline:default][Worker:collect] Starting
I, [2025-10-27T13:41:30.097583 #8588]  INFO -- : [Pipeline:default][Worker:compute] Starting
[Minigun] Process forking not available, falling back to inline
[Minigun] Process forking not available, falling back to inline
[Minigun] Process forking not available, falling back to inline
[Minigun] Process forking not available, falling back to inline
[Minigun] Process forking not available, falling back to inline
[Minigun] Process forking not available, falling back to inline
[Minigun] Process forking not available, falling back to inline
[Minigun] Process forking not available, falling back to inline
[Minigun] Process forking not available, falling back to inline
[Minigun] Process forking not available, falling back to inline
[Minigun] Process forking not available, falling back to inline
[Minigun] Process forking not available, falling back to inline
[Minigun] Process forking not available, falling back to inline
[Minigun] Process forking not available, falling back to inline
[Minigun] Process forking not available, falling back to inline
[Minigun] Process forking not available, falling back to inline
[Minigun] Process forking not available, falling back to inline
[Minigun] Process forking not available, falling back to inline
[Minigun] Process forking not available, falling back to inline
[Minigun] Process forking not available, falling back to inline
I, [2025-10-27T13:41:30.100734 #8588]  INFO -- : [Pipeline:default][Worker:download] Done
I, [2025-10-27T13:41:30.100848 #8588]  INFO -- : [Pipeline:default][Worker:collect] Done
I, [2025-10-27T13:41:30.100794 #8588]  INFO -- : [Pipeline:default][Worker:compute] Done
I, [2025-10-27T13:41:30.100938 #8588]  INFO -- : [Job:dadf8fe6][Pipeline:default] Finished in 0.0s
I, [2025-10-27T13:41:30.100999 #8588]  INFO -- : [Job:dadf8fe6] NamedContextExample finished
I, [2025-10-27T13:41:30.101032 #8588]  INFO -- : [Job:dadf8fe6] Runtime: 0.0s
I, [2025-10-27T13:41:30.101063 #8588]  INFO -- : [Job:dadf8fe6] Pipeline 'default': 0 produced, 20 consumed, 0.0 items/s
I, [2025-10-27T13:41:30.101114 #8588]  INFO -- : [Job:dadf8fe6] Bottleneck: gen (0.0 items/s)
I, [2025-10-27T13:41:30.101162 #8588]  INFO -- : [Job:dadf8fe6] Total: 0 items, 0.0 items/min
Results: 20 items
Γ£ô Named contexts allow flexible assignment

============================================================
Example 5: Complex Real-World Pipeline
============================================================
I, [2025-10-27T13:41:30.101286 #8588]  INFO -- : [Job:dd87ed52] ComplexPipeline started
I, [2025-10-27T13:41:30.101307 #8588]  INFO -- : [Job:dd87ed52] Configuration: max_processes=2, max_threads=5
I, [2025-10-27T13:41:30.101328 #8588]  INFO -- : [Job:dd87ed52][Pipeline:default] Starting
[DAG BUILD] BEFORE handle_multiple_producers: edges=
[DAG BUILD] AFTER handle_multiple_producers: edges=generate_urls->download | download->
[DAG BUILD] AFTER fill_sequential_gaps: edges=generate_urls->download | download->extract | extract->_batch_0 | _batch_0->parse_batch | parse_batch->save_to_db | save_to_db->
I, [2025-10-27T13:41:30.101418 #8588]  INFO -- : [Job:dd87ed52][Pipeline:default] DAG: generate_urls -> download -> extract -> _batch_0 -> parse_batch -> save_to_db
I, [2025-10-27T13:41:30.101610 #8588]  INFO -- : [Pipeline:default][Producer:generate_urls] Starting 
I, [2025-10-27T13:41:30.101744 #8588]  INFO -- : [Pipeline:default][Producer:generate_urls] Done
I, [2025-10-27T13:41:30.101689 #8588]  INFO -- : [Pipeline:default][Worker:parse_batch] Starting
I, [2025-10-27T13:41:30.101775 #8588]  INFO -- : [Pipeline:default][Worker:_batch_0] Starting
I, [2025-10-27T13:41:30.101801 #8588]  INFO -- : [Pipeline:default][Worker:extract] Starting
I, [2025-10-27T13:41:30.101646 #8588]  INFO -- : [Pipeline:default][Worker:download] Starting
I, [2025-10-27T13:41:30.101829 #8588]  INFO -- : [Pipeline:default][Worker:save_to_db] Starting
[Minigun] Process forking not available, falling back to inline
[Minigun] Process forking not available, falling back to inline
[Minigun] Process forking not available, falling back to inline
[Minigun] Process forking not available, falling back to inline
I, [2025-10-27T13:41:30.118438 #8588]  INFO -- : [Pipeline:default][Worker:download] Done
I, [2025-10-27T13:41:30.118712 #8588]  INFO -- : [Pipeline:default][Worker:extract] Done
[Minigun] Process forking not available, falling back to inline
I, [2025-10-27T13:41:30.118852 #8588]  INFO -- : [Pipeline:default][Worker:parse_batch] Done
I, [2025-10-27T13:41:30.118786 #8588]  INFO -- : [Pipeline:default][Worker:_batch_0] Done
I, [2025-10-27T13:41:30.118915 #8588]  INFO -- : [Pipeline:default][Worker:save_to_db] Done
I, [2025-10-27T13:41:30.119029 #8588]  INFO -- : [Job:dd87ed52][Pipeline:default] Finished in 0.02s
I, [2025-10-27T13:41:30.119098 #8588]  INFO -- : [Job:dd87ed52] ComplexPipeline finished
I, [2025-10-27T13:41:30.119149 #8588]  INFO -- : [Job:dd87ed52] Runtime: 0.02s
I, [2025-10-27T13:41:30.119192 #8588]  INFO -- : [Job:dd87ed52] Pipeline 'default': 0 produced, 0 consumed, 0.0 items/s
I, [2025-10-27T13:41:30.119231 #8588]  INFO -- : [Job:dd87ed52] Bottleneck: generate_urls (0.0 items/s)
I, [2025-10-27T13:41:30.119254 #8588]  INFO -- : [Job:dd87ed52] Total: 0 items, 0.0 items/min
Saved 0 results
Γ£ô Complex pipeline with multiple execution contexts

============================================================
Example 6: Thread Per Batch
============================================================
I, [2025-10-27T13:41:30.119384 #8588]  INFO -- : [Job:1bcdfa6e] ThreadPerBatchExample started
I, [2025-10-27T13:41:30.119407 #8588]  INFO -- : [Job:1bcdfa6e] Configuration: max_processes=2, max_threads=5
I, [2025-10-27T13:41:30.119430 #8588]  INFO -- : [Job:1bcdfa6e][Pipeline:default] Starting
[DAG BUILD] BEFORE handle_multiple_producers: edges=
[DAG BUILD] AFTER handle_multiple_producers: edges=gen->_batch_0 | _batch_0->
[DAG BUILD] AFTER fill_sequential_gaps: edges=gen->_batch_0 | _batch_0->process | process->
I, [2025-10-27T13:41:30.119522 #8588]  INFO -- : [Job:1bcdfa6e][Pipeline:default] DAG: gen -> _batch_0 -> process
I, [2025-10-27T13:41:30.119712 #8588]  INFO -- : [Pipeline:default][Producer:gen] Starting 
I, [2025-10-27T13:41:30.119887 #8588]  INFO -- : [Pipeline:default][Producer:gen] Done
I, [2025-10-27T13:41:30.119827 #8588]  INFO -- : [Pipeline:default][Worker:process] Starting
I, [2025-10-27T13:41:30.119781 #8588]  INFO -- : [Pipeline:default][Worker:_batch_0] Starting
I, [2025-10-27T13:41:30.120138 #8588]  INFO -- : [Pipeline:default][Worker:_batch_0] Done
I, [2025-10-27T13:41:30.120854 #8588]  INFO -- : [Pipeline:default][Worker:process] Done
I, [2025-10-27T13:41:30.120922 #8588]  INFO -- : [Job:1bcdfa6e][Pipeline:default] Finished in 0.0s
I, [2025-10-27T13:41:30.120977 #8588]  INFO -- : [Job:1bcdfa6e] ThreadPerBatchExample finished
I, [2025-10-27T13:41:30.121022 #8588]  INFO -- : [Job:1bcdfa6e] Runtime: 0.0s
I, [2025-10-27T13:41:30.121056 #8588]  INFO -- : [Job:1bcdfa6e] Pipeline 'default': 0 produced, 5 consumed, 0.0 items/s
I, [2025-10-27T13:41:30.121087 #8588]  INFO -- : [Job:1bcdfa6e] Bottleneck: gen (0.0 items/s)
I, [2025-10-27T13:41:30.121111 #8588]  INFO -- : [Job:1bcdfa6e] Total: 0 items, 0.0 items/min
Processed 5 batches
Γ£ô Thread per batch with max concurrency limit

============================================================
Summary
============================================================

Execution Block Syntax:

1. Thread Pools:
   threads(N) do ... end
   - Reuses N threads for all stages in block
   - Good for I/O-bound work

2. Process Pools:
   processes(N) do ... end
   - Reuses N processes for all stages in block
   - Good for CPU-bound work with isolation

3. Ractor Pools:
   ractors(N) do ... end
   - Reuses N ractors for all stages in block
   - True parallelism (Ruby 3.0+)

4. Batching:
   batch N
   - Accumulates N items before passing to next stage

5. Per-Batch Spawning:
   process_per_batch(max: N) do ... end
   - Spawns new process for each batch
   - Max N concurrent processes
   - Copy-on-write optimization

   thread_per_batch(max: N) do ... end
   - Spawns new thread for each batch
   - Max N concurrent threads

6. Named Contexts:
   execution_context :name, :threads, N
   processor :stage, execution_context: :name
   - Define reusable named contexts
   - Assign to specific stages

7. Nesting:
   - Contexts can nest naturally
   - Inner contexts override outer contexts
   - Batch creates accumulator stage
   - Clean, composable design

Benefits:
Γ£ô Clear intent (what, not how)
Γ£ô Composable blocks
Γ£ô Natural nesting
Γ£ô No strategy: options
Γ£ô Runtime configurable
Γ£ô Type-safe context management
I, [2025-10-27T13:41:30.121190 #8588]  INFO -- : [Job:6a32230b] ThreadPoolExample started
I, [2025-10-27T13:41:30.121213 #8588]  INFO -- : [Job:6a32230b] Configuration: max_processes=2, max_threads=5
I, [2025-10-27T13:41:30.121239 #8588]  INFO -- : [Job:6a32230b][Pipeline:default] Starting
[DAG BUILD] BEFORE handle_multiple_producers: edges=gen->double | double->add_ten | add_ten->collect | collect->
[DAG BUILD] AFTER handle_multiple_producers: edges=gen->double | double->add_ten | add_ten->collect | collect->
[DAG BUILD] AFTER fill_sequential_gaps: edges=gen->double | double->add_ten | add_ten->collect | collect->
I, [2025-10-27T13:41:30.121307 #8588]  INFO -- : [Job:6a32230b][Pipeline:default] DAG: gen -> double -> add_ten -> collect
I, [2025-10-27T13:41:30.121895 #8588]  INFO -- : [Pipeline:default][Producer:gen] Starting 
I, [2025-10-27T13:41:30.122111 #8588]  INFO -- : [Pipeline:default][Producer:gen] Done
I, [2025-10-27T13:41:30.122009 #8588]  INFO -- : [Pipeline:default][Worker:add_ten] Starting
I, [2025-10-27T13:41:30.122056 #8588]  INFO -- : [Pipeline:default][Worker:collect] Starting
I, [2025-10-27T13:41:30.121960 #8588]  INFO -- : [Pipeline:default][Worker:double] Starting
I, [2025-10-27T13:41:30.124339 #8588]  INFO -- : [Pipeline:default][Worker:double] Done
I, [2025-10-27T13:41:30.124474 #8588]  INFO -- : [Pipeline:default][Worker:add_ten] Done
I, [2025-10-27T13:41:30.124558 #8588]  INFO -- : [Pipeline:default][Worker:collect] Done
I, [2025-10-27T13:41:30.124615 #8588]  INFO -- : [Job:6a32230b][Pipeline:default] Finished in 0.0s
I, [2025-10-27T13:41:30.124646 #8588]  INFO -- : [Job:6a32230b] ThreadPoolExample finished
I, [2025-10-27T13:41:30.124685 #8588]  INFO -- : [Job:6a32230b] Runtime: 0.0s
I, [2025-10-27T13:41:30.124740 #8588]  INFO -- : [Job:6a32230b] Pipeline 'default': 0 produced, 10 consumed, 0.0 items/s
I, [2025-10-27T13:41:30.124781 #8588]  INFO -- : [Job:6a32230b] Bottleneck: gen (0.0 items/s)
I, [2025-10-27T13:41:30.124804 #8588]  INFO -- : [Job:6a32230b] Total: 0 items, 0.0 items/min
    demonstrates execution block patterns
  43_etl_pipeline.rb
I, [2025-10-27T13:41:30.126165 #8588]  INFO -- : [Job:aed8ebf5] EtlPipelineExample started
I, [2025-10-27T13:41:30.126205 #8588]  INFO -- : [Job:aed8ebf5] Configuration: max_processes=2, max_threads=5
I, [2025-10-27T13:41:30.126228 #8588]  INFO -- : [Job:aed8ebf5][Pipeline:default] Starting
[DAG BUILD] BEFORE handle_multiple_producers: edges=
[DAG BUILD] AFTER handle_multiple_producers: edges=extract_data->transform_data | transform_data->
[DAG BUILD] AFTER fill_sequential_gaps: edges=extract_data->transform_data | transform_data->aggregate_by_category | aggregate_by_category->load_to_warehouse | load_to_warehouse->
I, [2025-10-27T13:41:30.126303 #8588]  INFO -- : [Job:aed8ebf5][Pipeline:default] DAG: extract_data -> transform_data -> aggregate_by_category -> load_to_warehouse
I, [2025-10-27T13:41:30.126955 #8588]  INFO -- : [Pipeline:default][Producer:extract_data] Starting 

============================================================
ETL PIPELINE: Extract Phase
============================================================
≡ƒôª Extracted: 1 - Laptop Pro (electronics)
≡ƒôª Extracted: 2 - Wireless Mouse (electronics)
≡ƒôª Extracted: 3 - 4K Monitor (electronics)
≡ƒôª Extracted: 4 - USB-C Cable (electronics)
≡ƒôª Extracted: 5 - Cotton T-Shirt (clothing)
≡ƒôª Extracted: 6 - Denim Jeans (clothing)
≡ƒôª Extracted: 7 - Winter Jacket (clothing)
≡ƒôª Extracted: 8 - Coffee Maker (home)
≡ƒôª Extracted: 9 - Desk Lamp (home)
≡ƒôª Extracted: 10 - Storage Box Set (home)
≡ƒôª Extracted: 11 - Learn Ruby (books)
≡ƒôª Extracted: 12 - Cookbook Deluxe (books)
I, [2025-10-27T13:41:30.127130 #8588]  INFO -- : [Pipeline:default][Worker:load_to_warehouse] Starting
I, [2025-10-27T13:41:30.127059 #8588]  INFO -- : [Pipeline:default][Worker:aggregate_by_category] Starting
I, [2025-10-27T13:41:30.127022 #8588]  INFO -- : [Pipeline:default][Worker:transform_data] Starting
I, [2025-10-27T13:41:30.127305 #8588]  INFO -- : [Pipeline:default][Producer:extract_data] Done
ΓÜÖ∩╕Å  Transforming: 1 - Laptop Pro
   Γ£ô Transformed: price=$1299.99 ΓåÆ $1403.99 (tier: premium)
ΓÜÖ∩╕Å  Transforming: 2 - Wireless Mouse
   Γ£ô Transformed: price=$29.99 ΓåÆ $32.39 (tier: budget)
ΓÜÖ∩╕Å  Transforming: 3 - 4K Monitor
   Γèÿ Filtered out (out of stock): 3
ΓÜÖ∩╕Å  Transforming: 4 - USB-C Cable
   Γ£ô Transformed: price=$19.99 ΓåÆ $21.59 (tier: budget)

≡ƒôè Aggregating batch:
   electronics     3 items, avg price: $485.99
E, [2025-10-27T13:41:30.128054 #8588] ERROR -- : [Pipeline:default][Stage:aggregate_by_category] Error: undefined local variable or method 'output' for an instance of EtlPipelineExample
ΓÜÖ∩╕Å  Transforming: 5 - Cotton T-ShirtE, [2025-10-27T13:41:30.128115 #8588] ERROR -- : C:/workspace/minigun/examples/43_etl_pipeline.rb:112:in 'block (2 levels) in <class:EtlPipelineExample>'
C:/workspace/minigun/lib/minigun/stage.rb:148:in 'BasicObject#instance_exec'
C:/workspace/minigun/lib/minigun/stage.rb:148:in 'Minigun::AccumulatorStage#execute'
C:/workspace/minigun/lib/minigun/execution/executor.rb:62:in 'Minigun::Execution::Executor#run_stage_logic'
C:/workspace/minigun/lib/minigun/execution/executor.rb:71:in 'Minigun::Execution::InlineExecutor#execute_with_strategy'
C:/workspace/minigun/lib/minigun/execution/executor.rb:31:in 'Minigun::Execution::Executor#execute_stage_item'
C:/workspace/minigun/lib/minigun/execution/stage_worker.rb:201:in 'Minigun::Execution::StageWorker#execute_stage_item'
C:/workspace/minigun/lib/minigun/execution/stage_worker.rb:162:in 'block in Minigun::Execution::StageWorker#run_processor_loop'
<internal:kernel>:168:in 'Kernel#loop'
C:/workspace/minigun/lib/minigun/execution/stage_worker.rb:149:in 'Minigun::Execution::StageWorker#run_processor_loop'
C:/workspace/minigun/lib/minigun/execution/stage_worker.rb:74:in 'Minigun::Execution::StageWorker#run_worker_loop'
C:/workspace/minigun/lib/minigun/execution/stage_worker.rb:29:in 'block in Minigun::Execution::StageWorker#start'

   Γ£ô Transformed: price=$24.99 ΓåÆ $26.99 (tier: budget)
ΓÜÖ∩╕Å  Transforming: 6 - Denim Jeans
   Γ£ô Transformed: price=$59.99 ΓåÆ $64.79 (tier: mid-range)
ΓÜÖ∩╕Å  Transforming: 7 - Winter Jacket
   Γèÿ Filtered out (out of stock): 7
ΓÜÖ∩╕Å  Transforming: 8 - Coffee Maker
   Γ£ô Transformed: price=$89.99 ΓåÆ $97.19 (tier: mid-range)

≡ƒôè Aggregating batch:
   clothing        2 items, avg price: $45.89
ΓÜÖ∩╕Å  Transforming: 9 - Desk Lamp   home            1 items, avg price: $97.19
E, [2025-10-27T13:41:30.128730 #8588] ERROR -- : [Pipeline:default][Stage:aggregate_by_category] Error: undefined local variable or method 'output' for an instance of EtlPipelineExample
E, [2025-10-27T13:41:30.128774 #8588] ERROR -- : C:/workspace/minigun/examples/43_etl_pipeline.rb:112:in 'block (2 levels) in <class:EtlPipelineExample>'
C:/workspace/minigun/lib/minigun/stage.rb:148:in 'BasicObject#instance_exec'
C:/workspace/minigun/lib/minigun/stage.rb:148:in 'Minigun::AccumulatorStage#execute'
C:/workspace/minigun/lib/minigun/execution/executor.rb:62:in 'Minigun::Execution::Executor#run_stage_logic'
C:/workspace/minigun/lib/minigun/execution/executor.rb:71:in 'Minigun::Execution::InlineExecutor#execute_with_strategy'
C:/workspace/minigun/lib/minigun/execution/executor.rb:31:in 'Minigun::Execution::Executor#execute_stage_item'
C:/workspace/minigun/lib/minigun/execution/stage_worker.rb:201:in 'Minigun::Execution::StageWorker#execute_stage_item'
C:/workspace/minigun/lib/minigun/execution/stage_worker.rb:162:in 'block in Minigun::Execution::StageWorker#run_processor_loop'
<internal:kernel>:168:in 'Kernel#loop'
C:/workspace/minigun/lib/minigun/execution/stage_worker.rb:149:in 'Minigun::Execution::StageWorker#run_processor_loop'
C:/workspace/minigun/lib/minigun/execution/stage_worker.rb:74:in 'Minigun::Execution::StageWorker#run_worker_loop'
C:/workspace/minigun/lib/minigun/execution/stage_worker.rb:29:in 'block in Minigun::Execution::StageWorker#start'

   Γ£ô Transformed: price=$39.99 ΓåÆ $43.19 (tier: mid-range)
ΓÜÖ∩╕Å  Transforming: 10 - Storage Box Set
   Γ£ô Transformed: price=$34.99 ΓåÆ $37.79 (tier: mid-range)
ΓÜÖ∩╕Å  Transforming: 11 - Learn Ruby
   Γ£ô Transformed: price=$44.99 ΓåÆ $48.59 (tier: mid-range)

≡ƒôè Aggregating batch:
   home            2 items, avg price: $40.49
   books           1 items, avg price: $48.59
E, [2025-10-27T13:41:30.129237 #8588] ERROR -- : [Pipeline:default][Stage:aggregate_by_category] Error: undefined local variable or method 'output' for an instance of EtlPipelineExample
ΓÜÖ∩╕Å  Transforming: 12 - Cookbook DeluxeE, [2025-10-27T13:41:30.129303 #8588] ERROR -- : C:/workspace/minigun/examples/43_etl_pipeline.rb:112:in 'block (2 levels) in <class:EtlPipelineExample>'
C:/workspace/minigun/lib/minigun/stage.rb:148:in 'BasicObject#instance_exec'
C:/workspace/minigun/lib/minigun/stage.rb:148:in 'Minigun::AccumulatorStage#execute'
C:/workspace/minigun/lib/minigun/execution/executor.rb:62:in 'Minigun::Execution::Executor#run_stage_logic'
C:/workspace/minigun/lib/minigun/execution/executor.rb:71:in 'Minigun::Execution::InlineExecutor#execute_with_strategy'
C:/workspace/minigun/lib/minigun/execution/executor.rb:31:in 'Minigun::Execution::Executor#execute_stage_item'
C:/workspace/minigun/lib/minigun/execution/stage_worker.rb:201:in 'Minigun::Execution::StageWorker#execute_stage_item'
C:/workspace/minigun/lib/minigun/execution/stage_worker.rb:162:in 'block in Minigun::Execution::StageWorker#run_processor_loop'
<internal:kernel>:168:in 'Kernel#loop'
C:/workspace/minigun/lib/minigun/execution/stage_worker.rb:149:in 'Minigun::Execution::StageWorker#run_processor_loop'
C:/workspace/minigun/lib/minigun/execution/stage_worker.rb:74:in 'Minigun::Execution::StageWorker#run_worker_loop'
C:/workspace/minigun/lib/minigun/execution/stage_worker.rb:29:in 'block in Minigun::Execution::StageWorker#start'

   Γ£ô Transformed: price=$29.99 ΓåÆ $32.39 (tier: budget)
I, [2025-10-27T13:41:30.129430 #8588]  INFO -- : [Pipeline:default][Worker:transform_data] Done

≡ƒôè Aggregating batch:
   books           1 items, avg price: $32.39
#<Thread:0x000001bb74abffa0 C:/workspace/minigun/lib/minigun/execution/stage_worker.rb:29 run> terminated with 
exception (report_on_exception is true):
C:/workspace/minigun/examples/43_etl_pipeline.rb:112:in 'block (2 levels) in <class:EtlPipelineExample>': undefined 
local variable or method 'output' for an instance of EtlPipelineExample (NameError)

      output << by_category

      ^^^^^^
	from C:/workspace/minigun/lib/minigun/stage.rb:169:in 'BasicObject#instance_exec'
	from C:/workspace/minigun/lib/minigun/stage.rb:169:in 'Minigun::AccumulatorStage#flush'
	from C:/workspace/minigun/lib/minigun/execution/stage_worker.rb:175:in 'Minigun::Execution::StageWorker#flush_stage'
	from C:/workspace/minigun/lib/minigun/execution/stage_worker.rb:166:in 
'Minigun::Execution::StageWorker#run_processor_loop'
	from C:/workspace/minigun/lib/minigun/execution/stage_worker.rb:74:in 
'Minigun::Execution::StageWorker#run_worker_loop'
	from C:/workspace/minigun/lib/minigun/execution/stage_worker.rb:29:in 'block in Minigun::Execution::StageWorker#start'
    demonstrates ETL pipeline pattern (FAILED - 54)
  03_fan_out_pattern.rb
I, [2025-10-27T13:41:30.132384 #8588]  INFO -- : [Job:f58612f0] FanOutPipeline started
I, [2025-10-27T13:41:30.132431 #8588]  INFO -- : [Job:f58612f0] Configuration: max_processes=2, max_threads=4
I, [2025-10-27T13:41:30.132463 #8588]  INFO -- : [Job:f58612f0][Pipeline:default] Starting
[DAG BUILD] BEFORE handle_multiple_producers: edges=email_sender-> | generate_notifications->email_sender,sms_sender,push_sender | sms_sender-> | push_sender->
[DAG BUILD] AFTER handle_multiple_producers: edges=email_sender-> | generate_notifications->email_sender,sms_sender,push_sender | sms_sender-> | push_sender->
[DAG BUILD] AFTER fill_sequential_gaps: edges=email_sender-> | generate_notifications->email_sender,sms_sender,push_sender | sms_sender-> | push_sender->
I, [2025-10-27T13:41:30.132534 #8588]  INFO -- : [Job:f58612f0][Pipeline:default] DAG: generate_notifications -> push_sender -> sms_sender -> email_sender
I, [2025-10-27T13:41:30.132565 #8588]  INFO -- : [Pipeline:default] Inserting RouterStage 'generate_notifications_router' (broadcast) for fan-out: generate_notifications -> email_sender, sms_sender, push_sender
I, [2025-10-27T13:41:30.132708 #8588]  INFO -- : [Pipeline:default][Producer:generate_notifications] Starting 
I, [2025-10-27T13:41:30.132851 #8588]  INFO -- : [Pipeline:default][Producer:generate_notifications] Done
I, [2025-10-27T13:41:30.132804 #8588]  INFO -- : [Pipeline:default][Worker:email_sender] Starting
I, [2025-10-27T13:41:30.132880 #8588]  INFO -- : [Pipeline:default][Worker:push_sender] Starting
I, [2025-10-27T13:41:30.132905 #8588]  INFO -- : [Pipeline:default][Worker:generate_notifications_router] Starting
I, [2025-10-27T13:41:30.133066 #8588]  INFO -- : [Pipeline:default][Worker:generate_notifications_router] Done
I, [2025-10-27T13:41:30.132753 #8588]  INFO -- : [Pipeline:default][Worker:sms_sender] Starting
I, [2025-10-27T13:41:30.133258 #8588]  INFO -- : [Pipeline:default][Worker:sms_sender] Done
I, [2025-10-27T13:41:30.133175 #8588]  INFO -- : [Pipeline:default][Worker:push_sender] Done
I, [2025-10-27T13:41:30.133112 #8588]  INFO -- : [Pipeline:default][Worker:email_sender] Done
I, [2025-10-27T13:41:30.133343 #8588]  INFO -- : [Job:f58612f0][Pipeline:default] Finished in 0.0s
I, [2025-10-27T13:41:30.133411 #8588]  INFO -- : [Job:f58612f0] FanOutPipeline finished
I, [2025-10-27T13:41:30.133456 #8588]  INFO -- : [Job:f58612f0] Runtime: 0.0s
I, [2025-10-27T13:41:30.133495 #8588]  INFO -- : [Job:f58612f0] Pipeline 'default': 0 produced, 9 consumed, 0.0 items/s
I, [2025-10-27T13:41:30.133520 #8588]  INFO -- : [Job:f58612f0] Bottleneck: generate_notifications (0.0 items/s)
I, [2025-10-27T13:41:30.133547 #8588]  INFO -- : [Job:f58612f0] Total: 0 items, 0.0 items/min
    fans out to multiple consumers
  06_multi_pipeline_etl.rb
I, [2025-10-27T13:41:30.134396 #8588]  INFO -- : [Job:bc27d537] MultiPipelineETL started
I, [2025-10-27T13:41:30.134444 #8588]  INFO -- : [Job:bc27d537] Configuration: max_processes=2, max_threads=5
I, [2025-10-27T13:41:30.134491 #8588]  INFO -- : [Job:bc27d537][Pipeline:default] Starting
[DAG BUILD] BEFORE handle_multiple_producers: edges=transform->load_db,load_cache | extract->transform | load_db-> | load_cache->
[DAG BUILD] AFTER handle_multiple_producers: edges=transform->load_db,load_cache | extract->transform | load_db-> | load_cache->
[DAG BUILD] AFTER fill_sequential_gaps: edges=transform->load_db,load_cache | extract->transform | load_db-> | load_cache->
I, [2025-10-27T13:41:30.134563 #8588]  INFO -- : [Job:bc27d537][Pipeline:default] DAG: extract -> transform -> load_cache -> load_db
I, [2025-10-27T13:41:30.134592 #8588]  INFO -- : [Pipeline:default] Inserting RouterStage 'transform_router' (broadcast) for fan-out: transform -> load_db, load_cache
I, [2025-10-27T13:41:30.134730 #8588]  INFO -- : [Pipeline:default][Producer:extract] Starting (nested pipeline)
I, [2025-10-27T13:41:30.134822 #8588]  INFO -- : [Job:bc27d537][Pipeline:extract] Starting
[DAG BUILD] BEFORE handle_multiple_producers: edges=
[DAG BUILD] AFTER handle_multiple_producers: edges=fetch_data->output | output->
[DAG BUILD] AFTER fill_sequential_gaps: edges=fetch_data->output | output->
I, [2025-10-27T13:41:30.134968 #8588]  INFO -- : [Pipeline:default][Worker:transform_router] Starting
I, [2025-10-27T13:41:30.134773 #8588]  INFO -- : [Pipeline:default][Worker:load_db] Starting
I, [2025-10-27T13:41:30.134923 #8588]  INFO -- : [Pipeline:default][Worker:load_cache] Starting
I, [2025-10-27T13:41:30.134869 #8588]  INFO -- : [Pipeline:default][Worker:transform] Starting
I, [2025-10-27T13:41:30.135106 #8588]  INFO -- : [Job:bc27d537][Pipeline:extract] DAG: fetch_data -> output
I, [2025-10-27T13:41:30.135398 #8588]  INFO -- : [Pipeline:extract][Producer:fetch_data] Starting 
[Extract] Fetching data from source...
I, [2025-10-27T13:41:30.135445 #8588]  INFO -- : [Pipeline:extract][Worker:output] Starting
E, [2025-10-27T13:41:30.135568 #8588] ERROR -- : [Pipeline:extract][Stage:output] Error: undefined local variable or method 'output' for an instance of MultiPipelineETL
E, [2025-10-27T13:41:30.135621 #8588] ERROR -- : C:/workspace/minigun/examples/06_multi_pipeline_etl.rb:32:in 'block (2 levels) in <class:MultiPipelineETL>'
C:/workspace/minigun/lib/minigun/stage.rb:106:in 'BasicObject#instance_exec'
C:/workspace/minigun/lib/minigun/stage.rb:106:in 'Minigun::AtomicStage#execute'
C:/workspace/minigun/lib/minigun/execution/executor.rb:62:in 'Minigun::Execution::Executor#run_stage_logic'
C:/workspace/minigun/lib/minigun/execution/executor.rb:71:in 'Minigun::Execution::InlineExecutor#execute_with_strategy'
C:/workspace/minigun/lib/minigun/execution/executor.rb:31:in 'Minigun::Execution::Executor#execute_stage_item'
C:/workspace/minigun/lib/minigun/execution/stage_worker.rb:201:in 'Minigun::Execution::StageWorker#execute_stage_item'
C:/workspace/minigun/lib/minigun/execution/stage_worker.rb:162:in 'block in Minigun::Execution::StageWorker#run_processor_loop'
<internal:kernel>:168:in 'Kernel#loop'
C:/workspace/minigun/lib/minigun/execution/stage_worker.rb:149:in 'Minigun::Execution::StageWorker#run_processor_loop'
C:/workspace/minigun/lib/minigun/execution/stage_worker.rb:74:in 'Minigun::Execution::StageWorker#run_worker_loop'
C:/workspace/minigun/lib/minigun/execution/stage_worker.rb:29:in 'block in Minigun::Execution::StageWorker#start'
E, [2025-10-27T13:41:30.135657 #8588] ERROR -- : [Pipeline:extract][Stage:output] Error: undefined local variable or method 'output' for an instance of MultiPipelineETL
E, [2025-10-27T13:41:30.135695 #8588] ERROR -- : C:/workspace/minigun/examples/06_multi_pipeline_etl.rb:32:in 'block (2 levels) in <class:MultiPipelineETL>'
C:/workspace/minigun/lib/minigun/stage.rb:106:in 'BasicObject#instance_exec'
C:/workspace/minigun/lib/minigun/stage.rb:106:in 'Minigun::AtomicStage#execute'
C:/workspace/minigun/lib/minigun/execution/executor.rb:62:in 'Minigun::Execution::Executor#run_stage_logic'
C:/workspace/minigun/lib/minigun/execution/executor.rb:71:in 'Minigun::Execution::InlineExecutor#execute_with_strategy'
C:/workspace/minigun/lib/minigun/execution/executor.rb:31:in 'Minigun::Execution::Executor#execute_stage_item'
C:/workspace/minigun/lib/minigun/execution/stage_worker.rb:201:in 'Minigun::Execution::StageWorker#execute_stage_item'
C:/workspace/minigun/lib/minigun/execution/stage_worker.rb:162:in 'block in Minigun::Execution::StageWorker#run_processor_loop'
<internal:kernel>:168:in 'Kernel#loop'
C:/workspace/minigun/lib/minigun/execution/stage_worker.rb:149:in 'Minigun::Execution::StageWorker#run_processor_loop'
C:/workspace/minigun/lib/minigun/execution/stage_worker.rb:74:in 'Minigun::Execution::StageWorker#run_worker_loop'
C:/workspace/minigun/lib/minigun/execution/stage_worker.rb:29:in 'block in Minigun::Execution::StageWorker#start'
E, [2025-10-27T13:41:30.135761 #8588] ERROR -- : [Pipeline:extract][Stage:output] Error: undefined local variable or method 'output' for an instance of MultiPipelineETL
E, [2025-10-27T13:41:30.135802 #8588] ERROR -- : C:/workspace/minigun/examples/06_multi_pipeline_etl.rb:32:in 'block (2 levels) in <class:MultiPipelineETL>'
C:/workspace/minigun/lib/minigun/stage.rb:106:in 'BasicObject#instance_exec'
C:/workspace/minigun/lib/minigun/stage.rb:106:in 'Minigun::AtomicStage#execute'
C:/workspace/minigun/lib/minigun/execution/executor.rb:62:in 'Minigun::Execution::Executor#run_stage_logic'
C:/workspace/minigun/lib/minigun/execution/executor.rb:71:in 'Minigun::Execution::InlineExecutor#execute_with_strategy'
C:/workspace/minigun/lib/minigun/execution/executor.rb:31:in 'Minigun::Execution::Executor#execute_stage_item'
C:/workspace/minigun/lib/minigun/execution/stage_worker.rb:201:in 'Minigun::Execution::StageWorker#execute_stage_item'
C:/workspace/minigun/lib/minigun/execution/stage_worker.rb:162:in 'block in Minigun::Execution::StageWorker#run_processor_loop'
<internal:kernel>:168:in 'Kernel#loop'
C:/workspace/minigun/lib/minigun/execution/stage_worker.rb:149:in 'Minigun::Execution::StageWorker#run_processor_loop'
C:/workspace/minigun/lib/minigun/execution/stage_worker.rb:74:in 'Minigun::Execution::StageWorker#run_worker_loop'
C:/workspace/minigun/lib/minigun/execution/stage_worker.rb:29:in 'block in Minigun::Execution::StageWorker#start'
E, [2025-10-27T13:41:30.135834 #8588] ERROR -- : [Pipeline:extract][Stage:output] Error: undefined local variable or method 'output' for an instance of MultiPipelineETL
E, [2025-10-27T13:41:30.135870 #8588] ERROR -- : C:/workspace/minigun/examples/06_multi_pipeline_etl.rb:32:in 'block (2 levels) in <class:MultiPipelineETL>'
C:/workspace/minigun/lib/minigun/stage.rb:106:in 'BasicObject#instance_exec'
C:/workspace/minigun/lib/minigun/stage.rb:106:in 'Minigun::AtomicStage#execute'
C:/workspace/minigun/lib/minigun/execution/executor.rb:62:in 'Minigun::Execution::Executor#run_stage_logic'
C:/workspace/minigun/lib/minigun/execution/executor.rb:71:in 'Minigun::Execution::InlineExecutor#execute_with_strategy'
C:/workspace/minigun/lib/minigun/execution/executor.rb:31:in 'Minigun::Execution::Executor#execute_stage_item'
C:/workspace/minigun/lib/minigun/execution/stage_worker.rb:201:in 'Minigun::Execution::StageWorker#execute_stage_item'
C:/workspace/minigun/lib/minigun/execution/stage_worker.rb:162:in 'block in Minigun::Execution::StageWorker#run_processor_loop'
<internal:kernel>:168:in 'Kernel#loop'
C:/workspace/minigun/lib/minigun/execution/stage_worker.rb:149:in 'Minigun::Execution::StageWorker#run_processor_loop'
C:/workspace/minigun/lib/minigun/execution/stage_worker.rb:74:in 'Minigun::Execution::StageWorker#run_worker_loop'
C:/workspace/minigun/lib/minigun/execution/stage_worker.rb:29:in 'block in Minigun::Execution::StageWorker#start'
E, [2025-10-27T13:41:30.135897 #8588] ERROR -- : [Pipeline:extract][Stage:output] Error: undefined local variable or method 'output' for an instance of MultiPipelineETL
E, [2025-10-27T13:41:30.135930 #8588] ERROR -- : C:/workspace/minigun/examples/06_multi_pipeline_etl.rb:32:in 'block (2 levels) in <class:MultiPipelineETL>'
C:/workspace/minigun/lib/minigun/stage.rb:106:in 'BasicObject#instance_exec'
C:/workspace/minigun/lib/minigun/stage.rb:106:in 'Minigun::AtomicStage#execute'
C:/workspace/minigun/lib/minigun/execution/executor.rb:62:in 'Minigun::Execution::Executor#run_stage_logic'
C:/workspace/minigun/lib/minigun/execution/executor.rb:71:in 'Minigun::Execution::InlineExecutor#execute_with_strategy'
C:/workspace/minigun/lib/minigun/execution/executor.rb:31:in 'Minigun::Execution::Executor#execute_stage_item'
C:/workspace/minigun/lib/minigun/execution/stage_worker.rb:201:in 'Minigun::Execution::StageWorker#execute_stage_item'
C:/workspace/minigun/lib/minigun/execution/stage_worker.rb:162:in 'block in Minigun::Execution::StageWorker#run_processor_loop'
<internal:kernel>:168:in 'Kernel#loop'
C:/workspace/minigun/lib/minigun/execution/stage_worker.rb:149:in 'Minigun::Execution::StageWorker#run_processor_loop'
C:/workspace/minigun/lib/minigun/execution/stage_worker.rb:74:in 'Minigun::Execution::StageWorker#run_worker_loop'
C:/workspace/minigun/lib/minigun/execution/stage_worker.rb:29:in 'block in Minigun::Execution::StageWorker#start'
I, [2025-10-27T13:41:30.135492 #8588]  INFO -- : [Pipeline:extract][Producer:fetch_data] Done
I, [2025-10-27T13:41:30.136018 #8588]  INFO -- : [Pipeline:extract][Worker:output] Done
I, [2025-10-27T13:41:30.136080 #8588]  INFO -- : [Job:bc27d537][Pipeline:extract] Finished in 0.0s
I, [2025-10-27T13:41:30.136135 #8588]  INFO -- : [Pipeline:default][Producer:extract] Done
#<Thread:0x000001bb74d146c0 C:/workspace/minigun/lib/minigun/pipeline.rb:345 run> terminated with exception 
(report_on_exception is true):
C:/workspace/minigun/lib/minigun/pipeline.rb:371:in 'block in Minigun::Pipeline#start_producer_thread': PipelineStage 
producers not yet compatible with queue-based DSL (NotImplementedError)
I, [2025-10-27T13:41:30.136243 #8588]  INFO -- : [Pipeline:default][Worker:transform] Done
    runs ETL pattern with fan-out (FAILED - 55)I, [2025-10-27T13:41:30.136439 #8588]  INFO -- : [Pipeline:default][Worker:load_db] Done

  35_nested_contexts.rb
I, [2025-10-27T13:41:30.136490 #8588]  INFO -- : [Pipeline:default][Worker:load_cache] Done
I, [2025-10-27T13:41:30.136374 #8588]  INFO -- : [Pipeline:default][Worker:transform_router] Done
============================================================
Nested Execution Contexts
============================================================
I, [2025-10-27T13:41:30.138357 #8588]  INFO -- : [Job:ee5853df] NestedPipeline started
I, [2025-10-27T13:41:30.138391 #8588]  INFO -- : [Job:ee5853df] Configuration: max_processes=2, max_threads=5
I, [2025-10-27T13:41:30.138435 #8588]  INFO -- : [Job:ee5853df][Pipeline:default] Starting
[DAG BUILD] BEFORE handle_multiple_producers: edges=
[DAG BUILD] AFTER handle_multiple_producers: edges=gen->download | download->
[DAG BUILD] AFTER fill_sequential_gaps: edges=gen->download | download->validate | validate->_batch_0 | _batch_0->process_batch | process_batch->
I, [2025-10-27T13:41:30.138529 #8588]  INFO -- : [Job:ee5853df][Pipeline:default] DAG: gen -> download -> validate -> _batch_0 -> process_batch
I, [2025-10-27T13:41:30.138691 #8588]  INFO -- : [Pipeline:default][Producer:gen] Starting 
I, [2025-10-27T13:41:30.138787 #8588]  INFO -- : [Pipeline:default][Producer:gen] Done
I, [2025-10-27T13:41:30.138908 #8588]  INFO -- : [Pipeline:default][Worker:process_batch] Starting
I, [2025-10-27T13:41:30.138738 #8588]  INFO -- : [Pipeline:default][Worker:download] Starting
I, [2025-10-27T13:41:30.138857 #8588]  INFO -- : [Pipeline:default][Worker:_batch_0] Starting
I, [2025-10-27T13:41:30.138814 #8588]  INFO -- : [Pipeline:default][Worker:validate] Starting
[Minigun] Process forking not available, falling back to inline
[Minigun] Process forking not available, falling back to inline
[Minigun] Process forking not available, falling back to inline
[Minigun] Process forking not available, falling back to inline
I, [2025-10-27T13:41:30.181503 #8588]  INFO -- : [Pipeline:default][Worker:download] Done
I, [2025-10-27T13:41:30.181848 #8588]  INFO -- : [Pipeline:default][Worker:validate] Done
[Minigun] Process forking not available, falling back to inline
I, [2025-10-27T13:41:30.182115 #8588]  INFO -- : [Pipeline:default][Worker:_batch_0] Done
I, [2025-10-27T13:41:30.182879 #8588]  INFO -- : [Pipeline:default][Worker:process_batch] Done
I, [2025-10-27T13:41:30.182945 #8588]  INFO -- : [Job:ee5853df][Pipeline:default] Finished in 0.04s
I, [2025-10-27T13:41:30.187054 #8588]  INFO -- : [Job:ee5853df] NestedPipeline finished
I, [2025-10-27T13:41:30.187105 #8588]  INFO -- : [Job:ee5853df] Runtime: 0.05s
I, [2025-10-27T13:41:30.187170 #8588]  INFO -- : [Job:ee5853df] Pipeline 'default': 0 produced, 5 consumed, 0.0 items/s
I, [2025-10-27T13:41:30.187226 #8588]  INFO -- : [Job:ee5853df] Bottleneck: gen (0.0 items/s)
I, [2025-10-27T13:41:30.187263 #8588]  INFO -- : [Job:ee5853df] Total: 0 items, 0.0 items/min

Results:
  Processed: 100 items
  Batches: 5
  Unique PIDs: 1

Γ£ô Outer threads(50) for I/O stages
Γ£ô batch 20 accumulates items
Γ£ô Inner process_per_batch(max: 4) for CPU work
Γ£ô Proper context inheritance and isolation

============================================================
Example 2: Deep Nesting
============================================================
I, [2025-10-27T13:41:30.187860 #8588]  INFO -- : [Job:327e3cf4] DeepNesting started
I, [2025-10-27T13:41:30.187914 #8588]  INFO -- : [Job:327e3cf4] Configuration: max_processes=2, max_threads=5
I, [2025-10-27T13:41:30.187938 #8588]  INFO -- : [Job:327e3cf4][Pipeline:default] Starting
[DAG BUILD] BEFORE handle_multiple_producers: edges=
[DAG BUILD] AFTER handle_multiple_producers: edges=gen->fetch | fetch->
[DAG BUILD] AFTER fill_sequential_gaps: edges=gen->fetch | fetch->_batch_0 | _batch_0->parse_batch | parse_batch->_batch_1 | _batch_1->final_process | final_process->
I, [2025-10-27T13:41:30.188094 #8588]  INFO -- : [Job:327e3cf4][Pipeline:default] DAG: gen -> fetch -> _batch_0 -> parse_batch -> _batch_1 -> final_process
I, [2025-10-27T13:41:30.188330 #8588]  INFO -- : [Pipeline:default][Producer:gen] Starting 
I, [2025-10-27T13:41:30.188487 #8588]  INFO -- : [Pipeline:default][Producer:gen] Done
I, [2025-10-27T13:41:30.188436 #8588]  INFO -- : [Pipeline:default][Worker:_batch_1] Starting
I, [2025-10-27T13:41:30.188529 #8588]  INFO -- : [Pipeline:default][Worker:fetch] Starting
I, [2025-10-27T13:41:30.188572 #8588]  INFO -- : [Pipeline:default][Worker:parse_batch] Starting
I, [2025-10-27T13:41:30.188388 #8588]  INFO -- : [Pipeline:default][Worker:_batch_0] Starting
I, [2025-10-27T13:41:30.188620 #8588]  INFO -- : [Pipeline:default][Worker:final_process] Starting
I, [2025-10-27T13:41:30.197383 #8588]  INFO -- : [Pipeline:default][Worker:fetch] Done
I, [2025-10-27T13:41:30.197667 #8588]  INFO -- : [Pipeline:default][Worker:_batch_0] Done
I, [2025-10-27T13:41:30.197759 #8588]  INFO -- : [Pipeline:default][Worker:parse_batch] Done
I, [2025-10-27T13:41:30.197881 #8588]  INFO -- : [Pipeline:default][Worker:final_process] Done
I, [2025-10-27T13:41:30.197823 #8588]  INFO -- : [Pipeline:default][Worker:_batch_1] Done
I, [2025-10-27T13:41:30.197980 #8588]  INFO -- : [Job:327e3cf4][Pipeline:default] Finished in 0.01s
I, [2025-10-27T13:41:30.198037 #8588]  INFO -- : [Job:327e3cf4] DeepNesting finished
I, [2025-10-27T13:41:30.198071 #8588]  INFO -- : [Job:327e3cf4] Runtime: 0.01s
I, [2025-10-27T13:41:30.198120 #8588]  INFO -- : [Job:327e3cf4] Pipeline 'default': 0 produced, 0 consumed, 0.0 items/s
I, [2025-10-27T13:41:30.198148 #8588]  INFO -- : [Job:327e3cf4] Bottleneck: gen (0.0 items/s)
I, [2025-10-27T13:41:30.198170 #8588]  INFO -- : [Job:327e3cf4] Total: 0 items, 0.0 items/min

Results:
  Processed: 0 items

Γ£ô Deep nesting works correctly
Γ£ô Each level maintains proper context
Γ£ô Batching stages inserted at each batch call
Γ£ô Per-batch spawning respects max limits

============================================================
Example 3: Real-World Nested Pattern
============================================================
I, [2025-10-27T13:41:30.198313 #8588]  INFO -- : [Job:0e3f1d47] ImageProcessor started
I, [2025-10-27T13:41:30.198336 #8588]  INFO -- : [Job:0e3f1d47] Configuration: max_processes=2, max_threads=5
I, [2025-10-27T13:41:30.198384 #8588]  INFO -- : [Job:0e3f1d47][Pipeline:default] Starting
[DAG BUILD] BEFORE handle_multiple_producers: edges=
[DAG BUILD] AFTER handle_multiple_producers: edges=list_images->download_image | download_image->
[DAG BUILD] AFTER fill_sequential_gaps: edges=list_images->download_image | download_image->validate_format | validate_format->_batch_0 | _batch_0->resize_batch | resize_batch->prepare_upload | prepare_upload->upload | upload->
I, [2025-10-27T13:41:30.198507 #8588]  INFO -- : [Job:0e3f1d47][Pipeline:default] DAG: list_images -> download_image -> validate_format -> _batch_0 -> resize_batch -> prepare_upload -> upload
I, [2025-10-27T13:41:30.198683 #8588]  INFO -- : [Pipeline:default][Producer:list_images] Starting 
I, [2025-10-27T13:41:30.198816 #8588]  INFO -- : [Pipeline:default][Producer:list_images] Done
I, [2025-10-27T13:41:30.199006 #8588]  INFO -- : [Pipeline:default][Worker:upload] Starting
I, [2025-10-27T13:41:30.198863 #8588]  INFO -- : [Pipeline:default][Worker:_batch_0] Starting
I, [2025-10-27T13:41:30.198898 #8588]  INFO -- : [Pipeline:default][Worker:resize_batch] Starting
I, [2025-10-27T13:41:30.198720 #8588]  INFO -- : [Pipeline:default][Worker:validate_format] Starting
I, [2025-10-27T13:41:30.198941 #8588]  INFO -- : [Pipeline:default][Worker:prepare_upload] Starting
I, [2025-10-27T13:41:30.198760 #8588]  INFO -- : [Pipeline:default][Worker:download_image] Starting
[Minigun] Process forking not available, falling back to inline
[Minigun] Process forking not available, falling back to inline
[Minigun] Process forking not available, falling back to inline
[Minigun] Process forking not available, falling back to inline
[Minigun] Process forking not available, falling back to inline
[Minigun] Process forking not available, falling back to inline
[Minigun] Process forking not available, falling back to inline
[Minigun] Process forking not available, falling back to inline
[Minigun] Process forking not available, falling back to inline
I, [2025-10-27T13:41:30.221068 #8588]  INFO -- : [Pipeline:default][Worker:download_image] Done
I, [2025-10-27T13:41:30.221334 #8588]  INFO -- : [Pipeline:default][Worker:validate_format] Done
[Minigun] Process forking not available, falling back to inline
I, [2025-10-27T13:41:30.221585 #8588]  INFO -- : [Pipeline:default][Worker:_batch_0] Done
I, [2025-10-27T13:41:30.221711 #8588]  INFO -- : [Pipeline:default][Worker:prepare_upload] Done
I, [2025-10-27T13:41:30.221649 #8588]  INFO -- : [Pipeline:default][Worker:resize_batch] Done
I, [2025-10-27T13:41:30.221766 #8588]  INFO -- : [Pipeline:default][Worker:upload] Done
I, [2025-10-27T13:41:30.221882 #8588]  INFO -- : [Job:0e3f1d47][Pipeline:default] Finished in 0.02s
I, [2025-10-27T13:41:30.221937 #8588]  INFO -- : [Job:0e3f1d47] ImageProcessor finished
I, [2025-10-27T13:41:30.221966 #8588]  INFO -- : [Job:0e3f1d47] Runtime: 0.02s
I, [2025-10-27T13:41:30.222007 #8588]  INFO -- : [Job:0e3f1d47] Pipeline 'default': 0 produced, 0 consumed, 0.0 items/s
I, [2025-10-27T13:41:30.222080 #8588]  INFO -- : [Job:0e3f1d47] Bottleneck: list_images (0.0 items/s)
I, [2025-10-27T13:41:30.222135 #8588]  INFO -- : [Job:0e3f1d47] Total: 0 items, 0.0 items/min

Results:
  Processed: 0 images

Γ£ô Real-world pattern:
  1. Download in threads (I/O)
  2. Validate in threads (fast)
  3. Batch for efficiency
  4. Resize in processes (CPU)
  5. Upload in threads (I/O)
Γ£ô Each operation in optimal execution context
I, [2025-10-27T13:41:30.223350 #8588]  INFO -- : [Job:f000bf7a] NestedPipeline started
I, [2025-10-27T13:41:30.223390 #8588]  INFO -- : [Job:f000bf7a] Configuration: max_processes=2, max_threads=5
I, [2025-10-27T13:41:30.223441 #8588]  INFO -- : [Job:f000bf7a][Pipeline:default] Starting
[DAG BUILD] BEFORE handle_multiple_producers: edges=gen->download | download->validate | validate->_batch_0 | _batch_0->process_batch | process_batch->
[DAG BUILD] AFTER handle_multiple_producers: edges=gen->download | download->validate | validate->_batch_0 | _batch_0->process_batch | process_batch->
[DAG BUILD] AFTER fill_sequential_gaps: edges=gen->download | download->validate | validate->_batch_0 | _batch_0->process_batch | process_batch->
I, [2025-10-27T13:41:30.223560 #8588]  INFO -- : [Job:f000bf7a][Pipeline:default] DAG: gen -> download -> validate -> _batch_0 -> process_batch
I, [2025-10-27T13:41:30.223730 #8588]  INFO -- : [Pipeline:default][Producer:gen] Starting 
I, [2025-10-27T13:41:30.223867 #8588]  INFO -- : [Pipeline:default][Producer:gen] Done
I, [2025-10-27T13:41:30.223811 #8588]  INFO -- : [Pipeline:default][Worker:download] Starting
I, [2025-10-27T13:41:30.223902 #8588]  INFO -- : [Pipeline:default][Worker:_batch_0] Starting
I, [2025-10-27T13:41:30.223935 #8588]  INFO -- : [Pipeline:default][Worker:process_batch] Starting
I, [2025-10-27T13:41:30.223770 #8588]  INFO -- : [Pipeline:default][Worker:validate] Starting
[Minigun] Process forking not available, falling back to inline
[Minigun] Process forking not available, falling back to inline
[Minigun] Process forking not available, falling back to inline
[Minigun] Process forking not available, falling back to inline
I, [2025-10-27T13:41:30.250005 #8588]  INFO -- : [Pipeline:default][Worker:download] Done
I, [2025-10-27T13:41:30.250237 #8588]  INFO -- : [Pipeline:default][Worker:validate] Done
[Minigun] Process forking not available, falling back to inline
I, [2025-10-27T13:41:30.250463 #8588]  INFO -- : [Pipeline:default][Worker:_batch_0] Done
I, [2025-10-27T13:41:30.251160 #8588]  INFO -- : [Pipeline:default][Worker:process_batch] Done
I, [2025-10-27T13:41:30.251219 #8588]  INFO -- : [Job:f000bf7a][Pipeline:default] Finished in 0.03s
I, [2025-10-27T13:41:30.252112 #8588]  INFO -- : [Job:f000bf7a] NestedPipeline finished
I, [2025-10-27T13:41:30.252151 #8588]  INFO -- : [Job:f000bf7a] Runtime: 0.03s
I, [2025-10-27T13:41:30.252208 #8588]  INFO -- : [Job:f000bf7a] Pipeline 'default': 0 produced, 5 consumed, 0.0 items/s
I, [2025-10-27T13:41:30.252249 #8588]  INFO -- : [Job:f000bf7a] Bottleneck: gen (0.0 items/s)
I, [2025-10-27T13:41:30.252276 #8588]  INFO -- : [Job:f000bf7a] Total: 0 items, 0.0 items/min
    demonstrates nested execution contexts
  27_execution_contexts.rb
    demonstrates execution context types
  04_complex_routing.rb
I, [2025-10-27T13:41:31.000887 #8588]  INFO -- : [Job:e248ada2] ComplexRoutingPipeline started
I, [2025-10-27T13:41:31.000940 #8588]  INFO -- : [Job:e248ada2] Configuration: max_processes=2, max_threads=5
I, [2025-10-27T13:41:31.001029 #8588]  INFO -- : [Job:e248ada2][Pipeline:default] Starting
[DAG BUILD] BEFORE handle_multiple_producers: edges=validate->transform,archive | fetch->validate,log | log-> | transform->store | archive-> | store->
[DAG BUILD] AFTER handle_multiple_producers: edges=validate->transform,archive | fetch->validate,log | log-> | transform->store | archive-> | store->
[DAG BUILD] AFTER fill_sequential_gaps: edges=validate->transform,archive | fetch->validate,log | log-> | transform->store | archive->log | store->archive
I, [2025-10-27T13:41:31.001212 #8588]  INFO -- : [Job:e248ada2][Pipeline:default] DAG: fetch -> validate -> transform -> store -> archive -> log
I, [2025-10-27T13:41:31.001274 #8588]  INFO -- : [Pipeline:default] Inserting RouterStage 'fetch_router' (broadcast) for fan-out: fetch -> validate, log
I, [2025-10-27T13:41:31.001356 #8588]  INFO -- : [Pipeline:default] Inserting RouterStage 'validate_router' (broadcast) for fan-out: validate -> transform, archive
I, [2025-10-27T13:41:31.001622 #8588]  INFO -- : [Pipeline:default][Worker:validate] Starting
I, [2025-10-27T13:41:31.001771 #8588]  INFO -- : [Pipeline:default][Worker:transform] Starting
I, [2025-10-27T13:41:31.002038 #8588]  INFO -- : [Pipeline:default][Worker:log] Starting
I, [2025-10-27T13:41:31.001865 #8588]  INFO -- : [Pipeline:default][Worker:store] Starting
I, [2025-10-27T13:41:31.001931 #8588]  INFO -- : [Pipeline:default][Worker:archive] Starting
I, [2025-10-27T13:41:31.001985 #8588]  INFO -- : [Pipeline:default][Producer:fetch] Starting 
I, [2025-10-27T13:41:31.002207 #8588]  INFO -- : [Pipeline:default][Producer:fetch] Done
I, [2025-10-27T13:41:31.001677 #8588]  INFO -- : [Pipeline:default][Worker:fetch_router] Starting
I, [2025-10-27T13:41:31.002364 #8588]  INFO -- : [Pipeline:default][Worker:fetch_router] Done
I, [2025-10-27T13:41:31.002063 #8588]  INFO -- : [Pipeline:default][Worker:validate_router] Starting
I, [2025-10-27T13:41:31.002575 #8588]  INFO -- : [Pipeline:default][Worker:validate_router] Done
I, [2025-10-27T13:41:31.002715 #8588]  INFO -- : [Pipeline:default][Worker:store] Done
I, [2025-10-27T13:41:31.002797 #8588]  INFO -- : [Pipeline:default][Worker:log] Done
I, [2025-10-27T13:41:31.002466 #8588]  INFO -- : [Pipeline:default][Worker:validate] Done
I, [2025-10-27T13:41:31.002761 #8588]  INFO -- : [Pipeline:default][Worker:archive] Done
I, [2025-10-27T13:41:31.002626 #8588]  INFO -- : [Pipeline:default][Worker:transform] Done
I, [2025-10-27T13:41:31.002906 #8588]  INFO -- : [Job:e248ada2][Pipeline:default] Finished in 0.0s
I, [2025-10-27T13:41:31.002950 #8588]  INFO -- : [Job:e248ada2] ComplexRoutingPipeline finished
I, [2025-10-27T13:41:31.002997 #8588]  INFO -- : [Job:e248ada2] Runtime: 0.0s
I, [2025-10-27T13:41:31.003038 #8588]  INFO -- : [Job:e248ada2] Pipeline 'default': 0 produced, 10 consumed, 0.0 items/s
I, [2025-10-27T13:41:31.003071 #8588]  INFO -- : [Job:e248ada2] Bottleneck: fetch (0.0 items/s)
I, [2025-10-27T13:41:31.003093 #8588]  INFO -- : [Job:e248ada2] Total: 0 items, 0.0 items/min
    handles complex multi-path routing
  14_large_dataset.rb
I, [2025-10-27T13:41:31.003978 #8588]  INFO -- : [Job:2dbc9b94] LargeDatasetExample started
I, [2025-10-27T13:41:31.004018 #8588]  INFO -- : [Job:2dbc9b94] Configuration: max_processes=2, max_threads=10
I, [2025-10-27T13:41:31.004064 #8588]  INFO -- : [Job:2dbc9b94][Pipeline:default] Starting
[DAG BUILD] BEFORE handle_multiple_producers: edges=
[DAG BUILD] AFTER handle_multiple_producers: edges=generate->collect | collect->
[DAG BUILD] AFTER fill_sequential_gaps: edges=generate->collect | collect->
I, [2025-10-27T13:41:31.004145 #8588]  INFO -- : [Job:2dbc9b94][Pipeline:default] DAG: generate -> collect
I, [2025-10-27T13:41:31.004267 #8588]  INFO -- : [Pipeline:default][Producer:generate] Starting 
[Producer] Generating 100 items...
[Producer] Done generating items
I, [2025-10-27T13:41:31.004389 #8588]  INFO -- : [Pipeline:default][Worker:collect] Starting
[Consumer] Processed 25/100 items...
[Consumer] Processed 50/100 items...
[Consumer] Processed 75/100 items...
[Consumer] Processed 100/100 items...
I, [2025-10-27T13:41:31.004507 #8588]  INFO -- : [Pipeline:default][Producer:generate] Done
I, [2025-10-27T13:41:31.004822 #8588]  INFO -- : [Pipeline:default][Worker:collect] Done
I, [2025-10-27T13:41:31.004882 #8588]  INFO -- : [Job:2dbc9b94][Pipeline:default] Finished in 0.0s
I, [2025-10-27T13:41:31.004935 #8588]  INFO -- : [Job:2dbc9b94] LargeDatasetExample finished
I, [2025-10-27T13:41:31.004968 #8588]  INFO -- : [Job:2dbc9b94] Runtime: 0.0s
I, [2025-10-27T13:41:31.005008 #8588]  INFO -- : [Job:2dbc9b94] Pipeline 'default': 0 produced, 100 consumed, 0.0 items/s
I, [2025-10-27T13:41:31.005056 #8588]  INFO -- : [Job:2dbc9b94] Bottleneck: generate (0.0 items/s)
I, [2025-10-27T13:41:31.005087 #8588]  INFO -- : [Job:2dbc9b94] Total: 0 items, 0.0 items/min
    processes 100 items concurrently

Minigun::Execution::ThreadPoolExecutor
  #initialize
    sets max_size
  #shutdown
    cleans up active threads
  #execute_stage_item
    executes in different thread
    respects max_size concurrency limit (FAILED - 56)
    returns result from thread (FAILED - 57)
    propagates errors from thread (FAILED - 58)

Class Inheritance with Minigun DSL
  basic inheritance
    child has a copy of parent pipeline (stages)
    child has its own task instance
[DAG BUILD] BEFORE handle_multiple_producers: edges=
[DAG BUILD] AFTER handle_multiple_producers: edges=generate->transform | transform->
[DAG BUILD] AFTER fill_sequential_gaps: edges=generate->transform | transform->collect | collect->
E, [2025-10-27T13:41:31.022853 #8588] ERROR -- : [Pipeline:default][Producer:generate] Error: undefined method 'emit' for an instance of #<Class:0x000001bb75251908>
    child inherits parent stages (FAILED - 59)
    child inherits parent config
  multi-level inheritance
[DAG BUILD] BEFORE handle_multiple_producers: edges=
[DAG BUILD] AFTER handle_multiple_producers: edges=generate->collect | collect->
[DAG BUILD] AFTER fill_sequential_gaps: edges=generate->collect | collect->
E, [2025-10-27T13:41:31.024992 #8588] ERROR -- : [Pipeline:default][Producer:generate] Error: undefined method 'emit' for an instance of #<Class:0x000001bb74d3c300>
    each level can run independently (FAILED - 60)
[DAG BUILD] BEFORE handle_multiple_producers: edges=generate->double | double->add_ten | collect-> | add_ten->collect
[DAG BUILD] AFTER handle_multiple_producers: edges=generate->double | double->add_ten | collect-> | add_ten->collect
[DAG BUILD] AFTER fill_sequential_gaps: edges=generate->double | double->add_ten | collect-> | add_ten->collect
E, [2025-10-27T13:41:31.025830 #8588] ERROR -- : [Pipeline:default][Producer:generate] Error: undefined method 'emit' for an instance of #<Class:0x000001bb0182b5f0>
    grandchild inherits all ancestor stages (FAILED - 61)
    grandchild has correct config
  child inherits hooks
[DAG BUILD] BEFORE handle_multiple_producers: edges=
[DAG BUILD] AFTER handle_multiple_producers: edges=generate->collect | collect->
[DAG BUILD] AFTER fill_sequential_gaps: edges=generate->collect | collect->
E, [2025-10-27T13:41:31.027107 #8588] ERROR -- : [Pipeline:default][Producer:generate] Error: undefined method 'emit' for an instance of #<Class:0x000001bb01753718>
    child executes parent hooks (FAILED - 62)
  child can add stages
[DAG BUILD] BEFORE handle_multiple_producers: edges=generate->double | double->collect | collect->
[DAG BUILD] AFTER handle_multiple_producers: edges=generate->double | double->collect | collect->
[DAG BUILD] AFTER fill_sequential_gaps: edges=generate->double | double->collect | collect->
E, [2025-10-27T13:41:31.029488 #8588] ERROR -- : [Pipeline:default][Producer:generate] Error: undefined method 'emit' for an instance of #<Class:0x000001bb016147f8>
    child can add new stages to inherited pipeline (FAILED - 63)
[DAG BUILD] BEFORE handle_multiple_producers: edges=
[DAG BUILD] AFTER handle_multiple_producers: edges=generate->collect | collect->
[DAG BUILD] AFTER fill_sequential_gaps: edges=generate->collect | collect->
E, [2025-10-27T13:41:31.030451 #8588] ERROR -- : [Pipeline:default][Producer:generate] Error: undefined method 'emit' for an instance of #<Class:0x000001bb73611fe0>
    parent is unaffected by child stages (FAILED - 64)
  child can add hooks
[DAG BUILD] BEFORE handle_multiple_producers: edges=
[DAG BUILD] AFTER handle_multiple_producers: edges=generate->collect | collect->
[DAG BUILD] AFTER fill_sequential_gaps: edges=generate->collect | collect->
E, [2025-10-27T13:41:31.031369 #8588] ERROR -- : [Pipeline:default][Producer:generate] Error: undefined method 'emit' for an instance of #<Class:0x000001bb752d3020>
    child can add its own hooks (FAILED - 65)
  child can override config
    child inherits non-overridden config
    child has different config from parent
  real-world pattern: base publisher with subclasses
[DAG BUILD] BEFORE handle_multiple_producers: edges=
[DAG BUILD] AFTER handle_multiple_producers: edges=fetch_ids->batch | batch->
[DAG BUILD] AFTER fill_sequential_gaps: edges=fetch_ids->batch | batch->publish | publish->
E, [2025-10-27T13:41:31.034945 #8588] ERROR -- : [Pipeline:default][Producer:fetch_ids] Error: undefined method 'emit' for an instance of #<Class:0x000001bb752564a8>
    order publisher works with overridden config (FAILED - 66)
[DAG BUILD] BEFORE handle_multiple_producers: edges=
[DAG BUILD] AFTER handle_multiple_producers: edges=fetch_ids->batch | batch->
[DAG BUILD] AFTER fill_sequential_gaps: edges=fetch_ids->batch | batch->publish | publish->
#<Thread:0x000001bb015de270 C:/workspace/minigun/lib/minigun/pipeline.rb:345 run> terminated with exception 
(report_on_exception is true):
C:/workspace/minigun/spec/unit/inheritance_spec.rb:464:in 'items_to_publish': Subclass must implement 
(NotImplementedError)
	from C:/workspace/minigun/spec/unit/inheritance_spec.rb:438:in 'block (6 levels) in <top (required)>'
	from C:/workspace/minigun/lib/minigun/stage.rb:103:in 'BasicObject#instance_exec'
	from C:/workspace/minigun/lib/minigun/stage.rb:103:in 'Minigun::AtomicStage#execute'
	from C:/workspace/minigun/lib/minigun/pipeline.rb:374:in 'block in Minigun::Pipeline#start_producer_thread'
    base publisher cannot run (abstract)
[DAG BUILD] BEFORE handle_multiple_producers: edges=
[DAG BUILD] AFTER handle_multiple_producers: edges=fetch_ids->batch | batch->
[DAG BUILD] AFTER fill_sequential_gaps: edges=fetch_ids->batch | batch->publish | publish->
E, [2025-10-27T13:41:31.038206 #8588] ERROR -- : [Pipeline:default][Producer:fetch_ids] Error: undefined method 'emit' for an instance of #<Class:0x000001bb74d34240>
    customer publisher works (FAILED - 67)
  sibling classes independence
[DAG BUILD] BEFORE handle_multiple_producers: edges=generate->double | double->collect | collect->
[DAG BUILD] AFTER handle_multiple_producers: edges=generate->double | double->collect | collect->
[DAG BUILD] AFTER fill_sequential_gaps: edges=generate->double | double->collect | collect->
E, [2025-10-27T13:41:31.039676 #8588] ERROR -- : [Pipeline:default][Producer:generate] Error: undefined method 'emit' for an instance of #<Class:0x000001bb74af2090>
    siblings have independent stages (FAILED - 68)

Minigun
  has a version number

Error Handling
  Error: stage references non-existent target
[DAG BUILD] BEFORE handle_multiple_producers: edges=nonexistent-> | generate->nonexistent
[DAG BUILD] AFTER handle_multiple_producers: edges=nonexistent-> | generate->nonexistent
[DAG BUILD] AFTER fill_sequential_gaps: edges=nonexistent-> | generate->nonexistent
    raises error for non-existent stage
  Error handling in consumer
[DAG BUILD] BEFORE handle_multiple_producers: edges=
[DAG BUILD] AFTER handle_multiple_producers: edges=generate->process | process->
[DAG BUILD] AFTER fill_sequential_gaps: edges=generate->process | process->
E, [2025-10-27T13:41:31.041264 #8588] ERROR -- : [Pipeline:default][Producer:generate] Error: undefined method 'emit' for an instance of #<Class:0x000001bb74a63ac0>
    continues processing after errors in consumer (FAILED - 69)

Stage-Specific Hooks
  Option 3: Inline proc hooks
[DAG BUILD] BEFORE handle_multiple_producers: edges=
[DAG BUILD] AFTER handle_multiple_producers: edges=generate->collect | collect->
[DAG BUILD] AFTER fill_sequential_gaps: edges=generate->collect | collect->
E, [2025-10-27T13:41:31.042229 #8588] ERROR -- : [Pipeline:default][Producer:generate] Error: undefined method 'emit' for an instance of #<Class:0x000001bb74539748>
    executes inline before and after hooks (FAILED - 70)
  Mixed pipeline and stage hooks
[DAG BUILD] BEFORE handle_multiple_producers: edges=
[DAG BUILD] AFTER handle_multiple_producers: edges=generate->collect | collect->
[DAG BUILD] AFTER fill_sequential_gaps: edges=generate->collect | collect->
E, [2025-10-27T13:41:31.044054 #8588] ERROR -- : [Pipeline:default][Producer:generate] Error: undefined method 'emit' for an instance of #<Class:0x000001bb743c2810>
    executes both pipeline-level and stage-level hooks in correct order (FAILED - 71)
  Multiple hooks on same stage
[DAG BUILD] BEFORE handle_multiple_producers: edges=
[DAG BUILD] AFTER handle_multiple_producers: edges=generate->collect | collect->
[DAG BUILD] AFTER fill_sequential_gaps: edges=generate->collect | collect->
E, [2025-10-27T13:41:31.046023 #8588] ERROR -- : [Pipeline:default][Producer:generate] Error: undefined method 'emit' for an instance of #<Class:0x000001bb73c393a0>
    executes all hooks for a stage in order they were defined (FAILED - 72)
  Option 2: Named hooks
[DAG BUILD] BEFORE handle_multiple_producers: edges=
[DAG BUILD] AFTER handle_multiple_producers: edges=generate->transform | transform->
[DAG BUILD] AFTER fill_sequential_gaps: edges=generate->transform | transform->collect | collect->
E, [2025-10-27T13:41:31.046863 #8588] ERROR -- : [Pipeline:default][Producer:generate] Error: undefined method 'emit' for an instance of #<Class:0x000001bb73fcfc80>
    executes before and after hooks for each stage (FAILED - 73)
  Fork-specific hooks
[DAG BUILD] BEFORE handle_multiple_producers: edges=
[DAG BUILD] AFTER handle_multiple_producers: edges=generate->batch | batch->
[DAG BUILD] AFTER fill_sequential_gaps: edges=generate->batch | batch->process | process->
E, [2025-10-27T13:41:31.048734 #8588] ERROR -- : [Pipeline:default][Producer:generate] Error: undefined method 'emit' for an instance of #<Class:0x000001bb73c10c98>
    executes stage-specific fork hooks

Minigun::Execution::RactorPoolExecutor
  #execute_stage_item
    falls back to thread pool (PENDING: Ractor is experimental and flaky in full test suite (passes when run individually))
  #initialize
    creates with max_size

Circular Dependency Detection
  pipeline-level cycles
I, [2025-10-27T13:41:31.049921 #8588]  INFO -- : [Job:629d8414]  started
I, [2025-10-27T13:41:31.049972 #8588]  INFO -- : [Job:629d8414] Configuration: max_processes=2, max_threads=5
I, [2025-10-27T13:41:31.050007 #8588]  INFO -- : [Job:629d8414][Pipeline:default] Starting
[DAG BUILD] BEFORE handle_multiple_producers: edges=left->merge | source->left,right | right->merge | merge->
[DAG BUILD] AFTER handle_multiple_producers: edges=left->merge | source->left,right | right->merge | merge->
[DAG BUILD] AFTER fill_sequential_gaps: edges=left->merge | source->left,right | right->merge | merge->
I, [2025-10-27T13:41:31.050096 #8588]  INFO -- : [Job:629d8414][Pipeline:default] DAG: source -> right -> left -> merge
I, [2025-10-27T13:41:31.050136 #8588]  INFO -- : [Pipeline:default] Inserting RouterStage 'source_router' (broadcast) for fan-out: source -> left, right
I, [2025-10-27T13:41:31.050295 #8588]  INFO -- : [Pipeline:default][Producer:source] Starting (nested pipeline)
I, [2025-10-27T13:41:31.050440 #8588]  INFO -- : [Job:629d8414][Pipeline:source] Starting
[DAG BUILD] BEFORE handle_multiple_producers: edges=
[DAG BUILD] AFTER handle_multiple_producers: edges=gen->fwd | fwd->
[DAG BUILD] AFTER fill_sequential_gaps: edges=gen->fwd | fwd->
I, [2025-10-27T13:41:31.050408 #8588]  INFO -- : [Pipeline:default][Worker:left] Starting
I, [2025-10-27T13:41:31.050479 #8588]  INFO -- : [Pipeline:default][Worker:merge] Starting
I, [2025-10-27T13:41:31.050503 #8588]  INFO -- : [Pipeline:default][Worker:source_router] Starting
I, [2025-10-27T13:41:31.050378 #8588]  INFO -- : [Pipeline:default][Worker:right] Starting
I, [2025-10-27T13:41:31.050606 #8588]  INFO -- : [Job:629d8414][Pipeline:source] DAG: gen -> fwd
I, [2025-10-27T13:41:31.050876 #8588]  INFO -- : [Pipeline:source][Producer:gen] Starting 
E, [2025-10-27T13:41:31.050959 #8588] ERROR -- : [Pipeline:source][Producer:gen] Error: undefined method 'emit' for an instance of #<Class:0x000001bb737ea8d0>
I, [2025-10-27T13:41:31.050996 #8588]  INFO -- : [Pipeline:source][Producer:gen] Done
I, [2025-10-27T13:41:31.050910 #8588]  INFO -- : [Pipeline:source][Worker:fwd] Starting
I, [2025-10-27T13:41:31.051074 #8588]  INFO -- : [Pipeline:source][Worker:fwd] Done
I, [2025-10-27T13:41:31.051118 #8588]  INFO -- : [Job:629d8414][Pipeline:source] Finished in 0.0s
I, [2025-10-27T13:41:31.051153 #8588]  INFO -- : [Pipeline:default][Producer:source] Done
#<Thread:0x000001bb74b52648 C:/workspace/minigun/lib/minigun/pipeline.rb:345 run> terminated with exception 
(report_on_exception is true):
C:/workspace/minigun/lib/minigun/pipeline.rb:371:in 'block in Minigun::Pipeline#start_producer_thread': PipelineStage 
producers not yet compatible with queue-based DSL (NotImplementedError)
I, [2025-10-27T13:41:31.051229 #8588]  INFO -- : [Pipeline:default][Worker:source_router] Done
    allows diamond pattern in pipelines (FAILED - 74)I, [2025-10-27T13:41:31.051528 #8588]  INFO -- : [Pipeline:default][Worker:merge] Done

    raises error for pipeline A->B->A cycle
    raises error for pipeline self-loop
    raises error with from: causing pipeline cycle
  stage-level cycles
    raises error with from: causing cycle
I, [2025-10-27T13:41:31.051479 #8588]  INFO -- : [Pipeline:default][Worker:left] Done
I, [2025-10-27T13:41:31.051431 #8588]  INFO -- : [Pipeline:default][Worker:right] Done
I, [2025-10-27T13:41:31.054721 #8588]  INFO -- : [Job:15a8d522]  started
I, [2025-10-27T13:41:31.054884 #8588]  INFO -- : [Job:15a8d522] Configuration: max_processes=2, max_threads=5
I, [2025-10-27T13:41:31.054950 #8588]  INFO -- : [Job:15a8d522][Pipeline:default] Starting
[DAG BUILD] BEFORE handle_multiple_producers: edges=a->c,d | start->a,b | b->c | c->end_stage | d->end_stage | end_stage->
[DAG BUILD] AFTER handle_multiple_producers: edges=a->c,d | start->a,b | b->c | c->end_stage | d->end_stage | end_stage->
[DAG BUILD] AFTER fill_sequential_gaps: edges=a->c,d | start->a,b | b->c | c->end_stage | d->end_stage | end_stage->
I, [2025-10-27T13:41:31.055051 #8588]  INFO -- : [Job:15a8d522][Pipeline:default] DAG: start -> b -> a -> d -> c -> end_stage
I, [2025-10-27T13:41:31.055080 #8588]  INFO -- : [Pipeline:default] Inserting RouterStage 'start_router' (broadcast) for fan-out: start -> a, b
I, [2025-10-27T13:41:31.055144 #8588]  INFO -- : [Pipeline:default] Inserting RouterStage 'a_router' (broadcast) for fan-out: a -> c, d
I, [2025-10-27T13:41:31.055374 #8588]  INFO -- : [Pipeline:default][Producer:start] Starting 
E, [2025-10-27T13:41:31.055476 #8588] ERROR -- : [Pipeline:default][Producer:start] Error: undefined method 'emit' for an instance of #<Class:0x000001bb0182ddf0>
I, [2025-10-27T13:41:31.055636 #8588]  INFO -- : [Pipeline:default][Producer:start] Done
I, [2025-10-27T13:41:31.055925 #8588]  INFO -- : [Pipeline:default][Worker:a_router] Starting
I, [2025-10-27T13:41:31.055592 #8588]  INFO -- : [Pipeline:default][Worker:d] Starting
I, [2025-10-27T13:41:31.055706 #8588]  INFO -- : [Pipeline:default][Worker:c] Starting
I, [2025-10-27T13:41:31.055786 #8588]  INFO -- : [Pipeline:default][Worker:end_stage] Starting
I, [2025-10-27T13:41:31.055522 #8588]  INFO -- : [Pipeline:default][Worker:a] Starting
I, [2025-10-27T13:41:31.055839 #8588]  INFO -- : [Pipeline:default][Worker:start_router] Starting
I, [2025-10-27T13:41:31.056240 #8588]  INFO -- : [Pipeline:default][Worker:start_router] Done
I, [2025-10-27T13:41:31.056362 #8588]  INFO -- : [Pipeline:default][Worker:a_router] Done
I, [2025-10-27T13:41:31.056294 #8588]  INFO -- : [Pipeline:default][Worker:a] Done
I, [2025-10-27T13:41:31.055432 #8588]  INFO -- : [Pipeline:default][Worker:b] Starting
I, [2025-10-27T13:41:31.056666 #8588]  INFO -- : [Pipeline:default][Worker:b] Done
I, [2025-10-27T13:41:31.056927 #8588]  INFO -- : [Pipeline:default][Worker:end_stage] Done
I, [2025-10-27T13:41:31.056782 #8588]  INFO -- : [Pipeline:default][Worker:c] Done
I, [2025-10-27T13:41:31.056431 #8588]  INFO -- : [Pipeline:default][Worker:d] Done
I, [2025-10-27T13:41:31.057095 #8588]  INFO -- : [Job:15a8d522][Pipeline:default] Finished in 0.0s
I, [2025-10-27T13:41:31.057164 #8588]  INFO -- : [Job:15a8d522]  finished
I, [2025-10-27T13:41:31.057208 #8588]  INFO -- : [Job:15a8d522] Runtime: 0.0s
I, [2025-10-27T13:41:31.057256 #8588]  INFO -- : [Job:15a8d522] Pipeline 'default': 0 produced, 0 consumed, 0.0 items/s
I, [2025-10-27T13:41:31.057286 #8588]  INFO -- : [Job:15a8d522] Bottleneck: start (0.0 items/s)
I, [2025-10-27T13:41:31.057310 #8588]  INFO -- : [Job:15a8d522] Total: 0 items, 0.0 items/min
    allows complex DAG without cycles (FAILED - 75)
I, [2025-10-27T13:41:31.057629 #8588]  INFO -- : [Job:3903bbf7]  started
I, [2025-10-27T13:41:31.057696 #8588]  INFO -- : [Job:3903bbf7] Configuration: max_processes=2, max_threads=5
I, [2025-10-27T13:41:31.057748 #8588]  INFO -- : [Job:3903bbf7][Pipeline:default] Starting
[DAG BUILD] BEFORE handle_multiple_producers: edges=merge-> | left->merge | source->left,right | right->merge
[DAG BUILD] AFTER handle_multiple_producers: edges=merge-> | left->merge | source->left,right | right->merge
[DAG BUILD] AFTER fill_sequential_gaps: edges=merge-> | left->merge | source->left,right | right->merge
I, [2025-10-27T13:41:31.057846 #8588]  INFO -- : [Job:3903bbf7][Pipeline:default] DAG: source -> right -> left -> merge
I, [2025-10-27T13:41:31.057885 #8588]  INFO -- : [Pipeline:default] Inserting RouterStage 'source_router' (broadcast) for fan-out: source -> left, right
I, [2025-10-27T13:41:31.058119 #8588]  INFO -- : [Pipeline:default][Producer:source] Starting 
E, [2025-10-27T13:41:31.058353 #8588] ERROR -- : [Pipeline:default][Producer:source] Error: undefined method 'emit' for an instance of #<Class:0x000001bb01826370>
I, [2025-10-27T13:41:31.058442 #8588]  INFO -- : [Pipeline:default][Producer:source] Done
I, [2025-10-27T13:41:31.058298 #8588]  INFO -- : [Pipeline:default][Worker:merge] Starting
I, [2025-10-27T13:41:31.058390 #8588]  INFO -- : [Pipeline:default][Worker:source_router] Starting
I, [2025-10-27T13:41:31.058568 #8588]  INFO -- : [Pipeline:default][Worker:source_router] Done
I, [2025-10-27T13:41:31.058261 #8588]  INFO -- : [Pipeline:default][Worker:right] Starting
I, [2025-10-27T13:41:31.058657 #8588]  INFO -- : [Pipeline:default][Worker:right] Done
I, [2025-10-27T13:41:31.058185 #8588]  INFO -- : [Pipeline:default][Worker:left] Starting
I, [2025-10-27T13:41:31.058763 #8588]  INFO -- : [Pipeline:default][Worker:left] Done
I, [2025-10-27T13:41:31.058812 #8588]  INFO -- : [Pipeline:default][Worker:merge] Done
I, [2025-10-27T13:41:31.058892 #8588]  INFO -- : [Job:3903bbf7][Pipeline:default] Finished in 0.0s
I, [2025-10-27T13:41:31.058958 #8588]  INFO -- : [Job:3903bbf7]  finished
I, [2025-10-27T13:41:31.059006 #8588]  INFO -- : [Job:3903bbf7] Runtime: 0.0s
I, [2025-10-27T13:41:31.059049 #8588]  INFO -- : [Job:3903bbf7] Pipeline 'default': 0 produced, 0 consumed, 0.0 items/s
I, [2025-10-27T13:41:31.059093 #8588]  INFO -- : [Job:3903bbf7] Bottleneck: source (0.0 items/s)
I, [2025-10-27T13:41:31.059119 #8588]  INFO -- : [Job:3903bbf7] Total: 0 items, 0.0 items/min
    allows diamond patterns (no cycle) (FAILED - 76)
    raises error for A->B->C->A cycle
    raises error for direct self-loop
    raises error for simple A->B->A cycle

Test Mixed Routing
I, [2025-10-27T13:41:31.060880 #8588]  INFO -- : [Job:ff24113c] TestMixedExample started
I, [2025-10-27T13:41:31.060934 #8588]  INFO -- : [Job:ff24113c] Configuration: max_processes=2, max_threads=5
I, [2025-10-27T13:41:31.060991 #8588]  INFO -- : [Job:ff24113c][Pipeline:default] Starting
[DAG BUILD] BEFORE handle_multiple_producers: edges=path_a->collect | generate->path_a,path_b | path_b-> | collect-> | transform->collect
[DAG BUILD] AFTER handle_multiple_producers: edges=path_a->collect | generate->path_a,path_b | path_b-> | collect-> | transform->collect
[DAG BUILD] AFTER fill_sequential_gaps: edges=path_a->collect | generate->path_a,path_b | path_b->transform | collect-> | transform->collect
I, [2025-10-27T13:41:31.061084 #8588]  INFO -- : [Job:ff24113c][Pipeline:default] DAG: generate -> path_b -> transform -> path_a -> collect
I, [2025-10-27T13:41:31.061127 #8588]  INFO -- : [Pipeline:default] Inserting RouterStage 'generate_router' (broadcast) for fan-out: generate -> path_a, path_b
I, [2025-10-27T13:41:31.061308 #8588]  INFO -- : [Pipeline:default][Producer:generate] Starting 
I, [2025-10-27T13:41:31.061473 #8588]  INFO -- : [Pipeline:default][Producer:generate] Done
I, [2025-10-27T13:41:31.061423 #8588]  INFO -- : [Pipeline:default][Worker:path_b] Starting
I, [2025-10-27T13:41:31.061516 #8588]  INFO -- : [Pipeline:default][Worker:transform] Starting
I, [2025-10-27T13:41:31.061550 #8588]  INFO -- : [Pipeline:default][Worker:collect] Starting
I, [2025-10-27T13:41:31.061376 #8588]  INFO -- : [Pipeline:default][Worker:path_a] Starting
I, [2025-10-27T13:41:31.061600 #8588]  INFO -- : [Pipeline:default][Worker:generate_router] Starting
I, [2025-10-27T13:41:31.061835 #8588]  INFO -- : [Pipeline:default][Worker:generate_router] Done
I, [2025-10-27T13:41:31.062063 #8588]  INFO -- : [Pipeline:default][Worker:transform] Done
I, [2025-10-27T13:41:31.061953 #8588]  INFO -- : [Pipeline:default][Worker:path_b] Done
I, [2025-10-27T13:41:31.061903 #8588]  INFO -- : [Pipeline:default][Worker:path_a] Done
I, [2025-10-27T13:41:31.062119 #8588]  INFO -- : [Pipeline:default][Worker:collect] Done
I, [2025-10-27T13:41:31.062217 #8588]  INFO -- : [Job:ff24113c][Pipeline:default] Finished in 0.0s
I, [2025-10-27T13:41:31.062286 #8588]  INFO -- : [Job:ff24113c] TestMixedExample finished
I, [2025-10-27T13:41:31.062324 #8588]  INFO -- : [Job:ff24113c] Runtime: 0.0s
I, [2025-10-27T13:41:31.062360 #8588]  INFO -- : [Job:ff24113c] Pipeline 'default': 0 produced, 6 consumed, 0.0 items/s
I, [2025-10-27T13:41:31.062408 #8588]  INFO -- : [Job:ff24113c] Bottleneck: generate (0.0 items/s)
I, [2025-10-27T13:41:31.062441 #8588]  INFO -- : [Job:ff24113c] Total: 0 items, 0.0 items/min
  works correctly

Minigun::PipelineStage
  #initialize
    creates a PipelineStage without a pipeline initially
  #composite?
    returns true
  #execute
    executes the pipeline stages inline and returns results (FAILED - 77)
  #execute_with_emit
    returns the item unchanged if no pipeline is set (FAILED - 78)
    preserves context instance variables across stages (FAILED - 79)
    processes through accumulator stages (FAILED - 80)
    executes consumer stages but does not collect their output (FAILED - 81)
    skips producer stages (FAILED - 82)
    chains multiple transformations correctly (FAILED - 83)
    handles multiple emits per stage (FAILED - 84)
    handles stages that emit nothing (FAILED - 85)
    handles empty results from stages (FAILED - 86)
    processes item through pipeline stages sequentially (FAILED - 87)
    skips nested PipelineStages (FAILED - 88)
  #pipeline=
    sets the pipeline
    adds queued stages to the pipeline
  #add_stage
    queues stages when pipeline is not yet set
    adds stages directly when pipeline exists

Minigun::Execution::ProcessPoolExecutor
  #execute_stage_item
    propagates errors from child process (PENDING: No reason given)
    executes in forked process (PENDING: No reason given)
    returns result from child process (PENDING: No reason given)
  #initialize
    sets max_size (PENDING: No reason given)
  #shutdown
    terminates active processes (PENDING: No reason given)

Minigun::AggregatedStats
  #runtime
    calculates runtime when finished
    returns 0 when not started
  #to_h
    returns hash with pipeline stats
    includes bottleneck info when present
  #total_items
    sums total items across all stages
  #throughput
    returns 0 when runtime is 0
    calculates items per second based on produced items
  #for_stage
    creates stats for a stage
    returns same stats instance for same stage
    passes is_terminal flag correctly
  #total_consumed
    handles multiple terminal stages
    sums consumed items from terminal stages
  #stages_in_order
    skips stages without stats
    returns stages in topological order
  #total_produced
    sums produced items from source stages
    handles multiple source stages
  #initialize
    creates aggregated stats with pipeline name and dag
  #start! and #finish!
    records pipeline start and finish time
  #bottleneck
    identifies stage with lowest throughput
    returns nil when no stages
  #summary
    returns human-readable summary

From Keyword
  from keyword for pipelines
I, [2025-10-27T13:41:31.435248 #8588]  INFO -- : [Job:25148ad7]  started
I, [2025-10-27T13:41:31.435331 #8588]  INFO -- : [Job:25148ad7] Configuration: max_processes=2, max_threads=5
I, [2025-10-27T13:41:31.435441 #8588]  INFO -- : [Job:25148ad7][Pipeline:default] Starting
[DAG BUILD] BEFORE handle_multiple_producers: edges=process-> | generate->process
[DAG BUILD] AFTER handle_multiple_producers: edges=process-> | generate->process
[DAG BUILD] AFTER fill_sequential_gaps: edges=process-> | generate->process
I, [2025-10-27T13:41:31.435586 #8588]  INFO -- : [Job:25148ad7][Pipeline:default] DAG: generate -> process
I, [2025-10-27T13:41:31.435857 #8588]  INFO -- : [Pipeline:default][Producer:generate] Starting (nested pipeline)
I, [2025-10-27T13:41:31.435956 #8588]  INFO -- : [Job:25148ad7][Pipeline:generate] Starting
[DAG BUILD] BEFORE handle_multiple_producers: edges=
[DAG BUILD] AFTER handle_multiple_producers: edges=source->forward | forward->
[DAG BUILD] AFTER fill_sequential_gaps: edges=source->forward | forward->
I, [2025-10-27T13:41:31.435897 #8588]  INFO -- : [Pipeline:default][Worker:process] Starting
I, [2025-10-27T13:41:31.436080 #8588]  INFO -- : [Job:25148ad7][Pipeline:generate] DAG: source -> forward
I, [2025-10-27T13:41:31.436252 #8588]  INFO -- : [Pipeline:generate][Producer:source] Starting 
E, [2025-10-27T13:41:31.436370 #8588] ERROR -- : [Pipeline:generate][Producer:source] Error: undefined method 'emit' for an instance of #<Class:0x000001bb74afd670>
I, [2025-10-27T13:41:31.436403 #8588]  INFO -- : [Pipeline:generate][Producer:source] Done
I, [2025-10-27T13:41:31.436296 #8588]  INFO -- : [Pipeline:generate][Worker:forward] Starting
I, [2025-10-27T13:41:31.436483 #8588]  INFO -- : [Pipeline:generate][Worker:forward] Done
I, [2025-10-27T13:41:31.436521 #8588]  INFO -- : [Job:25148ad7][Pipeline:generate] Finished in 0.0s
I, [2025-10-27T13:41:31.436559 #8588]  INFO -- : [Pipeline:default][Producer:generate] Done
#<Thread:0x000001bb74abc0d0 C:/workspace/minigun/lib/minigun/pipeline.rb:345 run> terminated with exception 
(report_on_exception is true):
C:/workspace/minigun/lib/minigun/pipeline.rb:371:in 'block in Minigun::Pipeline#start_producer_thread': PipelineStage 
producers not yet compatible with queue-based DSL (NotImplementedError)
I, [2025-10-27T13:41:31.436713 #8588]  INFO -- : [Pipeline:default][Worker:process] Done
    connects pipelines in reverse (FAILED - 89)
I, [2025-10-27T13:41:31.437002 #8588]  INFO -- : [Job:c975e94d]  started
I, [2025-10-27T13:41:31.437058 #8588]  INFO -- : [Job:c975e94d] Configuration: max_processes=2, max_threads=5
I, [2025-10-27T13:41:31.437106 #8588]  INFO -- : [Job:c975e94d][Pipeline:default] Starting
[DAG BUILD] BEFORE handle_multiple_producers: edges=collector-> | source_a->collector | source_b->collector
[DAG BUILD] AFTER handle_multiple_producers: edges=collector-> | source_a->collector | source_b->collector
[DAG BUILD] AFTER fill_sequential_gaps: edges=collector-> | source_a->collector | source_b->collector
I, [2025-10-27T13:41:31.437186 #8588]  INFO -- : [Job:c975e94d][Pipeline:default] DAG: source_b -> source_a -> collector
I, [2025-10-27T13:41:31.437323 #8588]  INFO -- : [Pipeline:default][Producer:source_a] Starting (nested pipeline)
I, [2025-10-27T13:41:31.437405 #8588]  INFO -- : [Job:c975e94d][Pipeline:source_a] Starting
[DAG BUILD] BEFORE handle_multiple_producers: edges=
[DAG BUILD] AFTER handle_multiple_producers: edges=gen_a->out_a | out_a->
[DAG BUILD] AFTER fill_sequential_gaps: edges=gen_a->out_a | out_a->
I, [2025-10-27T13:41:31.437433 #8588]  INFO -- : [Pipeline:default][Worker:collector] Starting
I, [2025-10-27T13:41:31.437371 #8588]  INFO -- : [Pipeline:default][Producer:source_b] Starting (nested pipeline)
I, [2025-10-27T13:41:31.437593 #8588]  INFO -- : [Job:c975e94d][Pipeline:source_b] Starting
[DAG BUILD] BEFORE handle_multiple_producers: edges=
[DAG BUILD] AFTER handle_multiple_producers: edges=gen_b->out_b | out_b->
[DAG BUILD] AFTER fill_sequential_gaps: edges=gen_b->out_b | out_b->
I, [2025-10-27T13:41:31.437527 #8588]  INFO -- : [Job:c975e94d][Pipeline:source_a] DAG: gen_a -> out_a
I, [2025-10-27T13:41:31.437678 #8588]  INFO -- : [Job:c975e94d][Pipeline:source_b] DAG: gen_b -> out_b
I, [2025-10-27T13:41:31.437840 #8588]  INFO -- : [Pipeline:source_a][Producer:gen_a] Starting 
E, [2025-10-27T13:41:31.437942 #8588] ERROR -- : [Pipeline:source_a][Producer:gen_a] Error: undefined method 'emit' for an instance of #<Class:0x000001bb0182bcd0>
I, [2025-10-27T13:41:31.437994 #8588]  INFO -- : [Pipeline:source_a][Producer:gen_a] Done
I, [2025-10-27T13:41:31.437964 #8588]  INFO -- : [Pipeline:source_b][Worker:out_b] Starting
I, [2025-10-27T13:41:31.437874 #8588]  INFO -- : [Pipeline:source_a][Worker:out_a] Starting
I, [2025-10-27T13:41:31.438086 #8588]  INFO -- : [Pipeline:source_a][Worker:out_a] Done
I, [2025-10-27T13:41:31.437902 #8588]  INFO -- : [Pipeline:source_b][Producer:gen_b] Starting 
E, [2025-10-27T13:41:31.438187 #8588] ERROR -- : [Pipeline:source_b][Producer:gen_b] Error: undefined method 'emit' for an instance of #<Class:0x000001bb0182bcd0>
I, [2025-10-27T13:41:31.438219 #8588]  INFO -- : [Pipeline:source_b][Producer:gen_b] Done
I, [2025-10-27T13:41:31.438132 #8588]  INFO -- : [Job:c975e94d][Pipeline:source_a] Finished in 0.0s
I, [2025-10-27T13:41:31.438329 #8588]  INFO -- : [Pipeline:default][Producer:source_a] Done
#<Thread:0x000001bb74a9c398 C:/workspace/minigun/lib/minigun/pipeline.rb:345 run> terminated with exception 
(report_on_exception is true):
C:/workspace/minigun/lib/minigun/pipeline.rb:371:in 'block in Minigun::Pipeline#start_producer_thread': PipelineStage 
producers not yet compatible with queue-based DSL (NotImplementedError)
I, [2025-10-27T13:41:31.438281 #8588]  INFO -- : [Pipeline:source_b][Worker:out_b] Done
    works with multiple from sources (FAILED - 90)
I, [2025-10-27T13:41:31.438582 #8588]  INFO -- : [Job:c975e94d][Pipeline:source_b] Finished in 0.0s
I, [2025-10-27T13:41:31.438855 #8588]  INFO -- : [Pipeline:default][Producer:source_b] Done
#<Thread:0x000001bb74a9c118 C:/workspace/minigun/lib/minigun/pipeline.rb:345 run> terminated with exception 
(report_on_exception is true):
C:/workspace/minigun/lib/minigun/pipeline.rb:371:in 'block in Minigun::Pipeline#start_producer_thread': PipelineStage 
producers not yet compatible with queue-based DSL (NotImplementedError)
I, [2025-10-27T13:41:31.438783 #8588]  INFO -- : [Job:5ddf5758]  started
I, [2025-10-27T13:41:31.439006 #8588]  INFO -- : [Job:5ddf5758] Configuration: max_processes=2, max_threads=5
I, [2025-10-27T13:41:31.439053 #8588]  INFO -- : [Job:5ddf5758][Pipeline:default] Starting
[DAG BUILD] BEFORE handle_multiple_producers: edges=b->d | a->b | d-> | c->d
[DAG BUILD] AFTER handle_multiple_producers: edges=b->d | a->b | d-> | c->d
[DAG BUILD] AFTER fill_sequential_gaps: edges=b->d | a->b | d-> | c->d
I, [2025-10-27T13:41:31.438960 #8588]  INFO -- : [Pipeline:default][Worker:collector] Done
I, [2025-10-27T13:41:31.439182 #8588]  INFO -- : [Job:5ddf5758][Pipeline:default] DAG: c -> a -> b -> d
I, [2025-10-27T13:41:31.439354 #8588]  INFO -- : [Pipeline:default][Producer:a] Starting (nested pipeline)
I, [2025-10-27T13:41:31.439437 #8588]  INFO -- : [Job:5ddf5758][Pipeline:a] Starting
[DAG BUILD] BEFORE handle_multiple_producers: edges=
[DAG BUILD] AFTER handle_multiple_producers: edges=gen->fwd | fwd->
[DAG BUILD] AFTER fill_sequential_gaps: edges=gen->fwd | fwd->
I, [2025-10-27T13:41:31.439467 #8588]  INFO -- : [Pipeline:default][Worker:b] Starting
I, [2025-10-27T13:41:31.439490 #8588]  INFO -- : [Pipeline:default][Worker:d] Starting
I, [2025-10-27T13:41:31.439397 #8588]  INFO -- : [Pipeline:default][Producer:c] Starting (nested pipeline)
I, [2025-10-27T13:41:31.439688 #8588]  INFO -- : [Job:5ddf5758][Pipeline:c] Starting
[DAG BUILD] BEFORE handle_multiple_producers: edges=
[DAG BUILD] AFTER handle_multiple_producers: edges=gen->fwd | fwd->
[DAG BUILD] AFTER fill_sequential_gaps: edges=gen->fwd | fwd->
I, [2025-10-27T13:41:31.439575 #8588]  INFO -- : [Job:5ddf5758][Pipeline:a] DAG: gen -> fwd
I, [2025-10-27T13:41:31.439796 #8588]  INFO -- : [Job:5ddf5758][Pipeline:c] DAG: gen -> fwd
I, [2025-10-27T13:41:31.439959 #8588]  INFO -- : [Pipeline:a][Producer:gen] Starting 
E, [2025-10-27T13:41:31.440095 #8588] ERROR -- : [Pipeline:a][Producer:gen] Error: undefined method 'emit' for an instance of #<Class:0x000001bb01823e90>
I, [2025-10-27T13:41:31.440182 #8588]  INFO -- : [Pipeline:a][Producer:gen] Done
I, [2025-10-27T13:41:31.440134 #8588]  INFO -- : [Pipeline:c][Worker:fwd] Starting
I, [2025-10-27T13:41:31.440001 #8588]  INFO -- : [Pipeline:a][Worker:fwd] Starting
I, [2025-10-27T13:41:31.440323 #8588]  INFO -- : [Pipeline:a][Worker:fwd] Done
I, [2025-10-27T13:41:31.440051 #8588]  INFO -- : [Pipeline:c][Producer:gen] Starting 
E, [2025-10-27T13:41:31.440438 #8588] ERROR -- : [Pipeline:c][Producer:gen] Error: undefined method 'emit' for an instance of #<Class:0x000001bb01823e90>
I, [2025-10-27T13:41:31.440480 #8588]  INFO -- : [Pipeline:c][Producer:gen] Done
I, [2025-10-27T13:41:31.440389 #8588]  INFO -- : [Job:5ddf5758][Pipeline:a] Finished in 0.0s
I, [2025-10-27T13:41:31.440627 #8588]  INFO -- : [Pipeline:default][Producer:a] Done
#<Thread:0x000001bb7460d890 C:/workspace/minigun/lib/minigun/pipeline.rb:345 run> terminated with exception 
(report_on_exception is true):
C:/workspace/minigun/lib/minigun/pipeline.rb:371:in 'block in Minigun::Pipeline#start_producer_thread': PipelineStage 
producers not yet compatible with queue-based DSL (NotImplementedError)
I, [2025-10-27T13:41:31.440561 #8588]  INFO -- : [Pipeline:c][Worker:fwd] Done
    can mix to: and from: in pipelines (FAILED - 91)
  from keyword for stages
I, [2025-10-27T13:41:31.440723 #8588]  INFO -- : [Pipeline:default][Worker:b] Done
I, [2025-10-27T13:41:31.440865 #8588]  INFO -- : [Job:5ddf5758][Pipeline:c] Finished in 0.0s
I, [2025-10-27T13:41:31.441475 #8588]  INFO -- : [Pipeline:default][Producer:c] Done
#<Thread:0x000001bb7460bd88 C:/workspace/minigun/lib/minigun/pipeline.rb:345 run> terminated with exception 
(report_on_exception is true):
C:/workspace/minigun/lib/minigun/pipeline.rb:371:in 'block in Minigun::Pipeline#start_producer_thread': PipelineStage 
producers not yet compatible with queue-based DSL (NotImplementedError)
I, [2025-10-27T13:41:31.441398 #8588]  INFO -- : [Job:b5c23604]  started
I, [2025-10-27T13:41:31.441603 #8588]  INFO -- : [Job:b5c23604] Configuration: max_processes=2, max_threads=5
I, [2025-10-27T13:41:31.441649 #8588]  INFO -- : [Job:b5c23604][Pipeline:default] Starting
[DAG BUILD] BEFORE handle_multiple_producers: edges=double->collect | source->double,collect | collect->
[DAG BUILD] AFTER handle_multiple_producers: edges=double->collect | source->double,collect | collect->
[DAG BUILD] AFTER fill_sequential_gaps: edges=double->collect | source->double,collect | collect->
I, [2025-10-27T13:41:31.441569 #8588]  INFO -- : [Pipeline:default][Worker:d] Done
I, [2025-10-27T13:41:31.441755 #8588]  INFO -- : [Job:b5c23604][Pipeline:default] DAG: source -> double -> collect
I, [2025-10-27T13:41:31.441830 #8588]  INFO -- : [Pipeline:default] Inserting RouterStage 'source_router' (broadcast) for fan-out: source -> double, collect
I, [2025-10-27T13:41:31.441981 #8588]  INFO -- : [Pipeline:default][Producer:source] Starting 
E, [2025-10-27T13:41:31.442092 #8588] ERROR -- : [Pipeline:default][Producer:source] Error: undefined method 'emit' for an instance of #<Class:0x000001bb01751ff8>
I, [2025-10-27T13:41:31.442302 #8588]  INFO -- : [Pipeline:default][Producer:source] Done
I, [2025-10-27T13:41:31.442027 #8588]  INFO -- : [Pipeline:default][Worker:collect] Starting
I, [2025-10-27T13:41:31.442247 #8588]  INFO -- : [Pipeline:default][Worker:source_router] Starting
I, [2025-10-27T13:41:31.442464 #8588]  INFO -- : [Pipeline:default][Worker:source_router] Done
I, [2025-10-27T13:41:31.442169 #8588]  INFO -- : [Pipeline:default][Worker:double] Starting
I, [2025-10-27T13:41:31.442572 #8588]  INFO -- : [Pipeline:default][Worker:double] Done
I, [2025-10-27T13:41:31.442612 #8588]  INFO -- : [Pipeline:default][Worker:collect] Done
I, [2025-10-27T13:41:31.442690 #8588]  INFO -- : [Job:b5c23604][Pipeline:default] Finished in 0.0s
I, [2025-10-27T13:41:31.442736 #8588]  INFO -- : [Job:b5c23604]  finished
I, [2025-10-27T13:41:31.442776 #8588]  INFO -- : [Job:b5c23604] Runtime: 0.0s
I, [2025-10-27T13:41:31.442819 #8588]  INFO -- : [Job:b5c23604] Pipeline 'default': 0 produced, 0 consumed, 0.0 items/s
I, [2025-10-27T13:41:31.442867 #8588]  INFO -- : [Job:b5c23604] Bottleneck: source (0.0 items/s)
I, [2025-10-27T13:41:31.442915 #8588]  INFO -- : [Job:b5c23604] Total: 0 items, 0.0 items/min
    connects stages in reverse (from: instead of to:) (FAILED - 92)
I, [2025-10-27T13:41:31.443208 #8588]  INFO -- : [Job:31323c41]  started
I, [2025-10-27T13:41:31.443258 #8588]  INFO -- : [Job:31323c41] Configuration: max_processes=2, max_threads=5
I, [2025-10-27T13:41:31.443309 #8588]  INFO -- : [Job:31323c41][Pipeline:default] Starting
[DAG BUILD] BEFORE handle_multiple_producers: edges=d-> | b->d | c->d
[DAG BUILD] AFTER handle_multiple_producers: edges=d-> | b->d | c->d | a->b
[DAG BUILD] AFTER fill_sequential_gaps: edges=d-> | b->d | c->d | a->b
I, [2025-10-27T13:41:31.443380 #8588]  INFO -- : [Job:31323c41][Pipeline:default] DAG: c -> a -> b -> d
I, [2025-10-27T13:41:31.443539 #8588]  INFO -- : [Pipeline:default][Producer:a] Starting 
E, [2025-10-27T13:41:31.443679 #8588] ERROR -- : [Pipeline:default][Producer:a] Error: undefined method 'emit' for an instance of #<Class:0x000001bb016158d8>
I, [2025-10-27T13:41:31.443817 #8588]  INFO -- : [Pipeline:default][Producer:a] Done
I, [2025-10-27T13:41:31.443624 #8588]  INFO -- : [Pipeline:default][Worker:b] Starting
I, [2025-10-27T13:41:31.443921 #8588]  INFO -- : [Pipeline:default][Worker:b] Done
I, [2025-10-27T13:41:31.443722 #8588]  INFO -- : [Pipeline:default][Worker:d] Starting
I, [2025-10-27T13:41:31.443777 #8588]  INFO -- : [Pipeline:default][Producer:c] Starting 
E, [2025-10-27T13:41:31.444067 #8588] ERROR -- : [Pipeline:default][Producer:c] Error: undefined method 'emit' for an instance of #<Class:0x000001bb016158d8>
I, [2025-10-27T13:41:31.444115 #8588]  INFO -- : [Pipeline:default][Producer:c] Done
I, [2025-10-27T13:41:31.444168 #8588]  INFO -- : [Pipeline:default][Worker:d] Done
I, [2025-10-27T13:41:31.444237 #8588]  INFO -- : [Job:31323c41][Pipeline:default] Finished in 0.0s
I, [2025-10-27T13:41:31.444289 #8588]  INFO -- : [Job:31323c41]  finished
I, [2025-10-27T13:41:31.444323 #8588]  INFO -- : [Job:31323c41] Runtime: 0.0s
I, [2025-10-27T13:41:31.444346 #8588]  INFO -- : [Job:31323c41] Pipeline 'default': 0 produced, 0 consumed, 0.0 items/s
I, [2025-10-27T13:41:31.444373 #8588]  INFO -- : [Job:31323c41] Bottleneck: a (0.0 items/s)
I, [2025-10-27T13:41:31.444421 #8588]  INFO -- : [Job:31323c41] Total: 0 items, 0.0 items/min
    can mix to: and from: (FAILED - 93)
I, [2025-10-27T13:41:31.444790 #8588]  INFO -- : [Job:bdc5ee41]  started
I, [2025-10-27T13:41:31.444844 #8588]  INFO -- : [Job:bdc5ee41] Configuration: max_processes=2, max_threads=5
I, [2025-10-27T13:41:31.444884 #8588]  INFO -- : [Job:bdc5ee41][Pipeline:default] Starting
[DAG BUILD] BEFORE handle_multiple_producers: edges=save-> | gen->save
[DAG BUILD] AFTER handle_multiple_producers: edges=save-> | gen->save
[DAG BUILD] AFTER fill_sequential_gaps: edges=save-> | gen->save
I, [2025-10-27T13:41:31.444940 #8588]  INFO -- : [Job:bdc5ee41][Pipeline:default] DAG: gen -> save
I, [2025-10-27T13:41:31.445054 #8588]  INFO -- : [Pipeline:default][Producer:gen] Starting 
E, [2025-10-27T13:41:31.445151 #8588] ERROR -- : [Pipeline:default][Producer:gen] Error: undefined method 'emit' for an instance of #<Class:0x000001bb73612b20>
I, [2025-10-27T13:41:31.445191 #8588]  INFO -- : [Pipeline:default][Producer:gen] Done
I, [2025-10-27T13:41:31.445091 #8588]  INFO -- : [Pipeline:default][Worker:save] Starting
I, [2025-10-27T13:41:31.445285 #8588]  INFO -- : [Pipeline:default][Worker:save] Done
I, [2025-10-27T13:41:31.445327 #8588]  INFO -- : [Job:bdc5ee41][Pipeline:default] Finished in 0.0s
I, [2025-10-27T13:41:31.445370 #8588]  INFO -- : [Job:bdc5ee41]  finished
I, [2025-10-27T13:41:31.445401 #8588]  INFO -- : [Job:bdc5ee41] Runtime: 0.0s
I, [2025-10-27T13:41:31.445427 #8588]  INFO -- : [Job:bdc5ee41] Pipeline 'default': 0 produced, 0 consumed, 0.0 items/s
I, [2025-10-27T13:41:31.445475 #8588]  INFO -- : [Job:bdc5ee41] Bottleneck: gen (0.0 items/s)
I, [2025-10-27T13:41:31.445509 #8588]  INFO -- : [Job:bdc5ee41] Total: 0 items, 0.0 items/min
    works with single from source (FAILED - 94)

Isolated Pipelines
  multiple pipelines without to: connections
I, [2025-10-27T13:41:31.445911 #8588]  INFO -- : [Job:aa8c5844]  started
I, [2025-10-27T13:41:31.445951 #8588]  INFO -- : [Job:aa8c5844] Configuration: max_processes=2, max_threads=5
I, [2025-10-27T13:41:31.445973 #8588]  INFO -- : [Job:aa8c5844][Pipeline:default] Starting
[DAG BUILD] BEFORE handle_multiple_producers: edges=
[DAG BUILD] AFTER handle_multiple_producers: edges=
[DAG BUILD] AFTER fill_sequential_gaps: edges=standalone->
I, [2025-10-27T13:41:31.446018 #8588]  INFO -- : [Job:aa8c5844][Pipeline:default] DAG: standalone
I, [2025-10-27T13:41:31.446129 #8588]  INFO -- : [Pipeline:default][Producer:standalone] Starting (nested pipeline)
I, [2025-10-27T13:41:31.446182 #8588]  INFO -- : [Job:aa8c5844][Pipeline:standalone] Starting
[DAG BUILD] BEFORE handle_multiple_producers: edges=
[DAG BUILD] AFTER handle_multiple_producers: edges=source->sink | sink->
[DAG BUILD] AFTER fill_sequential_gaps: edges=source->sink | sink->
I, [2025-10-27T13:41:31.446261 #8588]  INFO -- : [Job:aa8c5844][Pipeline:standalone] DAG: source -> sink
I, [2025-10-27T13:41:31.446410 #8588]  INFO -- : [Pipeline:standalone][Producer:source] Starting 
E, [2025-10-27T13:41:31.446506 #8588] ERROR -- : [Pipeline:standalone][Producer:source] Error: undefined method 'emit' for an instance of #<Class:0x000001bb751bda28>
I, [2025-10-27T13:41:31.446548 #8588]  INFO -- : [Pipeline:standalone][Producer:source] Done
I, [2025-10-27T13:41:31.446446 #8588]  INFO -- : [Pipeline:standalone][Worker:sink] Starting
I, [2025-10-27T13:41:31.446653 #8588]  INFO -- : [Pipeline:standalone][Worker:sink] Done
I, [2025-10-27T13:41:31.446705 #8588]  INFO -- : [Job:aa8c5844][Pipeline:standalone] Finished in 0.0s
I, [2025-10-27T13:41:31.446749 #8588]  INFO -- : [Pipeline:default][Producer:standalone] Done
#<Thread:0x000001bb751feb90 C:/workspace/minigun/lib/minigun/pipeline.rb:345 run> terminated with exception 
(report_on_exception is true):
C:/workspace/minigun/lib/minigun/pipeline.rb:371:in 'block in Minigun::Pipeline#start_producer_thread': PipelineStage 
producers not yet compatible with queue-based DSL (NotImplementedError)
    does not add :_input node when no to: connection exists (FAILED - 95)
I, [2025-10-27T13:41:31.447005 #8588]  INFO -- : [Job:68693717]  started
I, [2025-10-27T13:41:31.447051 #8588]  INFO -- : [Job:68693717] Configuration: max_processes=2, max_threads=5
I, [2025-10-27T13:41:31.447074 #8588]  INFO -- : [Job:68693717][Pipeline:default] Starting
[DAG BUILD] BEFORE handle_multiple_producers: edges=
[DAG BUILD] AFTER handle_multiple_producers: edges=
[DAG BUILD] AFTER fill_sequential_gaps: edges=pipeline_b-> | pipeline_a->
I, [2025-10-27T13:41:31.447151 #8588]  INFO -- : [Job:68693717][Pipeline:default] DAG: pipeline_a -> pipeline_b
I, [2025-10-27T13:41:31.447272 #8588]  INFO -- : [Pipeline:default][Producer:pipeline_b] Starting (nested pipeline)
I, [2025-10-27T13:41:31.447350 #8588]  INFO -- : [Job:68693717][Pipeline:pipeline_b] Starting
[DAG BUILD] BEFORE handle_multiple_producers: edges=
[DAG BUILD] AFTER handle_multiple_producers: edges=source_b->collect_b | collect_b->
[DAG BUILD] AFTER fill_sequential_gaps: edges=source_b->collect_b | collect_b->
I, [2025-10-27T13:41:31.447315 #8588]  INFO -- : [Pipeline:default][Producer:pipeline_a] Starting (nested pipeline)
I, [2025-10-27T13:41:31.447505 #8588]  INFO -- : [Job:68693717][Pipeline:pipeline_a] Starting
[DAG BUILD] BEFORE handle_multiple_producers: edges=
[DAG BUILD] AFTER handle_multiple_producers: edges=source_a->collect_a | collect_a->
[DAG BUILD] AFTER fill_sequential_gaps: edges=source_a->collect_a | collect_a->
I, [2025-10-27T13:41:31.447466 #8588]  INFO -- : [Job:68693717][Pipeline:pipeline_b] DAG: source_b -> collect_b
I, [2025-10-27T13:41:31.447598 #8588]  INFO -- : [Job:68693717][Pipeline:pipeline_a] DAG: source_a -> collect_a
I, [2025-10-27T13:41:31.447770 #8588]  INFO -- : [Pipeline:pipeline_b][Producer:source_b] Starting 
E, [2025-10-27T13:41:31.447873 #8588] ERROR -- : [Pipeline:pipeline_b][Producer:source_b] Error: undefined method 'emit' for an instance of #<Class:0x000001bb75258168>
I, [2025-10-27T13:41:31.447947 #8588]  INFO -- : [Pipeline:pipeline_b][Producer:source_b] Done
I, [2025-10-27T13:41:31.447909 #8588]  INFO -- : [Pipeline:pipeline_a][Worker:collect_a] Starting
I, [2025-10-27T13:41:31.447803 #8588]  INFO -- : [Pipeline:pipeline_b][Worker:collect_b] Starting
I, [2025-10-27T13:41:31.448048 #8588]  INFO -- : [Pipeline:pipeline_b][Worker:collect_b] Done
I, [2025-10-27T13:41:31.447831 #8588]  INFO -- : [Pipeline:pipeline_a][Producer:source_a] Starting 
E, [2025-10-27T13:41:31.448166 #8588] ERROR -- : [Pipeline:pipeline_a][Producer:source_a] Error: undefined method 'emit' for an instance of #<Class:0x000001bb75258168>
I, [2025-10-27T13:41:31.448203 #8588]  INFO -- : [Pipeline:pipeline_a][Producer:source_a] Done
I, [2025-10-27T13:41:31.448103 #8588]  INFO -- : [Job:68693717][Pipeline:pipeline_b] Finished in 0.0s
I, [2025-10-27T13:41:31.448317 #8588]  INFO -- : [Pipeline:default][Producer:pipeline_b] Done
#<Thread:0x000001bb751f9280 C:/workspace/minigun/lib/minigun/pipeline.rb:345 run> terminated with exception 
(report_on_exception is true):
C:/workspace/minigun/lib/minigun/pipeline.rb:371:in 'block in Minigun::Pipeline#start_producer_thread': PipelineStage 
producers not yet compatible with queue-based DSL (NotImplementedError)
I, [2025-10-27T13:41:31.448276 #8588]  INFO -- : [Pipeline:pipeline_a][Worker:collect_a] Done
    does not route items between pipelines (FAILED - 96)
I, [2025-10-27T13:41:31.448475 #8588]  INFO -- : [Job:68693717][Pipeline:pipeline_a] Finished in 0.0s
I, [2025-10-27T13:41:31.448710 #8588]  INFO -- : [Pipeline:default][Producer:pipeline_a] Done
#<Thread:0x000001bb751f9190 C:/workspace/minigun/lib/minigun/pipeline.rb:345 run> terminated with exception 
(report_on_exception is true):
C:/workspace/minigun/lib/minigun/pipeline.rb:371:in 'block in Minigun::Pipeline#start_producer_thread': PipelineStage 
producers not yet compatible with queue-based DSL (NotImplementedError)
I, [2025-10-27T13:41:31.448646 #8588]  INFO -- : [Job:e6806e5f]  started
I, [2025-10-27T13:41:31.448800 #8588]  INFO -- : [Job:e6806e5f] Configuration: max_processes=2, max_threads=5
I, [2025-10-27T13:41:31.448849 #8588]  INFO -- : [Job:e6806e5f][Pipeline:default] Starting
[DAG BUILD] BEFORE handle_multiple_producers: edges=
[DAG BUILD] AFTER handle_multiple_producers: edges=
[DAG BUILD] AFTER fill_sequential_gaps: edges=x-> | y-> | z->
I, [2025-10-27T13:41:31.448911 #8588]  INFO -- : [Job:e6806e5f][Pipeline:default] DAG: z -> y -> x
I, [2025-10-27T13:41:31.449035 #8588]  INFO -- : [Pipeline:default][Producer:x] Starting (nested pipeline)
I, [2025-10-27T13:41:31.449126 #8588]  INFO -- : [Job:e6806e5f][Pipeline:x] Starting
[DAG BUILD] BEFORE handle_multiple_producers: edges=
[DAG BUILD] AFTER handle_multiple_producers: edges=gen_x->collect_x | collect_x->
[DAG BUILD] AFTER fill_sequential_gaps: edges=gen_x->collect_x | collect_x->
I, [2025-10-27T13:41:31.449166 #8588]  INFO -- : [Pipeline:default][Producer:z] Starting (nested pipeline)
I, [2025-10-27T13:41:31.449334 #8588]  INFO -- : [Job:e6806e5f][Pipeline:z] Starting
[DAG BUILD] BEFORE handle_multiple_producers: edges=
[DAG BUILD] AFTER handle_multiple_producers: edges=gen_z->collect_z | collect_z->
[DAG BUILD] AFTER fill_sequential_gaps: edges=gen_z->collect_z | collect_z->
I, [2025-10-27T13:41:31.449290 #8588]  INFO -- : [Job:e6806e5f][Pipeline:x] DAG: gen_x -> collect_x
I, [2025-10-27T13:41:31.449074 #8588]  INFO -- : [Pipeline:default][Producer:y] Starting (nested pipeline)
I, [2025-10-27T13:41:31.449538 #8588]  INFO -- : [Job:e6806e5f][Pipeline:y] Starting
[DAG BUILD] BEFORE handle_multiple_producers: edges=
[DAG BUILD] AFTER handle_multiple_producers: edges=gen_y->collect_y | collect_y->
[DAG BUILD] AFTER fill_sequential_gaps: edges=gen_y->collect_y | collect_y->
I, [2025-10-27T13:41:31.449605 #8588]  INFO -- : [Pipeline:x][Worker:collect_x] Starting
I, [2025-10-27T13:41:31.449569 #8588]  INFO -- : [Pipeline:x][Producer:gen_x] Starting 
E, [2025-10-27T13:41:31.449749 #8588] ERROR -- : [Pipeline:x][Producer:gen_x] Error: undefined method 'emit' for an instance of #<Class:0x000001bb74d8ef60>
I, [2025-10-27T13:41:31.449775 #8588]  INFO -- : [Pipeline:x][Producer:gen_x] Done
I, [2025-10-27T13:41:31.449433 #8588]  INFO -- : [Job:e6806e5f][Pipeline:z] DAG: gen_z -> collect_z
I, [2025-10-27T13:41:31.449672 #8588]  INFO -- : [Job:e6806e5f][Pipeline:y] DAG: gen_y -> collect_y
I, [2025-10-27T13:41:31.450008 #8588]  INFO -- : [Pipeline:z][Producer:gen_z] Starting 
E, [2025-10-27T13:41:31.450174 #8588] ERROR -- : [Pipeline:z][Producer:gen_z] Error: undefined method 'emit' for an instance of #<Class:0x000001bb74d8ef60>
I, [2025-10-27T13:41:31.450204 #8588]  INFO -- : [Pipeline:z][Producer:gen_z] Done
I, [2025-10-27T13:41:31.450093 #8588]  INFO -- : [Pipeline:y][Producer:gen_y] Starting 
E, [2025-10-27T13:41:31.450279 #8588] ERROR -- : [Pipeline:y][Producer:gen_y] Error: undefined method 'emit' for an instance of #<Class:0x000001bb74d8ef60>
I, [2025-10-27T13:41:31.450311 #8588]  INFO -- : [Pipeline:y][Producer:gen_y] Done
I, [2025-10-27T13:41:31.450061 #8588]  INFO -- : [Pipeline:z][Worker:collect_z] Starting
I, [2025-10-27T13:41:31.450393 #8588]  INFO -- : [Pipeline:z][Worker:collect_z] Done
I, [2025-10-27T13:41:31.449834 #8588]  INFO -- : [Pipeline:x][Worker:collect_x] Done
I, [2025-10-27T13:41:31.450127 #8588]  INFO -- : [Pipeline:y][Worker:collect_y] Starting
I, [2025-10-27T13:41:31.450560 #8588]  INFO -- : [Pipeline:y][Worker:collect_y] Done
I, [2025-10-27T13:41:31.450500 #8588]  INFO -- : [Job:e6806e5f][Pipeline:x] Finished in 0.0s
I, [2025-10-27T13:41:31.450652 #8588]  INFO -- : [Pipeline:default][Producer:x] Done
#<Thread:0x000001bb751f1058 C:/workspace/minigun/lib/minigun/pipeline.rb:345 run> terminated with exception 
(report_on_exception is true):
C:/workspace/minigun/lib/minigun/pipeline.rb:371:in 'block in Minigun::Pipeline#start_producer_thread': PipelineStage 
producers not yet compatible with queue-based DSL (NotImplementedError)
I, [2025-10-27T13:41:31.450615 #8588]  INFO -- : [Job:e6806e5f][Pipeline:y] Finished in 0.0s
    each pipeline operates independently (FAILED - 97)I, [2025-10-27T13:41:31.450807 #8588]  INFO -- : [Pipeline:default][Producer:y] Done
#<Thread:0x000001bb751f0f68 C:/workspace/minigun/lib/minigun/pipeline.rb:345 run> terminated with exception 
(report_on_exception is true):
C:/workspace/minigun/lib/minigun/pipeline.rb:371:in 'block in Minigun::Pipeline#start_producer_thread': PipelineStage 
producers not yet compatible with queue-based DSL (NotImplementedError)


Minigun::Execution::InlineExecutor
  #execute_stage_item
    executes stage immediately in same thread (FAILED - 98)
    executes in calling thread (FAILED - 99)
  #shutdown
    does nothing (no resources to clean up)

Minigun::Stage
  base class
    raises NotImplementedError for abstract execute method

emit_to_stage v2
  execution context integration
I, [2025-10-27T13:41:31.450459 #8588]  INFO -- : [Job:e6806e5f][Pipeline:z] Finished in 0.0s
I, [2025-10-27T13:41:31.452759 #8588]  INFO -- : [Pipeline:default][Producer:z] Done
#<Thread:0x000001bb751f0e78 C:/workspace/minigun/lib/minigun/pipeline.rb:345 run> terminated with exception 
(report_on_exception is true):
C:/workspace/minigun/lib/minigun/pipeline.rb:371:in 'block in Minigun::Pipeline#start_producer_thread': PipelineStage 
producers not yet compatible with queue-based DSL (NotImplementedError)
I, [2025-10-27T13:41:31.452701 #8588]  INFO -- : [Job:3b4cce61]  started
I, [2025-10-27T13:41:31.452845 #8588]  INFO -- : [Job:3b4cce61] Configuration: max_processes=2, max_threads=5
I, [2025-10-27T13:41:31.452893 #8588]  INFO -- : [Job:3b4cce61][Pipeline:default] Starting
[DAG BUILD] BEFORE handle_multiple_producers: edges=
[DAG BUILD] AFTER handle_multiple_producers: edges=gen->router | router->
[DAG BUILD] AFTER fill_sequential_gaps: edges=gen->router | router->threaded_consumer | threaded_consumer->inline_consumer | inline_consumer->
I, [2025-10-27T13:41:31.453039 #8588]  INFO -- : [Job:3b4cce61][Pipeline:default] DAG: gen -> router -> threaded_consumer -> inline_consumer
I, [2025-10-27T13:41:31.453183 #8588]  INFO -- : [Pipeline:default][Producer:gen] Starting 
E, [2025-10-27T13:41:31.453351 #8588] ERROR -- : [Pipeline:default][Producer:gen] Error: undefined method 'emit' for an instance of #<Class:0x000001bb74af4890>
I, [2025-10-27T13:41:31.453435 #8588]  INFO -- : [Pipeline:default][Producer:gen] Done
I, [2025-10-27T13:41:31.453380 #8588]  INFO -- : [Pipeline:default][Worker:inline_consumer] Starting
I, [2025-10-27T13:41:31.453246 #8588]  INFO -- : [Pipeline:default][Worker:router] Starting
E, [2025-10-27T13:41:31.453576 #8588] ERROR -- : [Pipeline:default][Stage:router] Error: undefined method 'emit_to_stage' for an instance of #<Class:0x000001bb74af4890>
E, [2025-10-27T13:41:31.453639 #8588] ERROR -- : C:/workspace/minigun/spec/unit/emit_to_stage_v2_spec.rb:332:in 'block (6 levels) in <top (required)>'
C:/workspace/minigun/lib/minigun/stage.rb:112:in 'BasicObject#instance_exec'
C:/workspace/minigun/lib/minigun/stage.rb:112:in 'Minigun::AtomicStage#execute'
C:/workspace/minigun/lib/minigun/execution/executor.rb:62:in 'Minigun::Execution::Executor#run_stage_logic'
C:/workspace/minigun/lib/minigun/execution/executor.rb:71:in 'Minigun::Execution::InlineExecutor#execute_with_strategy'
C:/workspace/minigun/lib/minigun/execution/executor.rb:31:in 'Minigun::Execution::Executor#execute_stage_item'
C:/workspace/minigun/lib/minigun/execution/stage_worker.rb:214:in 'Minigun::Execution::StageWorker#execute_stage_with_queues'
C:/workspace/minigun/lib/minigun/execution/stage_worker.rb:140:in 'Minigun::Execution::StageWorker#run_processor_loop'
C:/workspace/minigun/lib/minigun/execution/stage_worker.rb:74:in 'Minigun::Execution::StageWorker#run_worker_loop'
C:/workspace/minigun/lib/minigun/execution/stage_worker.rb:29:in 'block in Minigun::Execution::StageWorker#start'
I, [2025-10-27T13:41:31.453686 #8588]  INFO -- : [Pipeline:default][Worker:router] Done
I, [2025-10-27T13:41:31.453294 #8588]  INFO -- : [Pipeline:default][Worker:threaded_consumer] Starting
I, [2025-10-27T13:41:31.453770 #8588]  INFO -- : [Pipeline:default][Worker:threaded_consumer] Done
I, [2025-10-27T13:41:31.453818 #8588]  INFO -- : [Pipeline:default][Worker:inline_consumer] Done
I, [2025-10-27T13:41:31.453893 #8588]  INFO -- : [Job:3b4cce61][Pipeline:default] Finished in 0.0s
I, [2025-10-27T13:41:31.453948 #8588]  INFO -- : [Job:3b4cce61]  finished
I, [2025-10-27T13:41:31.453984 #8588]  INFO -- : [Job:3b4cce61] Runtime: 0.0s
I, [2025-10-27T13:41:31.454011 #8588]  INFO -- : [Job:3b4cce61] Pipeline 'default': 0 produced, 0 consumed, 0.0 items/s
I, [2025-10-27T13:41:31.454032 #8588]  INFO -- : [Job:3b4cce61] Bottleneck: gen (0.0 items/s)
I, [2025-10-27T13:41:31.454064 #8588]  INFO -- : [Job:3b4cce61] Total: 0 items, 0.0 items/min
    works across different execution contexts (FAILED - 100)
I, [2025-10-27T13:41:31.454250 #8588]  INFO -- : [Job:1eeb2dfe]  started
I, [2025-10-27T13:41:31.454299 #8588]  INFO -- : [Job:1eeb2dfe] Configuration: max_processes=2, max_threads=5
I, [2025-10-27T13:41:31.454340 #8588]  INFO -- : [Job:1eeb2dfe][Pipeline:default] Starting
[DAG BUILD] BEFORE handle_multiple_producers: edges=
[DAG BUILD] AFTER handle_multiple_producers: edges=gen->router | router->
[DAG BUILD] AFTER fill_sequential_gaps: edges=gen->router | router->worker1 | worker1->worker2 | worker2->
I, [2025-10-27T13:41:31.454420 #8588]  INFO -- : [Job:1eeb2dfe][Pipeline:default] DAG: gen -> router -> worker1 -> worker2
I, [2025-10-27T13:41:31.454550 #8588]  INFO -- : [Pipeline:default][Producer:gen] Starting 
E, [2025-10-27T13:41:31.454649 #8588] ERROR -- : [Pipeline:default][Producer:gen] Error: undefined method 'emit' for an instance of #<Class:0x000001bb74a61ae0>
I, [2025-10-27T13:41:31.454760 #8588]  INFO -- : [Pipeline:default][Producer:gen] Done
I, [2025-10-27T13:41:31.454580 #8588]  INFO -- : [Pipeline:default][Worker:router] Starting
E, [2025-10-27T13:41:31.454860 #8588] ERROR -- : [Pipeline:default][Stage:router] Error: undefined method '<' for an instance of Minigun::InputQueue
E, [2025-10-27T13:41:31.454919 #8588] ERROR -- : C:/workspace/minigun/spec/unit/emit_to_stage_v2_spec.rb:281:in 'block (6 levels) in <top (required)>'
C:/workspace/minigun/lib/minigun/stage.rb:112:in 'BasicObject#instance_exec'
C:/workspace/minigun/lib/minigun/stage.rb:112:in 'Minigun::AtomicStage#execute'
C:/workspace/minigun/lib/minigun/execution/executor.rb:62:in 'Minigun::Execution::Executor#run_stage_logic'
C:/workspace/minigun/lib/minigun/execution/executor.rb:71:in 'Minigun::Execution::InlineExecutor#execute_with_strategy'
C:/workspace/minigun/lib/minigun/execution/executor.rb:31:in 'Minigun::Execution::Executor#execute_stage_item'
C:/workspace/minigun/lib/minigun/execution/stage_worker.rb:214:in 'Minigun::Execution::StageWorker#execute_stage_with_queues'
C:/workspace/minigun/lib/minigun/execution/stage_worker.rb:140:in 'Minigun::Execution::StageWorker#run_processor_loop'
C:/workspace/minigun/lib/minigun/execution/stage_worker.rb:74:in 'Minigun::Execution::StageWorker#run_worker_loop'
C:/workspace/minigun/lib/minigun/execution/stage_worker.rb:29:in 'block in Minigun::Execution::StageWorker#start'
I, [2025-10-27T13:41:31.454975 #8588]  INFO -- : [Pipeline:default][Worker:router] Done
I, [2025-10-27T13:41:31.454692 #8588]  INFO -- : [Pipeline:default][Worker:worker1] Starting
I, [2025-10-27T13:41:31.455072 #8588]  INFO -- : [Pipeline:default][Worker:worker1] Done
I, [2025-10-27T13:41:31.454728 #8588]  INFO -- : [Pipeline:default][Worker:worker2] Starting
I, [2025-10-27T13:41:31.455163 #8588]  INFO -- : [Pipeline:default][Worker:worker2] Done
I, [2025-10-27T13:41:31.455208 #8588]  INFO -- : [Job:1eeb2dfe][Pipeline:default] Finished in 0.0s
I, [2025-10-27T13:41:31.455262 #8588]  INFO -- : [Job:1eeb2dfe]  finished
I, [2025-10-27T13:41:31.455296 #8588]  INFO -- : [Job:1eeb2dfe] Runtime: 0.0s
I, [2025-10-27T13:41:31.455342 #8588]  INFO -- : [Job:1eeb2dfe] Pipeline 'default': 0 produced, 0 consumed, 0.0 items/s
I, [2025-10-27T13:41:31.455374 #8588]  INFO -- : [Job:1eeb2dfe] Bottleneck: gen (0.0 items/s)
I, [2025-10-27T13:41:31.455397 #8588]  INFO -- : [Job:1eeb2dfe] Total: 0 items, 0.0 items/min
    works with threaded consumers (FAILED - 101)
  basic functionality
I, [2025-10-27T13:41:31.455693 #8588]  INFO -- : [Job:f5100e0e]  started
I, [2025-10-27T13:41:31.455745 #8588]  INFO -- : [Job:f5100e0e] Configuration: max_processes=2, max_threads=5
I, [2025-10-27T13:41:31.455789 #8588]  INFO -- : [Job:f5100e0e][Pipeline:default] Starting
[DAG BUILD] BEFORE handle_multiple_producers: edges=
[DAG BUILD] AFTER handle_multiple_producers: edges=gen->router | router->
[DAG BUILD] AFTER fill_sequential_gaps: edges=gen->router | router->normal | normal->special | special->
I, [2025-10-27T13:41:31.455864 #8588]  INFO -- : [Job:f5100e0e][Pipeline:default] DAG: gen -> router -> normal -> special
I, [2025-10-27T13:41:31.457716 #8588]  INFO -- : [Pipeline:default][Producer:gen] Starting 
E, [2025-10-27T13:41:31.457915 #8588] ERROR -- : [Pipeline:default][Producer:gen] Error: undefined method 'emit' for an instance of #<Class:0x000001bb7442c260>
I, [2025-10-27T13:41:31.458007 #8588]  INFO -- : [Pipeline:default][Producer:gen] Done
I, [2025-10-27T13:41:31.457951 #8588]  INFO -- : [Pipeline:default][Worker:special] Starting
I, [2025-10-27T13:41:31.457795 #8588]  INFO -- : [Pipeline:default][Worker:router] Starting
E, [2025-10-27T13:41:31.458147 #8588] ERROR -- : [Pipeline:default][Stage:router] Error: undefined method '*' for an instance of Minigun::InputQueue
E, [2025-10-27T13:41:31.458234 #8588] ERROR -- : C:/workspace/minigun/spec/unit/emit_to_stage_v2_spec.rb:65:in 'block (6 levels) in <top (required)>'
C:/workspace/minigun/lib/minigun/stage.rb:112:in 'BasicObject#instance_exec'
C:/workspace/minigun/lib/minigun/stage.rb:112:in 'Minigun::AtomicStage#execute'
C:/workspace/minigun/lib/minigun/execution/executor.rb:62:in 'Minigun::Execution::Executor#run_stage_logic'
C:/workspace/minigun/lib/minigun/execution/executor.rb:71:in 'Minigun::Execution::InlineExecutor#execute_with_strategy'
C:/workspace/minigun/lib/minigun/execution/executor.rb:31:in 'Minigun::Execution::Executor#execute_stage_item'
C:/workspace/minigun/lib/minigun/execution/stage_worker.rb:214:in 'Minigun::Execution::StageWorker#execute_stage_with_queues'
C:/workspace/minigun/lib/minigun/execution/stage_worker.rb:140:in 'Minigun::Execution::StageWorker#run_processor_loop'
C:/workspace/minigun/lib/minigun/execution/stage_worker.rb:74:in 'Minigun::Execution::StageWorker#run_worker_loop'
C:/workspace/minigun/lib/minigun/execution/stage_worker.rb:29:in 'block in Minigun::Execution::StageWorker#start'
I, [2025-10-27T13:41:31.458288 #8588]  INFO -- : [Pipeline:default][Worker:router] Done
I, [2025-10-27T13:41:31.457850 #8588]  INFO -- : [Pipeline:default][Worker:normal] Starting
I, [2025-10-27T13:41:31.458430 #8588]  INFO -- : [Pipeline:default][Worker:normal] Done
I, [2025-10-27T13:41:31.458492 #8588]  INFO -- : [Pipeline:default][Worker:special] Done
I, [2025-10-27T13:41:31.458569 #8588]  INFO -- : [Job:f5100e0e][Pipeline:default] Finished in 0.0s
I, [2025-10-27T13:41:31.458625 #8588]  INFO -- : [Job:f5100e0e]  finished
I, [2025-10-27T13:41:31.458704 #8588]  INFO -- : [Job:f5100e0e] Runtime: 0.0s
I, [2025-10-27T13:41:31.458766 #8588]  INFO -- : [Job:f5100e0e] Pipeline 'default': 0 produced, 0 consumed, 0.0 items/s
I, [2025-10-27T13:41:31.458816 #8588]  INFO -- : [Job:f5100e0e] Bottleneck: gen (0.0 items/s)
I, [2025-10-27T13:41:31.458851 #8588]  INFO -- : [Job:f5100e0e] Total: 0 items, 0.0 items/min
    allows mixing emit and emit_to_stage in same stage (FAILED - 102)
I, [2025-10-27T13:41:31.459050 #8588]  INFO -- : [Job:a3253b1f]  started
I, [2025-10-27T13:41:31.459090 #8588]  INFO -- : [Job:a3253b1f] Configuration: max_processes=2, max_threads=5
I, [2025-10-27T13:41:31.459115 #8588]  INFO -- : [Job:a3253b1f][Pipeline:default] Starting
[DAG BUILD] BEFORE handle_multiple_producers: edges=
[DAG BUILD] AFTER handle_multiple_producers: edges=gen->router | router->
[DAG BUILD] AFTER fill_sequential_gaps: edges=gen->router | router->fast | fast->slow | slow->
I, [2025-10-27T13:41:31.459214 #8588]  INFO -- : [Job:a3253b1f][Pipeline:default] DAG: gen -> router -> fast -> slow
I, [2025-10-27T13:41:31.459346 #8588]  INFO -- : [Pipeline:default][Producer:gen] Starting 
E, [2025-10-27T13:41:31.459452 #8588] ERROR -- : [Pipeline:default][Producer:gen] Error: undefined method 'emit' for an instance of #<Class:0x000001bb0182ae70>
I, [2025-10-27T13:41:31.459587 #8588]  INFO -- : [Pipeline:default][Producer:gen] Done
I, [2025-10-27T13:41:31.459393 #8588]  INFO -- : [Pipeline:default][Worker:fast] Starting
I, [2025-10-27T13:41:31.459550 #8588]  INFO -- : [Pipeline:default][Worker:slow] Starting
I, [2025-10-27T13:41:31.459494 #8588]  INFO -- : [Pipeline:default][Worker:router] Starting
E, [2025-10-27T13:41:31.459756 #8588] ERROR -- : [Pipeline:default][Stage:router] Error: undefined method '[]' for an instance of Minigun::InputQueue
E, [2025-10-27T13:41:31.459810 #8588] ERROR -- : C:/workspace/minigun/spec/unit/emit_to_stage_v2_spec.rb:24:in 'block (6 levels) in <top (required)>'
C:/workspace/minigun/lib/minigun/stage.rb:112:in 'BasicObject#instance_exec'
C:/workspace/minigun/lib/minigun/stage.rb:112:in 'Minigun::AtomicStage#execute'
C:/workspace/minigun/lib/minigun/execution/executor.rb:62:in 'Minigun::Execution::Executor#run_stage_logic'
C:/workspace/minigun/lib/minigun/execution/executor.rb:71:in 'Minigun::Execution::InlineExecutor#execute_with_strategy'
C:/workspace/minigun/lib/minigun/execution/executor.rb:31:in 'Minigun::Execution::Executor#execute_stage_item'
C:/workspace/minigun/lib/minigun/execution/stage_worker.rb:214:in 'Minigun::Execution::StageWorker#execute_stage_with_queues'
C:/workspace/minigun/lib/minigun/execution/stage_worker.rb:140:in 'Minigun::Execution::StageWorker#run_processor_loop'
C:/workspace/minigun/lib/minigun/execution/stage_worker.rb:74:in 'Minigun::Execution::StageWorker#run_worker_loop'
C:/workspace/minigun/lib/minigun/execution/stage_worker.rb:29:in 'block in Minigun::Execution::StageWorker#start'
I, [2025-10-27T13:41:31.459870 #8588]  INFO -- : [Pipeline:default][Worker:router] Done
I, [2025-10-27T13:41:31.459990 #8588]  INFO -- : [Pipeline:default][Worker:slow] Done
I, [2025-10-27T13:41:31.459924 #8588]  INFO -- : [Pipeline:default][Worker:fast] Done
I, [2025-10-27T13:41:31.460067 #8588]  INFO -- : [Job:a3253b1f][Pipeline:default] Finished in 0.0s
I, [2025-10-27T13:41:31.460125 #8588]  INFO -- : [Job:a3253b1f]  finished
I, [2025-10-27T13:41:31.460159 #8588]  INFO -- : [Job:a3253b1f] Runtime: 0.0s
I, [2025-10-27T13:41:31.460184 #8588]  INFO -- : [Job:a3253b1f] Pipeline 'default': 0 produced, 0 consumed, 0.0 items/s
I, [2025-10-27T13:41:31.460209 #8588]  INFO -- : [Job:a3253b1f] Bottleneck: gen (0.0 items/s)
I, [2025-10-27T13:41:31.460257 #8588]  INFO -- : [Job:a3253b1f] Total: 0 items, 0.0 items/min
    routes items to explicitly named stage (FAILED - 103)
I, [2025-10-27T13:41:31.460447 #8588]  INFO -- : [Job:c199bc7e]  started
I, [2025-10-27T13:41:31.460491 #8588]  INFO -- : [Job:c199bc7e] Configuration: max_processes=2, max_threads=5
I, [2025-10-27T13:41:31.460513 #8588]  INFO -- : [Job:c199bc7e][Pipeline:default] Starting
[DAG BUILD] BEFORE handle_multiple_producers: edges=
[DAG BUILD] AFTER handle_multiple_producers: edges=gen->splitter | splitter->
[DAG BUILD] AFTER fill_sequential_gaps: edges=gen->splitter | splitter->consumer_a | consumer_a->consumer_b | consumer_b->consumer_c | consumer_c->
I, [2025-10-27T13:41:31.460600 #8588]  INFO -- : [Job:c199bc7e][Pipeline:default] DAG: gen -> splitter -> consumer_a -> consumer_b -> consumer_c
I, [2025-10-27T13:41:31.460738 #8588]  INFO -- : [Pipeline:default][Producer:gen] Starting 
E, [2025-10-27T13:41:31.460896 #8588] ERROR -- : [Pipeline:default][Producer:gen] Error: undefined method 'emit' for an instance of #<Class:0x000001bb01825470>
I, [2025-10-27T13:41:31.461019 #8588]  INFO -- : [Pipeline:default][Producer:gen] Done
I, [2025-10-27T13:41:31.460938 #8588]  INFO -- : [Pipeline:default][Worker:consumer_b] Starting
I, [2025-10-27T13:41:31.460980 #8588]  INFO -- : [Pipeline:default][Worker:consumer_c] Starting
I, [2025-10-27T13:41:31.460787 #8588]  INFO -- : [Pipeline:default][Worker:splitter] Starting
E, [2025-10-27T13:41:31.461209 #8588] ERROR -- : [Pipeline:default][Stage:splitter] Error: undefined method '[]' for an instance of Minigun::InputQueue
E, [2025-10-27T13:41:31.461252 #8588] ERROR -- : C:/workspace/minigun/spec/unit/emit_to_stage_v2_spec.rb:102:in 'block (6 levels) in <top (required)>'
C:/workspace/minigun/lib/minigun/stage.rb:112:in 'BasicObject#instance_exec'
C:/workspace/minigun/lib/minigun/stage.rb:112:in 'Minigun::AtomicStage#execute'
C:/workspace/minigun/lib/minigun/execution/executor.rb:62:in 'Minigun::Execution::Executor#run_stage_logic'
C:/workspace/minigun/lib/minigun/execution/executor.rb:71:in 'Minigun::Execution::InlineExecutor#execute_with_strategy'
C:/workspace/minigun/lib/minigun/execution/executor.rb:31:in 'Minigun::Execution::Executor#execute_stage_item'
C:/workspace/minigun/lib/minigun/execution/stage_worker.rb:214:in 'Minigun::Execution::StageWorker#execute_stage_with_queues'
C:/workspace/minigun/lib/minigun/execution/stage_worker.rb:140:in 'Minigun::Execution::StageWorker#run_processor_loop'
C:/workspace/minigun/lib/minigun/execution/stage_worker.rb:74:in 'Minigun::Execution::StageWorker#run_worker_loop'
C:/workspace/minigun/lib/minigun/execution/stage_worker.rb:29:in 'block in Minigun::Execution::StageWorker#start'
I, [2025-10-27T13:41:31.461301 #8588]  INFO -- : [Pipeline:default][Worker:splitter] Done
I, [2025-10-27T13:41:31.460841 #8588]  INFO -- : [Pipeline:default][Worker:consumer_a] Starting
I, [2025-10-27T13:41:31.461362 #8588]  INFO -- : [Pipeline:default][Worker:consumer_a] Done
I, [2025-10-27T13:41:31.461454 #8588]  INFO -- : [Pipeline:default][Worker:consumer_c] Done
I, [2025-10-27T13:41:31.461404 #8588]  INFO -- : [Pipeline:default][Worker:consumer_b] Done
I, [2025-10-27T13:41:31.461530 #8588]  INFO -- : [Job:c199bc7e][Pipeline:default] Finished in 0.0s
I, [2025-10-27T13:41:31.461588 #8588]  INFO -- : [Job:c199bc7e]  finished
I, [2025-10-27T13:41:31.461635 #8588]  INFO -- : [Job:c199bc7e] Runtime: 0.0s
I, [2025-10-27T13:41:31.461683 #8588]  INFO -- : [Job:c199bc7e] Pipeline 'default': 0 produced, 0 consumed, 0.0 items/s
I, [2025-10-27T13:41:31.461714 #8588]  INFO -- : [Job:c199bc7e] Bottleneck: gen (0.0 items/s)
I, [2025-10-27T13:41:31.461734 #8588]  INFO -- : [Job:c199bc7e] Total: 0 items, 0.0 items/min
    can emit_to_stage multiple times in single stage (FAILED - 104)
  complex routing patterns
I, [2025-10-27T13:41:31.462174 #8588]  INFO -- : [Job:aabfd9ad]  started
I, [2025-10-27T13:41:31.462220 #8588]  INFO -- : [Job:aabfd9ad] Configuration: max_processes=2, max_threads=5
I, [2025-10-27T13:41:31.462242 #8588]  INFO -- : [Job:aabfd9ad][Pipeline:default] Starting
[DAG BUILD] BEFORE handle_multiple_producers: edges=
[DAG BUILD] AFTER handle_multiple_producers: edges=gen->type_router | type_router->
[DAG BUILD] AFTER fill_sequential_gaps: edges=gen->type_router | type_router->a_processor | a_processor->b_processor | b_processor->high_priority | high_priority->low_priority | low_priority->
I, [2025-10-27T13:41:31.462349 #8588]  INFO -- : [Job:aabfd9ad][Pipeline:default] DAG: gen -> type_router -> a_processor -> b_processor -> high_priority -> low_priority
I, [2025-10-27T13:41:31.462537 #8588]  INFO -- : [Pipeline:default][Producer:gen] Starting 
E, [2025-10-27T13:41:31.462699 #8588] ERROR -- : [Pipeline:default][Producer:gen] Error: undefined method 'emit' for an instance of #<Class:0x000001bb0175d8f8>
I, [2025-10-27T13:41:31.462786 #8588]  INFO -- : [Pipeline:default][Producer:gen] Done
I, [2025-10-27T13:41:31.462657 #8588]  INFO -- : [Pipeline:default][Worker:low_priority] Starting
I, [2025-10-27T13:41:31.462728 #8588]  INFO -- : [Pipeline:default][Worker:high_priority] Starting
I, [2025-10-27T13:41:31.462754 #8588]  INFO -- : [Pipeline:default][Worker:a_processor] Starting
E, [2025-10-27T13:41:31.462941 #8588] ERROR -- : [Pipeline:default][Stage:a_processor] Error: undefined method '[]' for an instance of Minigun::InputQueue
E, [2025-10-27T13:41:31.462980 #8588] ERROR -- : C:/workspace/minigun/spec/unit/emit_to_stage_v2_spec.rb:238:in 'block (6 levels) in <top (required)>'
C:/workspace/minigun/lib/minigun/stage.rb:112:in 'BasicObject#instance_exec'
C:/workspace/minigun/lib/minigun/stage.rb:112:in 'Minigun::AtomicStage#execute'
C:/workspace/minigun/lib/minigun/execution/executor.rb:62:in 'Minigun::Execution::Executor#run_stage_logic'
C:/workspace/minigun/lib/minigun/execution/executor.rb:71:in 'Minigun::Execution::InlineExecutor#execute_with_strategy'
C:/workspace/minigun/lib/minigun/execution/executor.rb:31:in 'Minigun::Execution::Executor#execute_stage_item'
C:/workspace/minigun/lib/minigun/execution/stage_worker.rb:214:in 'Minigun::Execution::StageWorker#execute_stage_with_queues'
C:/workspace/minigun/lib/minigun/execution/stage_worker.rb:140:in 'Minigun::Execution::StageWorker#run_processor_loop'
C:/workspace/minigun/lib/minigun/execution/stage_worker.rb:74:in 'Minigun::Execution::StageWorker#run_worker_loop'
C:/workspace/minigun/lib/minigun/execution/stage_worker.rb:29:in 'block in Minigun::Execution::StageWorker#start'
I, [2025-10-27T13:41:31.463022 #8588]  INFO -- : [Pipeline:default][Worker:a_processor] Done
I, [2025-10-27T13:41:31.462624 #8588]  INFO -- : [Pipeline:default][Worker:b_processor] Starting
E, [2025-10-27T13:41:31.463098 #8588] ERROR -- : [Pipeline:default][Stage:b_processor] Error: undefined method '[]' for an instance of Minigun::InputQueue
E, [2025-10-27T13:41:31.463144 #8588] ERROR -- : C:/workspace/minigun/spec/unit/emit_to_stage_v2_spec.rb:242:in 'block (6 levels) in <top (required)>'
C:/workspace/minigun/lib/minigun/stage.rb:112:in 'BasicObject#instance_exec'
C:/workspace/minigun/lib/minigun/stage.rb:112:in 'Minigun::AtomicStage#execute'
C:/workspace/minigun/lib/minigun/execution/executor.rb:62:in 'Minigun::Execution::Executor#run_stage_logic'
C:/workspace/minigun/lib/minigun/execution/executor.rb:71:in 'Minigun::Execution::InlineExecutor#execute_with_strategy'
C:/workspace/minigun/lib/minigun/execution/executor.rb:31:in 'Minigun::Execution::Executor#execute_stage_item'
C:/workspace/minigun/lib/minigun/execution/stage_worker.rb:214:in 'Minigun::Execution::StageWorker#execute_stage_with_queues'
C:/workspace/minigun/lib/minigun/execution/stage_worker.rb:140:in 'Minigun::Execution::StageWorker#run_processor_loop'
C:/workspace/minigun/lib/minigun/execution/stage_worker.rb:74:in 'Minigun::Execution::StageWorker#run_worker_loop'
C:/workspace/minigun/lib/minigun/execution/stage_worker.rb:29:in 'block in Minigun::Execution::StageWorker#start'
I, [2025-10-27T13:41:31.463181 #8588]  INFO -- : [Pipeline:default][Worker:b_processor] Done
I, [2025-10-27T13:41:31.463258 #8588]  INFO -- : [Pipeline:default][Worker:low_priority] Done
I, [2025-10-27T13:41:31.463212 #8588]  INFO -- : [Pipeline:default][Worker:high_priority] Done
I, [2025-10-27T13:41:31.462586 #8588]  INFO -- : [Pipeline:default][Worker:type_router] Starting
E, [2025-10-27T13:41:31.463356 #8588] ERROR -- : [Pipeline:default][Stage:type_router] Error: undefined method '[]' for an instance of Minigun::InputQueue
E, [2025-10-27T13:41:31.463399 #8588] ERROR -- : C:/workspace/minigun/spec/unit/emit_to_stage_v2_spec.rb:234:in 'block (6 levels) in <top (required)>'
C:/workspace/minigun/lib/minigun/stage.rb:112:in 'BasicObject#instance_exec'
C:/workspace/minigun/lib/minigun/stage.rb:112:in 'Minigun::AtomicStage#execute'
C:/workspace/minigun/lib/minigun/execution/executor.rb:62:in 'Minigun::Execution::Executor#run_stage_logic'
C:/workspace/minigun/lib/minigun/execution/executor.rb:71:in 'Minigun::Execution::InlineExecutor#execute_with_strategy'
C:/workspace/minigun/lib/minigun/execution/executor.rb:31:in 'Minigun::Execution::Executor#execute_stage_item'
C:/workspace/minigun/lib/minigun/execution/stage_worker.rb:214:in 'Minigun::Execution::StageWorker#execute_stage_with_queues'
C:/workspace/minigun/lib/minigun/execution/stage_worker.rb:140:in 'Minigun::Execution::StageWorker#run_processor_loop'
C:/workspace/minigun/lib/minigun/execution/stage_worker.rb:74:in 'Minigun::Execution::StageWorker#run_worker_loop'
C:/workspace/minigun/lib/minigun/execution/stage_worker.rb:29:in 'block in Minigun::Execution::StageWorker#start'
I, [2025-10-27T13:41:31.463454 #8588]  INFO -- : [Pipeline:default][Worker:type_router] Done
I, [2025-10-27T13:41:31.463497 #8588]  INFO -- : [Job:aabfd9ad][Pipeline:default] Finished in 0.0s
I, [2025-10-27T13:41:31.463551 #8588]  INFO -- : [Job:aabfd9ad]  finished
I, [2025-10-27T13:41:31.463600 #8588]  INFO -- : [Job:aabfd9ad] Runtime: 0.0s
I, [2025-10-27T13:41:31.463635 #8588]  INFO -- : [Job:aabfd9ad] Pipeline 'default': 0 produced, 0 consumed, 0.0 items/s
I, [2025-10-27T13:41:31.463666 #8588]  INFO -- : [Job:aabfd9ad] Bottleneck: gen (0.0 items/s)
I, [2025-10-27T13:41:31.463691 #8588]  INFO -- : [Job:aabfd9ad] Total: 0 items, 0.0 items/min
    supports multi-level routing (FAILED - 105)
I, [2025-10-27T13:41:31.463904 #8588]  INFO -- : [Job:a3539d71]  started
I, [2025-10-27T13:41:31.463953 #8588]  INFO -- : [Job:a3539d71] Configuration: max_processes=2, max_threads=5
I, [2025-10-27T13:41:31.464005 #8588]  INFO -- : [Job:a3539d71][Pipeline:default] Starting
[DAG BUILD] BEFORE handle_multiple_producers: edges=
[DAG BUILD] AFTER handle_multiple_producers: edges=gen->load_balancer | load_balancer->
[DAG BUILD] AFTER fill_sequential_gaps: edges=gen->load_balancer | load_balancer->worker_0 | worker_0->worker_1 | worker_1->worker_2 | worker_2->
I, [2025-10-27T13:41:31.464097 #8588]  INFO -- : [Job:a3539d71][Pipeline:default] DAG: gen -> load_balancer -> worker_0 -> worker_1 -> worker_2
I, [2025-10-27T13:41:31.464243 #8588]  INFO -- : [Pipeline:default][Producer:gen] Starting 
E, [2025-10-27T13:41:31.464371 #8588] ERROR -- : [Pipeline:default][Producer:gen] Error: undefined method 'emit' for an instance of #<Class:0x000001bb0161a0b8>
I, [2025-10-27T13:41:31.464460 #8588]  INFO -- : [Pipeline:default][Producer:gen] Done
I, [2025-10-27T13:41:31.464399 #8588]  INFO -- : [Pipeline:default][Worker:worker_1] Starting
I, [2025-10-27T13:41:31.464426 #8588]  INFO -- : [Pipeline:default][Worker:worker_2] Starting
I, [2025-10-27T13:41:31.464285 #8588]  INFO -- : [Pipeline:default][Worker:load_balancer] Starting
E, [2025-10-27T13:41:31.464664 #8588] ERROR -- : [Pipeline:default][Stage:load_balancer] Error: undefined method 'emit_to_stage' for an instance of #<Class:0x000001bb0161a0b8>
E, [2025-10-27T13:41:31.464709 #8588] ERROR -- : C:/workspace/minigun/spec/unit/emit_to_stage_v2_spec.rb:191:in 'block (6 levels) in <top (required)>'
C:/workspace/minigun/lib/minigun/stage.rb:112:in 'BasicObject#instance_exec'
C:/workspace/minigun/lib/minigun/stage.rb:112:in 'Minigun::AtomicStage#execute'
C:/workspace/minigun/lib/minigun/execution/executor.rb:62:in 'Minigun::Execution::Executor#run_stage_logic'
C:/workspace/minigun/lib/minigun/execution/executor.rb:71:in 'Minigun::Execution::InlineExecutor#execute_with_strategy'
C:/workspace/minigun/lib/minigun/execution/executor.rb:31:in 'Minigun::Execution::Executor#execute_stage_item'
C:/workspace/minigun/lib/minigun/execution/stage_worker.rb:214:in 'Minigun::Execution::StageWorker#execute_stage_with_queues'
C:/workspace/minigun/lib/minigun/execution/stage_worker.rb:140:in 'Minigun::Execution::StageWorker#run_processor_loop'
C:/workspace/minigun/lib/minigun/execution/stage_worker.rb:74:in 'Minigun::Execution::StageWorker#run_worker_loop'
C:/workspace/minigun/lib/minigun/execution/stage_worker.rb:29:in 'block in Minigun::Execution::StageWorker#start'
I, [2025-10-27T13:41:31.464747 #8588]  INFO -- : [Pipeline:default][Worker:load_balancer] Done
I, [2025-10-27T13:41:31.464331 #8588]  INFO -- : [Pipeline:default][Worker:worker_0] Starting
I, [2025-10-27T13:41:31.464808 #8588]  INFO -- : [Pipeline:default][Worker:worker_0] Done
I, [2025-10-27T13:41:31.464916 #8588]  INFO -- : [Pipeline:default][Worker:worker_2] Done
I, [2025-10-27T13:41:31.464861 #8588]  INFO -- : [Pipeline:default][Worker:worker_1] Done
I, [2025-10-27T13:41:31.464997 #8588]  INFO -- : [Job:a3539d71][Pipeline:default] Finished in 0.0s
I, [2025-10-27T13:41:31.465049 #8588]  INFO -- : [Job:a3539d71]  finished
I, [2025-10-27T13:41:31.465081 #8588]  INFO -- : [Job:a3539d71] Runtime: 0.0s
I, [2025-10-27T13:41:31.465106 #8588]  INFO -- : [Job:a3539d71] Pipeline 'default': 0 produced, 0 consumed, 0.0 items/s
I, [2025-10-27T13:41:31.465128 #8588]  INFO -- : [Job:a3539d71] Bottleneck: gen (0.0 items/s)
I, [2025-10-27T13:41:31.465148 #8588]  INFO -- : [Job:a3539d71] Total: 0 items, 0.0 items/min
    supports load balancing pattern (FAILED - 106)
I, [2025-10-27T13:41:31.465330 #8588]  INFO -- : [Job:34b7b9e7]  started
I, [2025-10-27T13:41:31.465371 #8588]  INFO -- : [Job:34b7b9e7] Configuration: max_processes=2, max_threads=5
I, [2025-10-27T13:41:31.465416 #8588]  INFO -- : [Job:34b7b9e7][Pipeline:default] Starting
[DAG BUILD] BEFORE handle_multiple_producers: edges=
[DAG BUILD] AFTER handle_multiple_producers: edges=gen->router | router->
[DAG BUILD] AFTER fill_sequential_gaps: edges=gen->router | router->low | low->high | high->
I, [2025-10-27T13:41:31.465502 #8588]  INFO -- : [Job:34b7b9e7][Pipeline:default] DAG: gen -> router -> low -> high
I, [2025-10-27T13:41:31.465650 #8588]  INFO -- : [Pipeline:default][Producer:gen] Starting 
E, [2025-10-27T13:41:31.465798 #8588] ERROR -- : [Pipeline:default][Producer:gen] Error: undefined method 'emit' for an instance of #<Class:0x000001bb752dc9e0>
I, [2025-10-27T13:41:31.465880 #8588]  INFO -- : [Pipeline:default][Producer:gen] Done
I, [2025-10-27T13:41:31.465834 #8588]  INFO -- : [Pipeline:default][Worker:high] Starting
I, [2025-10-27T13:41:31.465703 #8588]  INFO -- : [Pipeline:default][Worker:router] Starting
I, [2025-10-27T13:41:31.466049 #8588]  INFO -- : [Pipeline:default][Worker:router] Done
I, [2025-10-27T13:41:31.465750 #8588]  INFO -- : [Pipeline:default][Worker:low] Starting
I, [2025-10-27T13:41:31.466250 #8588]  INFO -- : [Pipeline:default][Worker:low] Done
I, [2025-10-27T13:41:31.466306 #8588]  INFO -- : [Pipeline:default][Worker:high] Done
I, [2025-10-27T13:41:31.466390 #8588]  INFO -- : [Job:34b7b9e7][Pipeline:default] Finished in 0.0s
I, [2025-10-27T13:41:31.466433 #8588]  INFO -- : [Job:34b7b9e7]  finished
I, [2025-10-27T13:41:31.466479 #8588]  INFO -- : [Job:34b7b9e7] Runtime: 0.0s
I, [2025-10-27T13:41:31.466515 #8588]  INFO -- : [Job:34b7b9e7] Pipeline 'default': 0 produced, 0 consumed, 0.0 items/s
I, [2025-10-27T13:41:31.466541 #8588]  INFO -- : [Job:34b7b9e7] Bottleneck: gen (0.0 items/s)
I, [2025-10-27T13:41:31.466561 #8588]  INFO -- : [Job:34b7b9e7] Total: 0 items, 0.0 items/min
    supports conditional routing logic (FAILED - 107)
  batching with emit_to_stage
I, [2025-10-27T13:41:31.466793 #8588]  INFO -- : [Job:2cffcaa4]  started
I, [2025-10-27T13:41:31.466838 #8588]  INFO -- : [Job:2cffcaa4] Configuration: max_processes=2, max_threads=5
I, [2025-10-27T13:41:31.466885 #8588]  INFO -- : [Job:2cffcaa4][Pipeline:default] Starting
[DAG BUILD] BEFORE handle_multiple_producers: edges=
[DAG BUILD] AFTER handle_multiple_producers: edges=gen->message_batcher | message_batcher->
[DAG BUILD] AFTER fill_sequential_gaps: edges=gen->message_batcher | message_batcher->email_sender | email_sender->sms_sender | sms_sender->
I, [2025-10-27T13:41:31.466961 #8588]  INFO -- : [Job:2cffcaa4][Pipeline:default] DAG: gen -> message_batcher -> email_sender -> sms_sender
I, [2025-10-27T13:41:31.467107 #8588]  INFO -- : [Pipeline:default][Producer:gen] Starting 
E, [2025-10-27T13:41:31.467256 #8588] ERROR -- : [Pipeline:default][Producer:gen] Error: undefined method 'emit' for an instance of #<Class:0x000001bb751b6688>
I, [2025-10-27T13:41:31.467356 #8588]  INFO -- : [Pipeline:default][Producer:gen] Done
I, [2025-10-27T13:41:31.467307 #8588]  INFO -- : [Pipeline:default][Worker:sms_sender] Starting
I, [2025-10-27T13:41:31.467166 #8588]  INFO -- : [Pipeline:default][Worker:message_batcher] Starting
E, [2025-10-27T13:41:31.467512 #8588] ERROR -- : [Pipeline:default][Stage:message_batcher] Error: undefined method '[]' for an instance of Minigun::InputQueue
E, [2025-10-27T13:41:31.467567 #8588] ERROR -- : C:/workspace/minigun/spec/unit/emit_to_stage_v2_spec.rb:383:in 'block (6 levels) in <top (required)>'
C:/workspace/minigun/lib/minigun/stage.rb:112:in 'BasicObject#instance_exec'
C:/workspace/minigun/lib/minigun/stage.rb:112:in 'Minigun::AtomicStage#execute'
C:/workspace/minigun/lib/minigun/execution/executor.rb:62:in 'Minigun::Execution::Executor#run_stage_logic'
C:/workspace/minigun/lib/minigun/execution/executor.rb:71:in 'Minigun::Execution::InlineExecutor#execute_with_strategy'
C:/workspace/minigun/lib/minigun/execution/executor.rb:31:in 'Minigun::Execution::Executor#execute_stage_item'
C:/workspace/minigun/lib/minigun/execution/stage_worker.rb:214:in 'Minigun::Execution::StageWorker#execute_stage_with_queues'
C:/workspace/minigun/lib/minigun/execution/stage_worker.rb:140:in 'Minigun::Execution::StageWorker#run_processor_loop'
C:/workspace/minigun/lib/minigun/execution/stage_worker.rb:74:in 'Minigun::Execution::StageWorker#run_worker_loop'
C:/workspace/minigun/lib/minigun/execution/stage_worker.rb:29:in 'block in Minigun::Execution::StageWorker#start'
I, [2025-10-27T13:41:31.467627 #8588]  INFO -- : [Pipeline:default][Worker:message_batcher] Done
I, [2025-10-27T13:41:31.467193 #8588]  INFO -- : [Pipeline:default][Worker:email_sender] Starting
I, [2025-10-27T13:41:31.467706 #8588]  INFO -- : [Pipeline:default][Worker:email_sender] Done
I, [2025-10-27T13:41:31.467744 #8588]  INFO -- : [Pipeline:default][Worker:sms_sender] Done
I, [2025-10-27T13:41:31.467817 #8588]  INFO -- : [Job:2cffcaa4][Pipeline:default] Finished in 0.0s
I, [2025-10-27T13:41:31.467850 #8588]  INFO -- : [Job:2cffcaa4]  finished
I, [2025-10-27T13:41:31.467871 #8588]  INFO -- : [Job:2cffcaa4] Runtime: 0.0s
I, [2025-10-27T13:41:31.467894 #8588]  INFO -- : [Job:2cffcaa4] Pipeline 'default': 0 produced, 0 consumed, 0.0 items/s
I, [2025-10-27T13:41:31.467942 #8588]  INFO -- : [Job:2cffcaa4] Bottleneck: gen (0.0 items/s)
I, [2025-10-27T13:41:31.467987 #8588]  INFO -- : [Job:2cffcaa4] Total: 0 items, 0.0 items/min
    supports custom batching with dynamic routing (FAILED - 108)

Minigun::Task
  #add_stage
    adds accumulator stage
    adds processor stages
    adds producer stage (FAILED - 109)
    adds consumer stage
  #initialize
    initializes empty stages
    initializes empty hooks
    sets default configuration
  #set_config
    updates configuration values
  #run
[DAG BUILD] BEFORE handle_multiple_producers: edges=
[DAG BUILD] AFTER handle_multiple_producers: edges=
[DAG BUILD] AFTER fill_sequential_gaps: edges=gen->process | process->
    calls after_run hooks
[DAG BUILD] BEFORE handle_multiple_producers: edges=
[DAG BUILD] AFTER handle_multiple_producers: edges=
[DAG BUILD] AFTER fill_sequential_gaps: edges=gen->double | double->process | process->
    executes producer-processor-consumer pipeline (FAILED - 110)
[DAG BUILD] BEFORE handle_multiple_producers: edges=
[DAG BUILD] AFTER handle_multiple_producers: edges=
[DAG BUILD] AFTER fill_sequential_gaps: edges=gen->process | process->
    executes simple producer-consumer pipeline (FAILED - 111)
[DAG BUILD] BEFORE handle_multiple_producers: edges=
[DAG BUILD] AFTER handle_multiple_producers: edges=
[DAG BUILD] AFTER fill_sequential_gaps: edges=gen->process | process->
    calls before_run hooks
[DAG BUILD] BEFORE handle_multiple_producers: edges=
[DAG BUILD] AFTER handle_multiple_producers: edges=
[DAG BUILD] AFTER fill_sequential_gaps: edges=gen->process | process->
    returns accumulated count (FAILED - 112)
[DAG BUILD] BEFORE handle_multiple_producers: edges=
[DAG BUILD] AFTER handle_multiple_producers: edges=
[DAG BUILD] AFTER fill_sequential_gaps: edges=gen->process | process->
    handles multiple items through pipeline (FAILED - 113)
  thread safety
[DAG BUILD] BEFORE handle_multiple_producers: edges=
[DAG BUILD] AFTER handle_multiple_producers: edges=
[DAG BUILD] AFTER fill_sequential_gaps: edges=gen->process | process->
    uses atomic counter for produced items
  #add_hook
    adds multiple hooks of same type
    adds before_run hook

Stage common behavior
  #to_h
    converts to hash representation (FAILED - 114)
  #[]
    returns nil for unknown keys (FAILED - 115)
    provides hash-like access to attributes (FAILED - 116)
  #execute
    has access to context instance variables (FAILED - 117)
    executes the block with given context and item (FAILED - 118)
  #initialize
    works without options
    creates a stage with required attributes

Minigun::DAG
  #fill_sequential_gaps!
    fills in missing connections
    does not override existing connections
  #add_node and #add_edge
    prevents duplicate edges
    adds nodes and edges
    automatically adds nodes when adding edges
  #terminal? and #source?
    identifies source nodes
    identifies terminal nodes
  #validate!
    raises error for non-existent target
    detects cycles
    passes for valid DAG
  #terminals and #sources
    returns all source nodes
    returns all terminal nodes
  #execution_groups
    groups stages that can run in parallel
  #build_sequential!
    connects nodes in order
  #topological_sort
    sorts nodes in dependency order
    handles diamond pattern
  #to_s
    provides readable debug output

Multiple Producers
  pipeline with multiple producer stages
I, [2025-10-27T13:41:31.478751 #8588]  INFO -- : [Job:b9995870]  started
I, [2025-10-27T13:41:31.478810 #8588]  INFO -- : [Job:b9995870] Configuration: max_processes=2, max_threads=5
I, [2025-10-27T13:41:31.478846 #8588]  INFO -- : [Job:b9995870][Pipeline:default] Starting
[DAG BUILD] BEFORE handle_multiple_producers: edges=process_x->collect_x | source_x->process_x | process_y->collect_y | source_y->process_y | collect_x-> | collect_y->
[DAG BUILD] AFTER handle_multiple_producers: edges=process_x->collect_x | source_x->process_x | process_y->collect_y | source_y->process_y | collect_x-> | collect_y->
[DAG BUILD] AFTER fill_sequential_gaps: edges=process_x->collect_x | source_x->process_x | process_y->collect_y | source_y->process_y | collect_x->collect_y | collect_y->
I, [2025-10-27T13:41:31.478955 #8588]  INFO -- : [Job:b9995870][Pipeline:default] DAG: source_y -> process_y -> source_x -> process_x -> collect_x -> collect_y
I, [2025-10-27T13:41:31.479170 #8588]  INFO -- : [Pipeline:default][Producer:source_x] Starting 
E, [2025-10-27T13:41:31.479376 #8588] ERROR -- : [Pipeline:default][Producer:source_x] Error: undefined method 'emit' for an instance of #<Class:0x000001bb733cc780>
I, [2025-10-27T13:41:31.479466 #8588]  INFO -- : [Pipeline:default][Producer:source_x] Done
I, [2025-10-27T13:41:31.479319 #8588]  INFO -- : [Pipeline:default][Worker:process_y] Starting
I, [2025-10-27T13:41:31.479402 #8588]  INFO -- : [Pipeline:default][Worker:collect_x] Starting
I, [2025-10-27T13:41:31.479437 #8588]  INFO -- : [Pipeline:default][Worker:collect_y] Starting
I, [2025-10-27T13:41:31.479245 #8588]  INFO -- : [Pipeline:default][Producer:source_y] Starting 
E, [2025-10-27T13:41:31.479650 #8588] ERROR -- : [Pipeline:default][Producer:source_y] Error: undefined method 'emit' for an instance of #<Class:0x000001bb733cc780>
I, [2025-10-27T13:41:31.479677 #8588]  INFO -- : [Pipeline:default][Producer:source_y] Done
I, [2025-10-27T13:41:31.479286 #8588]  INFO -- : [Pipeline:default][Worker:process_x] Starting
I, [2025-10-27T13:41:31.479815 #8588]  INFO -- : [Pipeline:default][Worker:process_x] Done
I, [2025-10-27T13:41:31.479957 #8588]  INFO -- : [Pipeline:default][Worker:collect_y] Done
I, [2025-10-27T13:41:31.479852 #8588]  INFO -- : [Pipeline:default][Worker:collect_x] Done
I, [2025-10-27T13:41:31.479762 #8588]  INFO -- : [Pipeline:default][Worker:process_y] Done
I, [2025-10-27T13:41:31.480072 #8588]  INFO -- : [Job:b9995870][Pipeline:default] Finished in 0.0s
I, [2025-10-27T13:41:31.480138 #8588]  INFO -- : [Job:b9995870]  finished
I, [2025-10-27T13:41:31.480187 #8588]  INFO -- : [Job:b9995870] Runtime: 0.0s
I, [2025-10-27T13:41:31.480222 #8588]  INFO -- : [Job:b9995870] Pipeline 'default': 0 produced, 0 consumed, 0.0 items/s
I, [2025-10-27T13:41:31.480265 #8588]  INFO -- : [Job:b9995870] Bottleneck: source_x (0.0 items/s)
I, [2025-10-27T13:41:31.480292 #8588]  INFO -- : [Job:b9995870] Total: 0 items, 0.0 items/min
    routes each producer to different downstream stages (FAILED - 119)
I, [2025-10-27T13:41:31.480520 #8588]  INFO -- : [Job:e9f156c8]  started
I, [2025-10-27T13:41:31.480568 #8588]  INFO -- : [Job:e9f156c8] Configuration: max_processes=2, max_threads=5
I, [2025-10-27T13:41:31.480614 #8588]  INFO -- : [Job:e9f156c8][Pipeline:default] Starting
[DAG BUILD] BEFORE handle_multiple_producers: edges=
[DAG BUILD] AFTER handle_multiple_producers: edges=good_producer->collect | collect-> | bad_producer->collect
[DAG BUILD] AFTER fill_sequential_gaps: edges=good_producer->collect | collect-> | bad_producer->collect
I, [2025-10-27T13:41:31.480702 #8588]  INFO -- : [Job:e9f156c8][Pipeline:default] DAG: bad_producer -> good_producer -> collect
I, [2025-10-27T13:41:31.480822 #8588]  INFO -- : [Pipeline:default][Producer:good_producer] Starting 
E, [2025-10-27T13:41:31.480912 #8588] ERROR -- : [Pipeline:default][Producer:good_producer] Error: undefined method 'emit' for an instance of #<Class:0x000001bb7338f290>
I, [2025-10-27T13:41:31.480971 #8588]  INFO -- : [Pipeline:default][Producer:good_producer] Done
I, [2025-10-27T13:41:31.480865 #8588]  INFO -- : [Pipeline:default][Worker:collect] Starting
I, [2025-10-27T13:41:31.480943 #8588]  INFO -- : [Pipeline:default][Producer:bad_producer] Starting 
E, [2025-10-27T13:41:31.481077 #8588] ERROR -- : [Pipeline:default][Producer:bad_producer] Error: Producer error
I, [2025-10-27T13:41:31.481123 #8588]  INFO -- : [Pipeline:default][Producer:bad_producer] Done
I, [2025-10-27T13:41:31.481166 #8588]  INFO -- : [Pipeline:default][Worker:collect] Done
I, [2025-10-27T13:41:31.481228 #8588]  INFO -- : [Job:e9f156c8][Pipeline:default] Finished in 0.0s
I, [2025-10-27T13:41:31.481284 #8588]  INFO -- : [Job:e9f156c8]  finished
I, [2025-10-27T13:41:31.481314 #8588]  INFO -- : [Job:e9f156c8] Runtime: 0.0s
I, [2025-10-27T13:41:31.481365 #8588]  INFO -- : [Job:e9f156c8] Pipeline 'default': 0 produced, 0 consumed, 0.0 items/s
I, [2025-10-27T13:41:31.481415 #8588]  INFO -- : [Job:e9f156c8] Bottleneck: good_producer (0.0 items/s)
I, [2025-10-27T13:41:31.481463 #8588]  INFO -- : [Job:e9f156c8] Total: 0 items, 0.0 items/min
    handles producer errors gracefully (FAILED - 120)
I, [2025-10-27T13:41:31.481674 #8588]  INFO -- : [Job:36bec2c3]  started
I, [2025-10-27T13:41:31.481721 #8588]  INFO -- : [Job:36bec2c3] Configuration: max_processes=2, max_threads=5
I, [2025-10-27T13:41:31.481768 #8588]  INFO -- : [Job:36bec2c3][Pipeline:default] Starting
[DAG BUILD] BEFORE handle_multiple_producers: edges=
[DAG BUILD] AFTER handle_multiple_producers: edges=fast_producer->collect | collect-> | slow_producer->collect
[DAG BUILD] AFTER fill_sequential_gaps: edges=fast_producer->collect | collect-> | slow_producer->collect
I, [2025-10-27T13:41:31.481855 #8588]  INFO -- : [Job:36bec2c3][Pipeline:default] DAG: slow_producer -> fast_producer -> collect
I, [2025-10-27T13:41:31.482032 #8588]  INFO -- : [Pipeline:default][Producer:fast_producer] Starting 
E, [2025-10-27T13:41:31.482165 #8588] ERROR -- : [Pipeline:default][Producer:fast_producer] Error: undefined method 'emit' for an instance of #<Class:0x000001bb7334df20>
I, [2025-10-27T13:41:31.482257 #8588]  INFO -- : [Pipeline:default][Producer:fast_producer] Done
I, [2025-10-27T13:41:31.482108 #8588]  INFO -- : [Pipeline:default][Producer:slow_producer] Starting 
E, [2025-10-27T13:41:31.482347 #8588] ERROR -- : [Pipeline:default][Producer:slow_producer] Error: undefined method 'emit' for an instance of #<Class:0x000001bb7334df20>
I, [2025-10-27T13:41:31.482389 #8588]  INFO -- : [Pipeline:default][Producer:slow_producer] Done
I, [2025-10-27T13:41:31.482212 #8588]  INFO -- : [Pipeline:default][Worker:collect] Starting
I, [2025-10-27T13:41:31.482496 #8588]  INFO -- : [Pipeline:default][Worker:collect] Done
I, [2025-10-27T13:41:31.482573 #8588]  INFO -- : [Job:36bec2c3][Pipeline:default] Finished in 0.0s
I, [2025-10-27T13:41:31.482645 #8588]  INFO -- : [Job:36bec2c3]  finished
I, [2025-10-27T13:41:31.482677 #8588]  INFO -- : [Job:36bec2c3] Runtime: 0.0s
I, [2025-10-27T13:41:31.482739 #8588]  INFO -- : [Job:36bec2c3] Pipeline 'default': 0 produced, 0 consumed, 0.0 items/s
I, [2025-10-27T13:41:31.482773 #8588]  INFO -- : [Job:36bec2c3] Bottleneck: fast_producer (0.0 items/s)
I, [2025-10-27T13:41:31.482805 #8588]  INFO -- : [Job:36bec2c3] Total: 0 items, 0.0 items/min
    tracks statistics for each producer separately (FAILED - 121)
I, [2025-10-27T13:41:31.483009 #8588]  INFO -- : [Job:7891adc8]  started
I, [2025-10-27T13:41:31.483058 #8588]  INFO -- : [Job:7891adc8] Configuration: max_processes=2, max_threads=5
I, [2025-10-27T13:41:31.483111 #8588]  INFO -- : [Job:7891adc8][Pipeline:default] Starting
[DAG BUILD] BEFORE handle_multiple_producers: edges=
[DAG BUILD] AFTER handle_multiple_producers: edges=source_a->collect | collect-> | source_b->collect
[DAG BUILD] AFTER fill_sequential_gaps: edges=source_a->collect | collect-> | source_b->collect
I, [2025-10-27T13:41:31.483235 #8588]  INFO -- : [Job:7891adc8][Pipeline:default] DAG: source_b -> source_a -> collect
I, [2025-10-27T13:41:31.483455 #8588]  INFO -- : [Pipeline:default][Producer:source_a] Starting 
E, [2025-10-27T13:41:31.483601 #8588] ERROR -- : [Pipeline:default][Producer:source_a] Error: undefined method 'emit' for an instance of #<Class:0x000001bb73227128>
I, [2025-10-27T13:41:31.483711 #8588]  INFO -- : [Pipeline:default][Producer:source_a] Done
I, [2025-10-27T13:41:31.483534 #8588]  INFO -- : [Pipeline:default][Producer:source_b] Starting 
E, [2025-10-27T13:41:31.483815 #8588] ERROR -- : [Pipeline:default][Producer:source_b] Error: undefined method 'emit' for an instance of #<Class:0x000001bb73227128>
I, [2025-10-27T13:41:31.483864 #8588]  INFO -- : [Pipeline:default][Producer:source_b] Done
I, [2025-10-27T13:41:31.483654 #8588]  INFO -- : [Pipeline:default][Worker:collect] Starting
I, [2025-10-27T13:41:31.483975 #8588]  INFO -- : [Pipeline:default][Worker:collect] Done
I, [2025-10-27T13:41:31.484035 #8588]  INFO -- : [Job:7891adc8][Pipeline:default] Finished in 0.0s
I, [2025-10-27T13:41:31.484085 #8588]  INFO -- : [Job:7891adc8]  finished
I, [2025-10-27T13:41:31.484121 #8588]  INFO -- : [Job:7891adc8] Runtime: 0.0s
I, [2025-10-27T13:41:31.484153 #8588]  INFO -- : [Job:7891adc8] Pipeline 'default': 0 produced, 0 consumed, 0.0 items/s
I, [2025-10-27T13:41:31.484177 #8588]  INFO -- : [Job:7891adc8] Bottleneck: source_a (0.0 items/s)
I, [2025-10-27T13:41:31.484222 #8588]  INFO -- : [Job:7891adc8] Total: 0 items, 0.0 items/min
    runs all producers concurrently (FAILED - 122)
  pipeline with single producer (backward compatibility)
I, [2025-10-27T13:41:31.484533 #8588]  INFO -- : [Job:89ddb1dc]  started
I, [2025-10-27T13:41:31.484583 #8588]  INFO -- : [Job:89ddb1dc] Configuration: max_processes=2, max_threads=5
I, [2025-10-27T13:41:31.484629 #8588]  INFO -- : [Job:89ddb1dc][Pipeline:default] Starting
[DAG BUILD] BEFORE handle_multiple_producers: edges=
[DAG BUILD] AFTER handle_multiple_producers: edges=source->collect | collect->
[DAG BUILD] AFTER fill_sequential_gaps: edges=source->collect | collect->
I, [2025-10-27T13:41:31.484693 #8588]  INFO -- : [Job:89ddb1dc][Pipeline:default] DAG: source -> collect
I, [2025-10-27T13:41:31.484826 #8588]  INFO -- : [Pipeline:default][Producer:source] Starting 
E, [2025-10-27T13:41:31.484931 #8588] ERROR -- : [Pipeline:default][Producer:source] Error: undefined method 'emit' for an instance of #<Class:0x000001bb6fc31a50>
I, [2025-10-27T13:41:31.484972 #8588]  INFO -- : [Pipeline:default][Producer:source] Done
I, [2025-10-27T13:41:31.484872 #8588]  INFO -- : [Pipeline:default][Worker:collect] Starting
I, [2025-10-27T13:41:31.485052 #8588]  INFO -- : [Pipeline:default][Worker:collect] Done
I, [2025-10-27T13:41:31.485150 #8588]  INFO -- : [Job:89ddb1dc][Pipeline:default] Finished in 0.0s
I, [2025-10-27T13:41:31.485187 #8588]  INFO -- : [Job:89ddb1dc]  finished
I, [2025-10-27T13:41:31.485213 #8588]  INFO -- : [Job:89ddb1dc] Runtime: 0.0s
I, [2025-10-27T13:41:31.485236 #8588]  INFO -- : [Job:89ddb1dc] Pipeline 'default': 0 produced, 0 consumed, 0.0 items/s
I, [2025-10-27T13:41:31.485259 #8588]  INFO -- : [Job:89ddb1dc] Bottleneck: source (0.0 items/s)
I, [2025-10-27T13:41:31.485282 #8588]  INFO -- : [Job:89ddb1dc] Total: 0 items, 0.0 items/min
    still works correctly with one producer (FAILED - 123)

Minigun::Stats
  #success_rate
    returns 100% when no failures
    calculates success rate with failures
    returns 100% when no items
  #total_items
    when is_terminal is false (non-terminal stage)
      counts produced items only
    when is_terminal is true (terminal stage)
      counts consumed items only
  #increment_produced
    increments by custom amount
    increments produced count
    is thread-safe
  #time_per_item
    returns 0 when no items
    calculates average time per item
  #record_latency
    tracks total observation count separately from samples
    maintains uniform probability distribution
    is thread-safe with concurrent latency recording
    maintains reservoir size limit
    uses reservoir sampling for uniform probability
    works correctly with very large datasets (1 million items)
  #increment_consumed
    increments consumed count
    increments by custom amount
    is thread-safe
  #increment_failed
    increments failed count
    is thread-safe
  #runtime
    calculates runtime from start to now when not finished
    returns 0 when not started
    calculates runtime when finished
  #start! and #finish!
    records end time
    records start time
  percentile methods
    #p90
      calculates 90th percentile
    #p50
      calculates 50th percentile
    #has_latency_data?
      returns false when no samples
      returns true when samples exist
    #p99
      calculates 99th percentile
    #p95
      calculates 95th percentile
  #throughput
    calculates items per second
    returns 0 when runtime is 0
  #initialize
    creates stats with stage name
    accepts is_terminal parameter
    defaults is_terminal to false
  #to_h
    shows observations count separately from samples in to_h
    includes latency data when available
    returns hash with basic stats
  #to_s
    includes failure info when present
    includes latency info when available
    returns readable string representation

Minigun::AccumulatorStage
  is a special batching stage

Minigun::Execution::Executor
  Base Executor#execute_stage_item
    handles errors gracefully (FAILED - 124)
    tracks consumption and production (FAILED - 125)
    executes before and after hooks
    records latency
  Factory method
    all executors extend Executor base class
    creates correct executor type via factory
    raises error for unknown type

Minigun::AtomicStage
  consumer behavior (has execution context)
    is not a producer
    has execution context
  processor behavior (block arity 1)
    is not a producer
    executes with emit and returns emitted items (FAILED - 126)
  producer behavior (block arity 0)
    executes without an item argument
    is a producer (FAILED - 127)

Minigun::Message
  immutability
    provides read-only access to type
    provides read-only access to source
  .end_signal
    creates an end-type message
    creates end_of_stream messages
  #end_of_stream?
    returns true for end-type messages
    returns false for non-end messages
    returns false for custom message types
  equality and comparison
    creates distinct instances
    has same attributes for same parameters
  #initialize
    creates a message with type and source
    accepts custom message types

Advanced Stage Hook Behaviors
  hook execution order
[DAG BUILD] BEFORE handle_multiple_producers: edges=
[DAG BUILD] AFTER handle_multiple_producers: edges=gen->proc | proc->
[DAG BUILD] AFTER fill_sequential_gaps: edges=gen->proc | proc->cons | cons->
E, [2025-10-27T13:41:31.894250 #8588] ERROR -- : [Pipeline:default][Producer:gen] Error: undefined method 'emit' for an instance of #<Class:0x000001bb75256688>
    executes hooks in correct order (FAILED - 128)
  multiple hooks of same type on same stage
[DAG BUILD] BEFORE handle_multiple_producers: edges=
[DAG BUILD] AFTER handle_multiple_producers: edges=gen->collect | collect->
[DAG BUILD] AFTER fill_sequential_gaps: edges=gen->collect | collect->
E, [2025-10-27T13:41:31.895733 #8588] ERROR -- : [Pipeline:default][Producer:gen] Error: undefined method 'emit' for an instance of #<Class:0x000001bb74d8e600>
    executes all hooks in order they were defined (FAILED - 129)
  hook execution with routing
[DAG BUILD] BEFORE handle_multiple_producers: edges=proc1->collect | gen->proc1,proc2 | proc2->collect | collect->
[DAG BUILD] AFTER handle_multiple_producers: edges=proc1->collect | gen->proc1,proc2 | proc2->collect | collect->
[DAG BUILD] AFTER fill_sequential_gaps: edges=proc1->collect | gen->proc1,proc2 | proc2->collect | collect->
E, [2025-10-27T13:41:31.896621 #8588] ERROR -- : [Pipeline:default][Producer:gen] Error: undefined method 'emit' for an instance of #<Class:0x000001bb74d860e0>
    executes hooks for all routed stages (FAILED - 130)
  hooks accessing and modifying instance variables
[DAG BUILD] BEFORE handle_multiple_producers: edges=
[DAG BUILD] AFTER handle_multiple_producers: edges=gen->transform | transform->
[DAG BUILD] AFTER fill_sequential_gaps: edges=gen->transform | transform->collect | collect->
E, [2025-10-27T13:41:31.897781 #8588] ERROR -- : [Pipeline:default][Producer:gen] Error: undefined method 'emit' for an instance of #<Class:0x000001bb74c3c950>
    hooks can access and modify instance state (FAILED - 131)
  mixed inline and named hooks
[DAG BUILD] BEFORE handle_multiple_producers: edges=
[DAG BUILD] AFTER handle_multiple_producers: edges=gen->collect | collect->
[DAG BUILD] AFTER fill_sequential_gaps: edges=gen->collect | collect->
E, [2025-10-27T13:41:31.900612 #8588] ERROR -- : [Pipeline:default][Producer:gen] Error: undefined method 'emit' for an instance of #<Class:0x000001bb01adf788>
    executes both inline and named hooks (FAILED - 132)
  hook with conditional logic
[DAG BUILD] BEFORE handle_multiple_producers: edges=
[DAG BUILD] AFTER handle_multiple_producers: edges=gen->transform | transform->
[DAG BUILD] AFTER fill_sequential_gaps: edges=gen->transform | transform->collect | collect->
E, [2025-10-27T13:41:31.903120 #8588] ERROR -- : [Pipeline:default][Producer:gen] Error: undefined method 'emit' for an instance of #<Class:0x000001bb01ada3c8>
    can execute conditional logic in hooks (FAILED - 133)
  hooks with exceptions
[DAG BUILD] BEFORE handle_multiple_producers: edges=
[DAG BUILD] AFTER handle_multiple_producers: edges=gen->collect | collect->
[DAG BUILD] AFTER fill_sequential_gaps: edges=gen->collect | collect->
E, [2025-10-27T13:41:31.904084 #8588] ERROR -- : [Pipeline:default][Producer:gen] Error: undefined method 'emit' for an instance of #<Class:0x000001bb01ad53c8>
    can handle errors within hooks (FAILED - 134)

Pending: (Failures listed here are expected and do not affect your suite's status)

  1) Minigun::Execution::RactorPoolExecutor#execute_stage_item falls back to thread pool
     # Ractor is experimental and flaky in full test suite (passes when run individually)
     # ./spec/unit/execution/executor_spec.rb:326

  2) Minigun::Execution::ProcessPoolExecutor#execute_stage_item propagates errors from child process
     # No reason given
     # ./spec/unit/execution/executor_spec.rb:299

  3) Minigun::Execution::ProcessPoolExecutor#execute_stage_item executes in forked process
     # No reason given
     # ./spec/unit/execution/executor_spec.rb:277

  4) Minigun::Execution::ProcessPoolExecutor#execute_stage_item returns result from child process
     # No reason given
     # ./spec/unit/execution/executor_spec.rb:291

  5) Minigun::Execution::ProcessPoolExecutor#initialize sets max_size
     # No reason given
     # ./spec/unit/execution/executor_spec.rb:244

  6) Minigun::Execution::ProcessPoolExecutor#shutdown terminates active processes
     # No reason given
     # ./spec/unit/execution/executor_spec.rb:310

Failures:

  1) Minigun::Pipeline#add_stage adds a producer stage
     Failure/Error: expect(pipeline.stages[:fetch].producer?).to be true

       expected true
            got false
     # ./spec/minigun/pipeline_spec.rb:38:in 'block (3 levels) in <top (required)>'
     # ./spec/spec_helper.rb:35:in 'block (3 levels) in <top (required)>'
     # ./spec/spec_helper.rb:34:in 'block (2 levels) in <top (required)>'

  2) Minigun::Pipeline#run executes a simple pipeline
     Failure/Error: expect(context.results).to contain_exactly(1, 2)

       expected collection contained:  [1, 2]
       actual collection contained:    []
       the missing elements were:      [1, 2]
     # ./spec/minigun/pipeline_spec.rb:104:in 'block (3 levels) in <top (required)>'
     # ./spec/spec_helper.rb:35:in 'block (3 levels) in <top (required)>'
     # ./spec/spec_helper.rb:34:in 'block (2 levels) in <top (required)>'

  3) Minigun::Pipeline#run executes hooks in order
     Failure/Error: expect(context.events).to include(:process)

       expected [:before, :after] to include :process
       Diff:
       @@ -1 +1 @@
       -[:process]
       +[:before, :after]
     # ./spec/minigun/pipeline_spec.rb:124:in 'block (3 levels) in <top (required)>'
     # ./spec/spec_helper.rb:35:in 'block (3 levels) in <top (required)>'
     # ./spec/spec_helper.rb:34:in 'block (2 levels) in <top (required)>'

  4) Minigun::Pipeline#run processes items through processors
     Failure/Error: expect(context.results).to eq([10])

       expected: [10]
            got: []

       (compared using ==)
     # ./spec/minigun/pipeline_spec.rb:148:in 'block (3 levels) in <top (required)>'
     # ./spec/spec_helper.rb:35:in 'block (3 levels) in <top (required)>'
     # ./spec/spec_helper.rb:34:in 'block (2 levels) in <top (required)>'

  5) Minigun::Pipeline unified execution executes PipelineStages as processors
     Failure/Error: expect(context.results.sort).to eq([1, 11, 21])

       expected: [1, 11, 21]
            got: []

       (compared using ==)
     # ./spec/minigun/pipeline_spec.rb:374:in 'block (3 levels) in <top (required)>'
     # ./spec/spec_helper.rb:35:in 'block (3 levels) in <top (required)>'
     # ./spec/spec_helper.rb:34:in 'block (2 levels) in <top (required)>'

  6) Minigun::Pipeline unified execution executes PipelineStages as producers
     Failure/Error: raise NotImplementedError, "PipelineStage producers not yet compatible with queue-based DSL"

     NotImplementedError:
       PipelineStage producers not yet compatible with queue-based DSL
     # ./lib/minigun/pipeline.rb:371:in 'block in Minigun::Pipeline#start_producer_thread'

  7) Minigun::Pipeline unified execution handles multiple PipelineStage producers with different outputs
     Failure/Error: raise NotImplementedError, "PipelineStage producers not yet compatible with queue-based DSL"

     NotImplementedError:
       PipelineStage producers not yet compatible with queue-based DSL
     # ./lib/minigun/pipeline.rb:371:in 'block in Minigun::Pipeline#start_producer_thread'

  8) Minigun::Pipeline#find_all_producers does not include PipelineStages with upstream
     Failure/Error: expect(producers.map(&:name)).to eq([:source])

       expected: [:source]
            got: []

       (compared using ==)

       Diff:
       @@ -1 +1 @@
       -[:source]
       +[]
     # ./spec/minigun/pipeline_spec.rb:197:in 'block (3 levels) in <top (required)>'
     # ./spec/spec_helper.rb:35:in 'block (3 levels) in <top (required)>'
     # ./spec/spec_helper.rb:34:in 'block (2 levels) in <top (required)>'

  9) Minigun::Pipeline#find_all_producers finds both AtomicStage and PipelineStage producers
     Failure/Error: expect(producers.size).to eq(2)

       expected: 2
            got: 1

       (compared using ==)
     # ./spec/minigun/pipeline_spec.rb:214:in 'block (3 levels) in <top (required)>'
     # ./spec/spec_helper.rb:35:in 'block (3 levels) in <top (required)>'
     # ./spec/spec_helper.rb:34:in 'block (2 levels) in <top (required)>'

  10) Minigun::Pipeline#find_all_producers finds AtomicStage producers
      Failure/Error: expect(producers.size).to eq(1)

        expected: 1
             got: 0

        (compared using ==)
      # ./spec/minigun/pipeline_spec.rb:159:in 'block (3 levels) in <top (required)>'
      # ./spec/spec_helper.rb:35:in 'block (3 levels) in <top (required)>'
      # ./spec/spec_helper.rb:34:in 'block (2 levels) in <top (required)>'

  11) Minigun::Execution::StageWorker logging logs when done
      Failure/Error: if @stage.stage_with_loop?
        #<Double "stage"> received unexpected message :stage_with_loop? with (no args)
      # ./lib/minigun/execution/stage_worker.rb:139:in 'Minigun::Execution::StageWorker#run_processor_loop'
      # ./lib/minigun/execution/stage_worker.rb:74:in 'Minigun::Execution::StageWorker#run_worker_loop'
      # ./lib/minigun/execution/stage_worker.rb:29:in 'block in Minigun::Execution::StageWorker#start'

  12) Minigun::Execution::StageWorker#start starts a worker thread
      Failure/Error: if @stage.stage_with_loop?
        #<Double "stage"> received unexpected message :stage_with_loop? with (no args)
      # ./lib/minigun/execution/stage_worker.rb:139:in 'Minigun::Execution::StageWorker#run_processor_loop'
      # ./lib/minigun/execution/stage_worker.rb:74:in 'Minigun::Execution::StageWorker#run_worker_loop'
      # ./lib/minigun/execution/stage_worker.rb:29:in 'block in Minigun::Execution::StageWorker#start'

  13) Mixed Pipeline and Stage Routing pipeline to stage routing 1-to-1: single pipeline routes to single stage
      Failure/Error: raise NotImplementedError, "PipelineStage producers not yet compatible with queue-based DSL"

      NotImplementedError:
        PipelineStage producers not yet compatible with queue-based DSL
      # ./lib/minigun/pipeline.rb:371:in 'block in Minigun::Pipeline#start_producer_thread'

  14) Mixed Pipeline and Stage Routing pipeline to stage routing 1-to-many: single pipeline routes to multiple stages
      Failure/Error: raise NotImplementedError, "PipelineStage producers not yet compatible with queue-based DSL"

      NotImplementedError:
        PipelineStage producers not yet compatible with queue-based DSL
      # ./lib/minigun/pipeline.rb:371:in 'block in Minigun::Pipeline#start_producer_thread'

  15) Mixed Pipeline and Stage Routing pipeline to stage routing many-to-many: multiple pipelines route to multiple stages
      Failure/Error: raise NotImplementedError, "PipelineStage producers not yet compatible with queue-based DSL"

      NotImplementedError:
        PipelineStage producers not yet compatible with queue-based DSL
      # ./lib/minigun/pipeline.rb:371:in 'block in Minigun::Pipeline#start_producer_thread'

  16) Mixed Pipeline and Stage Routing pipeline to stage routing many-to-1: multiple pipelines route to single stage
      Failure/Error: raise NotImplementedError, "PipelineStage producers not yet compatible with queue-based DSL"

      NotImplementedError:
        PipelineStage producers not yet compatible with queue-based DSL
      # ./lib/minigun/pipeline.rb:371:in 'block in Minigun::Pipeline#start_producer_thread'

  17) Mixed Pipeline and Stage Routing stage from pipeline routing many-to-many: multiple stages receive from multiple pipelines
      Failure/Error: raise NotImplementedError, "PipelineStage producers not yet compatible with queue-based DSL"

      NotImplementedError:
        PipelineStage producers not yet compatible with queue-based DSL
      # ./lib/minigun/pipeline.rb:371:in 'block in Minigun::Pipeline#start_producer_thread'

  18) Mixed Pipeline and Stage Routing stage from pipeline routing many-to-1: multiple stages receive from single pipeline
      Failure/Error: raise NotImplementedError, "PipelineStage producers not yet compatible with queue-based DSL"

      NotImplementedError:
        PipelineStage producers not yet compatible with queue-based DSL
      # ./lib/minigun/pipeline.rb:371:in 'block in Minigun::Pipeline#start_producer_thread'

  19) Mixed Pipeline and Stage Routing stage from pipeline routing 1-to-1: single stage receives from single pipeline
      Failure/Error: raise NotImplementedError, "PipelineStage producers not yet compatible with queue-based DSL"

      NotImplementedError:
        PipelineStage producers not yet compatible with queue-based DSL
      # ./lib/minigun/pipeline.rb:371:in 'block in Minigun::Pipeline#start_producer_thread'

  20) Mixed Pipeline and Stage Routing stage from pipeline routing 1-to-many: single stage receives from multiple pipelines
      Failure/Error: raise NotImplementedError, "PipelineStage producers not yet compatible with queue-based DSL"

      NotImplementedError:
        PipelineStage producers not yet compatible with queue-based DSL
      # ./lib/minigun/pipeline.rb:371:in 'block in Minigun::Pipeline#start_producer_thread'

  21) Mixed Pipeline and Stage Routing pipeline from stage routing many-to-1: multiple pipelines receive from single stage
      Failure/Error: expect(instance.results_a.sort).to eq([100, 110])

        expected: [100, 110]
             got: []

        (compared using ==)
      # ./spec/integration/mixed_pipeline_stage_routing_spec.rb:529:in 'block (3 levels) in <top (required)>'
      # ./spec/spec_helper.rb:35:in 'block (3 levels) in <top (required)>'
      # ./spec/spec_helper.rb:34:in 'block (2 levels) in <top (required)>'

  22) Mixed Pipeline and Stage Routing pipeline from stage routing 1-to-many: single pipeline receives from multiple stages
      Failure/Error: expect(instance.results.sort).to eq([1010, 1040])

        expected: [1010, 1040]
             got: []

        (compared using ==)
      # ./spec/integration/mixed_pipeline_stage_routing_spec.rb:479:in 'block (3 levels) in <top (required)>'
      # ./spec/spec_helper.rb:35:in 'block (3 levels) in <top (required)>'
      # ./spec/spec_helper.rb:34:in 'block (2 levels) in <top (required)>'

  23) Mixed Pipeline and Stage Routing pipeline from stage routing 1-to-1: single pipeline receives from single stage
      Failure/Error: expect(instance.results.sort).to eq([0, 20, 40])

        expected: [0, 20, 40]
             got: []

        (compared using ==)
      # ./spec/integration/mixed_pipeline_stage_routing_spec.rb:432:in 'block (3 levels) in <top (required)>'
      # ./spec/spec_helper.rb:35:in 'block (3 levels) in <top (required)>'
      # ./spec/spec_helper.rb:34:in 'block (2 levels) in <top (required)>'

  24) Mixed Pipeline and Stage Routing pipeline from stage routing many-to-many: multiple pipelines receive from multiple stages
      Failure/Error: expect(instance.results_x.sort).to eq([110, 140])

        expected: [110, 140]
             got: []

        (compared using ==)
      # ./spec/integration/mixed_pipeline_stage_routing_spec.rb:588:in 'block (3 levels) in <top (required)>'
      # ./spec/spec_helper.rb:35:in 'block (3 levels) in <top (required)>'
      # ./spec/spec_helper.rb:34:in 'block (2 levels) in <top (required)>'

  25) Mixed Pipeline and Stage Routing stage to pipeline routing many-to-1: multiple stages route to single pipeline
      Failure/Error: expect(instance.results.sort).to eq([1010, 1040])

        expected: [1010, 1040]
             got: []

        (compared using ==)
      # ./spec/integration/mixed_pipeline_stage_routing_spec.rb:333:in 'block (3 levels) in <top (required)>'
      # ./spec/spec_helper.rb:35:in 'block (3 levels) in <top (required)>'
      # ./spec/spec_helper.rb:34:in 'block (2 levels) in <top (required)>'

  26) Mixed Pipeline and Stage Routing stage to pipeline routing 1-to-1: single stage routes to single pipeline
      Failure/Error: expect(instance.results.sort).to eq([0, 20, 40])

        expected: [0, 20, 40]
             got: []

        (compared using ==)
      # ./spec/integration/mixed_pipeline_stage_routing_spec.rb:236:in 'block (3 levels) in <top (required)>'
      # ./spec/spec_helper.rb:35:in 'block (3 levels) in <top (required)>'
      # ./spec/spec_helper.rb:34:in 'block (2 levels) in <top (required)>'

  27) Mixed Pipeline and Stage Routing stage to pipeline routing many-to-many: multiple stages route to multiple pipelines
      Failure/Error: expect(instance.results_x.sort).to eq([110, 140])

        expected: [110, 140]
             got: []

        (compared using ==)
      # ./spec/integration/mixed_pipeline_stage_routing_spec.rb:390:in 'block (3 levels) in <top (required)>'
      # ./spec/spec_helper.rb:35:in 'block (3 levels) in <top (required)>'
      # ./spec/spec_helper.rb:34:in 'block (2 levels) in <top (required)>'

  28) Mixed Pipeline and Stage Routing stage to pipeline routing 1-to-many: single stage routes to multiple pipelines
      Failure/Error: expect(instance.results_a.sort).to eq([100, 110])

        expected: [100, 110]
             got: []

        (compared using ==)
      # ./spec/integration/mixed_pipeline_stage_routing_spec.rb:286:in 'block (3 levels) in <top (required)>'
      # ./spec/spec_helper.rb:35:in 'block (3 levels) in <top (required)>'
      # ./spec/spec_helper.rb:34:in 'block (2 levels) in <top (required)>'

  29) emit_to_stage batching with emit_to_stage supports custom batching with dynamic routing
      Failure/Error: expect(results.size).to eq(2)

        expected: 2
             got: 0

        (compared using ==)
      # ./spec/unit/emit_to_stage_spec.rb:591:in 'block (3 levels) in <top (required)>'
      # ./spec/spec_helper.rb:35:in 'block (3 levels) in <top (required)>'
      # ./spec/spec_helper.rb:34:in 'block (2 levels) in <top (required)>'

  30) emit_to_stage complex routing patterns supports multi-level routing
      Failure/Error: expect(results.size).to eq(3)

        expected: 3
             got: 0

        (compared using ==)
      # ./spec/unit/emit_to_stage_spec.rb:537:in 'block (3 levels) in <top (required)>'
      # ./spec/spec_helper.rb:35:in 'block (3 levels) in <top (required)>'
      # ./spec/spec_helper.rb:34:in 'block (2 levels) in <top (required)>'

  31) emit_to_stage complex routing patterns supports conditional routing logic
      Failure/Error: expect(results.size).to eq(3)

        expected: 3
             got: 0

        (compared using ==)
      # ./spec/unit/emit_to_stage_spec.rb:426:in 'block (3 levels) in <top (required)>'
      # ./spec/spec_helper.rb:35:in 'block (3 levels) in <top (required)>'
      # ./spec/spec_helper.rb:34:in 'block (2 levels) in <top (required)>'

  32) emit_to_stage complex routing patterns supports load balancing pattern
      Failure/Error: expect(results.size).to eq(10)

        expected: 10
             got: 0

        (compared using ==)
      # ./spec/unit/emit_to_stage_spec.rb:474:in 'block (3 levels) in <top (required)>'
      # ./spec/spec_helper.rb:35:in 'block (3 levels) in <top (required)>'
      # ./spec/spec_helper.rb:34:in 'block (2 levels) in <top (required)>'

  33) emit_to_stage execution context integration works across different execution contexts with forked processes
      Failure/Error: expect(results.size).to eq(2)

        expected: 2
             got: 0

        (compared using ==)
      # ./spec/unit/emit_to_stage_spec.rb:363:in 'block (3 levels) in <top (required)>'
      # ./spec/spec_helper.rb:35:in 'block (3 levels) in <top (required)>'
      # ./spec/spec_helper.rb:34:in 'block (2 levels) in <top (required)>'

  34) emit_to_stage execution context integration works with threaded consumers
      Failure/Error: expect(results.size).to eq(5)

        expected: 5
             got: 0

        (compared using ==)
      # ./spec/unit/emit_to_stage_spec.rb:243:in 'block (3 levels) in <top (required)>'
      # ./spec/spec_helper.rb:35:in 'block (3 levels) in <top (required)>'
      # ./spec/spec_helper.rb:34:in 'block (2 levels) in <top (required)>'

  35) emit_to_stage execution context integration works across different execution contexts
      Failure/Error: expect(results.size).to eq(2)

        expected: 2
             got: 0

        (compared using ==)
      # ./spec/unit/emit_to_stage_spec.rb:294:in 'block (3 levels) in <top (required)>'
      # ./spec/spec_helper.rb:35:in 'block (3 levels) in <top (required)>'
      # ./spec/spec_helper.rb:34:in 'block (2 levels) in <top (required)>'

  36) emit_to_stage AtomicStage#execute_with_emit returns array with both plain items and targeted items
      Failure/Error: results = stage.execute_with_emit(context, 5)

      NoMethodError:
        undefined method 'execute_with_emit' for an instance of Minigun::AtomicStage
      # ./spec/unit/emit_to_stage_spec.rb:641:in 'block (3 levels) in <top (required)>'
      # ./spec/spec_helper.rb:35:in 'block (3 levels) in <top (required)>'
      # ./spec/spec_helper.rb:34:in 'block (2 levels) in <top (required)>'

  37) emit_to_stage AtomicStage#execute_with_emit returns plain items when only emit is used
      Failure/Error: results = stage.execute_with_emit(context, 5)

      NoMethodError:
        undefined method 'execute_with_emit' for an instance of Minigun::AtomicStage
      # ./spec/unit/emit_to_stage_spec.rb:612:in 'block (3 levels) in <top (required)>'
      # ./spec/spec_helper.rb:35:in 'block (3 levels) in <top (required)>'
      # ./spec/spec_helper.rb:34:in 'block (2 levels) in <top (required)>'

  38) emit_to_stage AtomicStage#execute_with_emit returns hash with target when emit_to_stage is used
      Failure/Error: results = stage.execute_with_emit(context, 5)

      NoMethodError:
        undefined method 'execute_with_emit' for an instance of Minigun::AtomicStage
      # ./spec/unit/emit_to_stage_spec.rb:624:in 'block (3 levels) in <top (required)>'
      # ./spec/spec_helper.rb:35:in 'block (3 levels) in <top (required)>'
      # ./spec/spec_helper.rb:34:in 'block (2 levels) in <top (required)>'

  39) emit_to_stage basic functionality allows mixing emit and emit_to_stage in same stage
      Failure/Error: expect(results.size).to eq(2)

        expected: 2
             got: 0

        (compared using ==)
      # ./spec/unit/emit_to_stage_spec.rb:86:in 'block (3 levels) in <top (required)>'
      # ./spec/spec_helper.rb:35:in 'block (3 levels) in <top (required)>'
      # ./spec/spec_helper.rb:34:in 'block (2 levels) in <top (required)>'

  40) emit_to_stage basic functionality can emit_to_stage multiple times in single stage
      Failure/Error: expect(results.size).to eq(3)

        expected: 3
             got: 0

        (compared using ==)
      # ./spec/unit/emit_to_stage_spec.rb:129:in 'block (3 levels) in <top (required)>'
      # ./spec/spec_helper.rb:35:in 'block (3 levels) in <top (required)>'
      # ./spec/spec_helper.rb:34:in 'block (2 levels) in <top (required)>'

  41) emit_to_stage basic functionality routes items to explicitly named stage
      Failure/Error: expect(results.size).to eq(3)

        expected: 3
             got: 0

        (compared using ==)
      # ./spec/unit/emit_to_stage_spec.rb:43:in 'block (3 levels) in <top (required)>'
      # ./spec/spec_helper.rb:35:in 'block (3 levels) in <top (required)>'
      # ./spec/spec_helper.rb:34:in 'block (2 levels) in <top (required)>'

  42) emit_to_stage error handling continues processing after routing to invalid stage
      Failure/Error: expect(results).to eq([2])

        expected: [2]
             got: []

        (compared using ==)
      # ./spec/unit/emit_to_stage_spec.rb:196:in 'block (3 levels) in <top (required)>'
      # ./spec/spec_helper.rb:35:in 'block (3 levels) in <top (required)>'
      # ./spec/spec_helper.rb:34:in 'block (2 levels) in <top (required)>'

  43) Minigun::DSL pipeline do wrapper requirement works correctly with pipeline block
      Failure/Error: expect(instance.results).to contain_exactly(0, 1, 2, 3, 4)

        expected collection contained:  [0, 1, 2, 3, 4]
        actual collection contained:    []
        the missing elements were:      [0, 1, 2, 3, 4]
      # ./spec/minigun/dsl_spec.rb:245:in 'block (3 levels) in <top (required)>'
      # ./spec/spec_helper.rb:35:in 'block (3 levels) in <top (required)>'
      # ./spec/spec_helper.rb:34:in 'block (2 levels) in <top (required)>'

  44) Examples Integration 12_database_publisher.rb publishes database records
      Failure/Error: expect(result).to eq(20)

        expected: 20
             got: 0

        (compared using ==)
      # ./spec/integration/examples_spec.rb:245:in 'block (3 levels) in <top (required)>'
      # ./spec/spec_helper.rb:35:in 'block (3 levels) in <top (required)>'
      # ./spec/spec_helper.rb:34:in 'block (2 levels) in <top (required)>'

  45) Examples Integration 08_nested_pipeline_simple.rb processes items through nested pipeline
      Failure/Error: expect(example.results.sort).to eq([12, 14, 16, 18, 20])

        expected: [12, 14, 16, 18, 20]
             got: []

        (compared using ==)
      # ./spec/integration/examples_spec.rb:166:in 'block (3 levels) in <top (required)>'
      # ./spec/spec_helper.rb:35:in 'block (3 levels) in <top (required)>'
      # ./spec/spec_helper.rb:34:in 'block (2 levels) in <top (required)>'

  46) Examples Integration 08_nested_pipeline_simple.rb loads and runs without errors
      Failure/Error: expect(example.results.size).to be > 0

        expected: > 0
             got:   0
      # ./spec/integration/examples_spec.rb:155:in 'block (3 levels) in <top (required)>'
      # ./spec/spec_helper.rb:35:in 'block (3 levels) in <top (required)>'
      # ./spec/spec_helper.rb:34:in 'block (2 levels) in <top (required)>'

  47) Examples Integration 44_custom_batching.rb demonstrates advanced multi-dimensional batching
      Failure/Error: expect(example.batch_stats[:batches_sent]).to be > 0

        expected: > 0
             got:   0
      # ./spec/integration/examples_spec.rb:703:in 'block (3 levels) in <top (required)>'
      # ./spec/spec_helper.rb:35:in 'block (3 levels) in <top (required)>'
      # ./spec/spec_helper.rb:34:in 'block (2 levels) in <top (required)>'

  48) Examples Integration 44_custom_batching.rb demonstrates custom batching with type-based routing
      Failure/Error: expect(example.sent_counts.values.sum).to be > 0

        expected: > 0
             got:   0
      # ./spec/integration/examples_spec.rb:693:in 'block (3 levels) in <top (required)>'
      # ./spec/spec_helper.rb:35:in 'block (3 levels) in <top (required)>'
      # ./spec/spec_helper.rb:34:in 'block (2 levels) in <top (required)>'

  49) Examples Integration 07_multi_pipeline_data_processing.rb processes data through validation and routing pipelines
      Failure/Error: raise NotImplementedError, "PipelineStage producers not yet compatible with queue-based DSL"

      NotImplementedError:
        PipelineStage producers not yet compatible with queue-based DSL
      # ./lib/minigun/pipeline.rb:371:in 'block in Minigun::Pipeline#start_producer_thread'

  50) Examples Integration 21_inline_hook_procs.rb demonstrates inline hook proc syntax
      Failure/Error: expect(example.results.size).to eq(9) # 10 items, 1 filtered out (0), all doubled

        expected: 9
             got: 0

        (compared using ==)
      # ./spec/integration/examples_spec.rb:432:in 'block (3 levels) in <top (required)>'
      # ./spec/spec_helper.rb:35:in 'block (3 levels) in <top (required)>'
      # ./spec/spec_helper.rb:34:in 'block (2 levels) in <top (required)>'

  51) Examples Integration 24_statistics_demo.rb demonstrates statistics tracking and reporting
      Failure/Error: expect(stats.total_produced).to eq(20)

        expected: 20
             got: 0

        (compared using ==)
      # ./spec/integration/examples_spec.rb:489:in 'block (3 levels) in <top (required)>'
      # ./spec/spec_helper.rb:35:in 'block (3 levels) in <top (required)>'
      # ./spec/spec_helper.rb:34:in 'block (2 levels) in <top (required)>'

  52) Examples Integration 19_statistics_gathering.rb demonstrates statistics tracking with hooks
      Failure/Error: load File.expand_path('../../examples/19_statistics_gathering.rb', __dir__)

      SyntaxError:
        --> C:/workspace/minigun/examples/19_statistics_gathering.rb

        unexpected '}'; expected a `)` to close the arguments
        unexpected ')', expecting end-of-input
        unexpected ')', ignoring it

            8  class StatisticsGatheringExample
        [0m   46    pipeline do
        [0m   67      producer :generate_data do |output|
        [0m   68        100.times do |i|
        [0m>  69  [1;3m        output << { id: i, value: rand(100 })
        [0m>  70  [1;3m        @stats[:producer_count] += 1
        [0m   71        end
        [0m   72      end
        [0m  146    end
        [0m  147  end
        [0m
        [1mC:/workspace/minigun/examples/19_statistics_gathering.rb:69: syntax errors found ([1;4mSyntaxError[m[1m)[m
        [1m  67 |     producer :generate_data do |output|
[m
        [1m  68 |       100.times do |i|
[m
        [1m> 69 | ... })
[m
        [1m     |     ^ unexpected '}'; expected a `)` to close the arguments[m
        [1m     |      ^ unexpected ')', ignoring it[m
        [1m     |      ^ unexpected ')', expecting end-of-input[m
        [1m  70 |         @stats[:producer_count] += 1
[m
        [1m  71 |       end
[m
      # ./spec/integration/examples_spec.rb:374:in 'Kernel#load'
      # ./spec/integration/examples_spec.rb:374:in 'block (3 levels) in <top (required)>'
      # ./spec/spec_helper.rb:35:in 'block (3 levels) in <top (required)>'
      # ./spec/spec_helper.rb:34:in 'block (2 levels) in <top (required)>'

  53) Examples Integration 05_multi_pipeline_simple.rb runs three connected pipelines
      Failure/Error: raise NotImplementedError, "PipelineStage producers not yet compatible with queue-based DSL"

      NotImplementedError:
        PipelineStage producers not yet compatible with queue-based DSL
      # ./lib/minigun/pipeline.rb:371:in 'block in Minigun::Pipeline#start_producer_thread'

  54) Examples Integration 43_etl_pipeline.rb demonstrates ETL pipeline pattern
      Failure/Error: context.instance_exec(batch_to_emit, &@block)

      NameError:
        undefined local variable or method 'output' for an instance of EtlPipelineExample
      # ./examples/43_etl_pipeline.rb:112:in 'block (2 levels) in <class:EtlPipelineExample>'
      # ./lib/minigun/stage.rb:169:in 'BasicObject#instance_exec'
      # ./lib/minigun/stage.rb:169:in 'Minigun::AccumulatorStage#flush'
      # ./lib/minigun/execution/stage_worker.rb:175:in 'Minigun::Execution::StageWorker#flush_stage'
      # ./lib/minigun/execution/stage_worker.rb:166:in 'Minigun::Execution::StageWorker#run_processor_loop'
      # ./lib/minigun/execution/stage_worker.rb:74:in 'Minigun::Execution::StageWorker#run_worker_loop'
      # ./lib/minigun/execution/stage_worker.rb:29:in 'block in Minigun::Execution::StageWorker#start'

  55) Examples Integration 06_multi_pipeline_etl.rb runs ETL pattern with fan-out
      Failure/Error: raise NotImplementedError, "PipelineStage producers not yet compatible with queue-based DSL"

      NotImplementedError:
        PipelineStage producers not yet compatible with queue-based DSL
      # ./lib/minigun/pipeline.rb:371:in 'block in Minigun::Pipeline#start_producer_thread'

  56) Minigun::Execution::ThreadPoolExecutor#execute_stage_item respects max_size concurrency limit
      Failure/Error: expect(executed.size).to eq(5)

        expected: 5
             got: 0

        (compared using ==)
      # ./spec/unit/execution/executor_spec.rb:220:in 'block (3 levels) in <top (required)>'
      # ./spec/spec_helper.rb:35:in 'block (3 levels) in <top (required)>'
      # ./spec/spec_helper.rb:34:in 'block (2 levels) in <top (required)>'

  57) Minigun::Execution::ThreadPoolExecutor#execute_stage_item returns result from thread
      Failure/Error: expect(result).to eq([42])

        expected: [42]
             got: nil

        (compared using ==)
      # ./spec/unit/execution/executor_spec.rb:198:in 'block (3 levels) in <top (required)>'
      # ./spec/spec_helper.rb:35:in 'block (3 levels) in <top (required)>'
      # ./spec/spec_helper.rb:34:in 'block (2 levels) in <top (required)>'

  58) Minigun::Execution::ThreadPoolExecutor#execute_stage_item propagates errors from thread
      Failure/Error: expect(result).to eq([])

        expected: []
             got: nil

        (compared using ==)
      # ./spec/unit/execution/executor_spec.rb:229:in 'block (3 levels) in <top (required)>'
      # ./spec/spec_helper.rb:35:in 'block (3 levels) in <top (required)>'
      # ./spec/spec_helper.rb:34:in 'block (2 levels) in <top (required)>'

  59) Class Inheritance with Minigun DSL basic inheritance child inherits parent stages
      Failure/Error: expect(child.results).to contain_exactly(2, 4)

        expected collection contained:  [2, 4]
        actual collection contained:    []
        the missing elements were:      [2, 4]
      # ./spec/unit/inheritance_spec.rb:50:in 'block (3 levels) in <top (required)>'
      # ./spec/spec_helper.rb:35:in 'block (3 levels) in <top (required)>'
      # ./spec/spec_helper.rb:34:in 'block (2 levels) in <top (required)>'

  60) Class Inheritance with Minigun DSL multi-level inheritance each level can run independently
      Failure/Error: expect(grandparent.results).to eq([1])

        expected: [1]
             got: []

        (compared using ==)
      # ./spec/unit/inheritance_spec.rb:332:in 'block (3 levels) in <top (required)>'
      # ./spec/spec_helper.rb:35:in 'block (3 levels) in <top (required)>'
      # ./spec/spec_helper.rb:34:in 'block (2 levels) in <top (required)>'

  61) Class Inheritance with Minigun DSL multi-level inheritance grandchild inherits all ancestor stages
      Failure/Error: expect(child.results).to eq([12])

        expected: [12]
             got: []

        (compared using ==)
      # ./spec/unit/inheritance_spec.rb:322:in 'block (3 levels) in <top (required)>'
      # ./spec/spec_helper.rb:35:in 'block (3 levels) in <top (required)>'
      # ./spec/spec_helper.rb:34:in 'block (2 levels) in <top (required)>'

  62) Class Inheritance with Minigun DSL child inherits hooks child executes parent hooks
      Failure/Error: expect(child.events).to include(:parent_after_generate)

        expected [:parent_before_run, :parent_before_run, :generate, :parent_after_run, :parent_after_run] to include :parent_after_generate
        Diff:
        @@ -1 +1,5 @@
        -[:parent_after_generate]
        +[:parent_before_run,
        + :parent_before_run,
        + :generate,
        + :parent_after_run,
        + :parent_after_run]
      # ./spec/unit/inheritance_spec.rb:175:in 'block (3 levels) in <top (required)>'
      # ./spec/spec_helper.rb:35:in 'block (3 levels) in <top (required)>'
      # ./spec/spec_helper.rb:34:in 'block (2 levels) in <top (required)>'

  63) Class Inheritance with Minigun DSL child can add stages child can add new stages to inherited pipeline
      Failure/Error: expect(child.results).to contain_exactly(2, 4)

        expected collection contained:  [2, 4]
        actual collection contained:    []
        the missing elements were:      [2, 4]
      # ./spec/unit/inheritance_spec.rb:118:in 'block (3 levels) in <top (required)>'
      # ./spec/spec_helper.rb:35:in 'block (3 levels) in <top (required)>'
      # ./spec/spec_helper.rb:34:in 'block (2 levels) in <top (required)>'

  64) Class Inheritance with Minigun DSL child can add stages parent is unaffected by child stages
      Failure/Error: expect(parent.results).to contain_exactly(1, 2)

        expected collection contained:  [1, 2]
        actual collection contained:    []
        the missing elements were:      [1, 2]
      # ./spec/unit/inheritance_spec.rb:126:in 'block (3 levels) in <top (required)>'
      # ./spec/spec_helper.rb:35:in 'block (3 levels) in <top (required)>'
      # ./spec/spec_helper.rb:34:in 'block (2 levels) in <top (required)>'

  65) Class Inheritance with Minigun DSL child can add hooks child can add its own hooks
      Failure/Error: expect(child.events).to include(:child_after_generate)

        expected [:child_before_run, :child_before_run, :generate] to include :child_after_generate
        Diff:
        @@ -1 +1 @@
        -[:child_after_generate]
        +[:child_before_run, :child_before_run, :generate]
      # ./spec/unit/inheritance_spec.rb:221:in 'block (3 levels) in <top (required)>'
      # ./spec/spec_helper.rb:35:in 'block (3 levels) in <top (required)>'
      # ./spec/spec_helper.rb:34:in 'block (2 levels) in <top (required)>'

  66) Class Inheritance with Minigun DSL real-world pattern: base publisher with subclasses order publisher works with overridden config
      Failure/Error: expect(publisher.published).to include('Order: order_1', 'Order: order_2', 'Order: order_3')
        expected [] to include "Order: order_1", "Order: order_2", and "Order: order_3"
      # ./spec/unit/inheritance_spec.rb:523:in 'block (3 levels) in <top (required)>'
      # ./spec/spec_helper.rb:35:in 'block (3 levels) in <top (required)>'
      # ./spec/spec_helper.rb:34:in 'block (2 levels) in <top (required)>'

  67) Class Inheritance with Minigun DSL real-world pattern: base publisher with subclasses customer publisher works
      Failure/Error: expect(publisher.published).to include('Customer: customer_1', 'Customer: customer_2')
        expected [] to include "Customer: customer_1" and "Customer: customer_2"
      # ./spec/unit/inheritance_spec.rb:512:in 'block (3 levels) in <top (required)>'
      # ./spec/spec_helper.rb:35:in 'block (3 levels) in <top (required)>'
      # ./spec/spec_helper.rb:34:in 'block (2 levels) in <top (required)>'

  68) Class Inheritance with Minigun DSL sibling classes independence siblings have independent stages
      Failure/Error: expect(a.results).to eq([20])

        expected: [20]
             got: []

        (compared using ==)
      # ./spec/unit/inheritance_spec.rb:398:in 'block (3 levels) in <top (required)>'
      # ./spec/spec_helper.rb:35:in 'block (3 levels) in <top (required)>'
      # ./spec/spec_helper.rb:34:in 'block (2 levels) in <top (required)>'

  69) Error Handling Error handling in consumer continues processing after errors in consumer
      Failure/Error: expect(task.results).to include(0, 1, 3, 4)
        expected [] to include 0, 1, 3, and 4
      # ./spec/integration/errors_spec.rb:43:in 'block (3 levels) in <top (required)>'
      # ./spec/spec_helper.rb:35:in 'block (3 levels) in <top (required)>'
      # ./spec/spec_helper.rb:34:in 'block (2 levels) in <top (required)>'

  70) Stage-Specific Hooks Option 3: Inline proc hooks executes inline before and after hooks
      Failure/Error: expect(task.events).to include(:before_inline, :producer_run, :after_inline)

        expected [:before_inline, :producer_run] to include :after_inline
        Diff:
        @@ -1 +1 @@
        -[:before_inline, :producer_run, :after_inline]
        +[:before_inline, :producer_run]
      # ./spec/unit/stage_hooks_spec.rb:100:in 'block (3 levels) in <top (required)>'
      # ./spec/spec_helper.rb:35:in 'block (3 levels) in <top (required)>'
      # ./spec/spec_helper.rb:34:in 'block (2 levels) in <top (required)>'

  71) Stage-Specific Hooks Mixed pipeline and stage hooks executes both pipeline-level and stage-level hooks in correct order
      Failure/Error: expect(task.events).to include(:before_generate_stage, :producer_run, :after_generate_stage)

        expected [:before_run_pipeline, :before_run_pipeline, :before_generate_stage, :producer_run, :after_run_pipeline, :after_run_pipeline] to include :after_generate_stage
        Diff:
        @@ -1 +1,6 @@
        -[:before_generate_stage, :producer_run, :after_generate_stage]
        +[:before_run_pipeline,
        + :before_run_pipeline,
        + :before_generate_stage,
        + :producer_run,
        + :after_run_pipeline,
        + :after_run_pipeline]
      # ./spec/unit/stage_hooks_spec.rb:206:in 'block (3 levels) in <top (required)>'
      # ./spec/spec_helper.rb:35:in 'block (3 levels) in <top (required)>'
      # ./spec/spec_helper.rb:34:in 'block (2 levels) in <top (required)>'

  72) Stage-Specific Hooks Multiple hooks on same stage executes all hooks for a stage in order they were defined
      Failure/Error: expect(task.events[prod_idx + 1]).to eq(:after_1)

        expected: :after_1
             got: nil

        (compared using ==)
      # ./spec/unit/stage_hooks_spec.rb:259:in 'block (3 levels) in <top (required)>'
      # ./spec/spec_helper.rb:35:in 'block (3 levels) in <top (required)>'
      # ./spec/spec_helper.rb:34:in 'block (2 levels) in <top (required)>'

  73) Stage-Specific Hooks Option 2: Named hooks executes before and after hooks for each stage
      Failure/Error: expect(task.events).to include(:before_generate, :producer_run, :after_generate)

        expected [:before_generate, :producer_run] to include :after_generate
        Diff:
        @@ -1 +1 @@
        -[:before_generate, :producer_run, :after_generate]
        +[:before_generate, :producer_run]
      # ./spec/unit/stage_hooks_spec.rb:60:in 'block (3 levels) in <top (required)>'
      # ./spec/spec_helper.rb:35:in 'block (3 levels) in <top (required)>'
      # ./spec/spec_helper.rb:34:in 'block (2 levels) in <top (required)>'

  74) Circular Dependency Detection pipeline-level cycles allows diamond pattern in pipelines
      Failure/Error: expect { instance.run }.not_to raise_error

        expected no Exception, got #<NotImplementedError: PipelineStage producers not yet compatible with queue-based DSL> with backtrace:
          # ./lib/minigun/pipeline.rb:371:in 'block in Minigun::Pipeline#start_producer_thread'
      # ./spec/integration/circular_dependency_spec.rb:293:in 'block (3 levels) in <top (required)>'
      # ./spec/spec_helper.rb:35:in 'block (3 levels) in <top (required)>'
      # ./spec/spec_helper.rb:34:in 'block (2 levels) in <top (required)>'

  75) Circular Dependency Detection stage-level cycles allows complex DAG without cycles
      Failure/Error: expect(instance.results.sort).to eq([12, 13, 22])

        expected: [12, 13, 22]
             got: []

        (compared using ==)
      # ./spec/integration/circular_dependency_spec.rb:166:in 'block (3 levels) in <top (required)>'
      # ./spec/spec_helper.rb:35:in 'block (3 levels) in <top (required)>'
      # ./spec/spec_helper.rb:34:in 'block (2 levels) in <top (required)>'

  76) Circular Dependency Detection stage-level cycles allows diamond patterns (no cycle)
      Failure/Error: expect(instance.results.sort).to eq([11, 21])

        expected: [11, 21]
             got: []

        (compared using ==)
      # ./spec/integration/circular_dependency_spec.rb:120:in 'block (3 levels) in <top (required)>'
      # ./spec/spec_helper.rb:35:in 'block (3 levels) in <top (required)>'
      # ./spec/spec_helper.rb:34:in 'block (2 levels) in <top (required)>'

  77) Minigun::PipelineStage#execute executes the pipeline stages inline and returns results
      Failure/Error:
            def execute(context, item: nil, input_queue: nil, output_queue: nil)
              return unless @pipeline && item
        
              # Process item through the pipeline's stages sequentially (in-process, no full pipeline infrastructure)
              current_items = [item]
        
              @pipeline.stages.each_value do |stage|
                # Skip producers - we're feeding items in from upstream
                next if stage.producer? || stage.is_a?(PipelineStage)
        

      ArgumentError:
        wrong number of arguments (given 2, expected 1)
      # ./lib/minigun/stage.rb:225:in 'execute'
      # ./spec/unit/stages/pipeline_stage_spec.rb:79:in 'block (3 levels) in <top (required)>'
      # ./spec/spec_helper.rb:35:in 'block (3 levels) in <top (required)>'
      # ./spec/spec_helper.rb:34:in 'block (2 levels) in <top (required)>'

  78) Minigun::PipelineStage#execute_with_emit returns the item unchanged if no pipeline is set
      Failure/Error: result = stage.execute_with_emit(context, 42)

      NoMethodError:
        undefined method 'execute_with_emit' for an instance of Minigun::PipelineStage
      # ./spec/unit/stages/pipeline_stage_spec.rb:91:in 'block (3 levels) in <top (required)>'
      # ./spec/spec_helper.rb:35:in 'block (3 levels) in <top (required)>'
      # ./spec/spec_helper.rb:34:in 'block (2 levels) in <top (required)>'

  79) Minigun::PipelineStage#execute_with_emit preserves context instance variables across stages
      Failure/Error: result = stage.execute_with_emit(context, 5)

      NoMethodError:
        undefined method 'execute_with_emit' for an instance of Minigun::PipelineStage
      # ./spec/unit/stages/pipeline_stage_spec.rb:268:in 'block (3 levels) in <top (required)>'
      # ./spec/spec_helper.rb:35:in 'block (3 levels) in <top (required)>'
      # ./spec/spec_helper.rb:34:in 'block (2 levels) in <top (required)>'

  80) Minigun::PipelineStage#execute_with_emit processes through accumulator stages
      Failure/Error: result = stage.execute_with_emit(context, 5)

      NoMethodError:
        undefined method 'execute_with_emit' for an instance of Minigun::PipelineStage
      # ./spec/unit/stages/pipeline_stage_spec.rb:140:in 'block (3 levels) in <top (required)>'
      # ./spec/spec_helper.rb:35:in 'block (3 levels) in <top (required)>'
      # ./spec/spec_helper.rb:34:in 'block (2 levels) in <top (required)>'

  81) Minigun::PipelineStage#execute_with_emit executes consumer stages but does not collect their output
      Failure/Error: result = stage.execute_with_emit(context, 5)

      NoMethodError:
        undefined method 'execute_with_emit' for an instance of Minigun::PipelineStage
      # ./spec/unit/stages/pipeline_stage_spec.rb:177:in 'block (3 levels) in <top (required)>'
      # ./spec/spec_helper.rb:35:in 'block (3 levels) in <top (required)>'
      # ./spec/spec_helper.rb:34:in 'block (2 levels) in <top (required)>'

  82) Minigun::PipelineStage#execute_with_emit skips producer stages
      Failure/Error: result = stage.execute_with_emit(context, 5)

      NoMethodError:
        undefined method 'execute_with_emit' for an instance of Minigun::PipelineStage
      # ./spec/unit/stages/pipeline_stage_spec.rb:122:in 'block (3 levels) in <top (required)>'
      # ./spec/spec_helper.rb:35:in 'block (3 levels) in <top (required)>'
      # ./spec/spec_helper.rb:34:in 'block (2 levels) in <top (required)>'

  83) Minigun::PipelineStage#execute_with_emit chains multiple transformations correctly
      Failure/Error: result = stage.execute_with_emit(context, 3)

      NoMethodError:
        undefined method 'execute_with_emit' for an instance of Minigun::PipelineStage
      # ./spec/unit/stages/pipeline_stage_spec.rb:211:in 'block (3 levels) in <top (required)>'
      # ./spec/spec_helper.rb:35:in 'block (3 levels) in <top (required)>'
      # ./spec/spec_helper.rb:34:in 'block (2 levels) in <top (required)>'

  84) Minigun::PipelineStage#execute_with_emit handles multiple emits per stage
      Failure/Error: result = stage.execute_with_emit(context, 5)

      NoMethodError:
        undefined method 'execute_with_emit' for an instance of Minigun::PipelineStage
      # ./spec/unit/stages/pipeline_stage_spec.rb:162:in 'block (3 levels) in <top (required)>'
      # ./spec/spec_helper.rb:35:in 'block (3 levels) in <top (required)>'
      # ./spec/spec_helper.rb:34:in 'block (2 levels) in <top (required)>'

  85) Minigun::PipelineStage#execute_with_emit handles stages that emit nothing
      Failure/Error: result = stage.execute_with_emit(context, 5)

      NoMethodError:
        undefined method 'execute_with_emit' for an instance of Minigun::PipelineStage
      # ./spec/unit/stages/pipeline_stage_spec.rb:246:in 'block (3 levels) in <top (required)>'
      # ./spec/spec_helper.rb:35:in 'block (3 levels) in <top (required)>'
      # ./spec/spec_helper.rb:34:in 'block (2 levels) in <top (required)>'

  86) Minigun::PipelineStage#execute_with_emit handles empty results from stages
      Failure/Error: result = stage.execute_with_emit(context, 5)

      NoMethodError:
        undefined method 'execute_with_emit' for an instance of Minigun::PipelineStage
      # ./spec/unit/stages/pipeline_stage_spec.rb:196:in 'block (3 levels) in <top (required)>'
      # ./spec/spec_helper.rb:35:in 'block (3 levels) in <top (required)>'
      # ./spec/spec_helper.rb:34:in 'block (2 levels) in <top (required)>'

  87) Minigun::PipelineStage#execute_with_emit processes item through pipeline stages sequentially
      Failure/Error: result = stage.execute_with_emit(context, 5)

      NoMethodError:
        undefined method 'execute_with_emit' for an instance of Minigun::PipelineStage
      # ./spec/unit/stages/pipeline_stage_spec.rb:106:in 'block (3 levels) in <top (required)>'
      # ./spec/spec_helper.rb:35:in 'block (3 levels) in <top (required)>'
      # ./spec/spec_helper.rb:34:in 'block (2 levels) in <top (required)>'

  88) Minigun::PipelineStage#execute_with_emit skips nested PipelineStages
      Failure/Error: result = stage.execute_with_emit(context, 5)

      NoMethodError:
        undefined method 'execute_with_emit' for an instance of Minigun::PipelineStage
      # ./spec/unit/stages/pipeline_stage_spec.rb:231:in 'block (3 levels) in <top (required)>'
      # ./spec/spec_helper.rb:35:in 'block (3 levels) in <top (required)>'
      # ./spec/spec_helper.rb:34:in 'block (2 levels) in <top (required)>'

  89) From Keyword from keyword for pipelines connects pipelines in reverse
      Failure/Error: raise NotImplementedError, "PipelineStage producers not yet compatible with queue-based DSL"

      NotImplementedError:
        PipelineStage producers not yet compatible with queue-based DSL
      # ./lib/minigun/pipeline.rb:371:in 'block in Minigun::Pipeline#start_producer_thread'

  90) From Keyword from keyword for pipelines works with multiple from sources
      Failure/Error: raise NotImplementedError, "PipelineStage producers not yet compatible with queue-based DSL"

      NotImplementedError:
        PipelineStage producers not yet compatible with queue-based DSL
      # ./lib/minigun/pipeline.rb:371:in 'block in Minigun::Pipeline#start_producer_thread'

  91) From Keyword from keyword for pipelines can mix to: and from: in pipelines
      Failure/Error: raise NotImplementedError, "PipelineStage producers not yet compatible with queue-based DSL"

      NotImplementedError:
        PipelineStage producers not yet compatible with queue-based DSL
      # ./lib/minigun/pipeline.rb:371:in 'block in Minigun::Pipeline#start_producer_thread'

  92) From Keyword from keyword for stages connects stages in reverse (from: instead of to:)
      Failure/Error: expect(instance.results.sort).to eq([0, 0, 1, 2, 2, 4])

        expected: [0, 0, 1, 2, 2, 4]
             got: []

        (compared using ==)
      # ./spec/integration/from_keyword_spec.rb:38:in 'block (3 levels) in <top (required)>'
      # ./spec/spec_helper.rb:35:in 'block (3 levels) in <top (required)>'
      # ./spec/spec_helper.rb:34:in 'block (2 levels) in <top (required)>'

  93) From Keyword from keyword for stages can mix to: and from:
      Failure/Error: expect(instance.results.sort).to eq([2, 11])

        expected: [2, 11]
             got: []

        (compared using ==)
      # ./spec/integration/from_keyword_spec.rb:105:in 'block (3 levels) in <top (required)>'
      # ./spec/spec_helper.rb:35:in 'block (3 levels) in <top (required)>'
      # ./spec/spec_helper.rb:34:in 'block (2 levels) in <top (required)>'

  94) From Keyword from keyword for stages works with single from source
      Failure/Error: expect(instance.results.sort).to eq([10, 20])

        expected: [10, 20]
             got: []

        (compared using ==)
      # ./spec/integration/from_keyword_spec.rb:66:in 'block (3 levels) in <top (required)>'
      # ./spec/spec_helper.rb:35:in 'block (3 levels) in <top (required)>'
      # ./spec/spec_helper.rb:34:in 'block (2 levels) in <top (required)>'

  95) Isolated Pipelines multiple pipelines without to: connections does not add :_input node when no to: connection exists
      Failure/Error: raise NotImplementedError, "PipelineStage producers not yet compatible with queue-based DSL"

      NotImplementedError:
        PipelineStage producers not yet compatible with queue-based DSL
      # ./lib/minigun/pipeline.rb:371:in 'block in Minigun::Pipeline#start_producer_thread'

  96) Isolated Pipelines multiple pipelines without to: connections does not route items between pipelines
      Failure/Error: raise NotImplementedError, "PipelineStage producers not yet compatible with queue-based DSL"

      NotImplementedError:
        PipelineStage producers not yet compatible with queue-based DSL
      # ./lib/minigun/pipeline.rb:371:in 'block in Minigun::Pipeline#start_producer_thread'

  97) Isolated Pipelines multiple pipelines without to: connections each pipeline operates independently
      Failure/Error: raise NotImplementedError, "PipelineStage producers not yet compatible with queue-based DSL"

      NotImplementedError:
        PipelineStage producers not yet compatible with queue-based DSL
      # ./lib/minigun/pipeline.rb:371:in 'block in Minigun::Pipeline#start_producer_thread'

  98) Minigun::Execution::InlineExecutor#execute_stage_item executes stage immediately in same thread
      Failure/Error: expect(result).to eq([84])

        expected: [84]
             got: nil

        (compared using ==)
      # ./spec/unit/execution/executor_spec.rb:124:in 'block (3 levels) in <top (required)>'
      # ./spec/spec_helper.rb:35:in 'block (3 levels) in <top (required)>'
      # ./spec/spec_helper.rb:34:in 'block (2 levels) in <top (required)>'

  99) Minigun::Execution::InlineExecutor#execute_stage_item executes in calling thread
      Failure/Error: expect(execution_thread_id).to eq(calling_thread_id)

        expected: 6328
             got: nil

        (compared using ==)
      # ./spec/unit/execution/executor_spec.rb:138:in 'block (3 levels) in <top (required)>'
      # ./spec/spec_helper.rb:35:in 'block (3 levels) in <top (required)>'
      # ./spec/spec_helper.rb:34:in 'block (2 levels) in <top (required)>'

  100) emit_to_stage v2 execution context integration works across different execution contexts
       Failure/Error: expect(pipeline.results.size).to eq(2)

         expected: 2
              got: 0

         (compared using ==)
       # ./spec/unit/emit_to_stage_v2_spec.rb:355:in 'block (3 levels) in <top (required)>'
       # ./spec/spec_helper.rb:35:in 'block (3 levels) in <top (required)>'
       # ./spec/spec_helper.rb:34:in 'block (2 levels) in <top (required)>'

  101) emit_to_stage v2 execution context integration works with threaded consumers
       Failure/Error: expect(pipeline.results.size).to eq(5)

         expected: 5
              got: 0

         (compared using ==)
       # ./spec/unit/emit_to_stage_v2_spec.rb:307:in 'block (3 levels) in <top (required)>'
       # ./spec/spec_helper.rb:35:in 'block (3 levels) in <top (required)>'
       # ./spec/spec_helper.rb:34:in 'block (2 levels) in <top (required)>'

  102) emit_to_stage v2 basic functionality allows mixing emit and emit_to_stage in same stage
       Failure/Error: expect(pipeline.results.size).to eq(2)

         expected: 2
              got: 0

         (compared using ==)
       # ./spec/unit/emit_to_stage_v2_spec.rb:82:in 'block (3 levels) in <top (required)>'
       # ./spec/spec_helper.rb:35:in 'block (3 levels) in <top (required)>'
       # ./spec/spec_helper.rb:34:in 'block (2 levels) in <top (required)>'

  103) emit_to_stage v2 basic functionality routes items to explicitly named stage
       Failure/Error: expect(pipeline.results.size).to eq(3)

         expected: 3
              got: 0

         (compared using ==)
       # ./spec/unit/emit_to_stage_v2_spec.rb:40:in 'block (3 levels) in <top (required)>'
       # ./spec/spec_helper.rb:35:in 'block (3 levels) in <top (required)>'
       # ./spec/spec_helper.rb:34:in 'block (2 levels) in <top (required)>'

  104) emit_to_stage v2 basic functionality can emit_to_stage multiple times in single stage
       Failure/Error: expect(pipeline.results.size).to eq(3)

         expected: 3
              got: 0

         (compared using ==)
       # ./spec/unit/emit_to_stage_v2_spec.rb:124:in 'block (3 levels) in <top (required)>'
       # ./spec/spec_helper.rb:35:in 'block (3 levels) in <top (required)>'
       # ./spec/spec_helper.rb:34:in 'block (2 levels) in <top (required)>'

  105) emit_to_stage v2 complex routing patterns supports multi-level routing
       Failure/Error: expect(pipeline.results.size).to eq(3)

         expected: 3
              got: 0

         (compared using ==)
       # ./spec/unit/emit_to_stage_v2_spec.rb:258:in 'block (3 levels) in <top (required)>'
       # ./spec/spec_helper.rb:35:in 'block (3 levels) in <top (required)>'
       # ./spec/spec_helper.rb:34:in 'block (2 levels) in <top (required)>'

  106) emit_to_stage v2 complex routing patterns supports load balancing pattern
       Failure/Error: expect(pipeline.results.size).to eq(10)

         expected: 10
              got: 0

         (compared using ==)
       # ./spec/unit/emit_to_stage_v2_spec.rb:211:in 'block (3 levels) in <top (required)>'
       # ./spec/spec_helper.rb:35:in 'block (3 levels) in <top (required)>'
       # ./spec/spec_helper.rb:34:in 'block (2 levels) in <top (required)>'

  107) emit_to_stage v2 complex routing patterns supports conditional routing logic
       Failure/Error: expect(pipeline.results.size).to eq(5)

         expected: 5
              got: 0

         (compared using ==)
       # ./spec/unit/emit_to_stage_v2_spec.rb:168:in 'block (3 levels) in <top (required)>'
       # ./spec/spec_helper.rb:35:in 'block (3 levels) in <top (required)>'
       # ./spec/spec_helper.rb:34:in 'block (2 levels) in <top (required)>'

  108) emit_to_stage v2 batching with emit_to_stage supports custom batching with dynamic routing
       Failure/Error: expect(pipeline.results.size).to eq(2)

         expected: 2
              got: 0

         (compared using ==)
       # ./spec/unit/emit_to_stage_v2_spec.rb:408:in 'block (3 levels) in <top (required)>'
       # ./spec/spec_helper.rb:35:in 'block (3 levels) in <top (required)>'
       # ./spec/spec_helper.rb:34:in 'block (2 levels) in <top (required)>'

  109) Minigun::Task#add_stage adds producer stage
       Failure/Error: expect(task.stages[:test_producer].producer?).to be true

         expected true
              got false
       # ./spec/minigun/task_spec.rb:44:in 'block (3 levels) in <top (required)>'
       # ./spec/spec_helper.rb:35:in 'block (3 levels) in <top (required)>'
       # ./spec/spec_helper.rb:34:in 'block (2 levels) in <top (required)>'

  110) Minigun::Task#run executes producer-processor-consumer pipeline
       Failure/Error: expect(context.consumed).to include(2, 4, 6)
         expected [] to include 2, 4, and 6
       # ./spec/minigun/task_spec.rb:149:in 'block (3 levels) in <top (required)>'
       # ./spec/spec_helper.rb:35:in 'block (3 levels) in <top (required)>'
       # ./spec/spec_helper.rb:34:in 'block (2 levels) in <top (required)>'

  111) Minigun::Task#run executes simple producer-consumer pipeline
       Failure/Error: expect(context.consumed.size).to be > 0

         expected: > 0
              got:   0
       # ./spec/minigun/task_spec.rb:128:in 'block (3 levels) in <top (required)>'
       # ./spec/spec_helper.rb:35:in 'block (3 levels) in <top (required)>'
       # ./spec/spec_helper.rb:34:in 'block (2 levels) in <top (required)>'

  112) Minigun::Task#run returns accumulated count
       Failure/Error: expect(result).to eq(5)

         expected: 5
              got: 0

         (compared using ==)
       # ./spec/minigun/task_spec.rb:223:in 'block (3 levels) in <top (required)>'
       # ./spec/spec_helper.rb:35:in 'block (3 levels) in <top (required)>'
       # ./spec/spec_helper.rb:34:in 'block (2 levels) in <top (required)>'

  113) Minigun::Task#run handles multiple items through pipeline
       Failure/Error: expect(context.consumed.size).to eq(10)

         expected: 10
              got: 0

         (compared using ==)
       # ./spec/minigun/task_spec.rb:207:in 'block (3 levels) in <top (required)>'
       # ./spec/spec_helper.rb:35:in 'block (3 levels) in <top (required)>'
       # ./spec/spec_helper.rb:34:in 'block (2 levels) in <top (required)>'

  114) Stage common behavior #to_h converts to hash representation
       Failure/Error: hash = stage.to_h

       NoMethodError:
         undefined method 'to_h' for an instance of Minigun::AtomicStage
       # ./spec/minigun/stage_spec.rb:140:in 'block (3 levels) in <top (required)>'
       # ./spec/spec_helper.rb:35:in 'block (3 levels) in <top (required)>'
       # ./spec/spec_helper.rb:34:in 'block (2 levels) in <top (required)>'

  115) Stage common behavior #[] returns nil for unknown keys
       Failure/Error: expect(stage[:unknown]).to be_nil

       NoMethodError:
         undefined method '[]' for an instance of Minigun::AtomicStage
       # ./spec/minigun/stage_spec.rb:166:in 'block (3 levels) in <top (required)>'
       # ./spec/spec_helper.rb:35:in 'block (3 levels) in <top (required)>'
       # ./spec/spec_helper.rb:34:in 'block (2 levels) in <top (required)>'

  116) Stage common behavior #[] provides hash-like access to attributes
       Failure/Error: expect(stage[:name]).to eq(:test)

       NoMethodError:
         undefined method '[]' for an instance of Minigun::AtomicStage
       # ./spec/minigun/stage_spec.rb:159:in 'block (3 levels) in <top (required)>'
       # ./spec/spec_helper.rb:35:in 'block (3 levels) in <top (required)>'
       # ./spec/spec_helper.rb:34:in 'block (2 levels) in <top (required)>'

  117) Stage common behavior #execute has access to context instance variables
       Failure/Error:
             def execute(context, item: nil, input_queue: nil, output_queue: nil)
               return unless @block
         
               case @stage_type
               when :producer
                 # Producer: do |output|
                 context.instance_exec(output_queue, &@block)
               when :consumer
                 # Consumer: do |item|
                 context.instance_exec(item, &@block)

       ArgumentError:
         wrong number of arguments (given 2, expected 1)
       # ./lib/minigun/stage.rb:97:in 'execute'
       # ./spec/minigun/stage_spec.rb:126:in 'block (3 levels) in <top (required)>'
       # ./spec/spec_helper.rb:35:in 'block (3 levels) in <top (required)>'
       # ./spec/spec_helper.rb:34:in 'block (2 levels) in <top (required)>'

  118) Stage common behavior #execute executes the block with given context and item
       Failure/Error:
             def execute(context, item: nil, input_queue: nil, output_queue: nil)
               return unless @block
         
               case @stage_type
               when :producer
                 # Producer: do |output|
                 context.instance_exec(output_queue, &@block)
               when :consumer
                 # Consumer: do |item|
                 context.instance_exec(item, &@block)

       ArgumentError:
         wrong number of arguments (given 2, expected 1)
       # ./lib/minigun/stage.rb:97:in 'execute'
       # ./spec/minigun/stage_spec.rb:112:in 'block (3 levels) in <top (required)>'
       # ./spec/spec_helper.rb:35:in 'block (3 levels) in <top (required)>'
       # ./spec/spec_helper.rb:34:in 'block (2 levels) in <top (required)>'

  119) Multiple Producers pipeline with multiple producer stages routes each producer to different downstream stages
       Failure/Error: expect(instance.results_x.sort).to eq([0, 10, 20])

         expected: [0, 10, 20]
              got: []

         (compared using ==)
       # ./spec/integration/multiple_producers_spec.rb:93:in 'block (3 levels) in <top (required)>'
       # ./spec/spec_helper.rb:35:in 'block (3 levels) in <top (required)>'
       # ./spec/spec_helper.rb:34:in 'block (2 levels) in <top (required)>'

  120) Multiple Producers pipeline with multiple producer stages handles producer errors gracefully
       Failure/Error: expect(instance.results.size).to eq(3)

         expected: 3
              got: 0

         (compared using ==)
       # ./spec/integration/multiple_producers_spec.rb:178:in 'block (3 levels) in <top (required)>'
       # ./spec/spec_helper.rb:35:in 'block (3 levels) in <top (required)>'
       # ./spec/spec_helper.rb:34:in 'block (2 levels) in <top (required)>'

  121) Multiple Producers pipeline with multiple producer stages tracks statistics for each producer separately
       Failure/Error: expect(fast_stats.items_produced).to eq(10)

         expected: 10
              got: 0

         (compared using ==)
       # ./spec/integration/multiple_producers_spec.rb:139:in 'block (3 levels) in <top (required)>'
       # ./spec/spec_helper.rb:35:in 'block (3 levels) in <top (required)>'
       # ./spec/spec_helper.rb:34:in 'block (2 levels) in <top (required)>'

  122) Multiple Producers pipeline with multiple producer stages runs all producers concurrently
       Failure/Error: expect(instance.results.size).to eq(10)

         expected: 10
              got: 0

         (compared using ==)
       # ./spec/integration/multiple_producers_spec.rb:41:in 'block (3 levels) in <top (required)>'
       # ./spec/spec_helper.rb:35:in 'block (3 levels) in <top (required)>'
       # ./spec/spec_helper.rb:34:in 'block (2 levels) in <top (required)>'

  123) Multiple Producers pipeline with single producer (backward compatibility) still works correctly with one producer
       Failure/Error: expect(instance.results.size).to eq(5)

         expected: 5
              got: 0

         (compared using ==)
       # ./spec/integration/multiple_producers_spec.rb:207:in 'block (3 levels) in <top (required)>'
       # ./spec/spec_helper.rb:35:in 'block (3 levels) in <top (required)>'
       # ./spec/spec_helper.rb:34:in 'block (2 levels) in <top (required)>'

  124) Minigun::Execution::Executor Base Executor#execute_stage_item handles errors gracefully
       Failure/Error: expect(result).to eq([])

         expected: []
              got: nil

         (compared using ==)
       # ./spec/unit/execution/executor_spec.rb:91:in 'block (3 levels) in <top (required)>'
       # ./spec/spec_helper.rb:35:in 'block (3 levels) in <top (required)>'
       # ./spec/spec_helper.rb:34:in 'block (2 levels) in <top (required)>'

  125) Minigun::Execution::Executor Base Executor#execute_stage_item tracks consumption and production
       Failure/Error: expect(stage_stats).to receive(:increment_produced).with(2)

         (Double "stage_stats").increment_produced(2)
             expected: 1 time with arguments: (2)
             received: 0 times
       # ./spec/unit/execution/executor_spec.rb:70:in 'block (3 levels) in <top (required)>'
       # ./spec/spec_helper.rb:35:in 'block (3 levels) in <top (required)>'
       # ./spec/spec_helper.rb:34:in 'block (2 levels) in <top (required)>'

  126) Minigun::AtomicStage processor behavior (block arity 1) executes with emit and returns emitted items
       Failure/Error: emitted = stage.execute_with_emit(context, 5)

       NoMethodError:
         undefined method 'execute_with_emit' for an instance of Minigun::AtomicStage
       # ./spec/minigun/stage_spec.rb:53:in 'block (3 levels) in <top (required)>'
       # ./spec/spec_helper.rb:35:in 'block (3 levels) in <top (required)>'
       # ./spec/spec_helper.rb:34:in 'block (2 levels) in <top (required)>'

  127) Minigun::AtomicStage producer behavior (block arity 0) is a producer
       Failure/Error: expect(stage.producer?).to be true

         expected true
              got false
       # ./spec/minigun/stage_spec.rb:19:in 'block (3 levels) in <top (required)>'
       # ./spec/spec_helper.rb:35:in 'block (3 levels) in <top (required)>'
       # ./spec/spec_helper.rb:34:in 'block (2 levels) in <top (required)>'

  128) Advanced Stage Hook Behaviors hook execution order executes hooks in correct order
       Failure/Error: expect(gen_block_idx).to be < gen_after_idx

         expected: < nil
              got:   3
       # ./spec/unit/stage_hooks_advanced_spec.rb:111:in 'block (3 levels) in <top (required)>'
       # ./spec/spec_helper.rb:35:in 'block (3 levels) in <top (required)>'
       # ./spec/spec_helper.rb:34:in 'block (2 levels) in <top (required)>'

  129) Advanced Stage Hook Behaviors multiple hooks of same type on same stage executes all hooks in order they were defined
       Failure/Error: expect(after_1_idx).to be < after_2_idx

         expected: < nil
              got:   nil
       # ./spec/unit/stage_hooks_advanced_spec.rb:290:in 'block (3 levels) in <top (required)>'
       # ./spec/spec_helper.rb:35:in 'block (3 levels) in <top (required)>'
       # ./spec/spec_helper.rb:34:in 'block (2 levels) in <top (required)>'

  130) Advanced Stage Hook Behaviors hook execution with routing executes hooks for all routed stages
       Failure/Error: expect(pipeline.proc1_count).to eq(2) # 2 items

         expected: 2
              got: 0

         (compared using ==)
       # ./spec/unit/stage_hooks_advanced_spec.rb:401:in 'block (3 levels) in <top (required)>'
       # ./spec/spec_helper.rb:35:in 'block (3 levels) in <top (required)>'
       # ./spec/spec_helper.rb:34:in 'block (2 levels) in <top (required)>'

  131) Advanced Stage Hook Behaviors hooks accessing and modifying instance variables hooks can access and modify instance state
       Failure/Error: expect(pipeline.counter).to eq(11) # +1 before, +10 after

         expected: 11
              got: 1

         (compared using ==)
       # ./spec/unit/stage_hooks_advanced_spec.rb:226:in 'block (3 levels) in <top (required)>'
       # ./spec/spec_helper.rb:35:in 'block (3 levels) in <top (required)>'
       # ./spec/spec_helper.rb:34:in 'block (2 levels) in <top (required)>'

  132) Advanced Stage Hook Behaviors mixed inline and named hooks executes both inline and named hooks
       Failure/Error: expect(pipeline.events).to include(:inline_before, :inline_after)

         expected [:inline_before, :named_before, :gen_block] to include :inline_after
         Diff:
         @@ -1 +1 @@
         -[:inline_before, :inline_after]
         +[:inline_before, :named_before, :gen_block]
       # ./spec/unit/stage_hooks_advanced_spec.rb:334:in 'block (3 levels) in <top (required)>'
       # ./spec/spec_helper.rb:35:in 'block (3 levels) in <top (required)>'
       # ./spec/spec_helper.rb:34:in 'block (2 levels) in <top (required)>'

  133) Advanced Stage Hook Behaviors hook with conditional logic can execute conditional logic in hooks
       Failure/Error: expect(pipeline.results.size).to eq(10)

         expected: 10
              got: 0

         (compared using ==)
       # ./spec/unit/stage_hooks_advanced_spec.rb:451:in 'block (3 levels) in <top (required)>'
       # ./spec/spec_helper.rb:35:in 'block (3 levels) in <top (required)>'
       # ./spec/spec_helper.rb:34:in 'block (2 levels) in <top (required)>'

  134) Advanced Stage Hook Behaviors hooks with exceptions can handle errors within hooks
       Failure/Error: expect(pipeline.hook_error_caught).to be true

         expected true
              got false
       # ./spec/unit/stage_hooks_advanced_spec.rb:170:in 'block (3 levels) in <top (required)>'
       # ./spec/spec_helper.rb:35:in 'block (3 levels) in <top (required)>'
       # ./spec/spec_helper.rb:34:in 'block (2 levels) in <top (required)>'

Finished in 7.81 seconds (files took 0.88001 seconds to load)
390 examples, 134 failures, 6 pending

Failed examples:

rspec ./spec/minigun/pipeline_spec.rb:34 # Minigun::Pipeline#add_stage adds a producer stage
rspec ./spec/minigun/pipeline_spec.rb:86 # Minigun::Pipeline#run executes a simple pipeline
rspec ./spec/minigun/pipeline_spec.rb:107 # Minigun::Pipeline#run executes hooks in order
rspec ./spec/minigun/pipeline_spec.rb:127 # Minigun::Pipeline#run processes items through processors
rspec ./spec/minigun/pipeline_spec.rb:344 # Minigun::Pipeline unified execution executes PipelineStages as processors
rspec ./spec/minigun/pipeline_spec.rb:315 # Minigun::Pipeline unified execution executes PipelineStages as producers
rspec ./spec/minigun/pipeline_spec.rb:377 # Minigun::Pipeline unified execution handles multiple PipelineStage producers with different outputs
rspec ./spec/minigun/pipeline_spec.rb:179 # Minigun::Pipeline#find_all_producers does not include PipelineStages with upstream
rspec ./spec/minigun/pipeline_spec.rb:200 # Minigun::Pipeline#find_all_producers finds both AtomicStage and PipelineStage producers
rspec ./spec/minigun/pipeline_spec.rb:153 # Minigun::Pipeline#find_all_producers finds AtomicStage producers
rspec ./spec/unit/execution/stage_worker_spec.rb:265 # Minigun::Execution::StageWorker logging logs when done
rspec ./spec/unit/execution/stage_worker_spec.rb:73 # Minigun::Execution::StageWorker#start starts a worker thread
rspec ./spec/integration/mixed_pipeline_stage_routing_spec.rb:7 # Mixed Pipeline and Stage Routing pipeline to stage routing 1-to-1: single pipeline routes to single stage
rspec ./spec/integration/mixed_pipeline_stage_routing_spec.rb:47 # Mixed Pipeline and Stage Routing pipeline to stage routing 1-to-many: single pipeline routes to multiple stages
rspec ./spec/integration/mixed_pipeline_stage_routing_spec.rb:142 # Mixed Pipeline and Stage Routing pipeline to stage routing many-to-many: multiple pipelines route to multiple stages
rspec ./spec/integration/mixed_pipeline_stage_routing_spec.rb:94 # Mixed Pipeline and Stage Routing pipeline to stage routing many-to-1: multiple pipelines route to single stage
rspec ./spec/integration/mixed_pipeline_stage_routing_spec.rb:729 # Mixed Pipeline and Stage Routing stage from pipeline routing many-to-many: multiple stages receive from multiple pipelines
rspec ./spec/integration/mixed_pipeline_stage_routing_spec.rb:682 # Mixed Pipeline and Stage Routing stage from pipeline routing many-to-1: multiple stages receive from single pipeline
rspec ./spec/integration/mixed_pipeline_stage_routing_spec.rb:594 # Mixed Pipeline and Stage Routing stage from pipeline routing 1-to-1: single stage receives from single pipeline
rspec ./spec/integration/mixed_pipeline_stage_routing_spec.rb:633 # Mixed Pipeline and Stage Routing stage from pipeline routing 1-to-many: single stage receives from multiple pipelines
rspec ./spec/integration/mixed_pipeline_stage_routing_spec.rb:482 # Mixed Pipeline and Stage Routing pipeline from stage routing many-to-1: multiple pipelines receive from single stage
rspec ./spec/integration/mixed_pipeline_stage_routing_spec.rb:435 # Mixed Pipeline and Stage Routing pipeline from stage routing 1-to-many: single pipeline receives from multiple stages
rspec ./spec/integration/mixed_pipeline_stage_routing_spec.rb:396 # Mixed Pipeline and Stage Routing pipeline from stage routing 1-to-1: single pipeline receives from single stage
rspec ./spec/integration/mixed_pipeline_stage_routing_spec.rb:533 # Mixed Pipeline and Stage Routing pipeline from stage routing many-to-many: multiple pipelines receive from multiple stages
rspec ./spec/integration/mixed_pipeline_stage_routing_spec.rb:290 # Mixed Pipeline and Stage Routing stage to pipeline routing many-to-1: multiple stages route to single pipeline
rspec ./spec/integration/mixed_pipeline_stage_routing_spec.rb:200 # Mixed Pipeline and Stage Routing stage to pipeline routing 1-to-1: single stage routes to single pipeline
rspec ./spec/integration/mixed_pipeline_stage_routing_spec.rb:336 # Mixed Pipeline and Stage Routing stage to pipeline routing many-to-many: multiple stages route to multiple pipelines
rspec ./spec/integration/mixed_pipeline_stage_routing_spec.rb:239 # Mixed Pipeline and Stage Routing stage to pipeline routing 1-to-many: single stage routes to multiple pipelines
rspec ./spec/unit/emit_to_stage_spec.rb:545 # emit_to_stage batching with emit_to_stage supports custom batching with dynamic routing
rspec ./spec/unit/emit_to_stage_spec.rb:487 # emit_to_stage complex routing patterns supports multi-level routing
rspec ./spec/unit/emit_to_stage_spec.rb:373 # emit_to_stage complex routing patterns supports conditional routing logic
rspec ./spec/unit/emit_to_stage_spec.rb:432 # emit_to_stage complex routing patterns supports load balancing pattern
rspec ./spec/unit/emit_to_stage_spec.rb:298 # emit_to_stage execution context integration works across different execution contexts with forked processes
rspec ./spec/unit/emit_to_stage_spec.rb:201 # emit_to_stage execution context integration works with threaded consumers
rspec ./spec/unit/emit_to_stage_spec.rb:248 # emit_to_stage execution context integration works across different execution contexts
rspec ./spec/unit/emit_to_stage_spec.rb:630 # emit_to_stage AtomicStage#execute_with_emit returns array with both plain items and targeted items
rspec ./spec/unit/emit_to_stage_spec.rb:605 # emit_to_stage AtomicStage#execute_with_emit returns plain items when only emit is used
rspec ./spec/unit/emit_to_stage_spec.rb:617 # emit_to_stage AtomicStage#execute_with_emit returns hash with target when emit_to_stage is used
rspec ./spec/unit/emit_to_stage_spec.rb:49 # emit_to_stage basic functionality allows mixing emit and emit_to_stage in same stage
rspec ./spec/unit/emit_to_stage_spec.rb:91 # emit_to_stage basic functionality can emit_to_stage multiple times in single stage
rspec ./spec/unit/emit_to_stage_spec.rb:9 # emit_to_stage basic functionality routes items to explicitly named stage
rspec ./spec/unit/emit_to_stage_spec.rb:162 # emit_to_stage error handling continues processing after routing to invalid stage
rspec ./spec/minigun/dsl_spec.rb:221 # Minigun::DSL pipeline do wrapper requirement works correctly with pipeline block
rspec ./spec/integration/examples_spec.rb:238 # Examples Integration 12_database_publisher.rb publishes database records
rspec ./spec/integration/examples_spec.rb:158 # Examples Integration 08_nested_pipeline_simple.rb processes items through nested pipeline
rspec ./spec/integration/examples_spec.rb:148 # Examples Integration 08_nested_pipeline_simple.rb loads and runs without errors
rspec ./spec/integration/examples_spec.rb:697 # Examples Integration 44_custom_batching.rb demonstrates advanced multi-dimensional batching
rspec ./spec/integration/examples_spec.rb:687 # Examples Integration 44_custom_batching.rb demonstrates custom batching with type-based routing
rspec ./spec/integration/examples_spec.rb:128 # Examples Integration 07_multi_pipeline_data_processing.rb processes data through validation and routing pipelines
rspec ./spec/integration/examples_spec.rb:426 # Examples Integration 21_inline_hook_procs.rb demonstrates inline hook proc syntax
rspec ./spec/integration/examples_spec.rb:472 # Examples Integration 24_statistics_demo.rb demonstrates statistics tracking and reporting
rspec ./spec/integration/examples_spec.rb:373 # Examples Integration 19_statistics_gathering.rb demonstrates statistics tracking with hooks
rspec ./spec/integration/examples_spec.rb:97 # Examples Integration 05_multi_pipeline_simple.rb runs three connected pipelines
rspec ./spec/integration/examples_spec.rb:674 # Examples Integration 43_etl_pipeline.rb demonstrates ETL pipeline pattern
rspec ./spec/integration/examples_spec.rb:109 # Examples Integration 06_multi_pipeline_etl.rb runs ETL pattern with fan-out
rspec ./spec/unit/execution/executor_spec.rb:201 # Minigun::Execution::ThreadPoolExecutor#execute_stage_item respects max_size concurrency limit
rspec ./spec/unit/execution/executor_spec.rb:193 # Minigun::Execution::ThreadPoolExecutor#execute_stage_item returns result from thread
rspec ./spec/unit/execution/executor_spec.rb:223 # Minigun::Execution::ThreadPoolExecutor#execute_stage_item propagates errors from thread
rspec ./spec/unit/inheritance_spec.rb:46 # Class Inheritance with Minigun DSL basic inheritance child inherits parent stages
rspec ./spec/unit/inheritance_spec.rb:329 # Class Inheritance with Minigun DSL multi-level inheritance each level can run independently
rspec ./spec/unit/inheritance_spec.rb:317 # Class Inheritance with Minigun DSL multi-level inheritance grandchild inherits all ancestor stages
rspec ./spec/unit/inheritance_spec.rb:169 # Class Inheritance with Minigun DSL child inherits hooks child executes parent hooks
rspec ./spec/unit/inheritance_spec.rb:113 # Class Inheritance with Minigun DSL child can add stages child can add new stages to inherited pipeline
rspec ./spec/unit/inheritance_spec.rb:121 # Class Inheritance with Minigun DSL child can add stages parent is unaffected by child stages
rspec ./spec/unit/inheritance_spec.rb:216 # Class Inheritance with Minigun DSL child can add hooks child can add its own hooks
rspec ./spec/unit/inheritance_spec.rb:518 # Class Inheritance with Minigun DSL real-world pattern: base publisher with subclasses order publisher works with overridden config
rspec ./spec/unit/inheritance_spec.rb:507 # Class Inheritance with Minigun DSL real-world pattern: base publisher with subclasses customer publisher works
rspec ./spec/unit/inheritance_spec.rb:395 # Class Inheritance with Minigun DSL sibling classes independence siblings have independent stages
rspec ./spec/integration/errors_spec.rb:39 # Error Handling Error handling in consumer continues processing after errors in consumer
rspec ./spec/unit/stage_hooks_spec.rb:96 # Stage-Specific Hooks Option 3: Inline proc hooks executes inline before and after hooks
rspec ./spec/unit/stage_hooks_spec.rb:197 # Stage-Specific Hooks Mixed pipeline and stage hooks executes both pipeline-level and stage-level hooks in correct order
rspec ./spec/unit/stage_hooks_spec.rb:249 # Stage-Specific Hooks Multiple hooks on same stage executes all hooks for a stage in order they were defined
rspec ./spec/unit/stage_hooks_spec.rb:56 # Stage-Specific Hooks Option 2: Named hooks executes before and after hooks for each stage
rspec ./spec/integration/circular_dependency_spec.rb:244 # Circular Dependency Detection pipeline-level cycles allows diamond pattern in pipelines
rspec ./spec/integration/circular_dependency_spec.rb:123 # Circular Dependency Detection stage-level cycles allows complex DAG without cycles
rspec ./spec/integration/circular_dependency_spec.rb:85 # Circular Dependency Detection stage-level cycles allows diamond patterns (no cycle)
rspec ./spec/unit/stages/pipeline_stage_spec.rb:69 # Minigun::PipelineStage#execute executes the pipeline stages inline and returns results
rspec ./spec/unit/stages/pipeline_stage_spec.rb:87 # Minigun::PipelineStage#execute_with_emit returns the item unchanged if no pipeline is set
rspec ./spec/unit/stages/pipeline_stage_spec.rb:251 # Minigun::PipelineStage#execute_with_emit preserves context instance variables across stages
rspec ./spec/unit/stages/pipeline_stage_spec.rb:128 # Minigun::PipelineStage#execute_with_emit processes through accumulator stages
rspec ./spec/unit/stages/pipeline_stage_spec.rb:167 # Minigun::PipelineStage#execute_with_emit executes consumer stages but does not collect their output
rspec ./spec/unit/stages/pipeline_stage_spec.rb:112 # Minigun::PipelineStage#execute_with_emit skips producer stages
rspec ./spec/unit/stages/pipeline_stage_spec.rb:201 # Minigun::PipelineStage#execute_with_emit chains multiple transformations correctly
rspec ./spec/unit/stages/pipeline_stage_spec.rb:150 # Minigun::PipelineStage#execute_with_emit handles multiple emits per stage
rspec ./spec/unit/stages/pipeline_stage_spec.rb:237 # Minigun::PipelineStage#execute_with_emit handles stages that emit nothing
rspec ./spec/unit/stages/pipeline_stage_spec.rb:185 # Minigun::PipelineStage#execute_with_emit handles empty results from stages
rspec ./spec/unit/stages/pipeline_stage_spec.rb:96 # Minigun::PipelineStage#execute_with_emit processes item through pipeline stages sequentially
rspec ./spec/unit/stages/pipeline_stage_spec.rb:217 # Minigun::PipelineStage#execute_with_emit skips nested PipelineStages
rspec ./spec/integration/from_keyword_spec.rb:110 # From Keyword from keyword for pipelines connects pipelines in reverse
rspec ./spec/integration/from_keyword_spec.rb:148 # From Keyword from keyword for pipelines works with multiple from sources
rspec ./spec/integration/from_keyword_spec.rb:193 # From Keyword from keyword for pipelines can mix to: and from: in pipelines
rspec ./spec/integration/from_keyword_spec.rb:7 # From Keyword from keyword for stages connects stages in reverse (from: instead of to:)
rspec ./spec/integration/from_keyword_spec.rb:69 # From Keyword from keyword for stages can mix to: and from:
rspec ./spec/integration/from_keyword_spec.rb:41 # From Keyword from keyword for stages works with single from source
rspec ./spec/integration/isolated_pipelines_spec.rb:109 # Isolated Pipelines multiple pipelines without to: connections does not add :_input node when no to: connection exists
rspec ./spec/integration/isolated_pipelines_spec.rb:7 # Isolated Pipelines multiple pipelines without to: connections does not route items between pipelines
rspec ./spec/integration/isolated_pipelines_spec.rb:56 # Isolated Pipelines multiple pipelines without to: connections each pipeline operates independently
rspec ./spec/unit/execution/executor_spec.rb:119 # Minigun::Execution::InlineExecutor#execute_stage_item executes stage immediately in same thread
rspec ./spec/unit/execution/executor_spec.rb:127 # Minigun::Execution::InlineExecutor#execute_stage_item executes in calling thread
rspec ./spec/unit/emit_to_stage_v2_spec.rb:312 # emit_to_stage v2 execution context integration works across different execution contexts
rspec ./spec/unit/emit_to_stage_v2_spec.rb:265 # emit_to_stage v2 execution context integration works with threaded consumers
rspec ./spec/unit/emit_to_stage_v2_spec.rb:46 # emit_to_stage v2 basic functionality allows mixing emit and emit_to_stage in same stage
rspec ./spec/unit/emit_to_stage_v2_spec.rb:7 # emit_to_stage v2 basic functionality routes items to explicitly named stage
rspec ./spec/unit/emit_to_stage_v2_spec.rb:87 # emit_to_stage v2 basic functionality can emit_to_stage multiple times in single stage
rspec ./spec/unit/emit_to_stage_v2_spec.rb:217 # emit_to_stage v2 complex routing patterns supports multi-level routing
rspec ./spec/unit/emit_to_stage_v2_spec.rb:173 # emit_to_stage v2 complex routing patterns supports load balancing pattern
rspec ./spec/unit/emit_to_stage_v2_spec.rb:132 # emit_to_stage v2 complex routing patterns supports conditional routing logic
rspec ./spec/unit/emit_to_stage_v2_spec.rb:362 # emit_to_stage v2 batching with emit_to_stage supports custom batching with dynamic routing
rspec ./spec/minigun/task_spec.rb:37 # Minigun::Task#add_stage adds producer stage
rspec ./spec/minigun/task_spec.rb:132 # Minigun::Task#run executes producer-processor-consumer pipeline
rspec ./spec/minigun/task_spec.rb:114 # Minigun::Task#run executes simple producer-consumer pipeline
rspec ./spec/minigun/task_spec.rb:210 # Minigun::Task#run returns accumulated count
rspec ./spec/minigun/task_spec.rb:192 # Minigun::Task#run handles multiple items through pipeline
rspec ./spec/minigun/stage_spec.rb:132 # Stage common behavior #to_h converts to hash representation
rspec ./spec/minigun/stage_spec.rb:164 # Stage common behavior #[] returns nil for unknown keys
rspec ./spec/minigun/stage_spec.rb:151 # Stage common behavior #[] provides hash-like access to attributes
rspec ./spec/minigun/stage_spec.rb:117 # Stage common behavior #execute has access to context instance variables
rspec ./spec/minigun/stage_spec.rb:104 # Stage common behavior #execute executes the block with given context and item
rspec ./spec/integration/multiple_producers_spec.rb:46 # Multiple Producers pipeline with multiple producer stages routes each producer to different downstream stages
rspec ./spec/integration/multiple_producers_spec.rb:146 # Multiple Producers pipeline with multiple producer stages handles producer errors gracefully
rspec ./spec/integration/multiple_producers_spec.rb:99 # Multiple Producers pipeline with multiple producer stages tracks statistics for each producer separately
rspec ./spec/integration/multiple_producers_spec.rb:7 # Multiple Producers pipeline with multiple producer stages runs all producers concurrently
rspec ./spec/integration/multiple_producers_spec.rb:183 # Multiple Producers pipeline with single producer (backward compatibility) still works correctly with one producer
rspec ./spec/unit/execution/executor_spec.rb:85 # Minigun::Execution::Executor Base Executor#execute_stage_item handles errors gracefully
rspec ./spec/unit/execution/executor_spec.rb:64 # Minigun::Execution::Executor Base Executor#execute_stage_item tracks consumption and production
rspec ./spec/minigun/stage_spec.rb:43 # Minigun::AtomicStage processor behavior (block arity 1) executes with emit and returns emitted items
rspec ./spec/minigun/stage_spec.rb:18 # Minigun::AtomicStage producer behavior (block arity 0) is a producer
rspec ./spec/unit/stage_hooks_advanced_spec.rb:92 # Advanced Stage Hook Behaviors hook execution order executes hooks in correct order
rspec ./spec/unit/stage_hooks_advanced_spec.rb:274 # Advanced Stage Hook Behaviors multiple hooks of same type on same stage executes all hooks in order they were defined
rspec ./spec/unit/stage_hooks_advanced_spec.rb:396 # Advanced Stage Hook Behaviors hook execution with routing executes hooks for all routed stages
rspec ./spec/unit/stage_hooks_advanced_spec.rb:222 # Advanced Stage Hook Behaviors hooks accessing and modifying instance variables hooks can access and modify instance state
rspec ./spec/unit/stage_hooks_advanced_spec.rb:329 # Advanced Stage Hook Behaviors mixed inline and named hooks executes both inline and named hooks
rspec ./spec/unit/stage_hooks_advanced_spec.rb:447 # Advanced Stage Hook Behaviors hook with conditional logic can execute conditional logic in hooks
rspec ./spec/unit/stage_hooks_advanced_spec.rb:166 # Advanced Stage Hook Behaviors hooks with exceptions can handle errors within hooks

Randomized with seed 18595

